[0.303s] Invoking command in '/home/mau/skid_steer_ws/build/skid_steer_planning': CMAKE_PREFIX_PATH=${CMAKE_PREFIX_PATH}:/home/mau/bumperbot_ws/install/bumperbot_py_examples:/home/mau/ros2_ws/install/my_py_pkg:/home/mau/skid_steer_ws/install/skid_steer_py_examples:/home/mau/skid_steer_ws/install/imu_driver:/opt/ros/humble /usr/bin/cmake --build /home/mau/skid_steer_ws/build/skid_steer_planning -- -j12 -l12
[0.372s] -- Found ament_cmake: 1.3.12 (/opt/ros/humble/share/ament_cmake/cmake)
[0.518s] -- Found rclpy: 3.3.17 (/opt/ros/humble/share/rclpy/cmake)
[0.519s] -- Found rclcpp: 16.0.14 (/opt/ros/humble/share/rclcpp/cmake)
[0.555s] -- Found rosidl_generator_c: 3.1.7 (/opt/ros/humble/share/rosidl_generator_c/cmake)
[0.559s] -- Found rosidl_adapter: 3.1.7 (/opt/ros/humble/share/rosidl_adapter/cmake)
[0.564s] -- Found rosidl_generator_cpp: 3.1.7 (/opt/ros/humble/share/rosidl_generator_cpp/cmake)
[0.574s] -- Using all available rosidl_typesupport_c: rosidl_typesupport_fastrtps_c;rosidl_typesupport_introspection_c
[0.587s] -- Using all available rosidl_typesupport_cpp: rosidl_typesupport_fastrtps_cpp;rosidl_typesupport_introspection_cpp
[0.629s] -- Found rmw_implementation_cmake: 6.1.2 (/opt/ros/humble/share/rmw_implementation_cmake/cmake)
[0.629s] -- Found rmw_cyclonedds_cpp: 1.3.4 (/opt/ros/humble/share/rmw_cyclonedds_cpp/cmake)
[0.644s] -- Using RMW implementation 'rmw_cyclonedds_cpp' as default
[0.712s] -- Found nav_msgs: 4.9.0 (/opt/ros/humble/share/nav_msgs/cmake)
[0.748s] -- Found tf2_ros: 0.25.16 (/opt/ros/humble/share/tf2_ros/cmake)
[0.912s] -- Found ament_lint_auto: 0.12.14 (/opt/ros/humble/share/ament_lint_auto/cmake)
[0.973s] -- Added test 'cppcheck' to perform static code analysis on C / C++ code
[0.974s] -- Configured cppcheck include dirs: /home/mau/skid_steer_ws/src/skid_steer_planning/include
[0.974s] -- Configured cppcheck exclude dirs and/or files: 
[0.974s] -- Added test 'flake8' to check Python code syntax and style conventions
[0.974s] -- Added test 'lint_cmake' to check CMake code style
[0.975s] -- Added test 'pep257' to check Python code against some of the docstring style conventions in PEP 257
[0.976s] -- Added test 'uncrustify' to check C / C++ code style
[0.976s] -- Configured uncrustify additional arguments: 
[0.976s] -- Added test 'xmllint' to check XML markup files
[0.978s] -- Configuring done
[0.999s] -- Generating done
[1.008s] -- Build files have been written to: /home/mau/skid_steer_ws/build/skid_steer_planning
[1.041s] [35m[1mConsolidate compiler generated dependencies of target dijkstra_costmap_planner[0m
[1.041s] [35m[1mConsolidate compiler generated dependencies of target a_star_planner[0m
[1.041s] [35m[1mConsolidate compiler generated dependencies of target a_star_costmap_planner[0m
[1.042s] [35m[1mConsolidate compiler generated dependencies of target dijkstra_planner[0m
[1.061s] [ 75%] Built target a_star_planner
[1.061s] [ 75%] Built target a_star_costmap_planner
[1.061s] [ 75%] Built target dijkstra_costmap_planner
[1.063s] [ 75%] Built target ament_cmake_python_copy_skid_steer_planning
[1.064s] [100%] Built target dijkstra_planner
[1.333s] running egg_info
[1.333s] writing skid_steer_planning.egg-info/PKG-INFO
[1.333s] writing dependency_links to skid_steer_planning.egg-info/dependency_links.txt
[1.334s] writing top-level names to skid_steer_planning.egg-info/top_level.txt
[1.335s] reading manifest file 'skid_steer_planning.egg-info/SOURCES.txt'
[1.336s] writing manifest file 'skid_steer_planning.egg-info/SOURCES.txt'
[1.364s] [100%] Built target ament_cmake_python_build_skid_steer_planning_egg
[1.380s] Invoked command in '/home/mau/skid_steer_ws/build/skid_steer_planning' returned '0': CMAKE_PREFIX_PATH=${CMAKE_PREFIX_PATH}:/home/mau/bumperbot_ws/install/bumperbot_py_examples:/home/mau/ros2_ws/install/my_py_pkg:/home/mau/skid_steer_ws/install/skid_steer_py_examples:/home/mau/skid_steer_ws/install/imu_driver:/opt/ros/humble /usr/bin/cmake --build /home/mau/skid_steer_ws/build/skid_steer_planning -- -j12 -l12
[1.382s] Invoking command in '/home/mau/skid_steer_ws/build/skid_steer_planning': CMAKE_PREFIX_PATH=${CMAKE_PREFIX_PATH}:/home/mau/bumperbot_ws/install/bumperbot_py_examples:/home/mau/ros2_ws/install/my_py_pkg:/home/mau/skid_steer_ws/install/skid_steer_py_examples:/home/mau/skid_steer_ws/install/imu_driver:/opt/ros/humble /usr/bin/cmake --install /home/mau/skid_steer_ws/build/skid_steer_planning
[1.393s] -- Install configuration: ""
[1.393s] -- Up-to-date: /home/mau/skid_steer_ws/install/skid_steer_planning/share/skid_steer_planning/environment/pythonpath.sh
[1.393s] -- Installing: /home/mau/skid_steer_ws/install/skid_steer_planning/share/skid_steer_planning/environment/pythonpath.dsv
[1.393s] -- Up-to-date: /home/mau/skid_steer_ws/install/skid_steer_planning/local/lib/python3.10/dist-packages/skid_steer_planning-0.0.0-py3.10.egg-info
[1.394s] -- Installing: /home/mau/skid_steer_ws/install/skid_steer_planning/local/lib/python3.10/dist-packages/skid_steer_planning-0.0.0-py3.10.egg-info/SOURCES.txt
[1.394s] -- Installing: /home/mau/skid_steer_ws/install/skid_steer_planning/local/lib/python3.10/dist-packages/skid_steer_planning-0.0.0-py3.10.egg-info/dependency_links.txt
[1.394s] -- Installing: /home/mau/skid_steer_ws/install/skid_steer_planning/local/lib/python3.10/dist-packages/skid_steer_planning-0.0.0-py3.10.egg-info/top_level.txt
[1.394s] -- Installing: /home/mau/skid_steer_ws/install/skid_steer_planning/local/lib/python3.10/dist-packages/skid_steer_planning-0.0.0-py3.10.egg-info/PKG-INFO
[1.394s] -- Up-to-date: /home/mau/skid_steer_ws/install/skid_steer_planning/local/lib/python3.10/dist-packages/skid_steer_planning
[1.395s] -- Up-to-date: /home/mau/skid_steer_ws/install/skid_steer_planning/local/lib/python3.10/dist-packages/skid_steer_planning/__init__.py
[1.395s] -- Installing: /home/mau/skid_steer_ws/install/skid_steer_planning/local/lib/python3.10/dist-packages/skid_steer_planning/a_star_costmap_planner.py
[1.395s] -- Up-to-date: /home/mau/skid_steer_ws/install/skid_steer_planning/local/lib/python3.10/dist-packages/skid_steer_planning/dijkstra_costmap_planner.py
[1.395s] -- Up-to-date: /home/mau/skid_steer_ws/install/skid_steer_planning/local/lib/python3.10/dist-packages/skid_steer_planning/a_star_planner.py
[1.395s] -- Up-to-date: /home/mau/skid_steer_ws/install/skid_steer_planning/local/lib/python3.10/dist-packages/skid_steer_planning/dijkstra_planner.py
[1.435s] Listing '/home/mau/skid_steer_ws/install/skid_steer_planning/local/lib/python3.10/dist-packages/skid_steer_planning'...
[1.435s] Compiling '/home/mau/skid_steer_ws/install/skid_steer_planning/local/lib/python3.10/dist-packages/skid_steer_planning/a_star_costmap_planner.py'...
[1.438s] -- Up-to-date: /home/mau/skid_steer_ws/install/skid_steer_planning/lib/skid_steer_planning/dijkstra_planner.py
[1.438s] -- Up-to-date: /home/mau/skid_steer_ws/install/skid_steer_planning/lib/skid_steer_planning/a_star_planner.py
[1.439s] -- Installing: /home/mau/skid_steer_ws/install/skid_steer_planning/lib/skid_steer_planning/dijkstra_costmap_planner.py
[1.439s] -- Installing: /home/mau/skid_steer_ws/install/skid_steer_planning/lib/skid_steer_planning/a_star_costmap_planner.py
[1.439s] -- Up-to-date: /home/mau/skid_steer_ws/install/skid_steer_planning/include/include
[1.439s] -- Up-to-date: /home/mau/skid_steer_ws/install/skid_steer_planning/include/include/skid_steer_planning
[1.439s] -- Up-to-date: /home/mau/skid_steer_ws/install/skid_steer_planning/include/include/skid_steer_planning/a_star_planner.hpp
[1.439s] -- Up-to-date: /home/mau/skid_steer_ws/install/skid_steer_planning/include/include/skid_steer_planning/dijkstra_costmap_planner.hpp
[1.439s] -- Up-to-date: /home/mau/skid_steer_ws/install/skid_steer_planning/include/include/skid_steer_planning/dijkstra_planner.hpp
[1.439s] -- Up-to-date: /home/mau/skid_steer_ws/install/skid_steer_planning/include/include/skid_steer_planning/a_star_costmap_planner.hpp
[1.440s] -- Up-to-date: /home/mau/skid_steer_ws/install/skid_steer_planning/lib/skid_steer_planning/dijkstra_planner
[1.440s] -- Up-to-date: /home/mau/skid_steer_ws/install/skid_steer_planning/lib/skid_steer_planning/a_star_planner
[1.441s] -- Up-to-date: /home/mau/skid_steer_ws/install/skid_steer_planning/lib/skid_steer_planning/dijkstra_costmap_planner
[1.441s] -- Up-to-date: /home/mau/skid_steer_ws/install/skid_steer_planning/lib/skid_steer_planning/a_star_costmap_planner
[1.442s] -- Up-to-date: /home/mau/skid_steer_ws/install/skid_steer_planning/share/ament_index/resource_index/package_run_dependencies/skid_steer_planning
[1.442s] -- Up-to-date: /home/mau/skid_steer_ws/install/skid_steer_planning/share/ament_index/resource_index/parent_prefix_path/skid_steer_planning
[1.442s] -- Up-to-date: /home/mau/skid_steer_ws/install/skid_steer_planning/share/skid_steer_planning/environment/ament_prefix_path.sh
[1.442s] -- Installing: /home/mau/skid_steer_ws/install/skid_steer_planning/share/skid_steer_planning/environment/ament_prefix_path.dsv
[1.442s] -- Up-to-date: /home/mau/skid_steer_ws/install/skid_steer_planning/share/skid_steer_planning/environment/path.sh
[1.442s] -- Installing: /home/mau/skid_steer_ws/install/skid_steer_planning/share/skid_steer_planning/environment/path.dsv
[1.443s] -- Up-to-date: /home/mau/skid_steer_ws/install/skid_steer_planning/share/skid_steer_planning/local_setup.bash
[1.443s] -- Up-to-date: /home/mau/skid_steer_ws/install/skid_steer_planning/share/skid_steer_planning/local_setup.sh
[1.443s] -- Up-to-date: /home/mau/skid_steer_ws/install/skid_steer_planning/share/skid_steer_planning/local_setup.zsh
[1.443s] -- Installing: /home/mau/skid_steer_ws/install/skid_steer_planning/share/skid_steer_planning/local_setup.dsv
[1.443s] -- Installing: /home/mau/skid_steer_ws/install/skid_steer_planning/share/skid_steer_planning/package.dsv
[1.443s] -- Up-to-date: /home/mau/skid_steer_ws/install/skid_steer_planning/share/ament_index/resource_index/packages/skid_steer_planning
[1.444s] -- Up-to-date: /home/mau/skid_steer_ws/install/skid_steer_planning/share/skid_steer_planning/cmake/ament_cmake_export_include_directories-extras.cmake
[1.444s] -- Up-to-date: /home/mau/skid_steer_ws/install/skid_steer_planning/share/skid_steer_planning/cmake/ament_cmake_export_dependencies-extras.cmake
[1.444s] -- Up-to-date: /home/mau/skid_steer_ws/install/skid_steer_planning/share/skid_steer_planning/cmake/skid_steer_planningConfig.cmake
[1.444s] -- Up-to-date: /home/mau/skid_steer_ws/install/skid_steer_planning/share/skid_steer_planning/cmake/skid_steer_planningConfig-version.cmake
[1.444s] -- Up-to-date: /home/mau/skid_steer_ws/install/skid_steer_planning/share/skid_steer_planning/package.xml
[1.447s] Invoked command in '/home/mau/skid_steer_ws/build/skid_steer_planning' returned '0': CMAKE_PREFIX_PATH=${CMAKE_PREFIX_PATH}:/home/mau/bumperbot_ws/install/bumperbot_py_examples:/home/mau/ros2_ws/install/my_py_pkg:/home/mau/skid_steer_ws/install/skid_steer_py_examples:/home/mau/skid_steer_ws/install/imu_driver:/opt/ros/humble /usr/bin/cmake --install /home/mau/skid_steer_ws/build/skid_steer_planning
