[01m[K/home/mau/skid_steer_ws/src/skid_steer_motion/src/pd_motion_planner.cpp:[m[K In constructor ‘[01m[Kskid_steer_motion::PdMotionPlanner::PdMotionPlanner(const string&)[m[K’:
[01m[K/home/mau/skid_steer_ws/src/skid_steer_motion/src/pd_motion_planner.cpp:29:79:[m[K [01;31m[Kerror: [m[Ktemporary of non-literal type ‘[01m[Kstd::_Bind_helper<false, std::shared_ptr<rclcpp::TimerBase> skid_steer_motion::PdMotionPlanner::*, skid_steer_motion::PdMotionPlanner*>::type[m[K’ in a constant expression
   29 |     control_loop = create_wall_timer<std::chrono::milliseconds(100), [01;31m[Kstd::bind(&PdMotionPlanner::control_loop, this)[m[K>;
      |                                                                      [01;31m[K~~~~~~~~~^~~~~~~~~~~~~~~~~~~~~~~~~~~~~~~~~~~~~~[m[K
In file included from [01m[K/usr/include/c++/11/pstl/glue_algorithm_defs.h:13[m[K,
                 from [01m[K/usr/include/c++/11/algorithm:74[m[K,
                 from [01m[K/opt/ros/humble/include/rclcpp/rclcpp/executor.hpp:18[m[K,
                 from [01m[K/opt/ros/humble/include/rclcpp/rclcpp/executors/multi_threaded_executor.hpp:25[m[K,
                 from [01m[K/opt/ros/humble/include/rclcpp/rclcpp/executors.hpp:21[m[K,
                 from [01m[K/opt/ros/humble/include/rclcpp/rclcpp/rclcpp.hpp:155[m[K,
                 from [01m[K/home/mau/skid_steer_ws/src/skid_steer_motion/include/skid_steer_motion/pd_motion_planner.hpp:4[m[K,
                 from [01m[K/home/mau/skid_steer_ws/src/skid_steer_motion/src/pd_motion_planner.cpp:1[m[K:
[01m[K/usr/include/c++/11/functional:405:11:[m[K [01;36m[Knote: [m[K‘[01m[Kstd::_Bind<std::shared_ptr<rclcpp::TimerBase> skid_steer_motion::PdMotionPlanner::*(skid_steer_motion::PdMotionPlanner*)>[m[K’ is not literal because:
  405 |     class [01;36m[K_Bind<_Functor(_Bound_args...)>[m[K
      |           [01;36m[K^~~~~~~~~~~~~~~~~~~~~~~~~~~~~~~[m[K
[01m[K/usr/include/c++/11/functional:405:11:[m[K [01;36m[Knote: [m[K  ‘[01m[Kstd::_Bind<std::shared_ptr<rclcpp::TimerBase> skid_steer_motion::PdMotionPlanner::*(skid_steer_motion::PdMotionPlanner*)>[m[K’ is not an aggregate, does not have a trivial default constructor, and has no ‘[01m[Kconstexpr[m[K’ constructor that is not a copy or move constructor
[01m[K/home/mau/skid_steer_ws/src/skid_steer_motion/src/pd_motion_planner.cpp:29:20:[m[K [01;31m[Kerror: [m[Kno match for ‘[01m[Koperator=[m[K’ (operand types are ‘[01m[Krclcpp::TimerBase::SharedPtr[m[K’ {aka ‘[01m[Kstd::shared_ptr<rclcpp::TimerBase>[m[K’} and ‘[01m[K<unresolved overloaded function type>[m[K’)
   29 |     control_loop = [01;31m[Kcreate_wall_timer<std::chrono::milliseconds(100), std::bind(&PdMotionPlanner::control_loop, this)>[m[K;
      |                    [01;31m[K^~~~~~~~~~~~~~~~~~~~~~~~~~~~~~~~~~~~~~~~~~~~~~~~~~~~~~~~~~~~~~~~~~~~~~~~~~~~~~~~~~~~~~~~~~~~~~~~~~[m[K
In file included from [01m[K/usr/include/c++/11/memory:77[m[K,
                 from [01m[K/opt/ros/humble/include/rclcpp/rclcpp/rclcpp.hpp:153[m[K,
                 from [01m[K/home/mau/skid_steer_ws/src/skid_steer_motion/include/skid_steer_motion/pd_motion_planner.hpp:4[m[K,
                 from [01m[K/home/mau/skid_steer_ws/src/skid_steer_motion/src/pd_motion_planner.cpp:1[m[K:
[01m[K/usr/include/c++/11/bits/shared_ptr.h:363:9:[m[K [01;36m[Knote: [m[Kcandidate: ‘[01m[Ktemplate<class _Yp> std::shared_ptr<_Tp>::_Assignable<const std::shared_ptr<_Yp>&> std::shared_ptr<_Tp>::operator=(const std::shared_ptr<_Yp>&) [with _Yp = _Yp; _Tp = rclcpp::TimerBase][m[K’
  363 |         [01;36m[Koperator[m[K=(const shared_ptr<_Yp>& __r) noexcept
      |         [01;36m[K^~~~~~~~[m[K
[01m[K/usr/include/c++/11/bits/shared_ptr.h:363:9:[m[K [01;36m[Knote: [m[K  template argument deduction/substitution failed:
[01m[K/home/mau/skid_steer_ws/src/skid_steer_motion/src/pd_motion_planner.cpp:29:20:[m[K [01;36m[Knote: [m[K  couldn’t deduce template parameter ‘[01m[K_Yp[m[K’
   29 |     control_loop = [01;36m[Kcreate_wall_timer<std::chrono::milliseconds(100), std::bind(&PdMotionPlanner::control_loop, this)>[m[K;
      |                    [01;36m[K^~~~~~~~~~~~~~~~~~~~~~~~~~~~~~~~~~~~~~~~~~~~~~~~~~~~~~~~~~~~~~~~~~~~~~~~~~~~~~~~~~~~~~~~~~~~~~~~~~[m[K
In file included from [01m[K/usr/include/c++/11/memory:77[m[K,
                 from [01m[K/opt/ros/humble/include/rclcpp/rclcpp/rclcpp.hpp:153[m[K,
                 from [01m[K/home/mau/skid_steer_ws/src/skid_steer_motion/include/skid_steer_motion/pd_motion_planner.hpp:4[m[K,
                 from [01m[K/home/mau/skid_steer_ws/src/skid_steer_motion/src/pd_motion_planner.cpp:1[m[K:
[01m[K/usr/include/c++/11/bits/shared_ptr.h:374:9:[m[K [01;36m[Knote: [m[Kcandidate: ‘[01m[Ktemplate<class _Yp> std::shared_ptr<_Tp>::_Assignable<std::auto_ptr<_Up> > std::shared_ptr<_Tp>::operator=(std::auto_ptr<_Up>&&) [with _Yp = _Yp; _Tp = rclcpp::TimerBase][m[K’
  374 |         [01;36m[Koperator[m[K=(auto_ptr<_Yp>&& __r)
      |         [01;36m[K^~~~~~~~[m[K
[01m[K/usr/include/c++/11/bits/shared_ptr.h:374:9:[m[K [01;36m[Knote: [m[K  template argument deduction/substitution failed:
[01m[K/home/mau/skid_steer_ws/src/skid_steer_motion/src/pd_motion_planner.cpp:29:20:[m[K [01;36m[Knote: [m[K  couldn’t deduce template parameter ‘[01m[K_Yp[m[K’
   29 |     control_loop = [01;36m[Kcreate_wall_timer<std::chrono::milliseconds(100), std::bind(&PdMotionPlanner::control_loop, this)>[m[K;
      |                    [01;36m[K^~~~~~~~~~~~~~~~~~~~~~~~~~~~~~~~~~~~~~~~~~~~~~~~~~~~~~~~~~~~~~~~~~~~~~~~~~~~~~~~~~~~~~~~~~~~~~~~~~[m[K
In file included from [01m[K/usr/include/c++/11/memory:77[m[K,
                 from [01m[K/opt/ros/humble/include/rclcpp/rclcpp/rclcpp.hpp:153[m[K,
                 from [01m[K/home/mau/skid_steer_ws/src/skid_steer_motion/include/skid_steer_motion/pd_motion_planner.hpp:4[m[K,
                 from [01m[K/home/mau/skid_steer_ws/src/skid_steer_motion/src/pd_motion_planner.cpp:1[m[K:
[01m[K/usr/include/c++/11/bits/shared_ptr.h:391:9:[m[K [01;36m[Knote: [m[Kcandidate: ‘[01m[Ktemplate<class _Yp> std::shared_ptr<_Tp>::_Assignable<std::shared_ptr<_Yp> > std::shared_ptr<_Tp>::operator=(std::shared_ptr<_Yp>&&) [with _Yp = _Yp; _Tp = rclcpp::TimerBase][m[K’
  391 |         [01;36m[Koperator[m[K=(shared_ptr<_Yp>&& __r) noexcept
      |         [01;36m[K^~~~~~~~[m[K
[01m[K/usr/include/c++/11/bits/shared_ptr.h:391:9:[m[K [01;36m[Knote: [m[K  template argument deduction/substitution failed:
[01m[K/home/mau/skid_steer_ws/src/skid_steer_motion/src/pd_motion_planner.cpp:29:20:[m[K [01;36m[Knote: [m[K  couldn’t deduce template parameter ‘[01m[K_Yp[m[K’
   29 |     control_loop = [01;36m[Kcreate_wall_timer<std::chrono::milliseconds(100), std::bind(&PdMotionPlanner::control_loop, this)>[m[K;
      |                    [01;36m[K^~~~~~~~~~~~~~~~~~~~~~~~~~~~~~~~~~~~~~~~~~~~~~~~~~~~~~~~~~~~~~~~~~~~~~~~~~~~~~~~~~~~~~~~~~~~~~~~~~[m[K
In file included from [01m[K/usr/include/c++/11/memory:77[m[K,
                 from [01m[K/opt/ros/humble/include/rclcpp/rclcpp/rclcpp.hpp:153[m[K,
                 from [01m[K/home/mau/skid_steer_ws/src/skid_steer_motion/include/skid_steer_motion/pd_motion_planner.hpp:4[m[K,
                 from [01m[K/home/mau/skid_steer_ws/src/skid_steer_motion/src/pd_motion_planner.cpp:1[m[K:
[01m[K/usr/include/c++/11/bits/shared_ptr.h:399:9:[m[K [01;36m[Knote: [m[Kcandidate: ‘[01m[Ktemplate<class _Yp, class _Del> std::shared_ptr<_Tp>::_Assignable<std::unique_ptr<_Up, _Ep> > std::shared_ptr<_Tp>::operator=(std::unique_ptr<_Up, _Ep>&&) [with _Yp = _Yp; _Del = _Del; _Tp = rclcpp::TimerBase][m[K’
  399 |         [01;36m[Koperator[m[K=(unique_ptr<_Yp, _Del>&& __r)
      |         [01;36m[K^~~~~~~~[m[K
[01m[K/usr/include/c++/11/bits/shared_ptr.h:399:9:[m[K [01;36m[Knote: [m[K  template argument deduction/substitution failed:
[01m[K/home/mau/skid_steer_ws/src/skid_steer_motion/src/pd_motion_planner.cpp:29:20:[m[K [01;36m[Knote: [m[K  couldn’t deduce template parameter ‘[01m[K_Yp[m[K’
   29 |     control_loop = [01;36m[Kcreate_wall_timer<std::chrono::milliseconds(100), std::bind(&PdMotionPlanner::control_loop, this)>[m[K;
      |                    [01;36m[K^~~~~~~~~~~~~~~~~~~~~~~~~~~~~~~~~~~~~~~~~~~~~~~~~~~~~~~~~~~~~~~~~~~~~~~~~~~~~~~~~~~~~~~~~~~~~~~~~~[m[K
In file included from [01m[K/usr/include/c++/11/memory:77[m[K,
                 from [01m[K/opt/ros/humble/include/rclcpp/rclcpp/rclcpp.hpp:153[m[K,
                 from [01m[K/home/mau/skid_steer_ws/src/skid_steer_motion/include/skid_steer_motion/pd_motion_planner.hpp:4[m[K,
                 from [01m[K/home/mau/skid_steer_ws/src/skid_steer_motion/src/pd_motion_planner.cpp:1[m[K:
[01m[K/usr/include/c++/11/bits/shared_ptr.h:359:19:[m[K [01;36m[Knote: [m[Kcandidate: ‘[01m[Kstd::shared_ptr<_Tp>& std::shared_ptr<_Tp>::operator=(const std::shared_ptr<_Tp>&) [with _Tp = rclcpp::TimerBase][m[K’
  359 |       shared_ptr& [01;36m[Koperator[m[K=(const shared_ptr&) noexcept = default;
      |                   [01;36m[K^~~~~~~~[m[K
[01m[K/usr/include/c++/11/bits/shared_ptr.h:359:29:[m[K [01;36m[Knote: [m[K  no known conversion for argument 1 from ‘[01m[K<unresolved overloaded function type>[m[K’ to ‘[01m[Kconst std::shared_ptr<rclcpp::TimerBase>&[m[K’
  359 |       shared_ptr& operator=([01;36m[Kconst shared_ptr&[m[K) noexcept = default;
      |                             [01;36m[K^~~~~~~~~~~~~~~~~[m[K
[01m[K/usr/include/c++/11/bits/shared_ptr.h:383:7:[m[K [01;36m[Knote: [m[Kcandidate: ‘[01m[Kstd::shared_ptr<_Tp>& std::shared_ptr<_Tp>::operator=(std::shared_ptr<_Tp>&&) [with _Tp = rclcpp::TimerBase][m[K’
  383 |       [01;36m[Koperator[m[K=(shared_ptr&& __r) noexcept
      |       [01;36m[K^~~~~~~~[m[K
[01m[K/usr/include/c++/11/bits/shared_ptr.h:383:30:[m[K [01;36m[Knote: [m[K  no known conversion for argument 1 from ‘[01m[K<unresolved overloaded function type>[m[K’ to ‘[01m[Kstd::shared_ptr<rclcpp::TimerBase>&&[m[K’
  383 |       operator=([01;36m[Kshared_ptr&& __r[m[K) noexcept
      |                 [01;36m[K~~~~~~~~~~~~~^~~[m[K
In file included from [01m[K/home/mau/skid_steer_ws/src/skid_steer_motion/include/skid_steer_motion/pd_motion_planner.hpp:9[m[K,
                 from [01m[K/home/mau/skid_steer_ws/src/skid_steer_motion/src/pd_motion_planner.cpp:1[m[K:
/opt/ros/humble/include/tf2_ros/tf2_ros/transform_listener.hpp: In instantiation of ‘[01m[Kvoid tf2_ros::TransformListener::init(NodeT&&, bool, const rclcpp::QoS&, const rclcpp::QoS&, const rclcpp::SubscriptionOptionsWithAllocator<AllocatorT>&, const rclcpp::SubscriptionOptionsWithAllocator<AllocatorT>&) [with NodeT = double&; AllocatorT = std::allocator<void>][m[K’:
[01m[K/opt/ros/humble/include/tf2_ros/tf2_ros/transform_listener.hpp:102:9:[m[K   required from ‘[01m[Ktf2_ros::TransformListener::TransformListener(tf2::BufferCore&, NodeT&&, bool, const rclcpp::QoS&, const rclcpp::QoS&, const rclcpp::SubscriptionOptionsWithAllocator<AllocatorT>&, const rclcpp::SubscriptionOptionsWithAllocator<AllocatorT>&) [with NodeT = double; AllocatorT = std::allocator<void>][m[K’
[01m[K/usr/include/c++/11/ext/new_allocator.h:162:4:[m[K   required from ‘[01m[Kvoid __gnu_cxx::new_allocator<_Tp>::construct(_Up*, _Args&& ...) [with _Up = tf2_ros::TransformListener; _Args = {tf2_ros::Buffer&, double}; _Tp = tf2_ros::TransformListener][m[K’
[01m[K/usr/include/c++/11/bits/alloc_traits.h:516:17:[m[K   required from ‘[01m[Kstatic void std::allocator_traits<std::allocator<_Tp1> >::construct(std::allocator_traits<std::allocator<_Tp1> >::allocator_type&, _Up*, _Args&& ...) [with _Up = tf2_ros::TransformListener; _Args = {tf2_ros::Buffer&, double}; _Tp = tf2_ros::TransformListener; std::allocator_traits<std::allocator<_Tp1> >::allocator_type = std::allocator<tf2_ros::TransformListener>][m[K’
[01m[K/usr/include/c++/11/bits/shared_ptr_base.h:519:39:[m[K   required from ‘[01m[Kstd::_Sp_counted_ptr_inplace<_Tp, _Alloc, _Lp>::_Sp_counted_ptr_inplace(_Alloc, _Args&& ...) [with _Args = {tf2_ros::Buffer&, double}; _Tp = tf2_ros::TransformListener; _Alloc = std::allocator<tf2_ros::TransformListener>; __gnu_cxx::_Lock_policy _Lp = __gnu_cxx::_S_atomic][m[K’
[01m[K/usr/include/c++/11/bits/shared_ptr_base.h:650:16:[m[K   required from ‘[01m[Kstd::__shared_count<_Lp>::__shared_count(_Tp*&, std::_Sp_alloc_shared_tag<_Alloc>, _Args&& ...) [with _Tp = tf2_ros::TransformListener; _Alloc = std::allocator<tf2_ros::TransformListener>; _Args = {tf2_ros::Buffer&, double}; __gnu_cxx::_Lock_policy _Lp = __gnu_cxx::_S_atomic][m[K’
[01m[K/usr/include/c++/11/bits/shared_ptr_base.h:1342:14:[m[K   required from ‘[01m[Kstd::__shared_ptr<_Tp, _Lp>::__shared_ptr(std::_Sp_alloc_shared_tag<_Tp>, _Args&& ...) [with _Alloc = std::allocator<tf2_ros::TransformListener>; _Args = {tf2_ros::Buffer&, double}; _Tp = tf2_ros::TransformListener; __gnu_cxx::_Lock_policy _Lp = __gnu_cxx::_S_atomic][m[K’
[01m[K/usr/include/c++/11/bits/shared_ptr.h:409:59:[m[K   required from ‘[01m[Kstd::shared_ptr<_Tp>::shared_ptr(std::_Sp_alloc_shared_tag<_Tp>, _Args&& ...) [with _Alloc = std::allocator<tf2_ros::TransformListener>; _Args = {tf2_ros::Buffer&, double}; _Tp = tf2_ros::TransformListener][m[K’
[01m[K/usr/include/c++/11/bits/shared_ptr.h:862:14:[m[K   required from ‘[01m[Kstd::shared_ptr<_Tp> std::allocate_shared(const _Alloc&, _Args&& ...) [with _Tp = tf2_ros::TransformListener; _Alloc = std::allocator<tf2_ros::TransformListener>; _Args = {tf2_ros::Buffer&, double}][m[K’
[01m[K/usr/include/c++/11/bits/shared_ptr.h:878:39:[m[K   required from ‘[01m[Kstd::shared_ptr<_Tp> std::make_shared(_Args&& ...) [with _Tp = tf2_ros::TransformListener; _Args = {tf2_ros::Buffer&, double}][m[K’
[01m[K/home/mau/skid_steer_ws/src/skid_steer_motion/src/pd_motion_planner.cpp:27:63:[m[K   required from here
[01m[K/opt/ros/humble/include/tf2_ros/tf2_ros/transform_listener.hpp:119:28:[m[K [01;31m[Kerror: [m[Kbase operand of ‘[01m[K->[m[K’ is not a pointer
  119 |     node_base_interface_ = [01;31m[Knode[m[K->get_node_base_interface();
      |                            [01;31m[K^~~~[m[K
[01m[K/opt/ros/humble/include/tf2_ros/tf2_ros/transform_listener.hpp:120:31:[m[K [01;31m[Kerror: [m[Kbase operand of ‘[01m[K->[m[K’ is not a pointer
  120 |     node_logging_interface_ = [01;31m[Knode[m[K->get_node_logging_interface();
      |                               [01;31m[K^~~~[m[K
gmake[2]: *** [CMakeFiles/pd_motion_planner.dir/build.make:76: CMakeFiles/pd_motion_planner.dir/src/pd_motion_planner.cpp.o] Error 1
gmake[1]: *** [CMakeFiles/Makefile2:140: CMakeFiles/pd_motion_planner.dir/all] Error 2
gmake: *** [Makefile:146: all] Error 2
