[0.069s] Invoking command in '/home/mau/skid_steer_ws/build/skid_steer_msgs': CMAKE_PREFIX_PATH=${CMAKE_PREFIX_PATH}:/home/mau/bumperbot_ws/install/bumperbot_py_examples:/home/mau/ros2_ws/install/my_py_pkg:/home/mau/skid_steer_ws/install/skid_steer_py_examples:/home/mau/skid_steer_ws/install/imu_driver:/opt/ros/humble /usr/bin/cmake /home/mau/skid_steer_ws/src/skid_steer_msgs -DCMAKE_INSTALL_PREFIX=/home/mau/skid_steer_ws/install/skid_steer_msgs
[0.332s] -- The C compiler identification is GNU 11.4.0
[0.332s] -- The CXX compiler identification is GNU 11.4.0
[0.332s] -- Detecting C compiler ABI info
[0.332s] -- Detecting C compiler ABI info - done
[0.332s] -- Check for working C compiler: /usr/bin/cc - skipped
[0.333s] -- Detecting C compile features
[0.333s] -- Detecting C compile features - done
[0.333s] -- Detecting CXX compiler ABI info
[0.407s] -- Detecting CXX compiler ABI info - done
[0.416s] -- Check for working CXX compiler: /usr/bin/c++ - skipped
[0.417s] -- Detecting CXX compile features
[0.417s] -- Detecting CXX compile features - done
[0.425s] -- Found ament_cmake: 1.3.12 (/opt/ros/humble/share/ament_cmake/cmake)
[0.645s] -- Found Python3: /usr/bin/python3 (found version "3.10.12") found components: Interpreter 
[0.819s] -- Found std_msgs: 4.9.0 (/opt/ros/humble/share/std_msgs/cmake)
[0.902s] -- Found rosidl_generator_c: 3.1.7 (/opt/ros/humble/share/rosidl_generator_c/cmake)
[0.919s] -- Found rosidl_adapter: 3.1.7 (/opt/ros/humble/share/rosidl_adapter/cmake)
[0.939s] -- Found rosidl_generator_cpp: 3.1.7 (/opt/ros/humble/share/rosidl_generator_cpp/cmake)
[0.968s] -- Using all available rosidl_typesupport_c: rosidl_typesupport_fastrtps_c;rosidl_typesupport_introspection_c
[1.007s] -- Using all available rosidl_typesupport_cpp: rosidl_typesupport_fastrtps_cpp;rosidl_typesupport_introspection_cpp
[1.057s] -- Found geometry_msgs: 4.9.0 (/opt/ros/humble/share/geometry_msgs/cmake)
[1.078s] -- Found rosidl_default_generators: 1.2.0 (/opt/ros/humble/share/rosidl_default_generators/cmake)
[1.491s] -- Found ament_cmake_ros: 0.10.0 (/opt/ros/humble/share/ament_cmake_ros/cmake)
[2.018s] -- Using all available rosidl_typesupport_c: rosidl_typesupport_fastrtps_c;rosidl_typesupport_introspection_c
[2.219s] -- Using all available rosidl_typesupport_cpp: rosidl_typesupport_fastrtps_cpp;rosidl_typesupport_introspection_cpp
[2.253s] -- Found PythonInterp: /usr/bin/python3 (found suitable version "3.10.12", minimum required is "3.6") 
[2.259s] -- Found python_cmake_module: 0.10.0 (/opt/ros/humble/share/python_cmake_module/cmake)
[2.301s] -- Found PythonLibs: /usr/lib/x86_64-linux-gnu/libpython3.10.so (found suitable version "3.10.12", minimum required is "3.5") 
[2.301s] -- Using PYTHON_EXECUTABLE: /usr/bin/python3
[2.301s] -- Using PYTHON_INCLUDE_DIRS: /usr/include/python3.10
[2.301s] -- Using PYTHON_LIBRARIES: /usr/lib/x86_64-linux-gnu/libpython3.10.so
[2.334s] -- Found PythonExtra: .so  
[2.464s] -- Found ament_lint_auto: 0.12.14 (/opt/ros/humble/share/ament_lint_auto/cmake)
[2.470s] -- Configuring done
[2.519s] -- Generating done
[2.535s] -- Build files have been written to: /home/mau/skid_steer_ws/build/skid_steer_msgs
[2.547s] Invoked command in '/home/mau/skid_steer_ws/build/skid_steer_msgs' returned '0': CMAKE_PREFIX_PATH=${CMAKE_PREFIX_PATH}:/home/mau/bumperbot_ws/install/bumperbot_py_examples:/home/mau/ros2_ws/install/my_py_pkg:/home/mau/skid_steer_ws/install/skid_steer_py_examples:/home/mau/skid_steer_ws/install/imu_driver:/opt/ros/humble /usr/bin/cmake /home/mau/skid_steer_ws/src/skid_steer_msgs -DCMAKE_INSTALL_PREFIX=/home/mau/skid_steer_ws/install/skid_steer_msgs
[2.548s] Invoking command in '/home/mau/skid_steer_ws/build/skid_steer_msgs': CMAKE_PREFIX_PATH=${CMAKE_PREFIX_PATH}:/home/mau/bumperbot_ws/install/bumperbot_py_examples:/home/mau/ros2_ws/install/my_py_pkg:/home/mau/skid_steer_ws/install/skid_steer_py_examples:/home/mau/skid_steer_ws/install/imu_driver:/opt/ros/humble /usr/bin/cmake --build /home/mau/skid_steer_ws/build/skid_steer_msgs -- -j12 -l12
[2.616s] [  2%] [34m[1mGenerating C code for ROS interfaces[0m
[2.648s] [  2%] Built target ament_cmake_python_copy_skid_steer_msgs
[2.659s] [  5%] [34m[1mGenerating C++ code for ROS interfaces[0m
[3.053s] running egg_info
[3.053s] creating skid_steer_msgs.egg-info
[3.055s] writing skid_steer_msgs.egg-info/PKG-INFO
[3.056s] writing dependency_links to skid_steer_msgs.egg-info/dependency_links.txt
[3.056s] writing top-level names to skid_steer_msgs.egg-info/top_level.txt
[3.056s] writing manifest file 'skid_steer_msgs.egg-info/SOURCES.txt'
[3.059s] reading manifest file 'skid_steer_msgs.egg-info/SOURCES.txt'
[3.061s] writing manifest file 'skid_steer_msgs.egg-info/SOURCES.txt'
[3.110s] [  5%] Built target ament_cmake_python_build_skid_steer_msgs_egg
[3.189s] [  7%] [32mBuilding C object CMakeFiles/skid_steer_msgs__rosidl_generator_c.dir/rosidl_generator_c/skid_steer_msgs/srv/detail/add_two_ints__functions.c.o[0m
[3.205s] [ 10%] [32mBuilding C object CMakeFiles/skid_steer_msgs__rosidl_generator_c.dir/rosidl_generator_c/skid_steer_msgs/srv/detail/get_transform__functions.c.o[0m
[3.286s] [ 10%] Built target skid_steer_msgs__cpp
[3.306s] [ 12%] [34m[1mGenerating C++ introspection for ROS interfaces[0m
[3.329s] [ 15%] [34m[1mGenerating C++ type support dispatch for ROS interfaces[0m
[3.329s] [ 17%] [34m[1mGenerating C++ type support for eProsima Fast-RTPS[0m
[3.348s] [ 20%] [32m[1mLinking C shared library libskid_steer_msgs__rosidl_generator_c.so[0m
[3.458s] [ 20%] Built target skid_steer_msgs__rosidl_generator_c
[3.493s] [ 23%] [34m[1mGenerating C introspection for ROS interfaces[0m
[3.496s] [ 28%] [34m[1mGenerating C type support dispatch for ROS interfaces[0m
[3.496s] [ 28%] [34m[1mGenerating C type support for eProsima Fast-RTPS[0m
[3.947s] [ 30%] [32mBuilding CXX object CMakeFiles/skid_steer_msgs__rosidl_typesupport_cpp.dir/rosidl_typesupport_cpp/skid_steer_msgs/srv/get_transform__type_support.cpp.o[0m
[3.963s] [ 33%] [32mBuilding CXX object CMakeFiles/skid_steer_msgs__rosidl_typesupport_cpp.dir/rosidl_typesupport_cpp/skid_steer_msgs/srv/add_two_ints__type_support.cpp.o[0m
[4.120s] [ 35%] [32mBuilding CXX object CMakeFiles/skid_steer_msgs__rosidl_typesupport_introspection_cpp.dir/rosidl_typesupport_introspection_cpp/skid_steer_msgs/srv/detail/get_transform__type_support.cpp.o[0m
[4.122s] [ 38%] [32mBuilding CXX object CMakeFiles/skid_steer_msgs__rosidl_typesupport_introspection_cpp.dir/rosidl_typesupport_introspection_cpp/skid_steer_msgs/srv/detail/add_two_ints__type_support.cpp.o[0m
[4.222s] [ 41%] [32mBuilding CXX object CMakeFiles/skid_steer_msgs__rosidl_typesupport_fastrtps_cpp.dir/rosidl_typesupport_fastrtps_cpp/skid_steer_msgs/srv/detail/dds_fastrtps/get_transform__type_support.cpp.o[0m
[4.230s] [ 43%] [32mBuilding CXX object CMakeFiles/skid_steer_msgs__rosidl_typesupport_fastrtps_cpp.dir/rosidl_typesupport_fastrtps_cpp/skid_steer_msgs/srv/detail/dds_fastrtps/add_two_ints__type_support.cpp.o[0m
[4.382s] [ 46%] [32mBuilding CXX object CMakeFiles/skid_steer_msgs__rosidl_typesupport_fastrtps_c.dir/rosidl_typesupport_fastrtps_c/skid_steer_msgs/srv/detail/add_two_ints__type_support_c.cpp.o[0m
[4.384s] [ 48%] [32mBuilding CXX object CMakeFiles/skid_steer_msgs__rosidl_typesupport_fastrtps_c.dir/rosidl_typesupport_fastrtps_c/skid_steer_msgs/srv/detail/get_transform__type_support_c.cpp.o[0m
[4.427s] [ 51%] [32mBuilding C object CMakeFiles/skid_steer_msgs__rosidl_typesupport_introspection_c.dir/rosidl_typesupport_introspection_c/skid_steer_msgs/srv/detail/get_transform__type_support.c.o[0m
[4.427s] [ 53%] [32mBuilding C object CMakeFiles/skid_steer_msgs__rosidl_typesupport_introspection_c.dir/rosidl_typesupport_introspection_c/skid_steer_msgs/srv/detail/add_two_ints__type_support.c.o[0m
[4.466s] [ 56%] [32mBuilding CXX object CMakeFiles/skid_steer_msgs__rosidl_typesupport_c.dir/rosidl_typesupport_c/skid_steer_msgs/srv/add_two_ints__type_support.cpp.o[0m
[4.480s] [ 58%] [32mBuilding CXX object CMakeFiles/skid_steer_msgs__rosidl_typesupport_c.dir/rosidl_typesupport_c/skid_steer_msgs/srv/get_transform__type_support.cpp.o[0m
[4.581s] [ 61%] [32m[1mLinking C shared library libskid_steer_msgs__rosidl_typesupport_introspection_c.so[0m
[4.619s] [ 64%] [32m[1mLinking CXX shared library libskid_steer_msgs__rosidl_typesupport_c.so[0m
[4.689s] [ 64%] Built target skid_steer_msgs__rosidl_typesupport_introspection_c
[4.755s] [ 64%] Built target skid_steer_msgs__rosidl_typesupport_c
[4.816s] [ 66%] [32m[1mLinking CXX shared library libskid_steer_msgs__rosidl_typesupport_cpp.so[0m
[4.959s] [ 66%] Built target skid_steer_msgs__rosidl_typesupport_cpp
[4.959s] [ 69%] [32m[1mLinking CXX shared library libskid_steer_msgs__rosidl_typesupport_introspection_cpp.so[0m
[5.141s] [ 69%] Built target skid_steer_msgs__rosidl_typesupport_introspection_cpp
[5.264s] [ 71%] [32m[1mLinking CXX shared library libskid_steer_msgs__rosidl_typesupport_fastrtps_cpp.so[0m
[5.270s] [ 74%] [32m[1mLinking CXX shared library libskid_steer_msgs__rosidl_typesupport_fastrtps_c.so[0m
[5.411s] [ 74%] Built target skid_steer_msgs__rosidl_typesupport_fastrtps_cpp
[5.422s] [ 74%] Built target skid_steer_msgs__rosidl_typesupport_fastrtps_c
[5.452s] [ 74%] Built target skid_steer_msgs
[5.484s] [ 76%] [34m[1mGenerating Python code for ROS interfaces[0m
[6.367s] [ 76%] Built target skid_steer_msgs__py
[6.441s] [ 79%] [32mBuilding C object CMakeFiles/skid_steer_msgs__rosidl_generator_py.dir/rosidl_generator_py/skid_steer_msgs/srv/_add_two_ints_s.c.o[0m
[6.441s] [ 82%] [32mBuilding C object CMakeFiles/skid_steer_msgs__rosidl_generator_py.dir/rosidl_generator_py/skid_steer_msgs/srv/_get_transform_s.c.o[0m
[6.762s] [ 84%] [32m[1mLinking C shared library rosidl_generator_py/skid_steer_msgs/libskid_steer_msgs__rosidl_generator_py.so[0m
[6.830s] [ 84%] Built target skid_steer_msgs__rosidl_generator_py
[6.894s] [ 87%] [32mBuilding C object CMakeFiles/skid_steer_msgs__rosidl_typesupport_fastrtps_c__pyext.dir/rosidl_generator_py/skid_steer_msgs/_skid_steer_msgs_s.ep.rosidl_typesupport_fastrtps_c.c.o[0m
[6.895s] [ 89%] [32mBuilding C object CMakeFiles/skid_steer_msgs__rosidl_typesupport_introspection_c__pyext.dir/rosidl_generator_py/skid_steer_msgs/_skid_steer_msgs_s.ep.rosidl_typesupport_introspection_c.c.o[0m
[6.901s] [ 92%] [32mBuilding C object CMakeFiles/skid_steer_msgs__rosidl_typesupport_c__pyext.dir/rosidl_generator_py/skid_steer_msgs/_skid_steer_msgs_s.ep.rosidl_typesupport_c.c.o[0m
[7.070s] [ 94%] [32m[1mLinking C shared library rosidl_generator_py/skid_steer_msgs/skid_steer_msgs_s__rosidl_typesupport_c.cpython-310-x86_64-linux-gnu.so[0m
[7.078s] [ 97%] [32m[1mLinking C shared library rosidl_generator_py/skid_steer_msgs/skid_steer_msgs_s__rosidl_typesupport_introspection_c.cpython-310-x86_64-linux-gnu.so[0m
[7.086s] [100%] [32m[1mLinking C shared library rosidl_generator_py/skid_steer_msgs/skid_steer_msgs_s__rosidl_typesupport_fastrtps_c.cpython-310-x86_64-linux-gnu.so[0m
[7.164s] [100%] Built target skid_steer_msgs__rosidl_typesupport_c__pyext
[7.199s] [100%] Built target skid_steer_msgs__rosidl_typesupport_introspection_c__pyext
[7.199s] [100%] Built target skid_steer_msgs__rosidl_typesupport_fastrtps_c__pyext
[7.237s] Invoked command in '/home/mau/skid_steer_ws/build/skid_steer_msgs' returned '0': CMAKE_PREFIX_PATH=${CMAKE_PREFIX_PATH}:/home/mau/bumperbot_ws/install/bumperbot_py_examples:/home/mau/ros2_ws/install/my_py_pkg:/home/mau/skid_steer_ws/install/skid_steer_py_examples:/home/mau/skid_steer_ws/install/imu_driver:/opt/ros/humble /usr/bin/cmake --build /home/mau/skid_steer_ws/build/skid_steer_msgs -- -j12 -l12
[7.243s] Invoking command in '/home/mau/skid_steer_ws/build/skid_steer_msgs': CMAKE_PREFIX_PATH=${CMAKE_PREFIX_PATH}:/home/mau/bumperbot_ws/install/bumperbot_py_examples:/home/mau/ros2_ws/install/my_py_pkg:/home/mau/skid_steer_ws/install/skid_steer_py_examples:/home/mau/skid_steer_ws/install/imu_driver:/opt/ros/humble /usr/bin/cmake --install /home/mau/skid_steer_ws/build/skid_steer_msgs
[7.265s] -- Install configuration: ""
[7.268s] -- Installing: /home/mau/skid_steer_ws/install/skid_steer_msgs/share/ament_index/resource_index/rosidl_interfaces/skid_steer_msgs
[7.268s] -- Installing: /home/mau/skid_steer_ws/install/skid_steer_msgs/include/skid_steer_msgs/skid_steer_msgs
[7.268s] -- Installing: /home/mau/skid_steer_ws/install/skid_steer_msgs/include/skid_steer_msgs/skid_steer_msgs/srv
[7.270s] -- Installing: /home/mau/skid_steer_ws/install/skid_steer_msgs/include/skid_steer_msgs/skid_steer_msgs/srv/add_two_ints.h
[7.270s] -- Installing: /home/mau/skid_steer_ws/install/skid_steer_msgs/include/skid_steer_msgs/skid_steer_msgs/srv/get_transform.h
[7.270s] -- Installing: /home/mau/skid_steer_ws/install/skid_steer_msgs/include/skid_steer_msgs/skid_steer_msgs/srv/detail
[7.270s] -- Installing: /home/mau/skid_steer_ws/install/skid_steer_msgs/include/skid_steer_msgs/skid_steer_msgs/srv/detail/get_transform__type_support.h
[7.270s] -- Installing: /home/mau/skid_steer_ws/install/skid_steer_msgs/include/skid_steer_msgs/skid_steer_msgs/srv/detail/get_transform__struct.h
[7.270s] -- Installing: /home/mau/skid_steer_ws/install/skid_steer_msgs/include/skid_steer_msgs/skid_steer_msgs/srv/detail/add_two_ints__struct.h
[7.271s] -- Installing: /home/mau/skid_steer_ws/install/skid_steer_msgs/include/skid_steer_msgs/skid_steer_msgs/srv/detail/add_two_ints__functions.c
[7.271s] -- Installing: /home/mau/skid_steer_ws/install/skid_steer_msgs/include/skid_steer_msgs/skid_steer_msgs/srv/detail/add_two_ints__functions.h
[7.271s] -- Installing: /home/mau/skid_steer_ws/install/skid_steer_msgs/include/skid_steer_msgs/skid_steer_msgs/srv/detail/add_two_ints__type_support.h
[7.271s] -- Installing: /home/mau/skid_steer_ws/install/skid_steer_msgs/include/skid_steer_msgs/skid_steer_msgs/srv/detail/get_transform__functions.c
[7.275s] -- Installing: /home/mau/skid_steer_ws/install/skid_steer_msgs/include/skid_steer_msgs/skid_steer_msgs/srv/detail/get_transform__functions.h
[7.275s] -- Installing: /home/mau/skid_steer_ws/install/skid_steer_msgs/include/skid_steer_msgs/skid_steer_msgs/msg
[7.275s] -- Installing: /home/mau/skid_steer_ws/install/skid_steer_msgs/include/skid_steer_msgs/skid_steer_msgs/msg/rosidl_generator_c__visibility_control.h
[7.275s] -- Installing: /home/mau/skid_steer_ws/install/skid_steer_msgs/share/skid_steer_msgs/environment/library_path.sh
[7.275s] -- Installing: /home/mau/skid_steer_ws/install/skid_steer_msgs/share/skid_steer_msgs/environment/library_path.dsv
[7.275s] -- Installing: /home/mau/skid_steer_ws/install/skid_steer_msgs/lib/libskid_steer_msgs__rosidl_generator_c.so
[7.276s] -- Set runtime path of "/home/mau/skid_steer_ws/install/skid_steer_msgs/lib/libskid_steer_msgs__rosidl_generator_c.so" to ""
[7.276s] -- Up-to-date: /home/mau/skid_steer_ws/install/skid_steer_msgs/include/skid_steer_msgs/skid_steer_msgs
[7.276s] -- Up-to-date: /home/mau/skid_steer_ws/install/skid_steer_msgs/include/skid_steer_msgs/skid_steer_msgs/srv
[7.277s] -- Up-to-date: /home/mau/skid_steer_ws/install/skid_steer_msgs/include/skid_steer_msgs/skid_steer_msgs/srv/detail
[7.277s] -- Installing: /home/mau/skid_steer_ws/install/skid_steer_msgs/include/skid_steer_msgs/skid_steer_msgs/srv/detail/add_two_ints__rosidl_typesupport_fastrtps_c.h
[7.277s] -- Installing: /home/mau/skid_steer_ws/install/skid_steer_msgs/include/skid_steer_msgs/skid_steer_msgs/srv/detail/get_transform__rosidl_typesupport_fastrtps_c.h
[7.277s] -- Up-to-date: /home/mau/skid_steer_ws/install/skid_steer_msgs/include/skid_steer_msgs/skid_steer_msgs/msg
[7.277s] -- Installing: /home/mau/skid_steer_ws/install/skid_steer_msgs/include/skid_steer_msgs/skid_steer_msgs/msg/rosidl_typesupport_fastrtps_c__visibility_control.h
[7.277s] -- Installing: /home/mau/skid_steer_ws/install/skid_steer_msgs/lib/libskid_steer_msgs__rosidl_typesupport_fastrtps_c.so
[7.280s] -- Set runtime path of "/home/mau/skid_steer_ws/install/skid_steer_msgs/lib/libskid_steer_msgs__rosidl_typesupport_fastrtps_c.so" to ""
[7.280s] -- Up-to-date: /home/mau/skid_steer_ws/install/skid_steer_msgs/include/skid_steer_msgs/skid_steer_msgs
[7.280s] -- Up-to-date: /home/mau/skid_steer_ws/install/skid_steer_msgs/include/skid_steer_msgs/skid_steer_msgs/srv
[7.280s] -- Installing: /home/mau/skid_steer_ws/install/skid_steer_msgs/include/skid_steer_msgs/skid_steer_msgs/srv/add_two_ints.hpp
[7.280s] -- Up-to-date: /home/mau/skid_steer_ws/install/skid_steer_msgs/include/skid_steer_msgs/skid_steer_msgs/srv/detail
[7.280s] -- Installing: /home/mau/skid_steer_ws/install/skid_steer_msgs/include/skid_steer_msgs/skid_steer_msgs/srv/detail/get_transform__traits.hpp
[7.280s] -- Installing: /home/mau/skid_steer_ws/install/skid_steer_msgs/include/skid_steer_msgs/skid_steer_msgs/srv/detail/add_two_ints__struct.hpp
[7.281s] -- Installing: /home/mau/skid_steer_ws/install/skid_steer_msgs/include/skid_steer_msgs/skid_steer_msgs/srv/detail/get_transform__struct.hpp
[7.281s] -- Installing: /home/mau/skid_steer_ws/install/skid_steer_msgs/include/skid_steer_msgs/skid_steer_msgs/srv/detail/add_two_ints__traits.hpp
[7.281s] -- Installing: /home/mau/skid_steer_ws/install/skid_steer_msgs/include/skid_steer_msgs/skid_steer_msgs/srv/detail/get_transform__builder.hpp
[7.281s] -- Installing: /home/mau/skid_steer_ws/install/skid_steer_msgs/include/skid_steer_msgs/skid_steer_msgs/srv/detail/get_transform__type_support.hpp
[7.281s] -- Installing: /home/mau/skid_steer_ws/install/skid_steer_msgs/include/skid_steer_msgs/skid_steer_msgs/srv/detail/add_two_ints__type_support.hpp
[7.281s] -- Installing: /home/mau/skid_steer_ws/install/skid_steer_msgs/include/skid_steer_msgs/skid_steer_msgs/srv/detail/add_two_ints__builder.hpp
[7.281s] -- Installing: /home/mau/skid_steer_ws/install/skid_steer_msgs/include/skid_steer_msgs/skid_steer_msgs/srv/get_transform.hpp
[7.281s] -- Up-to-date: /home/mau/skid_steer_ws/install/skid_steer_msgs/include/skid_steer_msgs/skid_steer_msgs/msg
[7.281s] -- Installing: /home/mau/skid_steer_ws/install/skid_steer_msgs/include/skid_steer_msgs/skid_steer_msgs/msg/rosidl_generator_cpp__visibility_control.hpp
[7.281s] -- Up-to-date: /home/mau/skid_steer_ws/install/skid_steer_msgs/include/skid_steer_msgs/skid_steer_msgs
[7.281s] -- Up-to-date: /home/mau/skid_steer_ws/install/skid_steer_msgs/include/skid_steer_msgs/skid_steer_msgs/srv
[7.281s] -- Up-to-date: /home/mau/skid_steer_ws/install/skid_steer_msgs/include/skid_steer_msgs/skid_steer_msgs/srv/detail
[7.282s] -- Installing: /home/mau/skid_steer_ws/install/skid_steer_msgs/include/skid_steer_msgs/skid_steer_msgs/srv/detail/dds_fastrtps
[7.282s] -- Installing: /home/mau/skid_steer_ws/install/skid_steer_msgs/include/skid_steer_msgs/skid_steer_msgs/srv/detail/get_transform__rosidl_typesupport_fastrtps_cpp.hpp
[7.285s] -- Installing: /home/mau/skid_steer_ws/install/skid_steer_msgs/include/skid_steer_msgs/skid_steer_msgs/srv/detail/add_two_ints__rosidl_typesupport_fastrtps_cpp.hpp
[7.285s] -- Up-to-date: /home/mau/skid_steer_ws/install/skid_steer_msgs/include/skid_steer_msgs/skid_steer_msgs/msg
[7.285s] -- Installing: /home/mau/skid_steer_ws/install/skid_steer_msgs/include/skid_steer_msgs/skid_steer_msgs/msg/rosidl_typesupport_fastrtps_cpp__visibility_control.h
[7.285s] -- Installing: /home/mau/skid_steer_ws/install/skid_steer_msgs/lib/libskid_steer_msgs__rosidl_typesupport_fastrtps_cpp.so
[7.285s] -- Set runtime path of "/home/mau/skid_steer_ws/install/skid_steer_msgs/lib/libskid_steer_msgs__rosidl_typesupport_fastrtps_cpp.so" to ""
[7.285s] -- Up-to-date: /home/mau/skid_steer_ws/install/skid_steer_msgs/include/skid_steer_msgs/skid_steer_msgs
[7.285s] -- Up-to-date: /home/mau/skid_steer_ws/install/skid_steer_msgs/include/skid_steer_msgs/skid_steer_msgs/srv
[7.293s] -- Up-to-date: /home/mau/skid_steer_ws/install/skid_steer_msgs/include/skid_steer_msgs/skid_steer_msgs/srv/detail
[7.293s] -- Installing: /home/mau/skid_steer_ws/install/skid_steer_msgs/include/skid_steer_msgs/skid_steer_msgs/srv/detail/get_transform__rosidl_typesupport_introspection_c.h
[7.293s] -- Installing: /home/mau/skid_steer_ws/install/skid_steer_msgs/include/skid_steer_msgs/skid_steer_msgs/srv/detail/add_two_ints__rosidl_typesupport_introspection_c.h
[7.293s] -- Installing: /home/mau/skid_steer_ws/install/skid_steer_msgs/include/skid_steer_msgs/skid_steer_msgs/srv/detail/add_two_ints__type_support.c
[7.294s] -- Installing: /home/mau/skid_steer_ws/install/skid_steer_msgs/include/skid_steer_msgs/skid_steer_msgs/srv/detail/get_transform__type_support.c
[7.294s] -- Up-to-date: /home/mau/skid_steer_ws/install/skid_steer_msgs/include/skid_steer_msgs/skid_steer_msgs/msg
[7.294s] -- Installing: /home/mau/skid_steer_ws/install/skid_steer_msgs/include/skid_steer_msgs/skid_steer_msgs/msg/rosidl_typesupport_introspection_c__visibility_control.h
[7.295s] -- Installing: /home/mau/skid_steer_ws/install/skid_steer_msgs/lib/libskid_steer_msgs__rosidl_typesupport_introspection_c.so
[7.295s] -- Set runtime path of "/home/mau/skid_steer_ws/install/skid_steer_msgs/lib/libskid_steer_msgs__rosidl_typesupport_introspection_c.so" to ""
[7.295s] -- Installing: /home/mau/skid_steer_ws/install/skid_steer_msgs/lib/libskid_steer_msgs__rosidl_typesupport_c.so
[7.296s] -- Set runtime path of "/home/mau/skid_steer_ws/install/skid_steer_msgs/lib/libskid_steer_msgs__rosidl_typesupport_c.so" to ""
[7.296s] -- Up-to-date: /home/mau/skid_steer_ws/install/skid_steer_msgs/include/skid_steer_msgs/skid_steer_msgs
[7.296s] -- Up-to-date: /home/mau/skid_steer_ws/install/skid_steer_msgs/include/skid_steer_msgs/skid_steer_msgs/srv
[7.297s] -- Up-to-date: /home/mau/skid_steer_ws/install/skid_steer_msgs/include/skid_steer_msgs/skid_steer_msgs/srv/detail
[7.297s] -- Installing: /home/mau/skid_steer_ws/install/skid_steer_msgs/include/skid_steer_msgs/skid_steer_msgs/srv/detail/get_transform__rosidl_typesupport_introspection_cpp.hpp
[7.297s] -- Installing: /home/mau/skid_steer_ws/install/skid_steer_msgs/include/skid_steer_msgs/skid_steer_msgs/srv/detail/add_two_ints__type_support.cpp
[7.297s] -- Installing: /home/mau/skid_steer_ws/install/skid_steer_msgs/include/skid_steer_msgs/skid_steer_msgs/srv/detail/get_transform__type_support.cpp
[7.303s] -- Installing: /home/mau/skid_steer_ws/install/skid_steer_msgs/include/skid_steer_msgs/skid_steer_msgs/srv/detail/add_two_ints__rosidl_typesupport_introspection_cpp.hpp
[7.303s] -- Installing: /home/mau/skid_steer_ws/install/skid_steer_msgs/lib/libskid_steer_msgs__rosidl_typesupport_introspection_cpp.so
[7.303s] -- Set runtime path of "/home/mau/skid_steer_ws/install/skid_steer_msgs/lib/libskid_steer_msgs__rosidl_typesupport_introspection_cpp.so" to ""
[7.304s] -- Installing: /home/mau/skid_steer_ws/install/skid_steer_msgs/lib/libskid_steer_msgs__rosidl_typesupport_cpp.so
[7.304s] -- Set runtime path of "/home/mau/skid_steer_ws/install/skid_steer_msgs/lib/libskid_steer_msgs__rosidl_typesupport_cpp.so" to ""
[7.304s] -- Installing: /home/mau/skid_steer_ws/install/skid_steer_msgs/share/skid_steer_msgs/environment/pythonpath.sh
[7.305s] -- Installing: /home/mau/skid_steer_ws/install/skid_steer_msgs/share/skid_steer_msgs/environment/pythonpath.dsv
[7.305s] -- Installing: /home/mau/skid_steer_ws/install/skid_steer_msgs/local/lib/python3.10/dist-packages/skid_steer_msgs-0.0.0-py3.10.egg-info
[7.309s] -- Installing: /home/mau/skid_steer_ws/install/skid_steer_msgs/local/lib/python3.10/dist-packages/skid_steer_msgs-0.0.0-py3.10.egg-info/SOURCES.txt
[7.309s] -- Installing: /home/mau/skid_steer_ws/install/skid_steer_msgs/local/lib/python3.10/dist-packages/skid_steer_msgs-0.0.0-py3.10.egg-info/dependency_links.txt
[7.309s] -- Installing: /home/mau/skid_steer_ws/install/skid_steer_msgs/local/lib/python3.10/dist-packages/skid_steer_msgs-0.0.0-py3.10.egg-info/top_level.txt
[7.309s] -- Installing: /home/mau/skid_steer_ws/install/skid_steer_msgs/local/lib/python3.10/dist-packages/skid_steer_msgs-0.0.0-py3.10.egg-info/PKG-INFO
[7.309s] -- Installing: /home/mau/skid_steer_ws/install/skid_steer_msgs/local/lib/python3.10/dist-packages/skid_steer_msgs
[7.309s] -- Installing: /home/mau/skid_steer_ws/install/skid_steer_msgs/local/lib/python3.10/dist-packages/skid_steer_msgs/skid_steer_msgs_s__rosidl_typesupport_fastrtps_c.cpython-310-x86_64-linux-gnu.so
[7.309s] -- Installing: /home/mau/skid_steer_ws/install/skid_steer_msgs/local/lib/python3.10/dist-packages/skid_steer_msgs/srv
[7.309s] -- Installing: /home/mau/skid_steer_ws/install/skid_steer_msgs/local/lib/python3.10/dist-packages/skid_steer_msgs/srv/_get_transform_s.c
[7.309s] -- Installing: /home/mau/skid_steer_ws/install/skid_steer_msgs/local/lib/python3.10/dist-packages/skid_steer_msgs/srv/_add_two_ints_s.c
[7.310s] -- Installing: /home/mau/skid_steer_ws/install/skid_steer_msgs/local/lib/python3.10/dist-packages/skid_steer_msgs/srv/_get_transform.py
[7.310s] -- Installing: /home/mau/skid_steer_ws/install/skid_steer_msgs/local/lib/python3.10/dist-packages/skid_steer_msgs/srv/__init__.py
[7.310s] -- Installing: /home/mau/skid_steer_ws/install/skid_steer_msgs/local/lib/python3.10/dist-packages/skid_steer_msgs/srv/_add_two_ints.py
[7.310s] -- Installing: /home/mau/skid_steer_ws/install/skid_steer_msgs/local/lib/python3.10/dist-packages/skid_steer_msgs/skid_steer_msgs_s__rosidl_typesupport_c.cpython-310-x86_64-linux-gnu.so
[7.310s] -- Installing: /home/mau/skid_steer_ws/install/skid_steer_msgs/local/lib/python3.10/dist-packages/skid_steer_msgs/__init__.py
[7.310s] -- Installing: /home/mau/skid_steer_ws/install/skid_steer_msgs/local/lib/python3.10/dist-packages/skid_steer_msgs/skid_steer_msgs_s__rosidl_typesupport_introspection_c.cpython-310-x86_64-linux-gnu.so
[7.310s] -- Installing: /home/mau/skid_steer_ws/install/skid_steer_msgs/local/lib/python3.10/dist-packages/skid_steer_msgs/_skid_steer_msgs_s.ep.rosidl_typesupport_fastrtps_c.c
[7.310s] -- Installing: /home/mau/skid_steer_ws/install/skid_steer_msgs/local/lib/python3.10/dist-packages/skid_steer_msgs/libskid_steer_msgs__rosidl_generator_py.so
[7.310s] -- Installing: /home/mau/skid_steer_ws/install/skid_steer_msgs/local/lib/python3.10/dist-packages/skid_steer_msgs/_skid_steer_msgs_s.ep.rosidl_typesupport_c.c
[7.310s] -- Installing: /home/mau/skid_steer_ws/install/skid_steer_msgs/local/lib/python3.10/dist-packages/skid_steer_msgs/_skid_steer_msgs_s.ep.rosidl_typesupport_introspection_c.c
[7.390s] Listing '/home/mau/skid_steer_ws/install/skid_steer_msgs/local/lib/python3.10/dist-packages/skid_steer_msgs'...
[7.390s] Compiling '/home/mau/skid_steer_ws/install/skid_steer_msgs/local/lib/python3.10/dist-packages/skid_steer_msgs/__init__.py'...
[7.391s] Listing '/home/mau/skid_steer_ws/install/skid_steer_msgs/local/lib/python3.10/dist-packages/skid_steer_msgs/srv'...
[7.391s] Compiling '/home/mau/skid_steer_ws/install/skid_steer_msgs/local/lib/python3.10/dist-packages/skid_steer_msgs/srv/__init__.py'...
[7.391s] Compiling '/home/mau/skid_steer_ws/install/skid_steer_msgs/local/lib/python3.10/dist-packages/skid_steer_msgs/srv/_add_two_ints.py'...
[7.391s] Compiling '/home/mau/skid_steer_ws/install/skid_steer_msgs/local/lib/python3.10/dist-packages/skid_steer_msgs/srv/_get_transform.py'...
[7.396s] -- Installing: /home/mau/skid_steer_ws/install/skid_steer_msgs/local/lib/python3.10/dist-packages/skid_steer_msgs/skid_steer_msgs_s__rosidl_typesupport_fastrtps_c.cpython-310-x86_64-linux-gnu.so
[7.397s] -- Set runtime path of "/home/mau/skid_steer_ws/install/skid_steer_msgs/local/lib/python3.10/dist-packages/skid_steer_msgs/skid_steer_msgs_s__rosidl_typesupport_fastrtps_c.cpython-310-x86_64-linux-gnu.so" to ""
[7.397s] -- Installing: /home/mau/skid_steer_ws/install/skid_steer_msgs/local/lib/python3.10/dist-packages/skid_steer_msgs/skid_steer_msgs_s__rosidl_typesupport_introspection_c.cpython-310-x86_64-linux-gnu.so
[7.398s] -- Set runtime path of "/home/mau/skid_steer_ws/install/skid_steer_msgs/local/lib/python3.10/dist-packages/skid_steer_msgs/skid_steer_msgs_s__rosidl_typesupport_introspection_c.cpython-310-x86_64-linux-gnu.so" to ""
[7.398s] -- Installing: /home/mau/skid_steer_ws/install/skid_steer_msgs/local/lib/python3.10/dist-packages/skid_steer_msgs/skid_steer_msgs_s__rosidl_typesupport_c.cpython-310-x86_64-linux-gnu.so
[7.399s] -- Set runtime path of "/home/mau/skid_steer_ws/install/skid_steer_msgs/local/lib/python3.10/dist-packages/skid_steer_msgs/skid_steer_msgs_s__rosidl_typesupport_c.cpython-310-x86_64-linux-gnu.so" to ""
[7.399s] -- Installing: /home/mau/skid_steer_ws/install/skid_steer_msgs/lib/libskid_steer_msgs__rosidl_generator_py.so
[7.400s] -- Set runtime path of "/home/mau/skid_steer_ws/install/skid_steer_msgs/lib/libskid_steer_msgs__rosidl_generator_py.so" to ""
[7.401s] -- Installing: /home/mau/skid_steer_ws/install/skid_steer_msgs/share/skid_steer_msgs/srv/AddTwoInts.idl
[7.401s] -- Installing: /home/mau/skid_steer_ws/install/skid_steer_msgs/share/skid_steer_msgs/srv/GetTransform.idl
[7.401s] -- Installing: /home/mau/skid_steer_ws/install/skid_steer_msgs/share/skid_steer_msgs/srv/AddTwoInts.srv
[7.401s] -- Installing: /home/mau/skid_steer_ws/install/skid_steer_msgs/share/skid_steer_msgs/srv/AddTwoInts_Request.msg
[7.402s] -- Installing: /home/mau/skid_steer_ws/install/skid_steer_msgs/share/skid_steer_msgs/srv/AddTwoInts_Response.msg
[7.402s] -- Installing: /home/mau/skid_steer_ws/install/skid_steer_msgs/share/skid_steer_msgs/srv/GetTransform.srv
[7.403s] -- Installing: /home/mau/skid_steer_ws/install/skid_steer_msgs/share/skid_steer_msgs/srv/GetTransform_Request.msg
[7.403s] -- Installing: /home/mau/skid_steer_ws/install/skid_steer_msgs/share/skid_steer_msgs/srv/GetTransform_Response.msg
[7.403s] -- Installing: /home/mau/skid_steer_ws/install/skid_steer_msgs/share/ament_index/resource_index/package_run_dependencies/skid_steer_msgs
[7.404s] -- Installing: /home/mau/skid_steer_ws/install/skid_steer_msgs/share/ament_index/resource_index/parent_prefix_path/skid_steer_msgs
[7.404s] -- Installing: /home/mau/skid_steer_ws/install/skid_steer_msgs/share/skid_steer_msgs/environment/ament_prefix_path.sh
[7.405s] -- Installing: /home/mau/skid_steer_ws/install/skid_steer_msgs/share/skid_steer_msgs/environment/ament_prefix_path.dsv
[7.405s] -- Installing: /home/mau/skid_steer_ws/install/skid_steer_msgs/share/skid_steer_msgs/environment/path.sh
[7.406s] -- Installing: /home/mau/skid_steer_ws/install/skid_steer_msgs/share/skid_steer_msgs/environment/path.dsv
[7.406s] -- Installing: /home/mau/skid_steer_ws/install/skid_steer_msgs/share/skid_steer_msgs/local_setup.bash
[7.406s] -- Installing: /home/mau/skid_steer_ws/install/skid_steer_msgs/share/skid_steer_msgs/local_setup.sh
[7.407s] -- Installing: /home/mau/skid_steer_ws/install/skid_steer_msgs/share/skid_steer_msgs/local_setup.zsh
[7.407s] -- Installing: /home/mau/skid_steer_ws/install/skid_steer_msgs/share/skid_steer_msgs/local_setup.dsv
[7.407s] -- Installing: /home/mau/skid_steer_ws/install/skid_steer_msgs/share/skid_steer_msgs/package.dsv
[7.408s] -- Installing: /home/mau/skid_steer_ws/install/skid_steer_msgs/share/ament_index/resource_index/packages/skid_steer_msgs
[7.409s] -- Installing: /home/mau/skid_steer_ws/install/skid_steer_msgs/share/skid_steer_msgs/cmake/export_skid_steer_msgs__rosidl_generator_cExport.cmake
[7.409s] -- Installing: /home/mau/skid_steer_ws/install/skid_steer_msgs/share/skid_steer_msgs/cmake/export_skid_steer_msgs__rosidl_generator_cExport-noconfig.cmake
[7.409s] -- Installing: /home/mau/skid_steer_ws/install/skid_steer_msgs/share/skid_steer_msgs/cmake/export_skid_steer_msgs__rosidl_typesupport_fastrtps_cExport.cmake
[7.409s] -- Installing: /home/mau/skid_steer_ws/install/skid_steer_msgs/share/skid_steer_msgs/cmake/export_skid_steer_msgs__rosidl_typesupport_fastrtps_cExport-noconfig.cmake
[7.410s] -- Installing: /home/mau/skid_steer_ws/install/skid_steer_msgs/share/skid_steer_msgs/cmake/export_skid_steer_msgs__rosidl_generator_cppExport.cmake
[7.410s] -- Installing: /home/mau/skid_steer_ws/install/skid_steer_msgs/share/skid_steer_msgs/cmake/export_skid_steer_msgs__rosidl_typesupport_fastrtps_cppExport.cmake
[7.411s] -- Installing: /home/mau/skid_steer_ws/install/skid_steer_msgs/share/skid_steer_msgs/cmake/export_skid_steer_msgs__rosidl_typesupport_fastrtps_cppExport-noconfig.cmake
[7.411s] -- Installing: /home/mau/skid_steer_ws/install/skid_steer_msgs/share/skid_steer_msgs/cmake/skid_steer_msgs__rosidl_typesupport_introspection_cExport.cmake
[7.411s] -- Installing: /home/mau/skid_steer_ws/install/skid_steer_msgs/share/skid_steer_msgs/cmake/skid_steer_msgs__rosidl_typesupport_introspection_cExport-noconfig.cmake
[7.412s] -- Installing: /home/mau/skid_steer_ws/install/skid_steer_msgs/share/skid_steer_msgs/cmake/skid_steer_msgs__rosidl_typesupport_cExport.cmake
[7.412s] -- Installing: /home/mau/skid_steer_ws/install/skid_steer_msgs/share/skid_steer_msgs/cmake/skid_steer_msgs__rosidl_typesupport_cExport-noconfig.cmake
[7.413s] -- Installing: /home/mau/skid_steer_ws/install/skid_steer_msgs/share/skid_steer_msgs/cmake/skid_steer_msgs__rosidl_typesupport_introspection_cppExport.cmake
[7.413s] -- Installing: /home/mau/skid_steer_ws/install/skid_steer_msgs/share/skid_steer_msgs/cmake/skid_steer_msgs__rosidl_typesupport_introspection_cppExport-noconfig.cmake
[7.413s] -- Installing: /home/mau/skid_steer_ws/install/skid_steer_msgs/share/skid_steer_msgs/cmake/skid_steer_msgs__rosidl_typesupport_cppExport.cmake
[7.414s] -- Installing: /home/mau/skid_steer_ws/install/skid_steer_msgs/share/skid_steer_msgs/cmake/skid_steer_msgs__rosidl_typesupport_cppExport-noconfig.cmake
[7.414s] -- Installing: /home/mau/skid_steer_ws/install/skid_steer_msgs/share/skid_steer_msgs/cmake/export_skid_steer_msgs__rosidl_generator_pyExport.cmake
[7.415s] -- Installing: /home/mau/skid_steer_ws/install/skid_steer_msgs/share/skid_steer_msgs/cmake/export_skid_steer_msgs__rosidl_generator_pyExport-noconfig.cmake
[7.415s] -- Installing: /home/mau/skid_steer_ws/install/skid_steer_msgs/share/skid_steer_msgs/cmake/rosidl_cmake-extras.cmake
[7.415s] -- Installing: /home/mau/skid_steer_ws/install/skid_steer_msgs/share/skid_steer_msgs/cmake/ament_cmake_export_dependencies-extras.cmake
[7.416s] -- Installing: /home/mau/skid_steer_ws/install/skid_steer_msgs/share/skid_steer_msgs/cmake/ament_cmake_export_include_directories-extras.cmake
[7.416s] -- Installing: /home/mau/skid_steer_ws/install/skid_steer_msgs/share/skid_steer_msgs/cmake/ament_cmake_export_libraries-extras.cmake
[7.416s] -- Installing: /home/mau/skid_steer_ws/install/skid_steer_msgs/share/skid_steer_msgs/cmake/ament_cmake_export_targets-extras.cmake
[7.417s] -- Installing: /home/mau/skid_steer_ws/install/skid_steer_msgs/share/skid_steer_msgs/cmake/rosidl_cmake_export_typesupport_targets-extras.cmake
[7.417s] -- Installing: /home/mau/skid_steer_ws/install/skid_steer_msgs/share/skid_steer_msgs/cmake/rosidl_cmake_export_typesupport_libraries-extras.cmake
[7.418s] -- Installing: /home/mau/skid_steer_ws/install/skid_steer_msgs/share/skid_steer_msgs/cmake/skid_steer_msgsConfig.cmake
[7.418s] -- Installing: /home/mau/skid_steer_ws/install/skid_steer_msgs/share/skid_steer_msgs/cmake/skid_steer_msgsConfig-version.cmake
[7.418s] -- Installing: /home/mau/skid_steer_ws/install/skid_steer_msgs/share/skid_steer_msgs/package.xml
[7.428s] Invoked command in '/home/mau/skid_steer_ws/build/skid_steer_msgs' returned '0': CMAKE_PREFIX_PATH=${CMAKE_PREFIX_PATH}:/home/mau/bumperbot_ws/install/bumperbot_py_examples:/home/mau/ros2_ws/install/my_py_pkg:/home/mau/skid_steer_ws/install/skid_steer_py_examples:/home/mau/skid_steer_ws/install/imu_driver:/opt/ros/humble /usr/bin/cmake --install /home/mau/skid_steer_ws/build/skid_steer_msgs
