[0.323s] Invoking command in '/home/mau/skid_steer_ws/build/skid_steer_motion': CMAKE_PREFIX_PATH=${CMAKE_PREFIX_PATH}:/home/mau/bumperbot_ws/install/bumperbot_py_examples:/home/mau/ros2_ws/install/my_py_pkg:/home/mau/skid_steer_ws/install/skid_steer_py_examples:/home/mau/skid_steer_ws/install/imu_driver:/opt/ros/humble /usr/bin/cmake --build /home/mau/skid_steer_ws/build/skid_steer_motion -- -j12 -l12
[0.440s] [ 25%] Built target pi_motion_planner
[0.463s] [ 50%] Built target pd_motion_planner
[0.471s] [ 75%] Built target pure_pursuit
[0.471s] [100%] Built target pid_motion_planner
[0.490s] [100%] Built target ament_cmake_python_copy_skid_steer_motion
[0.762s] running egg_info
[0.763s] writing skid_steer_motion.egg-info/PKG-INFO
[0.763s] writing dependency_links to skid_steer_motion.egg-info/dependency_links.txt
[0.763s] writing top-level names to skid_steer_motion.egg-info/top_level.txt
[0.765s] reading manifest file 'skid_steer_motion.egg-info/SOURCES.txt'
[0.767s] writing manifest file 'skid_steer_motion.egg-info/SOURCES.txt'
[0.799s] [100%] Built target ament_cmake_python_build_skid_steer_motion_egg
[1.063s] Invoked command in '/home/mau/skid_steer_ws/build/skid_steer_motion' returned '0': CMAKE_PREFIX_PATH=${CMAKE_PREFIX_PATH}:/home/mau/bumperbot_ws/install/bumperbot_py_examples:/home/mau/ros2_ws/install/my_py_pkg:/home/mau/skid_steer_ws/install/skid_steer_py_examples:/home/mau/skid_steer_ws/install/imu_driver:/opt/ros/humble /usr/bin/cmake --build /home/mau/skid_steer_ws/build/skid_steer_motion -- -j12 -l12
[1.064s] Invoking command in '/home/mau/skid_steer_ws/build/skid_steer_motion': CMAKE_PREFIX_PATH=${CMAKE_PREFIX_PATH}:/home/mau/bumperbot_ws/install/bumperbot_py_examples:/home/mau/ros2_ws/install/my_py_pkg:/home/mau/skid_steer_ws/install/skid_steer_py_examples:/home/mau/skid_steer_ws/install/imu_driver:/opt/ros/humble /usr/bin/cmake --install /home/mau/skid_steer_ws/build/skid_steer_motion
[1.079s] -- Install configuration: ""
[1.082s] -- Up-to-date: /home/mau/skid_steer_ws/install/skid_steer_motion/share/skid_steer_motion/environment/pythonpath.sh
[1.083s] -- Up-to-date: /home/mau/skid_steer_ws/install/skid_steer_motion/share/skid_steer_motion/environment/pythonpath.dsv
[1.083s] -- Up-to-date: /home/mau/skid_steer_ws/install/skid_steer_motion/local/lib/python3.10/dist-packages/skid_steer_motion-0.0.0-py3.10.egg-info
[1.083s] -- Installing: /home/mau/skid_steer_ws/install/skid_steer_motion/local/lib/python3.10/dist-packages/skid_steer_motion-0.0.0-py3.10.egg-info/SOURCES.txt
[1.083s] -- Installing: /home/mau/skid_steer_ws/install/skid_steer_motion/local/lib/python3.10/dist-packages/skid_steer_motion-0.0.0-py3.10.egg-info/dependency_links.txt
[1.083s] -- Installing: /home/mau/skid_steer_ws/install/skid_steer_motion/local/lib/python3.10/dist-packages/skid_steer_motion-0.0.0-py3.10.egg-info/top_level.txt
[1.083s] -- Installing: /home/mau/skid_steer_ws/install/skid_steer_motion/local/lib/python3.10/dist-packages/skid_steer_motion-0.0.0-py3.10.egg-info/PKG-INFO
[1.083s] -- Up-to-date: /home/mau/skid_steer_ws/install/skid_steer_motion/local/lib/python3.10/dist-packages/skid_steer_motion
[1.083s] -- Up-to-date: /home/mau/skid_steer_ws/install/skid_steer_motion/local/lib/python3.10/dist-packages/skid_steer_motion/__init__.py
[1.083s] -- Up-to-date: /home/mau/skid_steer_ws/install/skid_steer_motion/local/lib/python3.10/dist-packages/skid_steer_motion/pd_motion_planner.py
[1.083s] -- Installing: /home/mau/skid_steer_ws/install/skid_steer_motion/local/lib/python3.10/dist-packages/skid_steer_motion/pure_pursuit.py
[1.110s] Listing '/home/mau/skid_steer_ws/install/skid_steer_motion/local/lib/python3.10/dist-packages/skid_steer_motion'...
[1.110s] Compiling '/home/mau/skid_steer_ws/install/skid_steer_motion/local/lib/python3.10/dist-packages/skid_steer_motion/pure_pursuit.py'...
[1.116s] -- Up-to-date: /home/mau/skid_steer_ws/install/skid_steer_motion/lib/skid_steer_motion/pd_motion_planner.py
[1.116s] -- Installing: /home/mau/skid_steer_ws/install/skid_steer_motion/lib/skid_steer_motion/pure_pursuit.py
[1.116s] -- Up-to-date: /home/mau/skid_steer_ws/install/skid_steer_motion/include/include
[1.116s] -- Up-to-date: /home/mau/skid_steer_ws/install/skid_steer_motion/include/include/skid_steer_motion
[1.117s] -- Up-to-date: /home/mau/skid_steer_ws/install/skid_steer_motion/include/include/skid_steer_motion/pd_motion_planner.hpp
[1.117s] -- Up-to-date: /home/mau/skid_steer_ws/install/skid_steer_motion/include/include/skid_steer_motion/pid_motion_planner.hpp
[1.117s] -- Up-to-date: /home/mau/skid_steer_ws/install/skid_steer_motion/include/include/skid_steer_motion/pi_motion_planner.hpp
[1.117s] -- Up-to-date: /home/mau/skid_steer_ws/install/skid_steer_motion/include/include/skid_steer_motion/pure_pursuit.hpp
[1.118s] -- Up-to-date: /home/mau/skid_steer_ws/install/skid_steer_motion/lib/skid_steer_motion/pd_motion_planner
[1.118s] -- Up-to-date: /home/mau/skid_steer_ws/install/skid_steer_motion/lib/skid_steer_motion/pid_motion_planner
[1.118s] -- Up-to-date: /home/mau/skid_steer_ws/install/skid_steer_motion/lib/skid_steer_motion/pi_motion_planner
[1.118s] -- Up-to-date: /home/mau/skid_steer_ws/install/skid_steer_motion/lib/skid_steer_motion/pure_pursuit
[1.118s] -- Up-to-date: /home/mau/skid_steer_ws/install/skid_steer_motion/share/ament_index/resource_index/package_run_dependencies/skid_steer_motion
[1.118s] -- Up-to-date: /home/mau/skid_steer_ws/install/skid_steer_motion/share/ament_index/resource_index/parent_prefix_path/skid_steer_motion
[1.118s] -- Up-to-date: /home/mau/skid_steer_ws/install/skid_steer_motion/share/skid_steer_motion/environment/ament_prefix_path.sh
[1.120s] -- Up-to-date: /home/mau/skid_steer_ws/install/skid_steer_motion/share/skid_steer_motion/environment/ament_prefix_path.dsv
[1.120s] -- Up-to-date: /home/mau/skid_steer_ws/install/skid_steer_motion/share/skid_steer_motion/environment/path.sh
[1.120s] -- Up-to-date: /home/mau/skid_steer_ws/install/skid_steer_motion/share/skid_steer_motion/environment/path.dsv
[1.120s] -- Up-to-date: /home/mau/skid_steer_ws/install/skid_steer_motion/share/skid_steer_motion/local_setup.bash
[1.120s] -- Up-to-date: /home/mau/skid_steer_ws/install/skid_steer_motion/share/skid_steer_motion/local_setup.sh
[1.120s] -- Up-to-date: /home/mau/skid_steer_ws/install/skid_steer_motion/share/skid_steer_motion/local_setup.zsh
[1.120s] -- Up-to-date: /home/mau/skid_steer_ws/install/skid_steer_motion/share/skid_steer_motion/local_setup.dsv
[1.120s] -- Installing: /home/mau/skid_steer_ws/install/skid_steer_motion/share/skid_steer_motion/package.dsv
[1.120s] -- Up-to-date: /home/mau/skid_steer_ws/install/skid_steer_motion/share/ament_index/resource_index/packages/skid_steer_motion
[1.121s] -- Up-to-date: /home/mau/skid_steer_ws/install/skid_steer_motion/share/skid_steer_motion/cmake/ament_cmake_export_include_directories-extras.cmake
[1.121s] -- Up-to-date: /home/mau/skid_steer_ws/install/skid_steer_motion/share/skid_steer_motion/cmake/ament_cmake_export_dependencies-extras.cmake
[1.121s] -- Up-to-date: /home/mau/skid_steer_ws/install/skid_steer_motion/share/skid_steer_motion/cmake/skid_steer_motionConfig.cmake
[1.121s] -- Up-to-date: /home/mau/skid_steer_ws/install/skid_steer_motion/share/skid_steer_motion/cmake/skid_steer_motionConfig-version.cmake
[1.121s] -- Up-to-date: /home/mau/skid_steer_ws/install/skid_steer_motion/share/skid_steer_motion/package.xml
[1.143s] Invoked command in '/home/mau/skid_steer_ws/build/skid_steer_motion' returned '0': CMAKE_PREFIX_PATH=${CMAKE_PREFIX_PATH}:/home/mau/bumperbot_ws/install/bumperbot_py_examples:/home/mau/ros2_ws/install/my_py_pkg:/home/mau/skid_steer_ws/install/skid_steer_py_examples:/home/mau/skid_steer_ws/install/imu_driver:/opt/ros/humble /usr/bin/cmake --install /home/mau/skid_steer_ws/build/skid_steer_motion
