[0.382s] Invoking command in '/home/mau/skid_steer_ws/build/skid_steer_controller': CMAKE_PREFIX_PATH=${CMAKE_PREFIX_PATH}:/home/mau/bumperbot_ws/install/bumperbot_py_examples:/home/mau/ros2_ws/install/my_py_pkg:/home/mau/skid_steer_ws/install/skid_steer_py_examples:/home/mau/skid_steer_ws/install/imu_driver:/opt/ros/humble /usr/bin/cmake --build /home/mau/skid_steer_ws/build/skid_steer_controller -- -j12 -l12
[0.596s] [  0%] Built target ament_cmake_python_copy_skid_steer_controller
[0.603s] [ 25%] [32mBuilding CXX object CMakeFiles/simple_controller.dir/src/simple_controller.cpp.o[0m
[0.611s] [ 50%] [32mBuilding CXX object CMakeFiles/noisy_controller.dir/src/noisy_controller.cpp.o[0m
[1.573s] running egg_info
[1.573s] writing skid_steer_controller.egg-info/PKG-INFO
[1.585s] writing dependency_links to skid_steer_controller.egg-info/dependency_links.txt
[1.585s] writing top-level names to skid_steer_controller.egg-info/top_level.txt
[1.587s] reading manifest file 'skid_steer_controller.egg-info/SOURCES.txt'
[1.588s] writing manifest file 'skid_steer_controller.egg-info/SOURCES.txt'
[1.679s] [ 50%] Built target ament_cmake_python_build_skid_steer_controller_egg
[28.034s] [ 75%] [32m[1mLinking CXX executable noisy_controller[0m
[28.912s] [ 75%] Built target noisy_controller
[31.594s] [100%] [32m[1mLinking CXX executable simple_controller[0m
[32.099s] [100%] Built target simple_controller
[32.115s] Invoked command in '/home/mau/skid_steer_ws/build/skid_steer_controller' returned '0': CMAKE_PREFIX_PATH=${CMAKE_PREFIX_PATH}:/home/mau/bumperbot_ws/install/bumperbot_py_examples:/home/mau/ros2_ws/install/my_py_pkg:/home/mau/skid_steer_ws/install/skid_steer_py_examples:/home/mau/skid_steer_ws/install/imu_driver:/opt/ros/humble /usr/bin/cmake --build /home/mau/skid_steer_ws/build/skid_steer_controller -- -j12 -l12
[32.118s] Invoking command in '/home/mau/skid_steer_ws/build/skid_steer_controller': CMAKE_PREFIX_PATH=${CMAKE_PREFIX_PATH}:/home/mau/bumperbot_ws/install/bumperbot_py_examples:/home/mau/ros2_ws/install/my_py_pkg:/home/mau/skid_steer_ws/install/skid_steer_py_examples:/home/mau/skid_steer_ws/install/imu_driver:/opt/ros/humble /usr/bin/cmake --install /home/mau/skid_steer_ws/build/skid_steer_controller
[32.128s] -- Install configuration: ""
[32.128s] -- Up-to-date: /home/mau/skid_steer_ws/install/skid_steer_controller/share/skid_steer_controller/environment/pythonpath.sh
[32.129s] -- Up-to-date: /home/mau/skid_steer_ws/install/skid_steer_controller/share/skid_steer_controller/environment/pythonpath.dsv
[32.129s] -- Up-to-date: /home/mau/skid_steer_ws/install/skid_steer_controller/local/lib/python3.10/dist-packages/skid_steer_controller-0.0.0-py3.10.egg-info
[32.129s] -- Installing: /home/mau/skid_steer_ws/install/skid_steer_controller/local/lib/python3.10/dist-packages/skid_steer_controller-0.0.0-py3.10.egg-info/SOURCES.txt
[32.129s] -- Installing: /home/mau/skid_steer_ws/install/skid_steer_controller/local/lib/python3.10/dist-packages/skid_steer_controller-0.0.0-py3.10.egg-info/dependency_links.txt
[32.129s] -- Installing: /home/mau/skid_steer_ws/install/skid_steer_controller/local/lib/python3.10/dist-packages/skid_steer_controller-0.0.0-py3.10.egg-info/top_level.txt
[32.129s] -- Installing: /home/mau/skid_steer_ws/install/skid_steer_controller/local/lib/python3.10/dist-packages/skid_steer_controller-0.0.0-py3.10.egg-info/PKG-INFO
[32.129s] -- Up-to-date: /home/mau/skid_steer_ws/install/skid_steer_controller/local/lib/python3.10/dist-packages/skid_steer_controller
[32.130s] -- Up-to-date: /home/mau/skid_steer_ws/install/skid_steer_controller/local/lib/python3.10/dist-packages/skid_steer_controller/simple_controller.py
[32.130s] -- Up-to-date: /home/mau/skid_steer_ws/install/skid_steer_controller/local/lib/python3.10/dist-packages/skid_steer_controller/__init__.py
[32.130s] -- Up-to-date: /home/mau/skid_steer_ws/install/skid_steer_controller/local/lib/python3.10/dist-packages/skid_steer_controller/noisy_controller.py
[32.169s] Listing '/home/mau/skid_steer_ws/install/skid_steer_controller/local/lib/python3.10/dist-packages/skid_steer_controller'...
[32.172s] -- Up-to-date: /home/mau/skid_steer_ws/install/skid_steer_controller/include/include
[32.172s] -- Up-to-date: /home/mau/skid_steer_ws/install/skid_steer_controller/include/include/skid_steer_controller
[32.172s] -- Up-to-date: /home/mau/skid_steer_ws/install/skid_steer_controller/include/include/skid_steer_controller/simple_controller.hpp
[32.172s] -- Up-to-date: /home/mau/skid_steer_ws/install/skid_steer_controller/include/include/skid_steer_controller/noisy_controller.hpp
[32.173s] -- Installing: /home/mau/skid_steer_ws/install/skid_steer_controller/lib/skid_steer_controller/simple_controller
[32.182s] -- Set runtime path of "/home/mau/skid_steer_ws/install/skid_steer_controller/lib/skid_steer_controller/simple_controller" to ""
[32.182s] -- Installing: /home/mau/skid_steer_ws/install/skid_steer_controller/lib/skid_steer_controller/noisy_controller
[32.189s] -- Set runtime path of "/home/mau/skid_steer_ws/install/skid_steer_controller/lib/skid_steer_controller/noisy_controller" to ""
[32.189s] -- Up-to-date: /home/mau/skid_steer_ws/install/skid_steer_controller/share/skid_steer_controller/config
[32.189s] -- Up-to-date: /home/mau/skid_steer_ws/install/skid_steer_controller/share/skid_steer_controller/config/skid_steer_controllers.yaml
[32.189s] -- Up-to-date: /home/mau/skid_steer_ws/install/skid_steer_controller/share/skid_steer_controller/config/twist_mux.yaml
[32.189s] -- Up-to-date: /home/mau/skid_steer_ws/install/skid_steer_controller/share/skid_steer_controller/launch
[32.189s] -- Up-to-date: /home/mau/skid_steer_ws/install/skid_steer_controller/share/skid_steer_controller/launch/controller_V1.launch.py
[32.189s] -- Up-to-date: /home/mau/skid_steer_ws/install/skid_steer_controller/share/skid_steer_controller/launch/controller.launch.py
[32.189s] -- Up-to-date: /home/mau/skid_steer_ws/install/skid_steer_controller/lib/skid_steer_controller/simple_controller.py
[32.190s] -- Up-to-date: /home/mau/skid_steer_ws/install/skid_steer_controller/lib/skid_steer_controller/noisy_controller.py
[32.190s] -- Up-to-date: /home/mau/skid_steer_ws/install/skid_steer_controller/share/ament_index/resource_index/package_run_dependencies/skid_steer_controller
[32.190s] -- Up-to-date: /home/mau/skid_steer_ws/install/skid_steer_controller/share/ament_index/resource_index/parent_prefix_path/skid_steer_controller
[32.190s] -- Up-to-date: /home/mau/skid_steer_ws/install/skid_steer_controller/share/skid_steer_controller/environment/ament_prefix_path.sh
[32.190s] -- Up-to-date: /home/mau/skid_steer_ws/install/skid_steer_controller/share/skid_steer_controller/environment/ament_prefix_path.dsv
[32.190s] -- Up-to-date: /home/mau/skid_steer_ws/install/skid_steer_controller/share/skid_steer_controller/environment/path.sh
[32.190s] -- Up-to-date: /home/mau/skid_steer_ws/install/skid_steer_controller/share/skid_steer_controller/environment/path.dsv
[32.190s] -- Up-to-date: /home/mau/skid_steer_ws/install/skid_steer_controller/share/skid_steer_controller/local_setup.bash
[32.190s] -- Up-to-date: /home/mau/skid_steer_ws/install/skid_steer_controller/share/skid_steer_controller/local_setup.sh
[32.190s] -- Up-to-date: /home/mau/skid_steer_ws/install/skid_steer_controller/share/skid_steer_controller/local_setup.zsh
[32.190s] -- Up-to-date: /home/mau/skid_steer_ws/install/skid_steer_controller/share/skid_steer_controller/local_setup.dsv
[32.191s] -- Installing: /home/mau/skid_steer_ws/install/skid_steer_controller/share/skid_steer_controller/package.dsv
[32.191s] -- Up-to-date: /home/mau/skid_steer_ws/install/skid_steer_controller/share/ament_index/resource_index/packages/skid_steer_controller
[32.191s] -- Up-to-date: /home/mau/skid_steer_ws/install/skid_steer_controller/share/skid_steer_controller/cmake/skid_steer_controllerConfig.cmake
[32.191s] -- Up-to-date: /home/mau/skid_steer_ws/install/skid_steer_controller/share/skid_steer_controller/cmake/skid_steer_controllerConfig-version.cmake
[32.191s] -- Up-to-date: /home/mau/skid_steer_ws/install/skid_steer_controller/share/skid_steer_controller/package.xml
[32.193s] Invoked command in '/home/mau/skid_steer_ws/build/skid_steer_controller' returned '0': CMAKE_PREFIX_PATH=${CMAKE_PREFIX_PATH}:/home/mau/bumperbot_ws/install/bumperbot_py_examples:/home/mau/ros2_ws/install/my_py_pkg:/home/mau/skid_steer_ws/install/skid_steer_py_examples:/home/mau/skid_steer_ws/install/imu_driver:/opt/ros/humble /usr/bin/cmake --install /home/mau/skid_steer_ws/build/skid_steer_controller
