[0.280s] Invoking command in '/home/mau/skid_steer_ws/build/skid_steer_localization': CMAKE_PREFIX_PATH=${CMAKE_PREFIX_PATH}:/home/mau/bumperbot_ws/install/bumperbot_py_examples:/home/mau/ros2_ws/install/my_py_pkg:/home/mau/skid_steer_ws/install/skid_steer_py_examples:/home/mau/skid_steer_ws/install/imu_driver:/opt/ros/humble /usr/bin/cmake /home/mau/skid_steer_ws/src/skid_steer_localization -DCMAKE_INSTALL_PREFIX=/home/mau/skid_steer_ws/install/skid_steer_localization
[0.355s] -- The C compiler identification is GNU 11.4.0
[0.428s] -- The CXX compiler identification is GNU 11.4.0
[0.438s] -- Detecting C compiler ABI info
[0.532s] -- Detecting C compiler ABI info - done
[0.544s] -- Check for working C compiler: /usr/bin/cc - skipped
[0.544s] -- Detecting C compile features
[0.544s] -- Detecting C compile features - done
[0.546s] -- Detecting CXX compiler ABI info
[0.653s] -- Detecting CXX compiler ABI info - done
[0.665s] -- Check for working CXX compiler: /usr/bin/c++ - skipped
[0.665s] -- Detecting CXX compile features
[0.666s] -- Detecting CXX compile features - done
[0.673s] -- Found ament_cmake: 1.3.12 (/opt/ros/humble/share/ament_cmake/cmake)
[0.901s] -- Found Python3: /usr/bin/python3 (found version "3.10.12") found components: Interpreter 
[1.076s] -- Found rclpy: 3.3.17 (/opt/ros/humble/share/rclpy/cmake)
[1.080s] -- Found nav_msgs: 4.9.0 (/opt/ros/humble/share/nav_msgs/cmake)
[1.161s] -- Found rosidl_generator_c: 3.1.7 (/opt/ros/humble/share/rosidl_generator_c/cmake)
[1.176s] -- Found rosidl_adapter: 3.1.7 (/opt/ros/humble/share/rosidl_adapter/cmake)
[1.195s] -- Found rosidl_generator_cpp: 3.1.7 (/opt/ros/humble/share/rosidl_generator_cpp/cmake)
[1.224s] -- Using all available rosidl_typesupport_c: rosidl_typesupport_fastrtps_c;rosidl_typesupport_introspection_c
[1.254s] -- Using all available rosidl_typesupport_cpp: rosidl_typesupport_fastrtps_cpp;rosidl_typesupport_introspection_cpp
[1.331s] -- Found sensor_msgs: 4.9.0 (/opt/ros/humble/share/sensor_msgs/cmake)
[1.349s] -- Found rclcpp: 16.0.14 (/opt/ros/humble/share/rclcpp/cmake)
[1.413s] -- Found rmw_implementation_cmake: 6.1.2 (/opt/ros/humble/share/rmw_implementation_cmake/cmake)
[1.419s] -- Found rmw_cyclonedds_cpp: 1.3.4 (/opt/ros/humble/share/rmw_cyclonedds_cpp/cmake)
[1.465s] -- Using RMW implementation 'rmw_cyclonedds_cpp' as default
[1.485s] -- Looking for pthread.h
[1.569s] -- Looking for pthread.h - found
[1.570s] -- Performing Test CMAKE_HAVE_LIBC_PTHREAD
[1.648s] -- Performing Test CMAKE_HAVE_LIBC_PTHREAD - Success
[1.649s] -- Found Threads: TRUE  
[1.817s] -- Found ament_lint_auto: 0.12.14 (/opt/ros/humble/share/ament_lint_auto/cmake)
[1.946s] -- Added test 'cppcheck' to perform static code analysis on C / C++ code
[1.946s] -- Configured cppcheck include dirs: /home/mau/skid_steer_ws/src/skid_steer_localization/include
[1.947s] -- Configured cppcheck exclude dirs and/or files: 
[1.948s] -- Added test 'flake8' to check Python code syntax and style conventions
[1.949s] -- Added test 'lint_cmake' to check CMake code style
[1.950s] -- Added test 'pep257' to check Python code against some of the docstring style conventions in PEP 257
[1.952s] -- Added test 'uncrustify' to check C / C++ code style
[1.952s] -- Configured uncrustify additional arguments: 
[1.953s] -- Added test 'xmllint' to check XML markup files
[1.955s] -- Configuring done
[1.970s] -- Generating done
[1.976s] -- Build files have been written to: /home/mau/skid_steer_ws/build/skid_steer_localization
[1.983s] Invoked command in '/home/mau/skid_steer_ws/build/skid_steer_localization' returned '0': CMAKE_PREFIX_PATH=${CMAKE_PREFIX_PATH}:/home/mau/bumperbot_ws/install/bumperbot_py_examples:/home/mau/ros2_ws/install/my_py_pkg:/home/mau/skid_steer_ws/install/skid_steer_py_examples:/home/mau/skid_steer_ws/install/imu_driver:/opt/ros/humble /usr/bin/cmake /home/mau/skid_steer_ws/src/skid_steer_localization -DCMAKE_INSTALL_PREFIX=/home/mau/skid_steer_ws/install/skid_steer_localization
[1.985s] Invoking command in '/home/mau/skid_steer_ws/build/skid_steer_localization': CMAKE_PREFIX_PATH=${CMAKE_PREFIX_PATH}:/home/mau/bumperbot_ws/install/bumperbot_py_examples:/home/mau/ros2_ws/install/my_py_pkg:/home/mau/skid_steer_ws/install/skid_steer_py_examples:/home/mau/skid_steer_ws/install/imu_driver:/opt/ros/humble /usr/bin/cmake --build /home/mau/skid_steer_ws/build/skid_steer_localization -- -j12 -l12
[2.051s] [ 25%] [32mBuilding CXX object CMakeFiles/kalman_filter.dir/src/kalman_filter.cpp.o[0m
[2.052s] [ 50%] [32mBuilding CXX object CMakeFiles/imu_republisher.dir/src/imu_republisher.cpp.o[0m
[2.057s] [ 50%] Built target ament_cmake_python_copy_skid_steer_localization
[2.387s] running egg_info
[2.387s] creating skid_steer_localization.egg-info
[2.388s] writing skid_steer_localization.egg-info/PKG-INFO
[2.388s] writing dependency_links to skid_steer_localization.egg-info/dependency_links.txt
[2.388s] writing top-level names to skid_steer_localization.egg-info/top_level.txt
[2.389s] writing manifest file 'skid_steer_localization.egg-info/SOURCES.txt'
[2.392s] reading manifest file 'skid_steer_localization.egg-info/SOURCES.txt'
[2.395s] writing manifest file 'skid_steer_localization.egg-info/SOURCES.txt'
[2.432s] [ 50%] Built target ament_cmake_python_build_skid_steer_localization_egg
[13.379s] [ 75%] [32m[1mLinking CXX executable imu_republisher[0m
[14.150s] [ 75%] Built target imu_republisher
[17.292s] [100%] [32m[1mLinking CXX executable kalman_filter[0m
[18.111s] [100%] Built target kalman_filter
[18.129s] Invoked command in '/home/mau/skid_steer_ws/build/skid_steer_localization' returned '0': CMAKE_PREFIX_PATH=${CMAKE_PREFIX_PATH}:/home/mau/bumperbot_ws/install/bumperbot_py_examples:/home/mau/ros2_ws/install/my_py_pkg:/home/mau/skid_steer_ws/install/skid_steer_py_examples:/home/mau/skid_steer_ws/install/imu_driver:/opt/ros/humble /usr/bin/cmake --build /home/mau/skid_steer_ws/build/skid_steer_localization -- -j12 -l12
[18.135s] Invoking command in '/home/mau/skid_steer_ws/build/skid_steer_localization': CMAKE_PREFIX_PATH=${CMAKE_PREFIX_PATH}:/home/mau/bumperbot_ws/install/bumperbot_py_examples:/home/mau/ros2_ws/install/my_py_pkg:/home/mau/skid_steer_ws/install/skid_steer_py_examples:/home/mau/skid_steer_ws/install/imu_driver:/opt/ros/humble /usr/bin/cmake --install /home/mau/skid_steer_ws/build/skid_steer_localization
[18.145s] -- Install configuration: ""
[18.146s] -- Installing: /home/mau/skid_steer_ws/install/skid_steer_localization/share/skid_steer_localization/environment/pythonpath.sh
[18.146s] -- Installing: /home/mau/skid_steer_ws/install/skid_steer_localization/share/skid_steer_localization/environment/pythonpath.dsv
[18.146s] -- Installing: /home/mau/skid_steer_ws/install/skid_steer_localization/local/lib/python3.10/dist-packages/skid_steer_localization-0.0.0-py3.10.egg-info
[18.147s] -- Installing: /home/mau/skid_steer_ws/install/skid_steer_localization/local/lib/python3.10/dist-packages/skid_steer_localization-0.0.0-py3.10.egg-info/SOURCES.txt
[18.147s] -- Installing: /home/mau/skid_steer_ws/install/skid_steer_localization/local/lib/python3.10/dist-packages/skid_steer_localization-0.0.0-py3.10.egg-info/dependency_links.txt
[18.149s] -- Installing: /home/mau/skid_steer_ws/install/skid_steer_localization/local/lib/python3.10/dist-packages/skid_steer_localization-0.0.0-py3.10.egg-info/top_level.txt
[18.149s] -- Installing: /home/mau/skid_steer_ws/install/skid_steer_localization/local/lib/python3.10/dist-packages/skid_steer_localization-0.0.0-py3.10.egg-info/PKG-INFO
[18.149s] -- Installing: /home/mau/skid_steer_ws/install/skid_steer_localization/local/lib/python3.10/dist-packages/skid_steer_localization
[18.149s] -- Installing: /home/mau/skid_steer_ws/install/skid_steer_localization/local/lib/python3.10/dist-packages/skid_steer_localization/__init__.py
[18.149s] -- Installing: /home/mau/skid_steer_ws/install/skid_steer_localization/local/lib/python3.10/dist-packages/skid_steer_localization/imu_republisher.py
[18.149s] -- Installing: /home/mau/skid_steer_ws/install/skid_steer_localization/local/lib/python3.10/dist-packages/skid_steer_localization/kalman_filter.py
[18.200s] Listing '/home/mau/skid_steer_ws/install/skid_steer_localization/local/lib/python3.10/dist-packages/skid_steer_localization'...
[18.201s] Compiling '/home/mau/skid_steer_ws/install/skid_steer_localization/local/lib/python3.10/dist-packages/skid_steer_localization/__init__.py'...
[18.201s] Compiling '/home/mau/skid_steer_ws/install/skid_steer_localization/local/lib/python3.10/dist-packages/skid_steer_localization/imu_republisher.py'...
[18.201s] Compiling '/home/mau/skid_steer_ws/install/skid_steer_localization/local/lib/python3.10/dist-packages/skid_steer_localization/kalman_filter.py'...
[18.207s] -- Installing: /home/mau/skid_steer_ws/install/skid_steer_localization/lib/skid_steer_localization/kalman_filter.py
[18.207s] -- Installing: /home/mau/skid_steer_ws/install/skid_steer_localization/lib/skid_steer_localization/imu_republisher.py
[18.208s] -- Installing: /home/mau/skid_steer_ws/install/skid_steer_localization/lib/skid_steer_localization/kalman_filter
[18.215s] -- Set runtime path of "/home/mau/skid_steer_ws/install/skid_steer_localization/lib/skid_steer_localization/kalman_filter" to ""
[18.215s] -- Installing: /home/mau/skid_steer_ws/install/skid_steer_localization/lib/skid_steer_localization/imu_republisher
[18.221s] -- Set runtime path of "/home/mau/skid_steer_ws/install/skid_steer_localization/lib/skid_steer_localization/imu_republisher" to ""
[18.221s] -- Installing: /home/mau/skid_steer_ws/install/skid_steer_localization/include/include
[18.221s] -- Installing: /home/mau/skid_steer_ws/install/skid_steer_localization/include/include/skid_steer_localization
[18.221s] -- Installing: /home/mau/skid_steer_ws/install/skid_steer_localization/include/include/skid_steer_localization/kalman_filter.hpp
[18.222s] -- Installing: /home/mau/skid_steer_ws/install/skid_steer_localization/share/skid_steer_localization/launch
[18.222s] -- Installing: /home/mau/skid_steer_ws/install/skid_steer_localization/share/skid_steer_localization/launch/local_localization.launch.py
[18.222s] -- Installing: /home/mau/skid_steer_ws/install/skid_steer_localization/share/skid_steer_localization/config
[18.223s] -- Installing: /home/mau/skid_steer_ws/install/skid_steer_localization/share/skid_steer_localization/config/ekf.yaml
[18.223s] -- Installing: /home/mau/skid_steer_ws/install/skid_steer_localization/share/ament_index/resource_index/package_run_dependencies/skid_steer_localization
[18.223s] -- Installing: /home/mau/skid_steer_ws/install/skid_steer_localization/share/ament_index/resource_index/parent_prefix_path/skid_steer_localization
[18.224s] -- Installing: /home/mau/skid_steer_ws/install/skid_steer_localization/share/skid_steer_localization/environment/ament_prefix_path.sh
[18.224s] -- Installing: /home/mau/skid_steer_ws/install/skid_steer_localization/share/skid_steer_localization/environment/ament_prefix_path.dsv
[18.225s] -- Installing: /home/mau/skid_steer_ws/install/skid_steer_localization/share/skid_steer_localization/environment/path.sh
[18.225s] -- Installing: /home/mau/skid_steer_ws/install/skid_steer_localization/share/skid_steer_localization/environment/path.dsv
[18.225s] -- Installing: /home/mau/skid_steer_ws/install/skid_steer_localization/share/skid_steer_localization/local_setup.bash
[18.226s] -- Installing: /home/mau/skid_steer_ws/install/skid_steer_localization/share/skid_steer_localization/local_setup.sh
[18.226s] -- Installing: /home/mau/skid_steer_ws/install/skid_steer_localization/share/skid_steer_localization/local_setup.zsh
[18.226s] -- Installing: /home/mau/skid_steer_ws/install/skid_steer_localization/share/skid_steer_localization/local_setup.dsv
[18.227s] -- Installing: /home/mau/skid_steer_ws/install/skid_steer_localization/share/skid_steer_localization/package.dsv
[18.227s] -- Installing: /home/mau/skid_steer_ws/install/skid_steer_localization/share/ament_index/resource_index/packages/skid_steer_localization
[18.227s] -- Installing: /home/mau/skid_steer_ws/install/skid_steer_localization/share/skid_steer_localization/cmake/skid_steer_localizationConfig.cmake
[18.228s] -- Installing: /home/mau/skid_steer_ws/install/skid_steer_localization/share/skid_steer_localization/cmake/skid_steer_localizationConfig-version.cmake
[18.228s] -- Installing: /home/mau/skid_steer_ws/install/skid_steer_localization/share/skid_steer_localization/package.xml
[18.238s] Invoked command in '/home/mau/skid_steer_ws/build/skid_steer_localization' returned '0': CMAKE_PREFIX_PATH=${CMAKE_PREFIX_PATH}:/home/mau/bumperbot_ws/install/bumperbot_py_examples:/home/mau/ros2_ws/install/my_py_pkg:/home/mau/skid_steer_ws/install/skid_steer_py_examples:/home/mau/skid_steer_ws/install/imu_driver:/opt/ros/humble /usr/bin/cmake --install /home/mau/skid_steer_ws/build/skid_steer_localization
