[0.302s] Invoking command in '/home/mau/skid_steer_ws/build/skid_steer_motion': CMAKE_PREFIX_PATH=${CMAKE_PREFIX_PATH}:/home/mau/bumperbot_ws/install/bumperbot_py_examples:/home/mau/ros2_ws/install/my_py_pkg:/home/mau/skid_steer_ws/install/skid_steer_py_examples:/home/mau/skid_steer_ws/install/imu_driver:/opt/ros/humble /usr/bin/cmake --build /home/mau/skid_steer_ws/build/skid_steer_motion -- -j12 -l12
[0.351s] -- Found ament_cmake: 1.3.12 (/opt/ros/humble/share/ament_cmake/cmake)
[0.525s] -- Found rclpy: 3.3.17 (/opt/ros/humble/share/rclpy/cmake)
[0.525s] -- Found rclcpp: 16.0.14 (/opt/ros/humble/share/rclcpp/cmake)
[0.560s] -- Found rosidl_generator_c: 3.1.7 (/opt/ros/humble/share/rosidl_generator_c/cmake)
[0.561s] -- Found rosidl_adapter: 3.1.7 (/opt/ros/humble/share/rosidl_adapter/cmake)
[0.567s] -- Found rosidl_generator_cpp: 3.1.7 (/opt/ros/humble/share/rosidl_generator_cpp/cmake)
[0.577s] -- Using all available rosidl_typesupport_c: rosidl_typesupport_fastrtps_c;rosidl_typesupport_introspection_c
[0.589s] -- Using all available rosidl_typesupport_cpp: rosidl_typesupport_fastrtps_cpp;rosidl_typesupport_introspection_cpp
[0.623s] -- Found rmw_implementation_cmake: 6.1.2 (/opt/ros/humble/share/rmw_implementation_cmake/cmake)
[0.626s] -- Found rmw_cyclonedds_cpp: 1.3.4 (/opt/ros/humble/share/rmw_cyclonedds_cpp/cmake)
[0.644s] -- Using RMW implementation 'rmw_cyclonedds_cpp' as default
[0.700s] -- Found nav_msgs: 4.9.0 (/opt/ros/humble/share/nav_msgs/cmake)
[0.739s] -- Found tf2_ros: 0.25.16 (/opt/ros/humble/share/tf2_ros/cmake)
[0.861s] [31mCMake Error at CMakeLists.txt:17 (find_package):
[0.861s]   By not providing "Findtf_transformations.cmake" in CMAKE_MODULE_PATH this
[0.861s]   project has asked CMake to find a package configuration file provided by
[0.861s]   "tf_transformations", but CMake did not find one.
[0.862s] 
[0.862s]   Could not find a package configuration file provided by
[0.862s]   "tf_transformations" with any of the following names:
[0.862s] 
[0.862s]     tf_transformationsConfig.cmake
[0.862s]     tf_transformations-config.cmake
[0.862s] 
[0.862s]   Add the installation prefix of "tf_transformations" to CMAKE_PREFIX_PATH or
[0.862s]   set "tf_transformations_DIR" to a directory containing one of the above
[0.862s]   files.  If "tf_transformations" provides a separate development package or
[0.862s]   SDK, be sure it has been installed.
[0.862s] 
[0.863s] [0m
[0.863s] -- Configuring incomplete, errors occurred!
[0.863s] See also "/home/mau/skid_steer_ws/build/skid_steer_motion/CMakeFiles/CMakeOutput.log".
[0.867s] gmake: *** [Makefile:295: cmake_check_build_system] Error 1
[1.028s] Invoked command in '/home/mau/skid_steer_ws/build/skid_steer_motion' returned '2': CMAKE_PREFIX_PATH=${CMAKE_PREFIX_PATH}:/home/mau/bumperbot_ws/install/bumperbot_py_examples:/home/mau/ros2_ws/install/my_py_pkg:/home/mau/skid_steer_ws/install/skid_steer_py_examples:/home/mau/skid_steer_ws/install/imu_driver:/opt/ros/humble /usr/bin/cmake --build /home/mau/skid_steer_ws/build/skid_steer_motion -- -j12 -l12
