-- The C compiler identification is GNU 11.4.0
-- The CXX compiler identification is GNU 11.4.0
-- Detecting C compiler ABI info
-- Detecting C compiler ABI info - done
-- Check for working C compiler: /usr/bin/cc - skipped
-- Detecting C compile features
-- Detecting C compile features - done
-- Detecting CXX compiler ABI info
-- Detecting CXX compiler ABI info - done
-- Check for working CXX compiler: /usr/bin/c++ - skipped
-- Detecting CXX compile features
-- Detecting CXX compile features - done
-- Found ament_cmake: 1.3.12 (/opt/ros/humble/share/ament_cmake/cmake)
-- Found Python3: /usr/bin/python3 (found version "3.10.12") found components: Interpreter 
-- Found rclcpp: 16.0.14 (/opt/ros/humble/share/rclcpp/cmake)
-- Found rosidl_generator_c: 3.1.7 (/opt/ros/humble/share/rosidl_generator_c/cmake)
-- Found rosidl_adapter: 3.1.7 (/opt/ros/humble/share/rosidl_adapter/cmake)
-- Found rosidl_generator_cpp: 3.1.7 (/opt/ros/humble/share/rosidl_generator_cpp/cmake)
-- Using all available rosidl_typesupport_c: rosidl_typesupport_fastrtps_c;rosidl_typesupport_introspection_c
-- Using all available rosidl_typesupport_cpp: rosidl_typesupport_fastrtps_cpp;rosidl_typesupport_introspection_cpp
-- Found rmw_implementation_cmake: 6.1.2 (/opt/ros/humble/share/rmw_implementation_cmake/cmake)
-- Found rmw_cyclonedds_cpp: 1.3.4 (/opt/ros/humble/share/rmw_cyclonedds_cpp/cmake)
-- Using RMW implementation 'rmw_cyclonedds_cpp' as default
-- Looking for pthread.h
-- Looking for pthread.h - found
-- Performing Test CMAKE_HAVE_LIBC_PTHREAD
-- Performing Test CMAKE_HAVE_LIBC_PTHREAD - Success
-- Found Threads: TRUE  
-- Found PkgConfig: /usr/bin/pkg-config (found version "0.29.2") 
-- Found hardware_interface: 2.51.0 (/opt/ros/humble/share/hardware_interface/cmake)
-- Checking for module 'libserial'
--   Found libserial, version 1.0.0
-- Found ament_lint_auto: 0.12.14 (/opt/ros/humble/share/ament_lint_auto/cmake)
-- Added test 'cppcheck' to perform static code analysis on C / C++ code
-- Configured cppcheck include dirs: /home/mau/skid_steer_ws/src/skid_steer_firmware/include;/home/mau/skid_steer_ws/src/skid_steer_firmware/
-- Configured cppcheck exclude dirs and/or files: 
-- Added test 'flake8' to check Python code syntax and style conventions
-- Added test 'lint_cmake' to check CMake code style
-- Added test 'pep257' to check Python code against some of the docstring style conventions in PEP 257
-- Added test 'uncrustify' to check C / C++ code style
-- Configured uncrustify additional arguments: 
-- Added test 'xmllint' to check XML markup files
-- Configuring done
-- Generating done
-- Build files have been written to: /home/mau/skid_steer_ws/build/skid_steer_firmware
[ 16%] [32mBuilding CXX object CMakeFiles/simple_serial_receiver.dir/src/simple_serial_receiver.cpp.o[0m
[ 33%] [32mBuilding CXX object CMakeFiles/simple_serial_transmitter.dir/src/simple_serial_transmitter.cpp.o[0m
[ 50%] [32mBuilding CXX object CMakeFiles/skid_steer_firmware.dir/src/skid_steer_interface.cpp.o[0m
[ 66%] [32m[1mLinking CXX shared library libskid_steer_firmware.so[0m
[ 83%] [32m[1mLinking CXX executable simple_serial_receiver[0m
[ 83%] Built target skid_steer_firmware
[ 83%] Built target simple_serial_receiver
[100%] [32m[1mLinking CXX executable simple_serial_transmitter[0m
[100%] Built target simple_serial_transmitter
-- Install configuration: ""
-- Installing: /home/mau/skid_steer_ws/install/skid_steer_firmware/share/skid_steer_firmware/skid_steer_interface.xml
-- Installing: /home/mau/skid_steer_ws/install/skid_steer_firmware/share/skid_steer_firmware/launch
-- Installing: /home/mau/skid_steer_ws/install/skid_steer_firmware/share/skid_steer_firmware/launch/hardware_interface.launch.py
-- Installing: /home/mau/skid_steer_ws/install/skid_steer_firmware/lib/skid_steer_firmware/simple_serial_transmitter
-- Set runtime path of "/home/mau/skid_steer_ws/install/skid_steer_firmware/lib/skid_steer_firmware/simple_serial_transmitter" to ""
-- Installing: /home/mau/skid_steer_ws/install/skid_steer_firmware/lib/skid_steer_firmware/simple_serial_receiver
-- Set runtime path of "/home/mau/skid_steer_ws/install/skid_steer_firmware/lib/skid_steer_firmware/simple_serial_receiver" to ""
-- Installing: /home/mau/skid_steer_ws/install/skid_steer_firmware/lib/libskid_steer_firmware.so
-- Set runtime path of "/home/mau/skid_steer_ws/install/skid_steer_firmware/lib/libskid_steer_firmware.so" to ""
-- Installing: /home/mau/skid_steer_ws/install/skid_steer_firmware/include/include
-- Installing: /home/mau/skid_steer_ws/install/skid_steer_firmware/include/include/skid_steer_firmware
-- Installing: /home/mau/skid_steer_ws/install/skid_steer_firmware/include/include/skid_steer_firmware/skid_steer_interface.hpp
-- Installing: /home/mau/skid_steer_ws/install/skid_steer_firmware/share/skid_steer_firmware/environment/library_path.sh
-- Installing: /home/mau/skid_steer_ws/install/skid_steer_firmware/share/skid_steer_firmware/environment/library_path.dsv
-- Installing: /home/mau/skid_steer_ws/install/skid_steer_firmware/share/ament_index/resource_index/package_run_dependencies/skid_steer_firmware
-- Installing: /home/mau/skid_steer_ws/install/skid_steer_firmware/share/ament_index/resource_index/parent_prefix_path/skid_steer_firmware
-- Installing: /home/mau/skid_steer_ws/install/skid_steer_firmware/share/skid_steer_firmware/environment/ament_prefix_path.sh
-- Installing: /home/mau/skid_steer_ws/install/skid_steer_firmware/share/skid_steer_firmware/environment/ament_prefix_path.dsv
-- Installing: /home/mau/skid_steer_ws/install/skid_steer_firmware/share/skid_steer_firmware/environment/path.sh
-- Installing: /home/mau/skid_steer_ws/install/skid_steer_firmware/share/skid_steer_firmware/environment/path.dsv
-- Installing: /home/mau/skid_steer_ws/install/skid_steer_firmware/share/skid_steer_firmware/local_setup.bash
-- Installing: /home/mau/skid_steer_ws/install/skid_steer_firmware/share/skid_steer_firmware/local_setup.sh
-- Installing: /home/mau/skid_steer_ws/install/skid_steer_firmware/share/skid_steer_firmware/local_setup.zsh
-- Installing: /home/mau/skid_steer_ws/install/skid_steer_firmware/share/skid_steer_firmware/local_setup.dsv
-- Installing: /home/mau/skid_steer_ws/install/skid_steer_firmware/share/skid_steer_firmware/package.dsv
-- Installing: /home/mau/skid_steer_ws/install/skid_steer_firmware/share/ament_index/resource_index/packages/skid_steer_firmware
-- Installing: /home/mau/skid_steer_ws/install/skid_steer_firmware/share/ament_index/resource_index/hardware_interface__pluginlib__plugin/skid_steer_firmware
-- Installing: /home/mau/skid_steer_ws/install/skid_steer_firmware/share/skid_steer_firmware/cmake/ament_cmake_export_include_directories-extras.cmake
-- Installing: /home/mau/skid_steer_ws/install/skid_steer_firmware/share/skid_steer_firmware/cmake/ament_cmake_export_libraries-extras.cmake
-- Installing: /home/mau/skid_steer_ws/install/skid_steer_firmware/share/skid_steer_firmware/cmake/ament_cmake_export_dependencies-extras.cmake
-- Installing: /home/mau/skid_steer_ws/install/skid_steer_firmware/share/skid_steer_firmware/cmake/skid_steer_firmwareConfig.cmake
-- Installing: /home/mau/skid_steer_ws/install/skid_steer_firmware/share/skid_steer_firmware/cmake/skid_steer_firmwareConfig-version.cmake
-- Installing: /home/mau/skid_steer_ws/install/skid_steer_firmware/share/skid_steer_firmware/package.xml
