[0.299s] Invoking command in '/home/mau/skid_steer_ws/build/skid_steer_navigation': CMAKE_PREFIX_PATH=${CMAKE_PREFIX_PATH}:/home/mau/bumperbot_ws/install/bumperbot_py_examples:/home/mau/ros2_ws/install/my_py_pkg:/home/mau/skid_steer_ws/install/skid_steer_py_examples:/home/mau/skid_steer_ws/install/imu_driver:/opt/ros/humble /usr/bin/cmake --build /home/mau/skid_steer_ws/build/skid_steer_navigation -- -j12 -l12
[0.399s] Invoked command in '/home/mau/skid_steer_ws/build/skid_steer_navigation' returned '0': CMAKE_PREFIX_PATH=${CMAKE_PREFIX_PATH}:/home/mau/bumperbot_ws/install/bumperbot_py_examples:/home/mau/ros2_ws/install/my_py_pkg:/home/mau/skid_steer_ws/install/skid_steer_py_examples:/home/mau/skid_steer_ws/install/imu_driver:/opt/ros/humble /usr/bin/cmake --build /home/mau/skid_steer_ws/build/skid_steer_navigation -- -j12 -l12
[0.405s] Invoking command in '/home/mau/skid_steer_ws/build/skid_steer_navigation': CMAKE_PREFIX_PATH=${CMAKE_PREFIX_PATH}:/home/mau/bumperbot_ws/install/bumperbot_py_examples:/home/mau/ros2_ws/install/my_py_pkg:/home/mau/skid_steer_ws/install/skid_steer_py_examples:/home/mau/skid_steer_ws/install/imu_driver:/opt/ros/humble /usr/bin/cmake --install /home/mau/skid_steer_ws/build/skid_steer_navigation
[0.421s] -- Install configuration: ""
[0.421s] -- Up-to-date: /home/mau/skid_steer_ws/install/skid_steer_navigation/share/skid_steer_navigation/launch
[0.421s] -- Up-to-date: /home/mau/skid_steer_ws/install/skid_steer_navigation/share/skid_steer_navigation/launch/nav2_bringup.launch.py
[0.422s] -- Up-to-date: /home/mau/skid_steer_ws/install/skid_steer_navigation/share/skid_steer_navigation/config
[0.422s] -- Up-to-date: /home/mau/skid_steer_ws/install/skid_steer_navigation/share/skid_steer_navigation/config/nav2_params.yaml
[0.422s] -- Up-to-date: /home/mau/skid_steer_ws/install/skid_steer_navigation/share/skid_steer_navigation/config/keepout_mask_pasillo.yaml
[0.422s] -- Up-to-date: /home/mau/skid_steer_ws/install/skid_steer_navigation/share/skid_steer_navigation/config/keepout_mask.yaml
[0.422s] -- Up-to-date: /home/mau/skid_steer_ws/install/skid_steer_navigation/share/skid_steer_navigation/keepout_filter_maps
[0.422s] -- Up-to-date: /home/mau/skid_steer_ws/install/skid_steer_navigation/share/skid_steer_navigation/keepout_filter_maps/keepout_mask.pgm
[0.422s] -- Up-to-date: /home/mau/skid_steer_ws/install/skid_steer_navigation/share/ament_index/resource_index/package_run_dependencies/skid_steer_navigation
[0.422s] -- Up-to-date: /home/mau/skid_steer_ws/install/skid_steer_navigation/share/ament_index/resource_index/parent_prefix_path/skid_steer_navigation
[0.422s] -- Up-to-date: /home/mau/skid_steer_ws/install/skid_steer_navigation/share/skid_steer_navigation/environment/ament_prefix_path.sh
[0.422s] -- Up-to-date: /home/mau/skid_steer_ws/install/skid_steer_navigation/share/skid_steer_navigation/environment/ament_prefix_path.dsv
[0.423s] -- Up-to-date: /home/mau/skid_steer_ws/install/skid_steer_navigation/share/skid_steer_navigation/environment/path.sh
[0.423s] -- Up-to-date: /home/mau/skid_steer_ws/install/skid_steer_navigation/share/skid_steer_navigation/environment/path.dsv
[0.423s] -- Up-to-date: /home/mau/skid_steer_ws/install/skid_steer_navigation/share/skid_steer_navigation/local_setup.bash
[0.423s] -- Up-to-date: /home/mau/skid_steer_ws/install/skid_steer_navigation/share/skid_steer_navigation/local_setup.sh
[0.423s] -- Up-to-date: /home/mau/skid_steer_ws/install/skid_steer_navigation/share/skid_steer_navigation/local_setup.zsh
[0.423s] -- Up-to-date: /home/mau/skid_steer_ws/install/skid_steer_navigation/share/skid_steer_navigation/local_setup.dsv
[0.423s] -- Installing: /home/mau/skid_steer_ws/install/skid_steer_navigation/share/skid_steer_navigation/package.dsv
[0.423s] -- Up-to-date: /home/mau/skid_steer_ws/install/skid_steer_navigation/share/ament_index/resource_index/packages/skid_steer_navigation
[0.423s] -- Up-to-date: /home/mau/skid_steer_ws/install/skid_steer_navigation/share/skid_steer_navigation/cmake/skid_steer_navigationConfig.cmake
[0.424s] -- Up-to-date: /home/mau/skid_steer_ws/install/skid_steer_navigation/share/skid_steer_navigation/cmake/skid_steer_navigationConfig-version.cmake
[0.424s] -- Up-to-date: /home/mau/skid_steer_ws/install/skid_steer_navigation/share/skid_steer_navigation/package.xml
[0.535s] Invoked command in '/home/mau/skid_steer_ws/build/skid_steer_navigation' returned '0': CMAKE_PREFIX_PATH=${CMAKE_PREFIX_PATH}:/home/mau/bumperbot_ws/install/bumperbot_py_examples:/home/mau/ros2_ws/install/my_py_pkg:/home/mau/skid_steer_ws/install/skid_steer_py_examples:/home/mau/skid_steer_ws/install/imu_driver:/opt/ros/humble /usr/bin/cmake --install /home/mau/skid_steer_ws/build/skid_steer_navigation
