[0.017s] Invoking command in '/home/mau/skid_steer_ws/build/skid_steer_cpp_examples': CMAKE_PREFIX_PATH=/home/mau/skid_steer_ws/install/skid_steer_msgs:/home/mau/bumperbot_ws/install/bumperbot_utils:/home/mau/bumperbot_ws/install/bumperbot_cpp_examples:/home/mau/bumperbot_ws/install/bumperbot_msgs:/home/mau/bumperbot_ws/install/bumperbot_bringup:/home/mau/bumperbot_ws/install/bumperbot_mapping:/home/mau/bumperbot_ws/install/bumperbot_localization:/home/mau/bumperbot_ws/install/bumperbot_firmware:/home/mau/bumperbot_ws/install/bumperbot_description:/home/mau/bumperbot_ws/install/bumperbot_controller:/home/mau/ros2_ws/install/sllidar_ros2:/home/mau/ros2_ws/install/my_cpp_pkg:/home/mau/ros2_ws/install/ldlidar:/home/mau/ros2_ws/install/ldlidar_node:/home/mau/ros2_ws/install/ldlidar_component:/home/mau/ros2_ws/install/RPLIDAR_A1_SLAM:/home/mau/skid_steer_ws/install/skid_steer_utils:/home/mau/skid_steer_ws/install/skid_steer_slam:/home/mau/skid_steer_ws/install/skid_steer_navigation:/home/mau/skid_steer_ws/install/skid_steer_cpp_examples:/home/mau/skid_steer_ws/install/skid_steer_localization:/home/mau/skid_steer_ws/install/skid_steer_firmware:/home/mau/skid_steer_ws/install/skid_steer_description:/home/mau/skid_steer_ws/install/skid_steer_controller:/home/mau/skid_steer_ws/install/skid_steer_bringup:/home/mau/skid_steer_ws/install/point_cloud_processing:/home/mau/skid_steer_ws/install/lora_node:/home/mau/articubot_one/install/articubot_one:/home/mau/bumperbot_ws/install/bumperbot_py_examples:/home/mau/ros2_ws/install/my_py_pkg:/home/mau/skid_steer_ws/install/skid_steer_py_examples:/home/mau/skid_steer_ws/install/imu_driver:/opt/ros/humble LD_LIBRARY_PATH=/home/mau/skid_steer_ws/install/skid_steer_msgs/lib:/home/mau/bumperbot_ws/install/bumperbot_cpp_examples/lib:/home/mau/bumperbot_ws/install/bumperbot_msgs/lib:/home/mau/bumperbot_ws/install/bumperbot_firmware/lib:/home/mau/ros2_ws/install/ldlidar_component/lib:/home/mau/skid_steer_ws/install/skid_steer_firmware/lib:/usr/lib/x86_64-linux-gnu/gazebo-11/plugins:/opt/ros/humble/opt/rviz_ogre_vendor/lib:/opt/ros/humble/lib/x86_64-linux-gnu:/opt/ros/humble/opt/openvdb_vendor/lib:/opt/ros/humble/lib /usr/bin/cmake --build /home/mau/skid_steer_ws/build/skid_steer_cpp_examples -- -j12 -l12
[0.082s] [35m[1mConsolidate compiler generated dependencies of target simple_qos_subscriber[0m
[0.095s] [ 10%] Built target simple_subscriber
[0.098s] [ 20%] Built target simple_publisher
[0.102s] [ 30%] Built target simple_service_client
[0.103s] [ 35%] [32mBuilding CXX object CMakeFiles/simple_qos_publisher.dir/src/simple_qos_publisher.cpp.o[0m
[0.104s] [ 45%] Built target turtlesim_kinematics
[0.105s] [ 55%] Built target simple_service_server
[0.106s] [ 65%] Built target simple_tf_kinematics
[0.107s] [ 75%] Built target simple_qos_subscriber
[0.110s] [ 85%] Built target simple_lifecycle_node
[0.119s] [ 95%] Built target pcl_test
[3.260s] [100%] [32m[1mLinking CXX executable simple_qos_publisher[0m
[3.422s] [100%] Built target simple_qos_publisher
[3.439s] Invoked command in '/home/mau/skid_steer_ws/build/skid_steer_cpp_examples' returned '0': CMAKE_PREFIX_PATH=/home/mau/skid_steer_ws/install/skid_steer_msgs:/home/mau/bumperbot_ws/install/bumperbot_utils:/home/mau/bumperbot_ws/install/bumperbot_cpp_examples:/home/mau/bumperbot_ws/install/bumperbot_msgs:/home/mau/bumperbot_ws/install/bumperbot_bringup:/home/mau/bumperbot_ws/install/bumperbot_mapping:/home/mau/bumperbot_ws/install/bumperbot_localization:/home/mau/bumperbot_ws/install/bumperbot_firmware:/home/mau/bumperbot_ws/install/bumperbot_description:/home/mau/bumperbot_ws/install/bumperbot_controller:/home/mau/ros2_ws/install/sllidar_ros2:/home/mau/ros2_ws/install/my_cpp_pkg:/home/mau/ros2_ws/install/ldlidar:/home/mau/ros2_ws/install/ldlidar_node:/home/mau/ros2_ws/install/ldlidar_component:/home/mau/ros2_ws/install/RPLIDAR_A1_SLAM:/home/mau/skid_steer_ws/install/skid_steer_utils:/home/mau/skid_steer_ws/install/skid_steer_slam:/home/mau/skid_steer_ws/install/skid_steer_navigation:/home/mau/skid_steer_ws/install/skid_steer_cpp_examples:/home/mau/skid_steer_ws/install/skid_steer_localization:/home/mau/skid_steer_ws/install/skid_steer_firmware:/home/mau/skid_steer_ws/install/skid_steer_description:/home/mau/skid_steer_ws/install/skid_steer_controller:/home/mau/skid_steer_ws/install/skid_steer_bringup:/home/mau/skid_steer_ws/install/point_cloud_processing:/home/mau/skid_steer_ws/install/lora_node:/home/mau/articubot_one/install/articubot_one:/home/mau/bumperbot_ws/install/bumperbot_py_examples:/home/mau/ros2_ws/install/my_py_pkg:/home/mau/skid_steer_ws/install/skid_steer_py_examples:/home/mau/skid_steer_ws/install/imu_driver:/opt/ros/humble LD_LIBRARY_PATH=/home/mau/skid_steer_ws/install/skid_steer_msgs/lib:/home/mau/bumperbot_ws/install/bumperbot_cpp_examples/lib:/home/mau/bumperbot_ws/install/bumperbot_msgs/lib:/home/mau/bumperbot_ws/install/bumperbot_firmware/lib:/home/mau/ros2_ws/install/ldlidar_component/lib:/home/mau/skid_steer_ws/install/skid_steer_firmware/lib:/usr/lib/x86_64-linux-gnu/gazebo-11/plugins:/opt/ros/humble/opt/rviz_ogre_vendor/lib:/opt/ros/humble/lib/x86_64-linux-gnu:/opt/ros/humble/opt/openvdb_vendor/lib:/opt/ros/humble/lib /usr/bin/cmake --build /home/mau/skid_steer_ws/build/skid_steer_cpp_examples -- -j12 -l12
[3.442s] Invoking command in '/home/mau/skid_steer_ws/build/skid_steer_cpp_examples': CMAKE_PREFIX_PATH=/home/mau/skid_steer_ws/install/skid_steer_msgs:/home/mau/bumperbot_ws/install/bumperbot_utils:/home/mau/bumperbot_ws/install/bumperbot_cpp_examples:/home/mau/bumperbot_ws/install/bumperbot_msgs:/home/mau/bumperbot_ws/install/bumperbot_bringup:/home/mau/bumperbot_ws/install/bumperbot_mapping:/home/mau/bumperbot_ws/install/bumperbot_localization:/home/mau/bumperbot_ws/install/bumperbot_firmware:/home/mau/bumperbot_ws/install/bumperbot_description:/home/mau/bumperbot_ws/install/bumperbot_controller:/home/mau/ros2_ws/install/sllidar_ros2:/home/mau/ros2_ws/install/my_cpp_pkg:/home/mau/ros2_ws/install/ldlidar:/home/mau/ros2_ws/install/ldlidar_node:/home/mau/ros2_ws/install/ldlidar_component:/home/mau/ros2_ws/install/RPLIDAR_A1_SLAM:/home/mau/skid_steer_ws/install/skid_steer_utils:/home/mau/skid_steer_ws/install/skid_steer_slam:/home/mau/skid_steer_ws/install/skid_steer_navigation:/home/mau/skid_steer_ws/install/skid_steer_cpp_examples:/home/mau/skid_steer_ws/install/skid_steer_localization:/home/mau/skid_steer_ws/install/skid_steer_firmware:/home/mau/skid_steer_ws/install/skid_steer_description:/home/mau/skid_steer_ws/install/skid_steer_controller:/home/mau/skid_steer_ws/install/skid_steer_bringup:/home/mau/skid_steer_ws/install/point_cloud_processing:/home/mau/skid_steer_ws/install/lora_node:/home/mau/articubot_one/install/articubot_one:/home/mau/bumperbot_ws/install/bumperbot_py_examples:/home/mau/ros2_ws/install/my_py_pkg:/home/mau/skid_steer_ws/install/skid_steer_py_examples:/home/mau/skid_steer_ws/install/imu_driver:/opt/ros/humble LD_LIBRARY_PATH=/home/mau/skid_steer_ws/install/skid_steer_msgs/lib:/home/mau/bumperbot_ws/install/bumperbot_cpp_examples/lib:/home/mau/bumperbot_ws/install/bumperbot_msgs/lib:/home/mau/bumperbot_ws/install/bumperbot_firmware/lib:/home/mau/ros2_ws/install/ldlidar_component/lib:/home/mau/skid_steer_ws/install/skid_steer_firmware/lib:/usr/lib/x86_64-linux-gnu/gazebo-11/plugins:/opt/ros/humble/opt/rviz_ogre_vendor/lib:/opt/ros/humble/lib/x86_64-linux-gnu:/opt/ros/humble/opt/openvdb_vendor/lib:/opt/ros/humble/lib /usr/bin/cmake --install /home/mau/skid_steer_ws/build/skid_steer_cpp_examples
[3.448s] -- Install configuration: ""
[3.449s] -- Up-to-date: /home/mau/skid_steer_ws/install/skid_steer_cpp_examples/include/include
[3.449s] -- Up-to-date: /home/mau/skid_steer_ws/install/skid_steer_cpp_examples/include/include/skid_steer_cpp_examples
[3.449s] -- Up-to-date: /home/mau/skid_steer_ws/install/skid_steer_cpp_examples/include/include/skid_steer_cpp_examples/simple_tf_kinematics.hpp
[3.449s] -- Up-to-date: /home/mau/skid_steer_ws/install/skid_steer_cpp_examples/include/include/skid_steer_cpp_examples/turtlesim_kinematics.hpp
[3.449s] -- Up-to-date: /home/mau/skid_steer_ws/install/skid_steer_cpp_examples/lib/skid_steer_cpp_examples/simple_publisher
[3.449s] -- Up-to-date: /home/mau/skid_steer_ws/install/skid_steer_cpp_examples/lib/skid_steer_cpp_examples/simple_subscriber
[3.449s] -- Up-to-date: /home/mau/skid_steer_ws/install/skid_steer_cpp_examples/lib/skid_steer_cpp_examples/pcl_test
[3.449s] -- Up-to-date: /home/mau/skid_steer_ws/install/skid_steer_cpp_examples/lib/skid_steer_cpp_examples/simple_lifecycle_node
[3.450s] -- Up-to-date: /home/mau/skid_steer_ws/install/skid_steer_cpp_examples/lib/skid_steer_cpp_examples/turtlesim_kinematics
[3.450s] -- Up-to-date: /home/mau/skid_steer_ws/install/skid_steer_cpp_examples/lib/skid_steer_cpp_examples/simple_tf_kinematics
[3.450s] -- Up-to-date: /home/mau/skid_steer_ws/install/skid_steer_cpp_examples/lib/skid_steer_cpp_examples/simple_service_server
[3.451s] -- Up-to-date: /home/mau/skid_steer_ws/install/skid_steer_cpp_examples/lib/skid_steer_cpp_examples/simple_service_client
[3.451s] -- Installing: /home/mau/skid_steer_ws/install/skid_steer_cpp_examples/lib/skid_steer_cpp_examples/simple_qos_publisher
[3.452s] -- Set runtime path of "/home/mau/skid_steer_ws/install/skid_steer_cpp_examples/lib/skid_steer_cpp_examples/simple_qos_publisher" to ""
[3.452s] -- Up-to-date: /home/mau/skid_steer_ws/install/skid_steer_cpp_examples/lib/skid_steer_cpp_examples/simple_qos_subscriber
[3.453s] -- Up-to-date: /home/mau/skid_steer_ws/install/skid_steer_cpp_examples/share/ament_index/resource_index/package_run_dependencies/skid_steer_cpp_examples
[3.453s] -- Up-to-date: /home/mau/skid_steer_ws/install/skid_steer_cpp_examples/share/ament_index/resource_index/parent_prefix_path/skid_steer_cpp_examples
[3.453s] -- Up-to-date: /home/mau/skid_steer_ws/install/skid_steer_cpp_examples/share/skid_steer_cpp_examples/environment/ament_prefix_path.sh
[3.453s] -- Up-to-date: /home/mau/skid_steer_ws/install/skid_steer_cpp_examples/share/skid_steer_cpp_examples/environment/ament_prefix_path.dsv
[3.453s] -- Up-to-date: /home/mau/skid_steer_ws/install/skid_steer_cpp_examples/share/skid_steer_cpp_examples/environment/path.sh
[3.453s] -- Up-to-date: /home/mau/skid_steer_ws/install/skid_steer_cpp_examples/share/skid_steer_cpp_examples/environment/path.dsv
[3.453s] -- Up-to-date: /home/mau/skid_steer_ws/install/skid_steer_cpp_examples/share/skid_steer_cpp_examples/local_setup.bash
[3.453s] -- Up-to-date: /home/mau/skid_steer_ws/install/skid_steer_cpp_examples/share/skid_steer_cpp_examples/local_setup.sh
[3.453s] -- Up-to-date: /home/mau/skid_steer_ws/install/skid_steer_cpp_examples/share/skid_steer_cpp_examples/local_setup.zsh
[3.454s] -- Up-to-date: /home/mau/skid_steer_ws/install/skid_steer_cpp_examples/share/skid_steer_cpp_examples/local_setup.dsv
[3.454s] -- Installing: /home/mau/skid_steer_ws/install/skid_steer_cpp_examples/share/skid_steer_cpp_examples/package.dsv
[3.454s] -- Up-to-date: /home/mau/skid_steer_ws/install/skid_steer_cpp_examples/share/ament_index/resource_index/packages/skid_steer_cpp_examples
[3.454s] -- Up-to-date: /home/mau/skid_steer_ws/install/skid_steer_cpp_examples/share/skid_steer_cpp_examples/cmake/skid_steer_cpp_examplesConfig.cmake
[3.454s] -- Up-to-date: /home/mau/skid_steer_ws/install/skid_steer_cpp_examples/share/skid_steer_cpp_examples/cmake/skid_steer_cpp_examplesConfig-version.cmake
[3.454s] -- Up-to-date: /home/mau/skid_steer_ws/install/skid_steer_cpp_examples/share/skid_steer_cpp_examples/package.xml
[3.456s] Invoked command in '/home/mau/skid_steer_ws/build/skid_steer_cpp_examples' returned '0': CMAKE_PREFIX_PATH=/home/mau/skid_steer_ws/install/skid_steer_msgs:/home/mau/bumperbot_ws/install/bumperbot_utils:/home/mau/bumperbot_ws/install/bumperbot_cpp_examples:/home/mau/bumperbot_ws/install/bumperbot_msgs:/home/mau/bumperbot_ws/install/bumperbot_bringup:/home/mau/bumperbot_ws/install/bumperbot_mapping:/home/mau/bumperbot_ws/install/bumperbot_localization:/home/mau/bumperbot_ws/install/bumperbot_firmware:/home/mau/bumperbot_ws/install/bumperbot_description:/home/mau/bumperbot_ws/install/bumperbot_controller:/home/mau/ros2_ws/install/sllidar_ros2:/home/mau/ros2_ws/install/my_cpp_pkg:/home/mau/ros2_ws/install/ldlidar:/home/mau/ros2_ws/install/ldlidar_node:/home/mau/ros2_ws/install/ldlidar_component:/home/mau/ros2_ws/install/RPLIDAR_A1_SLAM:/home/mau/skid_steer_ws/install/skid_steer_utils:/home/mau/skid_steer_ws/install/skid_steer_slam:/home/mau/skid_steer_ws/install/skid_steer_navigation:/home/mau/skid_steer_ws/install/skid_steer_cpp_examples:/home/mau/skid_steer_ws/install/skid_steer_localization:/home/mau/skid_steer_ws/install/skid_steer_firmware:/home/mau/skid_steer_ws/install/skid_steer_description:/home/mau/skid_steer_ws/install/skid_steer_controller:/home/mau/skid_steer_ws/install/skid_steer_bringup:/home/mau/skid_steer_ws/install/point_cloud_processing:/home/mau/skid_steer_ws/install/lora_node:/home/mau/articubot_one/install/articubot_one:/home/mau/bumperbot_ws/install/bumperbot_py_examples:/home/mau/ros2_ws/install/my_py_pkg:/home/mau/skid_steer_ws/install/skid_steer_py_examples:/home/mau/skid_steer_ws/install/imu_driver:/opt/ros/humble LD_LIBRARY_PATH=/home/mau/skid_steer_ws/install/skid_steer_msgs/lib:/home/mau/bumperbot_ws/install/bumperbot_cpp_examples/lib:/home/mau/bumperbot_ws/install/bumperbot_msgs/lib:/home/mau/bumperbot_ws/install/bumperbot_firmware/lib:/home/mau/ros2_ws/install/ldlidar_component/lib:/home/mau/skid_steer_ws/install/skid_steer_firmware/lib:/usr/lib/x86_64-linux-gnu/gazebo-11/plugins:/opt/ros/humble/opt/rviz_ogre_vendor/lib:/opt/ros/humble/lib/x86_64-linux-gnu:/opt/ros/humble/opt/openvdb_vendor/lib:/opt/ros/humble/lib /usr/bin/cmake --install /home/mau/skid_steer_ws/build/skid_steer_cpp_examples
