[0.293s] Invoking command in '/home/mau/skid_steer_ws/build/skid_steer_planning': CMAKE_PREFIX_PATH=${CMAKE_PREFIX_PATH}:/home/mau/bumperbot_ws/install/bumperbot_py_examples:/home/mau/ros2_ws/install/my_py_pkg:/home/mau/skid_steer_ws/install/skid_steer_py_examples:/home/mau/skid_steer_ws/install/imu_driver:/opt/ros/humble /usr/bin/cmake --build /home/mau/skid_steer_ws/build/skid_steer_planning -- -j12 -l12
[0.362s] -- Found ament_cmake: 1.3.12 (/opt/ros/humble/share/ament_cmake/cmake)
[0.498s] -- Found rclpy: 3.3.17 (/opt/ros/humble/share/rclpy/cmake)
[0.498s] -- Found rclcpp: 16.0.14 (/opt/ros/humble/share/rclcpp/cmake)
[0.525s] -- Found rosidl_generator_c: 3.1.7 (/opt/ros/humble/share/rosidl_generator_c/cmake)
[0.529s] -- Found rosidl_adapter: 3.1.7 (/opt/ros/humble/share/rosidl_adapter/cmake)
[0.536s] -- Found rosidl_generator_cpp: 3.1.7 (/opt/ros/humble/share/rosidl_generator_cpp/cmake)
[0.545s] -- Using all available rosidl_typesupport_c: rosidl_typesupport_fastrtps_c;rosidl_typesupport_introspection_c
[0.560s] -- Using all available rosidl_typesupport_cpp: rosidl_typesupport_fastrtps_cpp;rosidl_typesupport_introspection_cpp
[0.592s] -- Found rmw_implementation_cmake: 6.1.2 (/opt/ros/humble/share/rmw_implementation_cmake/cmake)
[0.595s] -- Found rmw_cyclonedds_cpp: 1.3.4 (/opt/ros/humble/share/rmw_cyclonedds_cpp/cmake)
[0.609s] -- Using RMW implementation 'rmw_cyclonedds_cpp' as default
[0.653s] -- Found nav_msgs: 4.9.0 (/opt/ros/humble/share/nav_msgs/cmake)
[0.678s] -- Found tf2_ros: 0.25.16 (/opt/ros/humble/share/tf2_ros/cmake)
[0.821s] [31mCMake Error at CMakeLists.txt:35 (install):
[0.821s]   install TARGETS given target "DESTINATION/skid_steer_planning" which does
[0.821s]   not exist.
[0.821s] 
[0.821s] [0m
[0.821s] -- Found ament_lint_auto: 0.12.14 (/opt/ros/humble/share/ament_lint_auto/cmake)
[0.878s] [31mCMake Error at CMakeLists.txt:50 (ament_export_include_dependencies):
[0.878s]   Unknown CMake command "ament_export_include_dependencies".
[0.878s] 
[0.878s] [0m
[0.879s] -- Configuring incomplete, errors occurred!
[0.879s] See also "/home/mau/skid_steer_ws/build/skid_steer_planning/CMakeFiles/CMakeOutput.log".
[0.884s] gmake: *** [Makefile:254: cmake_check_build_system] Error 1
[0.945s] Invoked command in '/home/mau/skid_steer_ws/build/skid_steer_planning' returned '2': CMAKE_PREFIX_PATH=${CMAKE_PREFIX_PATH}:/home/mau/bumperbot_ws/install/bumperbot_py_examples:/home/mau/ros2_ws/install/my_py_pkg:/home/mau/skid_steer_ws/install/skid_steer_py_examples:/home/mau/skid_steer_ws/install/imu_driver:/opt/ros/humble /usr/bin/cmake --build /home/mau/skid_steer_ws/build/skid_steer_planning -- -j12 -l12
