[01m[K/home/mau/skid_steer_ws/src/skid_steer_cpp_examples/src/simple_qos_subscriber.cpp:[m[K In constructor ‘[01m[KSimpleQoSSubscriber::SimpleQoSSubscriber()[m[K’:
[01m[K/home/mau/skid_steer_ws/src/skid_steer_cpp_examples/src/simple_qos_subscriber.cpp:6:57:[m[K [01;31m[Kerror: [m[Kno matching function for call to ‘[01m[Krclcpp::QoS::QoS()[m[K’
    6 |     SimpleQoSSubscriber() : Node("Simple_QoS_subscriber"[01;31m[K)[m[K{
      |                                                         [01;31m[K^[m[K
In file included from [01m[K/opt/ros/humble/include/rclcpp/rclcpp/node_interfaces/node_graph_interface.hpp:32[m[K,
                 from [01m[K/opt/ros/humble/include/rclcpp/rclcpp/client.hpp:42[m[K,
                 from [01m[K/opt/ros/humble/include/rclcpp/rclcpp/callback_group.hpp:24[m[K,
                 from [01m[K/opt/ros/humble/include/rclcpp/rclcpp/any_executable.hpp:20[m[K,
                 from [01m[K/opt/ros/humble/include/rclcpp/rclcpp/memory_strategy.hpp:25[m[K,
                 from [01m[K/opt/ros/humble/include/rclcpp/rclcpp/memory_strategies.hpp:18[m[K,
                 from [01m[K/opt/ros/humble/include/rclcpp/rclcpp/executor_options.hpp:20[m[K,
                 from [01m[K/opt/ros/humble/include/rclcpp/rclcpp/executor.hpp:37[m[K,
                 from [01m[K/opt/ros/humble/include/rclcpp/rclcpp/executors/multi_threaded_executor.hpp:25[m[K,
                 from [01m[K/opt/ros/humble/include/rclcpp/rclcpp/executors.hpp:21[m[K,
                 from [01m[K/opt/ros/humble/include/rclcpp/rclcpp/rclcpp.hpp:155[m[K,
                 from [01m[K/home/mau/skid_steer_ws/src/skid_steer_cpp_examples/src/simple_qos_subscriber.cpp:1[m[K:
[01m[K/opt/ros/humble/include/rclcpp/rclcpp/qos.hpp:141:3:[m[K [01;36m[Knote: [m[Kcandidate: ‘[01m[Krclcpp::QoS::QoS(size_t)[m[K’
  141 |   [01;36m[KQoS[m[K(size_t history_depth);  // NOLINT(runtime/explicit): conversion constructor
      |   [01;36m[K^~~[m[K
[01m[K/opt/ros/humble/include/rclcpp/rclcpp/qos.hpp:141:3:[m[K [01;36m[Knote: [m[K  candidate expects 1 argument, 0 provided
[01m[K/opt/ros/humble/include/rclcpp/rclcpp/qos.hpp:128:3:[m[K [01;36m[Knote: [m[Kcandidate: ‘[01m[Krclcpp::QoS::QoS(const rclcpp::QoSInitialization&, const rmw_qos_profile_t&)[m[K’
  128 |   [01;36m[KQoS[m[K(
      |   [01;36m[K^~~[m[K
[01m[K/opt/ros/humble/include/rclcpp/rclcpp/qos.hpp:128:3:[m[K [01;36m[Knote: [m[K  candidate expects 2 arguments, 0 provided
[01m[K/opt/ros/humble/include/rclcpp/rclcpp/qos.hpp:110:21:[m[K [01;36m[Knote: [m[Kcandidate: ‘[01m[Kconstexpr rclcpp::QoS::QoS(const rclcpp::QoS&)[m[K’
  110 | class RCLCPP_PUBLIC [01;36m[KQoS[m[K
      |                     [01;36m[K^~~[m[K
[01m[K/opt/ros/humble/include/rclcpp/rclcpp/qos.hpp:110:21:[m[K [01;36m[Knote: [m[K  candidate expects 1 argument, 0 provided
[01m[K/opt/ros/humble/include/rclcpp/rclcpp/qos.hpp:110:21:[m[K [01;36m[Knote: [m[Kcandidate: ‘[01m[Kconstexpr rclcpp::QoS::QoS(rclcpp::QoS&&)[m[K’
[01m[K/opt/ros/humble/include/rclcpp/rclcpp/qos.hpp:110:21:[m[K [01;36m[Knote: [m[K  candidate expects 1 argument, 0 provided
gmake[2]: *** [CMakeFiles/simple_qos_subscriber.dir/build.make:76: CMakeFiles/simple_qos_subscriber.dir/src/simple_qos_subscriber.cpp.o] Error 1
gmake[1]: *** [CMakeFiles/Makefile2:389: CMakeFiles/simple_qos_subscriber.dir/all] Error 2
gmake: *** [Makefile:146: all] Error 2
