[0.017s] Invoking command in '/home/mau/skid_steer_ws/build/skid_steer_cpp_examples': CMAKE_PREFIX_PATH=/home/mau/skid_steer_ws/install/skid_steer_msgs:/home/mau/bumperbot_ws/install/bumperbot_utils:/home/mau/bumperbot_ws/install/bumperbot_cpp_examples:/home/mau/bumperbot_ws/install/bumperbot_msgs:/home/mau/bumperbot_ws/install/bumperbot_bringup:/home/mau/bumperbot_ws/install/bumperbot_mapping:/home/mau/bumperbot_ws/install/bumperbot_localization:/home/mau/bumperbot_ws/install/bumperbot_firmware:/home/mau/bumperbot_ws/install/bumperbot_description:/home/mau/bumperbot_ws/install/bumperbot_controller:/home/mau/ros2_ws/install/sllidar_ros2:/home/mau/ros2_ws/install/my_cpp_pkg:/home/mau/ros2_ws/install/ldlidar:/home/mau/ros2_ws/install/ldlidar_node:/home/mau/ros2_ws/install/ldlidar_component:/home/mau/ros2_ws/install/RPLIDAR_A1_SLAM:/home/mau/skid_steer_ws/install/skid_steer_utils:/home/mau/skid_steer_ws/install/skid_steer_slam:/home/mau/skid_steer_ws/install/skid_steer_navigation:/home/mau/skid_steer_ws/install/skid_steer_cpp_examples:/home/mau/skid_steer_ws/install/skid_steer_localization:/home/mau/skid_steer_ws/install/skid_steer_firmware:/home/mau/skid_steer_ws/install/skid_steer_description:/home/mau/skid_steer_ws/install/skid_steer_controller:/home/mau/skid_steer_ws/install/skid_steer_bringup:/home/mau/skid_steer_ws/install/point_cloud_processing:/home/mau/skid_steer_ws/install/lora_node:/home/mau/articubot_one/install/articubot_one:/home/mau/bumperbot_ws/install/bumperbot_py_examples:/home/mau/ros2_ws/install/my_py_pkg:/home/mau/skid_steer_ws/install/skid_steer_py_examples:/home/mau/skid_steer_ws/install/imu_driver:/opt/ros/humble LD_LIBRARY_PATH=/home/mau/skid_steer_ws/install/skid_steer_msgs/lib:/home/mau/bumperbot_ws/install/bumperbot_cpp_examples/lib:/home/mau/bumperbot_ws/install/bumperbot_msgs/lib:/home/mau/bumperbot_ws/install/bumperbot_firmware/lib:/home/mau/ros2_ws/install/ldlidar_component/lib:/home/mau/skid_steer_ws/install/skid_steer_firmware/lib:/usr/lib/x86_64-linux-gnu/gazebo-11/plugins:/opt/ros/humble/opt/rviz_ogre_vendor/lib:/opt/ros/humble/lib/x86_64-linux-gnu:/opt/ros/humble/opt/openvdb_vendor/lib:/opt/ros/humble/lib /usr/bin/cmake --build /home/mau/skid_steer_ws/build/skid_steer_cpp_examples -- -j12 -l12
[0.055s] -- Found ament_cmake: 1.3.12 (/opt/ros/humble/share/ament_cmake/cmake)
[0.189s] -- Found rclcpp: 16.0.14 (/opt/ros/humble/share/rclcpp/cmake)
[0.225s] -- Found rosidl_generator_c: 3.1.7 (/opt/ros/humble/share/rosidl_generator_c/cmake)
[0.228s] -- Found rosidl_adapter: 3.1.7 (/opt/ros/humble/share/rosidl_adapter/cmake)
[0.238s] -- Found rosidl_generator_cpp: 3.1.7 (/opt/ros/humble/share/rosidl_generator_cpp/cmake)
[0.253s] -- Using all available rosidl_typesupport_c: rosidl_typesupport_fastrtps_c;rosidl_typesupport_introspection_c
[0.269s] -- Using all available rosidl_typesupport_cpp: rosidl_typesupport_fastrtps_cpp;rosidl_typesupport_introspection_cpp
[0.315s] -- Found rmw_implementation_cmake: 6.1.2 (/opt/ros/humble/share/rmw_implementation_cmake/cmake)
[0.320s] -- Found rmw_cyclonedds_cpp: 1.3.4 (/opt/ros/humble/share/rmw_cyclonedds_cpp/cmake)
[0.348s] -- Using RMW implementation 'rmw_cyclonedds_cpp' as default
[0.401s] -- Found sensor_msgs: 4.9.0 (/opt/ros/humble/share/sensor_msgs/cmake)
[0.430s] -- Found pcl_conversions: 2.4.5 (/opt/ros/humble/share/pcl_conversions/cmake)
[0.467s] -- Eigen found (include: /usr/include/eigen3, version: 3.4.0)
[0.512s] -- FLANN found (include: /usr/include, lib: /usr/lib/x86_64-linux-gnu/libflann_cpp.so)
[0.879s] -- OpenNI found (version: 1.5.4.0, include: /usr/include/ni, lib: /usr/lib/libOpenNI.so;libusb::libusb)
[0.886s] -- OpenNI2 found (version: 2.2.0.33, include: /usr/include/openni2, lib: /usr/lib/x86_64-linux-gnu/libOpenNI2.so;libusb::libusb)
[1.036s] -- Eigen found (include: /usr/include/eigen3, version: 3.4.0)
[1.043s] -- OpenNI found (version: 1.5.4.0, include: /usr/include/ni, lib: /usr/lib/libOpenNI.so;libusb::libusb)
[1.049s] -- OpenNI2 found (version: 2.2.0.33, include: /usr/include/openni2, lib: /usr/lib/x86_64-linux-gnu/libOpenNI2.so;libusb::libusb)
[1.188s] -- Found Qhull version 8.0.2
[1.334s] -- OpenNI found (version: 1.5.4.0, include: /usr/include/ni, lib: /usr/lib/libOpenNI.so;libusb::libusb)
[1.482s] -- Found rclcpp_lifecycle: 16.0.14 (/opt/ros/humble/share/rclcpp_lifecycle/cmake)
[1.499s] -- Found turtlesim: 1.4.2 (/opt/ros/humble/share/turtlesim/cmake)
[1.536s] -- Found tf2_ros: 0.25.16 (/opt/ros/humble/share/tf2_ros/cmake)
[1.593s] -- Found skid_steer_msgs: 0.0.0 (/home/mau/skid_steer_ws/install/skid_steer_msgs/share/skid_steer_msgs/cmake)
[1.639s] -- Found ament_lint_auto: 0.12.14 (/opt/ros/humble/share/ament_lint_auto/cmake)
[1.709s] -- Added test 'cppcheck' to perform static code analysis on C / C++ code
[1.709s] -- Configured cppcheck include dirs: /home/mau/skid_steer_ws/src/skid_steer_cpp_examples/include
[1.709s] -- Configured cppcheck exclude dirs and/or files: 
[1.710s] -- Added test 'lint_cmake' to check CMake code style
[1.711s] -- Added test 'uncrustify' to check C / C++ code style
[1.711s] -- Configured uncrustify additional arguments: 
[1.712s] -- Added test 'xmllint' to check XML markup files
[1.713s] -- Configuring done
[1.792s] -- Generating done
[1.813s] -- Build files have been written to: /home/mau/skid_steer_ws/build/skid_steer_cpp_examples
[1.852s] [35m[1mConsolidate compiler generated dependencies of target simple_lifecycle_node[0m
[1.852s] [35m[1mConsolidate compiler generated dependencies of target simple_publisher[0m
[1.854s] [35m[1mConsolidate compiler generated dependencies of target simple_subscriber[0m
[1.854s] [35m[1mConsolidate compiler generated dependencies of target turtlesim_kinematics[0m
[1.854s] [35m[1mConsolidate compiler generated dependencies of target simple_service_client[0m
[1.854s] [35m[1mConsolidate compiler generated dependencies of target simple_tf_kinematics[0m
[1.854s] [35m[1mConsolidate compiler generated dependencies of target simple_service_server[0m
[1.854s] [35m[1mConsolidate compiler generated dependencies of target pcl_test[0m
[1.864s] [  5%] [32mBuilding CXX object CMakeFiles/simple_qos_publisher.dir/src/simple_qos_publisher.cpp.o[0m
[1.867s] [ 10%] [32mBuilding CXX object CMakeFiles/simple_qos_subscriber.dir/src/simple_qos_subscriber.cpp.o[0m
[1.875s] [ 20%] Built target simple_publisher
[1.875s] [ 40%] Built target simple_lifecycle_node
[1.875s] [ 40%] Built target turtlesim_kinematics
[1.875s] [ 60%] Built target simple_tf_kinematics
[1.875s] [ 65%] Built target simple_subscriber
[1.875s] [ 70%] Built target simple_service_client
[1.876s] [ 80%] Built target simple_service_server
[1.891s] [ 90%] Built target pcl_test
[3.652s] [01m[K/home/mau/skid_steer_ws/src/skid_steer_cpp_examples/src/simple_qos_subscriber.cpp:[m[K In constructor ‘[01m[KSimpleQoSSubscriber::SimpleQoSSubscriber()[m[K’:
[3.652s] [01m[K/home/mau/skid_steer_ws/src/skid_steer_cpp_examples/src/simple_qos_subscriber.cpp:6:57:[m[K [01;31m[Kerror: [m[Kno matching function for call to ‘[01m[Krclcpp::QoS::QoS()[m[K’
[3.652s]     6 |     SimpleQoSSubscriber() : Node("Simple_QoS_subscriber"[01;31m[K)[m[K{
[3.652s]       |                                                         [01;31m[K^[m[K
[3.652s] In file included from [01m[K/opt/ros/humble/include/rclcpp/rclcpp/node_interfaces/node_graph_interface.hpp:32[m[K,
[3.653s]                  from [01m[K/opt/ros/humble/include/rclcpp/rclcpp/client.hpp:42[m[K,
[3.653s]                  from [01m[K/opt/ros/humble/include/rclcpp/rclcpp/callback_group.hpp:24[m[K,
[3.653s]                  from [01m[K/opt/ros/humble/include/rclcpp/rclcpp/any_executable.hpp:20[m[K,
[3.653s]                  from [01m[K/opt/ros/humble/include/rclcpp/rclcpp/memory_strategy.hpp:25[m[K,
[3.653s]                  from [01m[K/opt/ros/humble/include/rclcpp/rclcpp/memory_strategies.hpp:18[m[K,
[3.653s]                  from [01m[K/opt/ros/humble/include/rclcpp/rclcpp/executor_options.hpp:20[m[K,
[3.653s]                  from [01m[K/opt/ros/humble/include/rclcpp/rclcpp/executor.hpp:37[m[K,
[3.653s]                  from [01m[K/opt/ros/humble/include/rclcpp/rclcpp/executors/multi_threaded_executor.hpp:25[m[K,
[3.653s]                  from [01m[K/opt/ros/humble/include/rclcpp/rclcpp/executors.hpp:21[m[K,
[3.654s]                  from [01m[K/opt/ros/humble/include/rclcpp/rclcpp/rclcpp.hpp:155[m[K,
[3.654s]                  from [01m[K/home/mau/skid_steer_ws/src/skid_steer_cpp_examples/src/simple_qos_subscriber.cpp:1[m[K:
[3.654s] [01m[K/opt/ros/humble/include/rclcpp/rclcpp/qos.hpp:141:3:[m[K [01;36m[Knote: [m[Kcandidate: ‘[01m[Krclcpp::QoS::QoS(size_t)[m[K’
[3.654s]   141 |   [01;36m[KQoS[m[K(size_t history_depth);  // NOLINT(runtime/explicit): conversion constructor
[3.654s]       |   [01;36m[K^~~[m[K
[3.654s] [01m[K/opt/ros/humble/include/rclcpp/rclcpp/qos.hpp:141:3:[m[K [01;36m[Knote: [m[K  candidate expects 1 argument, 0 provided
[3.654s] [01m[K/opt/ros/humble/include/rclcpp/rclcpp/qos.hpp:128:3:[m[K [01;36m[Knote: [m[Kcandidate: ‘[01m[Krclcpp::QoS::QoS(const rclcpp::QoSInitialization&, const rmw_qos_profile_t&)[m[K’
[3.654s]   128 |   [01;36m[KQoS[m[K(
[3.654s]       |   [01;36m[K^~~[m[K
[3.654s] [01m[K/opt/ros/humble/include/rclcpp/rclcpp/qos.hpp:128:3:[m[K [01;36m[Knote: [m[K  candidate expects 2 arguments, 0 provided
[3.654s] [01m[K/opt/ros/humble/include/rclcpp/rclcpp/qos.hpp:110:21:[m[K [01;36m[Knote: [m[Kcandidate: ‘[01m[Kconstexpr rclcpp::QoS::QoS(const rclcpp::QoS&)[m[K’
[3.655s]   110 | class RCLCPP_PUBLIC [01;36m[KQoS[m[K
[3.655s]       |                     [01;36m[K^~~[m[K
[3.655s] [01m[K/opt/ros/humble/include/rclcpp/rclcpp/qos.hpp:110:21:[m[K [01;36m[Knote: [m[K  candidate expects 1 argument, 0 provided
[3.655s] [01m[K/opt/ros/humble/include/rclcpp/rclcpp/qos.hpp:110:21:[m[K [01;36m[Knote: [m[Kcandidate: ‘[01m[Kconstexpr rclcpp::QoS::QoS(rclcpp::QoS&&)[m[K’
[3.655s] [01m[K/opt/ros/humble/include/rclcpp/rclcpp/qos.hpp:110:21:[m[K [01;36m[Knote: [m[K  candidate expects 1 argument, 0 provided
[5.113s] [ 95%] [32m[1mLinking CXX executable simple_qos_publisher[0m
[5.279s] [ 95%] Built target simple_qos_publisher
[5.433s] gmake[2]: *** [CMakeFiles/simple_qos_subscriber.dir/build.make:76: CMakeFiles/simple_qos_subscriber.dir/src/simple_qos_subscriber.cpp.o] Error 1
[5.433s] gmake[1]: *** [CMakeFiles/Makefile2:389: CMakeFiles/simple_qos_subscriber.dir/all] Error 2
[5.434s] gmake: *** [Makefile:146: all] Error 2
[5.438s] Invoked command in '/home/mau/skid_steer_ws/build/skid_steer_cpp_examples' returned '2': CMAKE_PREFIX_PATH=/home/mau/skid_steer_ws/install/skid_steer_msgs:/home/mau/bumperbot_ws/install/bumperbot_utils:/home/mau/bumperbot_ws/install/bumperbot_cpp_examples:/home/mau/bumperbot_ws/install/bumperbot_msgs:/home/mau/bumperbot_ws/install/bumperbot_bringup:/home/mau/bumperbot_ws/install/bumperbot_mapping:/home/mau/bumperbot_ws/install/bumperbot_localization:/home/mau/bumperbot_ws/install/bumperbot_firmware:/home/mau/bumperbot_ws/install/bumperbot_description:/home/mau/bumperbot_ws/install/bumperbot_controller:/home/mau/ros2_ws/install/sllidar_ros2:/home/mau/ros2_ws/install/my_cpp_pkg:/home/mau/ros2_ws/install/ldlidar:/home/mau/ros2_ws/install/ldlidar_node:/home/mau/ros2_ws/install/ldlidar_component:/home/mau/ros2_ws/install/RPLIDAR_A1_SLAM:/home/mau/skid_steer_ws/install/skid_steer_utils:/home/mau/skid_steer_ws/install/skid_steer_slam:/home/mau/skid_steer_ws/install/skid_steer_navigation:/home/mau/skid_steer_ws/install/skid_steer_cpp_examples:/home/mau/skid_steer_ws/install/skid_steer_localization:/home/mau/skid_steer_ws/install/skid_steer_firmware:/home/mau/skid_steer_ws/install/skid_steer_description:/home/mau/skid_steer_ws/install/skid_steer_controller:/home/mau/skid_steer_ws/install/skid_steer_bringup:/home/mau/skid_steer_ws/install/point_cloud_processing:/home/mau/skid_steer_ws/install/lora_node:/home/mau/articubot_one/install/articubot_one:/home/mau/bumperbot_ws/install/bumperbot_py_examples:/home/mau/ros2_ws/install/my_py_pkg:/home/mau/skid_steer_ws/install/skid_steer_py_examples:/home/mau/skid_steer_ws/install/imu_driver:/opt/ros/humble LD_LIBRARY_PATH=/home/mau/skid_steer_ws/install/skid_steer_msgs/lib:/home/mau/bumperbot_ws/install/bumperbot_cpp_examples/lib:/home/mau/bumperbot_ws/install/bumperbot_msgs/lib:/home/mau/bumperbot_ws/install/bumperbot_firmware/lib:/home/mau/ros2_ws/install/ldlidar_component/lib:/home/mau/skid_steer_ws/install/skid_steer_firmware/lib:/usr/lib/x86_64-linux-gnu/gazebo-11/plugins:/opt/ros/humble/opt/rviz_ogre_vendor/lib:/opt/ros/humble/lib/x86_64-linux-gnu:/opt/ros/humble/opt/openvdb_vendor/lib:/opt/ros/humble/lib /usr/bin/cmake --build /home/mau/skid_steer_ws/build/skid_steer_cpp_examples -- -j12 -l12
