[0.294s] Invoking command in '/home/mau/skid_steer_ws/build/skid_steer_motion': CMAKE_PREFIX_PATH=${CMAKE_PREFIX_PATH}:/home/mau/bumperbot_ws/install/bumperbot_py_examples:/home/mau/ros2_ws/install/my_py_pkg:/home/mau/skid_steer_ws/install/skid_steer_py_examples:/home/mau/skid_steer_ws/install/imu_driver:/opt/ros/humble /usr/bin/cmake --build /home/mau/skid_steer_ws/build/skid_steer_motion -- -j12 -l12
[0.388s] [35m[1mConsolidate compiler generated dependencies of target pd_motion_planner[0m
[0.457s] [ 50%] [32mBuilding CXX object CMakeFiles/pd_motion_planner.dir/src/pd_motion_planner.cpp.o[0m
[0.461s] [ 50%] Built target ament_cmake_python_copy_skid_steer_motion
[0.708s] running egg_info
[0.708s] writing skid_steer_motion.egg-info/PKG-INFO
[0.708s] writing dependency_links to skid_steer_motion.egg-info/dependency_links.txt
[0.708s] writing top-level names to skid_steer_motion.egg-info/top_level.txt
[0.710s] reading manifest file 'skid_steer_motion.egg-info/SOURCES.txt'
[0.711s] writing manifest file 'skid_steer_motion.egg-info/SOURCES.txt'
[0.737s] [ 50%] Built target ament_cmake_python_build_skid_steer_motion_egg
[2.614s] [01m[K/home/mau/skid_steer_ws/src/skid_steer_motion/src/pd_motion_planner.cpp:[m[K In member function ‘[01m[Kvoid skid_steer_motion::PdMotionPlanner::ControlLoop()[m[K’:
[2.615s] [01m[K/home/mau/skid_steer_ws/src/skid_steer_motion/src/pd_motion_planner.cpp:97:5:[m[K [01;31m[Kerror: [m[K‘[01m[Kcmd_publisher[m[K’ was not declared in this scope; did you mean ‘[01m[Kcmd_vel_publisher[m[K’?
[2.615s]    97 |     [01;31m[Kcmd_publisher[m[K->publish(cmd_vel);
[2.615s]       |     [01;31m[K^~~~~~~~~~~~~[m[K
[2.615s]       |     [32m[Kcmd_vel_publisher[m[K
[4.564s] gmake[2]: *** [CMakeFiles/pd_motion_planner.dir/build.make:76: CMakeFiles/pd_motion_planner.dir/src/pd_motion_planner.cpp.o] Error 1
[4.565s] gmake[1]: *** [CMakeFiles/Makefile2:140: CMakeFiles/pd_motion_planner.dir/all] Error 2
[4.565s] gmake: *** [Makefile:146: all] Error 2
[4.569s] Invoked command in '/home/mau/skid_steer_ws/build/skid_steer_motion' returned '2': CMAKE_PREFIX_PATH=${CMAKE_PREFIX_PATH}:/home/mau/bumperbot_ws/install/bumperbot_py_examples:/home/mau/ros2_ws/install/my_py_pkg:/home/mau/skid_steer_ws/install/skid_steer_py_examples:/home/mau/skid_steer_ws/install/imu_driver:/opt/ros/humble /usr/bin/cmake --build /home/mau/skid_steer_ws/build/skid_steer_motion -- -j12 -l12
