[0.081s] Invoking command in '/home/mau/skid_steer_ws/build/skid_steer_msgs': CMAKE_PREFIX_PATH=${CMAKE_PREFIX_PATH}:/home/mau/bumperbot_ws/install/bumperbot_py_examples:/home/mau/ros2_ws/install/my_py_pkg:/home/mau/skid_steer_ws/install/skid_steer_py_examples:/home/mau/skid_steer_ws/install/imu_driver:/opt/ros/humble /usr/bin/cmake --build /home/mau/skid_steer_ws/build/skid_steer_msgs -- -j12 -l12
[0.488s] [  2%] Built target skid_steer_msgs__cpp
[0.488s] [  5%] [32mBuilding C object CMakeFiles/skid_steer_msgs__rosidl_generator_c.dir/rosidl_generator_c/skid_steer_msgs/srv/detail/add_two_ints__functions.c.o[0m
[0.488s] [  7%] [32mBuilding C object CMakeFiles/skid_steer_msgs__rosidl_generator_c.dir/rosidl_generator_c/skid_steer_msgs/srv/detail/get_transform__functions.c.o[0m
[0.488s] [  7%] Built target ament_cmake_python_copy_skid_steer_msgs
[0.488s] [ 10%] [32mBuilding CXX object CMakeFiles/skid_steer_msgs__rosidl_typesupport_introspection_cpp.dir/rosidl_typesupport_introspection_cpp/skid_steer_msgs/srv/detail/add_two_ints__type_support.cpp.o[0m
[0.488s] [ 12%] [32mBuilding CXX object CMakeFiles/skid_steer_msgs__rosidl_typesupport_cpp.dir/rosidl_typesupport_cpp/skid_steer_msgs/srv/add_two_ints__type_support.cpp.o[0m
[0.488s] [ 17%] [32mBuilding CXX object CMakeFiles/skid_steer_msgs__rosidl_typesupport_cpp.dir/rosidl_typesupport_cpp/skid_steer_msgs/srv/get_transform__type_support.cpp.o[0m
[0.488s] [ 17%] [32mBuilding CXX object CMakeFiles/skid_steer_msgs__rosidl_typesupport_introspection_cpp.dir/rosidl_typesupport_introspection_cpp/skid_steer_msgs/srv/detail/get_transform__type_support.cpp.o[0m
[0.488s] [ 20%] [32mBuilding CXX object CMakeFiles/skid_steer_msgs__rosidl_typesupport_fastrtps_cpp.dir/rosidl_typesupport_fastrtps_cpp/skid_steer_msgs/srv/detail/dds_fastrtps/get_transform__type_support.cpp.o[0m
[0.488s] [ 23%] [32mBuilding CXX object CMakeFiles/skid_steer_msgs__rosidl_typesupport_fastrtps_cpp.dir/rosidl_typesupport_fastrtps_cpp/skid_steer_msgs/srv/detail/dds_fastrtps/add_two_ints__type_support.cpp.o[0m
[0.488s] [ 25%] [32m[1mLinking C shared library libskid_steer_msgs__rosidl_generator_c.so[0m
[0.489s] [ 28%] Built target skid_steer_msgs__rosidl_generator_c
[0.489s] [ 30%] [32mBuilding CXX object CMakeFiles/skid_steer_msgs__rosidl_typesupport_c.dir/rosidl_typesupport_c/skid_steer_msgs/srv/add_two_ints__type_support.cpp.o[0m
[0.489s] [ 33%] [32mBuilding CXX object CMakeFiles/skid_steer_msgs__rosidl_typesupport_c.dir/rosidl_typesupport_c/skid_steer_msgs/srv/get_transform__type_support.cpp.o[0m
[0.489s] [ 35%] [32mBuilding C object CMakeFiles/skid_steer_msgs__rosidl_typesupport_introspection_c.dir/rosidl_typesupport_introspection_c/skid_steer_msgs/srv/detail/get_transform__type_support.c.o[0m
[0.489s] [ 38%] [32mBuilding C object CMakeFiles/skid_steer_msgs__rosidl_typesupport_introspection_c.dir/rosidl_typesupport_introspection_c/skid_steer_msgs/srv/detail/add_two_ints__type_support.c.o[0m
[0.489s] [ 41%] [32mBuilding CXX object CMakeFiles/skid_steer_msgs__rosidl_typesupport_fastrtps_c.dir/rosidl_typesupport_fastrtps_c/skid_steer_msgs/srv/detail/add_two_ints__type_support_c.cpp.o[0m
[0.489s] [ 43%] [32mBuilding CXX object CMakeFiles/skid_steer_msgs__rosidl_typesupport_fastrtps_c.dir/rosidl_typesupport_fastrtps_c/skid_steer_msgs/srv/detail/get_transform__type_support_c.cpp.o[0m
[0.489s] [ 46%] [32m[1mLinking CXX shared library libskid_steer_msgs__rosidl_typesupport_c.so[0m
[0.489s] [ 48%] [32m[1mLinking C shared library libskid_steer_msgs__rosidl_typesupport_introspection_c.so[0m
[0.507s] [ 51%] Built target skid_steer_msgs__rosidl_typesupport_c
[0.549s] [ 53%] Built target skid_steer_msgs__rosidl_typesupport_introspection_c
[0.630s] [ 56%] [32m[1mLinking CXX shared library libskid_steer_msgs__rosidl_typesupport_cpp.so[0m
[0.641s] running egg_info
[0.642s] writing skid_steer_msgs.egg-info/PKG-INFO
[0.642s] writing dependency_links to skid_steer_msgs.egg-info/dependency_links.txt
[0.642s] writing top-level names to skid_steer_msgs.egg-info/top_level.txt
[0.648s] reading manifest file 'skid_steer_msgs.egg-info/SOURCES.txt'
[0.649s] writing manifest file 'skid_steer_msgs.egg-info/SOURCES.txt'
[0.721s] [ 56%] Built target ament_cmake_python_build_skid_steer_msgs_egg
[0.797s] [ 58%] Built target skid_steer_msgs__rosidl_typesupport_cpp
[0.909s] [ 61%] [32m[1mLinking CXX shared library libskid_steer_msgs__rosidl_typesupport_fastrtps_cpp.so[0m
[1.009s] [ 64%] [32m[1mLinking CXX shared library libskid_steer_msgs__rosidl_typesupport_introspection_cpp.so[0m
[1.128s] [ 66%] Built target skid_steer_msgs__rosidl_typesupport_fastrtps_cpp
[1.255s] [ 69%] Built target skid_steer_msgs__rosidl_typesupport_introspection_cpp
[1.301s] [ 71%] [32m[1mLinking CXX shared library libskid_steer_msgs__rosidl_typesupport_fastrtps_c.so[0m
[1.548s] [ 74%] Built target skid_steer_msgs__rosidl_typesupport_fastrtps_c
[1.645s] [ 74%] Built target skid_steer_msgs
[1.751s] [ 76%] Built target skid_steer_msgs__py
[1.833s] [ 79%] [32mBuilding C object CMakeFiles/skid_steer_msgs__rosidl_generator_py.dir/rosidl_generator_py/skid_steer_msgs/srv/_add_two_ints_s.c.o[0m
[1.857s] [ 82%] [32mBuilding C object CMakeFiles/skid_steer_msgs__rosidl_generator_py.dir/rosidl_generator_py/skid_steer_msgs/srv/_get_transform_s.c.o[0m
[2.223s] [ 84%] [32m[1mLinking C shared library rosidl_generator_py/skid_steer_msgs/libskid_steer_msgs__rosidl_generator_py.so[0m
[2.345s] [ 84%] Built target skid_steer_msgs__rosidl_generator_py
[2.431s] [ 87%] [32mBuilding C object CMakeFiles/skid_steer_msgs__rosidl_typesupport_fastrtps_c__pyext.dir/rosidl_generator_py/skid_steer_msgs/_skid_steer_msgs_s.ep.rosidl_typesupport_fastrtps_c.c.o[0m
[2.453s] [ 89%] [32mBuilding C object CMakeFiles/skid_steer_msgs__rosidl_typesupport_introspection_c__pyext.dir/rosidl_generator_py/skid_steer_msgs/_skid_steer_msgs_s.ep.rosidl_typesupport_introspection_c.c.o[0m
[2.459s] [ 92%] [32mBuilding C object CMakeFiles/skid_steer_msgs__rosidl_typesupport_c__pyext.dir/rosidl_generator_py/skid_steer_msgs/_skid_steer_msgs_s.ep.rosidl_typesupport_c.c.o[0m
[2.792s] [ 94%] [32m[1mLinking C shared library rosidl_generator_py/skid_steer_msgs/skid_steer_msgs_s__rosidl_typesupport_c.cpython-310-x86_64-linux-gnu.so[0m
[2.824s] [ 97%] [32m[1mLinking C shared library rosidl_generator_py/skid_steer_msgs/skid_steer_msgs_s__rosidl_typesupport_fastrtps_c.cpython-310-x86_64-linux-gnu.so[0m
[2.834s] [100%] [32m[1mLinking C shared library rosidl_generator_py/skid_steer_msgs/skid_steer_msgs_s__rosidl_typesupport_introspection_c.cpython-310-x86_64-linux-gnu.so[0m
[2.944s] [100%] Built target skid_steer_msgs__rosidl_typesupport_c__pyext
[2.970s] [100%] Built target skid_steer_msgs__rosidl_typesupport_fastrtps_c__pyext
[2.988s] [100%] Built target skid_steer_msgs__rosidl_typesupport_introspection_c__pyext
[3.052s] Invoked command in '/home/mau/skid_steer_ws/build/skid_steer_msgs' returned '0': CMAKE_PREFIX_PATH=${CMAKE_PREFIX_PATH}:/home/mau/bumperbot_ws/install/bumperbot_py_examples:/home/mau/ros2_ws/install/my_py_pkg:/home/mau/skid_steer_ws/install/skid_steer_py_examples:/home/mau/skid_steer_ws/install/imu_driver:/opt/ros/humble /usr/bin/cmake --build /home/mau/skid_steer_ws/build/skid_steer_msgs -- -j12 -l12
[3.079s] Invoking command in '/home/mau/skid_steer_ws/build/skid_steer_msgs': CMAKE_PREFIX_PATH=${CMAKE_PREFIX_PATH}:/home/mau/bumperbot_ws/install/bumperbot_py_examples:/home/mau/ros2_ws/install/my_py_pkg:/home/mau/skid_steer_ws/install/skid_steer_py_examples:/home/mau/skid_steer_ws/install/imu_driver:/opt/ros/humble /usr/bin/cmake --install /home/mau/skid_steer_ws/build/skid_steer_msgs
[3.232s] -- Install configuration: ""
[3.232s] -- Up-to-date: /home/mau/skid_steer_ws/install/skid_steer_msgs/share/ament_index/resource_index/rosidl_interfaces/skid_steer_msgs
[3.232s] -- Up-to-date: /home/mau/skid_steer_ws/install/skid_steer_msgs/include/skid_steer_msgs/skid_steer_msgs
[3.232s] -- Up-to-date: /home/mau/skid_steer_ws/install/skid_steer_msgs/include/skid_steer_msgs/skid_steer_msgs/srv
[3.232s] -- Up-to-date: /home/mau/skid_steer_ws/install/skid_steer_msgs/include/skid_steer_msgs/skid_steer_msgs/srv/add_two_ints.h
[3.232s] -- Up-to-date: /home/mau/skid_steer_ws/install/skid_steer_msgs/include/skid_steer_msgs/skid_steer_msgs/srv/get_transform.h
[3.232s] -- Up-to-date: /home/mau/skid_steer_ws/install/skid_steer_msgs/include/skid_steer_msgs/skid_steer_msgs/srv/detail
[3.232s] -- Up-to-date: /home/mau/skid_steer_ws/install/skid_steer_msgs/include/skid_steer_msgs/skid_steer_msgs/srv/detail/get_transform__type_support.h
[3.232s] -- Up-to-date: /home/mau/skid_steer_ws/install/skid_steer_msgs/include/skid_steer_msgs/skid_steer_msgs/srv/detail/get_transform__struct.h
[3.232s] -- Up-to-date: /home/mau/skid_steer_ws/install/skid_steer_msgs/include/skid_steer_msgs/skid_steer_msgs/srv/detail/add_two_ints__struct.h
[3.232s] -- Up-to-date: /home/mau/skid_steer_ws/install/skid_steer_msgs/include/skid_steer_msgs/skid_steer_msgs/srv/detail/add_two_ints__functions.c
[3.232s] -- Up-to-date: /home/mau/skid_steer_ws/install/skid_steer_msgs/include/skid_steer_msgs/skid_steer_msgs/srv/detail/add_two_ints__functions.h
[3.232s] -- Up-to-date: /home/mau/skid_steer_ws/install/skid_steer_msgs/include/skid_steer_msgs/skid_steer_msgs/srv/detail/add_two_ints__type_support.h
[3.233s] -- Up-to-date: /home/mau/skid_steer_ws/install/skid_steer_msgs/include/skid_steer_msgs/skid_steer_msgs/srv/detail/get_transform__functions.c
[3.233s] -- Up-to-date: /home/mau/skid_steer_ws/install/skid_steer_msgs/include/skid_steer_msgs/skid_steer_msgs/srv/detail/get_transform__functions.h
[3.233s] -- Up-to-date: /home/mau/skid_steer_ws/install/skid_steer_msgs/include/skid_steer_msgs/skid_steer_msgs/msg
[3.233s] -- Up-to-date: /home/mau/skid_steer_ws/install/skid_steer_msgs/include/skid_steer_msgs/skid_steer_msgs/msg/rosidl_generator_c__visibility_control.h
[3.233s] -- Up-to-date: /home/mau/skid_steer_ws/install/skid_steer_msgs/share/skid_steer_msgs/environment/library_path.sh
[3.233s] -- Up-to-date: /home/mau/skid_steer_ws/install/skid_steer_msgs/share/skid_steer_msgs/environment/library_path.dsv
[3.233s] -- Installing: /home/mau/skid_steer_ws/install/skid_steer_msgs/lib/libskid_steer_msgs__rosidl_generator_c.so
[3.233s] -- Set runtime path of "/home/mau/skid_steer_ws/install/skid_steer_msgs/lib/libskid_steer_msgs__rosidl_generator_c.so" to ""
[3.233s] -- Up-to-date: /home/mau/skid_steer_ws/install/skid_steer_msgs/include/skid_steer_msgs/skid_steer_msgs
[3.233s] -- Up-to-date: /home/mau/skid_steer_ws/install/skid_steer_msgs/include/skid_steer_msgs/skid_steer_msgs/srv
[3.233s] -- Up-to-date: /home/mau/skid_steer_ws/install/skid_steer_msgs/include/skid_steer_msgs/skid_steer_msgs/srv/detail
[3.233s] -- Up-to-date: /home/mau/skid_steer_ws/install/skid_steer_msgs/include/skid_steer_msgs/skid_steer_msgs/srv/detail/add_two_ints__rosidl_typesupport_fastrtps_c.h
[3.233s] -- Up-to-date: /home/mau/skid_steer_ws/install/skid_steer_msgs/include/skid_steer_msgs/skid_steer_msgs/srv/detail/get_transform__rosidl_typesupport_fastrtps_c.h
[3.233s] -- Up-to-date: /home/mau/skid_steer_ws/install/skid_steer_msgs/include/skid_steer_msgs/skid_steer_msgs/msg
[3.234s] -- Up-to-date: /home/mau/skid_steer_ws/install/skid_steer_msgs/include/skid_steer_msgs/skid_steer_msgs/msg/rosidl_typesupport_fastrtps_c__visibility_control.h
[3.238s] -- Installing: /home/mau/skid_steer_ws/install/skid_steer_msgs/lib/libskid_steer_msgs__rosidl_typesupport_fastrtps_c.so
[3.238s] -- Set runtime path of "/home/mau/skid_steer_ws/install/skid_steer_msgs/lib/libskid_steer_msgs__rosidl_typesupport_fastrtps_c.so" to ""
[3.238s] -- Up-to-date: /home/mau/skid_steer_ws/install/skid_steer_msgs/include/skid_steer_msgs/skid_steer_msgs
[3.238s] -- Up-to-date: /home/mau/skid_steer_ws/install/skid_steer_msgs/include/skid_steer_msgs/skid_steer_msgs/srv
[3.238s] -- Up-to-date: /home/mau/skid_steer_ws/install/skid_steer_msgs/include/skid_steer_msgs/skid_steer_msgs/srv/add_two_ints.hpp
[3.238s] -- Up-to-date: /home/mau/skid_steer_ws/install/skid_steer_msgs/include/skid_steer_msgs/skid_steer_msgs/srv/detail
[3.238s] -- Up-to-date: /home/mau/skid_steer_ws/install/skid_steer_msgs/include/skid_steer_msgs/skid_steer_msgs/srv/detail/get_transform__traits.hpp
[3.238s] -- Up-to-date: /home/mau/skid_steer_ws/install/skid_steer_msgs/include/skid_steer_msgs/skid_steer_msgs/srv/detail/add_two_ints__struct.hpp
[3.238s] -- Up-to-date: /home/mau/skid_steer_ws/install/skid_steer_msgs/include/skid_steer_msgs/skid_steer_msgs/srv/detail/get_transform__struct.hpp
[3.238s] -- Up-to-date: /home/mau/skid_steer_ws/install/skid_steer_msgs/include/skid_steer_msgs/skid_steer_msgs/srv/detail/add_two_ints__traits.hpp
[3.239s] -- Up-to-date: /home/mau/skid_steer_ws/install/skid_steer_msgs/include/skid_steer_msgs/skid_steer_msgs/srv/detail/get_transform__builder.hpp
[3.239s] -- Up-to-date: /home/mau/skid_steer_ws/install/skid_steer_msgs/include/skid_steer_msgs/skid_steer_msgs/srv/detail/get_transform__type_support.hpp
[3.239s] -- Up-to-date: /home/mau/skid_steer_ws/install/skid_steer_msgs/include/skid_steer_msgs/skid_steer_msgs/srv/detail/add_two_ints__type_support.hpp
[3.239s] -- Up-to-date: /home/mau/skid_steer_ws/install/skid_steer_msgs/include/skid_steer_msgs/skid_steer_msgs/srv/detail/add_two_ints__builder.hpp
[3.239s] -- Up-to-date: /home/mau/skid_steer_ws/install/skid_steer_msgs/include/skid_steer_msgs/skid_steer_msgs/srv/get_transform.hpp
[3.239s] -- Up-to-date: /home/mau/skid_steer_ws/install/skid_steer_msgs/include/skid_steer_msgs/skid_steer_msgs/msg
[3.239s] -- Up-to-date: /home/mau/skid_steer_ws/install/skid_steer_msgs/include/skid_steer_msgs/skid_steer_msgs/msg/rosidl_generator_cpp__visibility_control.hpp
[3.239s] -- Up-to-date: /home/mau/skid_steer_ws/install/skid_steer_msgs/include/skid_steer_msgs/skid_steer_msgs
[3.239s] -- Up-to-date: /home/mau/skid_steer_ws/install/skid_steer_msgs/include/skid_steer_msgs/skid_steer_msgs/srv
[3.239s] -- Up-to-date: /home/mau/skid_steer_ws/install/skid_steer_msgs/include/skid_steer_msgs/skid_steer_msgs/srv/detail
[3.239s] -- Up-to-date: /home/mau/skid_steer_ws/install/skid_steer_msgs/include/skid_steer_msgs/skid_steer_msgs/srv/detail/dds_fastrtps
[3.239s] -- Up-to-date: /home/mau/skid_steer_ws/install/skid_steer_msgs/include/skid_steer_msgs/skid_steer_msgs/srv/detail/get_transform__rosidl_typesupport_fastrtps_cpp.hpp
[3.239s] -- Up-to-date: /home/mau/skid_steer_ws/install/skid_steer_msgs/include/skid_steer_msgs/skid_steer_msgs/srv/detail/add_two_ints__rosidl_typesupport_fastrtps_cpp.hpp
[3.239s] -- Up-to-date: /home/mau/skid_steer_ws/install/skid_steer_msgs/include/skid_steer_msgs/skid_steer_msgs/msg
[3.239s] -- Up-to-date: /home/mau/skid_steer_ws/install/skid_steer_msgs/include/skid_steer_msgs/skid_steer_msgs/msg/rosidl_typesupport_fastrtps_cpp__visibility_control.h
[3.240s] -- Installing: /home/mau/skid_steer_ws/install/skid_steer_msgs/lib/libskid_steer_msgs__rosidl_typesupport_fastrtps_cpp.so
[3.240s] -- Set runtime path of "/home/mau/skid_steer_ws/install/skid_steer_msgs/lib/libskid_steer_msgs__rosidl_typesupport_fastrtps_cpp.so" to ""
[3.240s] -- Up-to-date: /home/mau/skid_steer_ws/install/skid_steer_msgs/include/skid_steer_msgs/skid_steer_msgs
[3.240s] -- Up-to-date: /home/mau/skid_steer_ws/install/skid_steer_msgs/include/skid_steer_msgs/skid_steer_msgs/srv
[3.240s] -- Up-to-date: /home/mau/skid_steer_ws/install/skid_steer_msgs/include/skid_steer_msgs/skid_steer_msgs/srv/detail
[3.240s] -- Up-to-date: /home/mau/skid_steer_ws/install/skid_steer_msgs/include/skid_steer_msgs/skid_steer_msgs/srv/detail/get_transform__rosidl_typesupport_introspection_c.h
[3.240s] -- Up-to-date: /home/mau/skid_steer_ws/install/skid_steer_msgs/include/skid_steer_msgs/skid_steer_msgs/srv/detail/add_two_ints__rosidl_typesupport_introspection_c.h
[3.240s] -- Up-to-date: /home/mau/skid_steer_ws/install/skid_steer_msgs/include/skid_steer_msgs/skid_steer_msgs/srv/detail/add_two_ints__type_support.c
[3.240s] -- Up-to-date: /home/mau/skid_steer_ws/install/skid_steer_msgs/include/skid_steer_msgs/skid_steer_msgs/srv/detail/get_transform__type_support.c
[3.240s] -- Up-to-date: /home/mau/skid_steer_ws/install/skid_steer_msgs/include/skid_steer_msgs/skid_steer_msgs/msg
[3.240s] -- Up-to-date: /home/mau/skid_steer_ws/install/skid_steer_msgs/include/skid_steer_msgs/skid_steer_msgs/msg/rosidl_typesupport_introspection_c__visibility_control.h
[3.240s] -- Installing: /home/mau/skid_steer_ws/install/skid_steer_msgs/lib/libskid_steer_msgs__rosidl_typesupport_introspection_c.so
[3.240s] -- Set runtime path of "/home/mau/skid_steer_ws/install/skid_steer_msgs/lib/libskid_steer_msgs__rosidl_typesupport_introspection_c.so" to ""
[3.240s] -- Installing: /home/mau/skid_steer_ws/install/skid_steer_msgs/lib/libskid_steer_msgs__rosidl_typesupport_c.so
[3.241s] -- Set runtime path of "/home/mau/skid_steer_ws/install/skid_steer_msgs/lib/libskid_steer_msgs__rosidl_typesupport_c.so" to ""
[3.245s] -- Up-to-date: /home/mau/skid_steer_ws/install/skid_steer_msgs/include/skid_steer_msgs/skid_steer_msgs
[3.246s] -- Up-to-date: /home/mau/skid_steer_ws/install/skid_steer_msgs/include/skid_steer_msgs/skid_steer_msgs/srv
[3.246s] -- Up-to-date: /home/mau/skid_steer_ws/install/skid_steer_msgs/include/skid_steer_msgs/skid_steer_msgs/srv/detail
[3.246s] -- Up-to-date: /home/mau/skid_steer_ws/install/skid_steer_msgs/include/skid_steer_msgs/skid_steer_msgs/srv/detail/get_transform__rosidl_typesupport_introspection_cpp.hpp
[3.246s] -- Up-to-date: /home/mau/skid_steer_ws/install/skid_steer_msgs/include/skid_steer_msgs/skid_steer_msgs/srv/detail/add_two_ints__type_support.cpp
[3.246s] -- Up-to-date: /home/mau/skid_steer_ws/install/skid_steer_msgs/include/skid_steer_msgs/skid_steer_msgs/srv/detail/get_transform__type_support.cpp
[3.246s] -- Up-to-date: /home/mau/skid_steer_ws/install/skid_steer_msgs/include/skid_steer_msgs/skid_steer_msgs/srv/detail/add_two_ints__rosidl_typesupport_introspection_cpp.hpp
[3.246s] -- Installing: /home/mau/skid_steer_ws/install/skid_steer_msgs/lib/libskid_steer_msgs__rosidl_typesupport_introspection_cpp.so
[3.246s] -- Set runtime path of "/home/mau/skid_steer_ws/install/skid_steer_msgs/lib/libskid_steer_msgs__rosidl_typesupport_introspection_cpp.so" to ""
[3.246s] -- Installing: /home/mau/skid_steer_ws/install/skid_steer_msgs/lib/libskid_steer_msgs__rosidl_typesupport_cpp.so
[3.246s] -- Set runtime path of "/home/mau/skid_steer_ws/install/skid_steer_msgs/lib/libskid_steer_msgs__rosidl_typesupport_cpp.so" to ""
[3.246s] -- Up-to-date: /home/mau/skid_steer_ws/install/skid_steer_msgs/share/skid_steer_msgs/environment/pythonpath.sh
[3.246s] -- Up-to-date: /home/mau/skid_steer_ws/install/skid_steer_msgs/share/skid_steer_msgs/environment/pythonpath.dsv
[3.247s] -- Up-to-date: /home/mau/skid_steer_ws/install/skid_steer_msgs/local/lib/python3.10/dist-packages/skid_steer_msgs-0.0.0-py3.10.egg-info
[3.247s] -- Installing: /home/mau/skid_steer_ws/install/skid_steer_msgs/local/lib/python3.10/dist-packages/skid_steer_msgs-0.0.0-py3.10.egg-info/SOURCES.txt
[3.247s] -- Installing: /home/mau/skid_steer_ws/install/skid_steer_msgs/local/lib/python3.10/dist-packages/skid_steer_msgs-0.0.0-py3.10.egg-info/dependency_links.txt
[3.247s] -- Installing: /home/mau/skid_steer_ws/install/skid_steer_msgs/local/lib/python3.10/dist-packages/skid_steer_msgs-0.0.0-py3.10.egg-info/top_level.txt
[3.247s] -- Installing: /home/mau/skid_steer_ws/install/skid_steer_msgs/local/lib/python3.10/dist-packages/skid_steer_msgs-0.0.0-py3.10.egg-info/PKG-INFO
[3.247s] -- Up-to-date: /home/mau/skid_steer_ws/install/skid_steer_msgs/local/lib/python3.10/dist-packages/skid_steer_msgs
[3.247s] -- Installing: /home/mau/skid_steer_ws/install/skid_steer_msgs/local/lib/python3.10/dist-packages/skid_steer_msgs/skid_steer_msgs_s__rosidl_typesupport_fastrtps_c.cpython-310-x86_64-linux-gnu.so
[3.247s] -- Up-to-date: /home/mau/skid_steer_ws/install/skid_steer_msgs/local/lib/python3.10/dist-packages/skid_steer_msgs/srv
[3.247s] -- Up-to-date: /home/mau/skid_steer_ws/install/skid_steer_msgs/local/lib/python3.10/dist-packages/skid_steer_msgs/srv/_get_transform_s.c
[3.247s] -- Up-to-date: /home/mau/skid_steer_ws/install/skid_steer_msgs/local/lib/python3.10/dist-packages/skid_steer_msgs/srv/_add_two_ints_s.c
[3.247s] -- Up-to-date: /home/mau/skid_steer_ws/install/skid_steer_msgs/local/lib/python3.10/dist-packages/skid_steer_msgs/srv/_get_transform.py
[3.248s] -- Up-to-date: /home/mau/skid_steer_ws/install/skid_steer_msgs/local/lib/python3.10/dist-packages/skid_steer_msgs/srv/__init__.py
[3.251s] -- Up-to-date: /home/mau/skid_steer_ws/install/skid_steer_msgs/local/lib/python3.10/dist-packages/skid_steer_msgs/srv/_add_two_ints.py
[3.251s] -- Installing: /home/mau/skid_steer_ws/install/skid_steer_msgs/local/lib/python3.10/dist-packages/skid_steer_msgs/skid_steer_msgs_s__rosidl_typesupport_c.cpython-310-x86_64-linux-gnu.so
[3.251s] -- Up-to-date: /home/mau/skid_steer_ws/install/skid_steer_msgs/local/lib/python3.10/dist-packages/skid_steer_msgs/__init__.py
[3.251s] -- Installing: /home/mau/skid_steer_ws/install/skid_steer_msgs/local/lib/python3.10/dist-packages/skid_steer_msgs/skid_steer_msgs_s__rosidl_typesupport_introspection_c.cpython-310-x86_64-linux-gnu.so
[3.251s] -- Up-to-date: /home/mau/skid_steer_ws/install/skid_steer_msgs/local/lib/python3.10/dist-packages/skid_steer_msgs/_skid_steer_msgs_s.ep.rosidl_typesupport_fastrtps_c.c
[3.251s] -- Installing: /home/mau/skid_steer_ws/install/skid_steer_msgs/local/lib/python3.10/dist-packages/skid_steer_msgs/libskid_steer_msgs__rosidl_generator_py.so
[3.251s] -- Up-to-date: /home/mau/skid_steer_ws/install/skid_steer_msgs/local/lib/python3.10/dist-packages/skid_steer_msgs/_skid_steer_msgs_s.ep.rosidl_typesupport_c.c
[3.251s] -- Up-to-date: /home/mau/skid_steer_ws/install/skid_steer_msgs/local/lib/python3.10/dist-packages/skid_steer_msgs/_skid_steer_msgs_s.ep.rosidl_typesupport_introspection_c.c
[3.287s] Listing '/home/mau/skid_steer_ws/install/skid_steer_msgs/local/lib/python3.10/dist-packages/skid_steer_msgs'...
[3.287s] Listing '/home/mau/skid_steer_ws/install/skid_steer_msgs/local/lib/python3.10/dist-packages/skid_steer_msgs/srv'...
[3.311s] -- Installing: /home/mau/skid_steer_ws/install/skid_steer_msgs/local/lib/python3.10/dist-packages/skid_steer_msgs/skid_steer_msgs_s__rosidl_typesupport_fastrtps_c.cpython-310-x86_64-linux-gnu.so
[3.311s] -- Set runtime path of "/home/mau/skid_steer_ws/install/skid_steer_msgs/local/lib/python3.10/dist-packages/skid_steer_msgs/skid_steer_msgs_s__rosidl_typesupport_fastrtps_c.cpython-310-x86_64-linux-gnu.so" to ""
[3.311s] -- Installing: /home/mau/skid_steer_ws/install/skid_steer_msgs/local/lib/python3.10/dist-packages/skid_steer_msgs/skid_steer_msgs_s__rosidl_typesupport_introspection_c.cpython-310-x86_64-linux-gnu.so
[3.311s] -- Set runtime path of "/home/mau/skid_steer_ws/install/skid_steer_msgs/local/lib/python3.10/dist-packages/skid_steer_msgs/skid_steer_msgs_s__rosidl_typesupport_introspection_c.cpython-310-x86_64-linux-gnu.so" to ""
[3.311s] -- Installing: /home/mau/skid_steer_ws/install/skid_steer_msgs/local/lib/python3.10/dist-packages/skid_steer_msgs/skid_steer_msgs_s__rosidl_typesupport_c.cpython-310-x86_64-linux-gnu.so
[3.311s] -- Set runtime path of "/home/mau/skid_steer_ws/install/skid_steer_msgs/local/lib/python3.10/dist-packages/skid_steer_msgs/skid_steer_msgs_s__rosidl_typesupport_c.cpython-310-x86_64-linux-gnu.so" to ""
[3.311s] -- Installing: /home/mau/skid_steer_ws/install/skid_steer_msgs/lib/libskid_steer_msgs__rosidl_generator_py.so
[3.311s] -- Set runtime path of "/home/mau/skid_steer_ws/install/skid_steer_msgs/lib/libskid_steer_msgs__rosidl_generator_py.so" to ""
[3.312s] -- Up-to-date: /home/mau/skid_steer_ws/install/skid_steer_msgs/share/skid_steer_msgs/srv/AddTwoInts.idl
[3.312s] -- Up-to-date: /home/mau/skid_steer_ws/install/skid_steer_msgs/share/skid_steer_msgs/srv/GetTransform.idl
[3.312s] -- Up-to-date: /home/mau/skid_steer_ws/install/skid_steer_msgs/share/skid_steer_msgs/srv/AddTwoInts.srv
[3.312s] -- Up-to-date: /home/mau/skid_steer_ws/install/skid_steer_msgs/share/skid_steer_msgs/srv/AddTwoInts_Request.msg
[3.312s] -- Up-to-date: /home/mau/skid_steer_ws/install/skid_steer_msgs/share/skid_steer_msgs/srv/AddTwoInts_Response.msg
[3.312s] -- Up-to-date: /home/mau/skid_steer_ws/install/skid_steer_msgs/share/skid_steer_msgs/srv/GetTransform.srv
[3.312s] -- Up-to-date: /home/mau/skid_steer_ws/install/skid_steer_msgs/share/skid_steer_msgs/srv/GetTransform_Request.msg
[3.312s] -- Up-to-date: /home/mau/skid_steer_ws/install/skid_steer_msgs/share/skid_steer_msgs/srv/GetTransform_Response.msg
[3.312s] -- Up-to-date: /home/mau/skid_steer_ws/install/skid_steer_msgs/share/ament_index/resource_index/package_run_dependencies/skid_steer_msgs
[3.312s] -- Up-to-date: /home/mau/skid_steer_ws/install/skid_steer_msgs/share/ament_index/resource_index/parent_prefix_path/skid_steer_msgs
[3.312s] -- Up-to-date: /home/mau/skid_steer_ws/install/skid_steer_msgs/share/skid_steer_msgs/environment/ament_prefix_path.sh
[3.312s] -- Up-to-date: /home/mau/skid_steer_ws/install/skid_steer_msgs/share/skid_steer_msgs/environment/ament_prefix_path.dsv
[3.312s] -- Up-to-date: /home/mau/skid_steer_ws/install/skid_steer_msgs/share/skid_steer_msgs/environment/path.sh
[3.312s] -- Up-to-date: /home/mau/skid_steer_ws/install/skid_steer_msgs/share/skid_steer_msgs/environment/path.dsv
[3.313s] -- Up-to-date: /home/mau/skid_steer_ws/install/skid_steer_msgs/share/skid_steer_msgs/local_setup.bash
[3.313s] -- Up-to-date: /home/mau/skid_steer_ws/install/skid_steer_msgs/share/skid_steer_msgs/local_setup.sh
[3.313s] -- Up-to-date: /home/mau/skid_steer_ws/install/skid_steer_msgs/share/skid_steer_msgs/local_setup.zsh
[3.313s] -- Up-to-date: /home/mau/skid_steer_ws/install/skid_steer_msgs/share/skid_steer_msgs/local_setup.dsv
[3.313s] -- Installing: /home/mau/skid_steer_ws/install/skid_steer_msgs/share/skid_steer_msgs/package.dsv
[3.324s] -- Up-to-date: /home/mau/skid_steer_ws/install/skid_steer_msgs/share/ament_index/resource_index/packages/skid_steer_msgs
[3.324s] -- Up-to-date: /home/mau/skid_steer_ws/install/skid_steer_msgs/share/skid_steer_msgs/cmake/export_skid_steer_msgs__rosidl_generator_cExport.cmake
[3.325s] -- Up-to-date: /home/mau/skid_steer_ws/install/skid_steer_msgs/share/skid_steer_msgs/cmake/export_skid_steer_msgs__rosidl_generator_cExport-noconfig.cmake
[3.325s] -- Up-to-date: /home/mau/skid_steer_ws/install/skid_steer_msgs/share/skid_steer_msgs/cmake/export_skid_steer_msgs__rosidl_typesupport_fastrtps_cExport.cmake
[3.325s] -- Up-to-date: /home/mau/skid_steer_ws/install/skid_steer_msgs/share/skid_steer_msgs/cmake/export_skid_steer_msgs__rosidl_typesupport_fastrtps_cExport-noconfig.cmake
[3.325s] -- Up-to-date: /home/mau/skid_steer_ws/install/skid_steer_msgs/share/skid_steer_msgs/cmake/export_skid_steer_msgs__rosidl_generator_cppExport.cmake
[3.325s] -- Up-to-date: /home/mau/skid_steer_ws/install/skid_steer_msgs/share/skid_steer_msgs/cmake/export_skid_steer_msgs__rosidl_typesupport_fastrtps_cppExport.cmake
[3.325s] -- Up-to-date: /home/mau/skid_steer_ws/install/skid_steer_msgs/share/skid_steer_msgs/cmake/export_skid_steer_msgs__rosidl_typesupport_fastrtps_cppExport-noconfig.cmake
[3.325s] -- Up-to-date: /home/mau/skid_steer_ws/install/skid_steer_msgs/share/skid_steer_msgs/cmake/skid_steer_msgs__rosidl_typesupport_introspection_cExport.cmake
[3.325s] -- Up-to-date: /home/mau/skid_steer_ws/install/skid_steer_msgs/share/skid_steer_msgs/cmake/skid_steer_msgs__rosidl_typesupport_introspection_cExport-noconfig.cmake
[3.325s] -- Up-to-date: /home/mau/skid_steer_ws/install/skid_steer_msgs/share/skid_steer_msgs/cmake/skid_steer_msgs__rosidl_typesupport_cExport.cmake
[3.325s] -- Up-to-date: /home/mau/skid_steer_ws/install/skid_steer_msgs/share/skid_steer_msgs/cmake/skid_steer_msgs__rosidl_typesupport_cExport-noconfig.cmake
[3.325s] -- Up-to-date: /home/mau/skid_steer_ws/install/skid_steer_msgs/share/skid_steer_msgs/cmake/skid_steer_msgs__rosidl_typesupport_introspection_cppExport.cmake
[3.325s] -- Up-to-date: /home/mau/skid_steer_ws/install/skid_steer_msgs/share/skid_steer_msgs/cmake/skid_steer_msgs__rosidl_typesupport_introspection_cppExport-noconfig.cmake
[3.325s] -- Up-to-date: /home/mau/skid_steer_ws/install/skid_steer_msgs/share/skid_steer_msgs/cmake/skid_steer_msgs__rosidl_typesupport_cppExport.cmake
[3.325s] -- Up-to-date: /home/mau/skid_steer_ws/install/skid_steer_msgs/share/skid_steer_msgs/cmake/skid_steer_msgs__rosidl_typesupport_cppExport-noconfig.cmake
[3.326s] -- Up-to-date: /home/mau/skid_steer_ws/install/skid_steer_msgs/share/skid_steer_msgs/cmake/export_skid_steer_msgs__rosidl_generator_pyExport.cmake
[3.326s] -- Up-to-date: /home/mau/skid_steer_ws/install/skid_steer_msgs/share/skid_steer_msgs/cmake/export_skid_steer_msgs__rosidl_generator_pyExport-noconfig.cmake
[3.326s] -- Up-to-date: /home/mau/skid_steer_ws/install/skid_steer_msgs/share/skid_steer_msgs/cmake/rosidl_cmake-extras.cmake
[3.326s] -- Up-to-date: /home/mau/skid_steer_ws/install/skid_steer_msgs/share/skid_steer_msgs/cmake/ament_cmake_export_dependencies-extras.cmake
[3.326s] -- Up-to-date: /home/mau/skid_steer_ws/install/skid_steer_msgs/share/skid_steer_msgs/cmake/ament_cmake_export_include_directories-extras.cmake
[3.326s] -- Up-to-date: /home/mau/skid_steer_ws/install/skid_steer_msgs/share/skid_steer_msgs/cmake/ament_cmake_export_libraries-extras.cmake
[3.326s] -- Up-to-date: /home/mau/skid_steer_ws/install/skid_steer_msgs/share/skid_steer_msgs/cmake/ament_cmake_export_targets-extras.cmake
[3.326s] -- Up-to-date: /home/mau/skid_steer_ws/install/skid_steer_msgs/share/skid_steer_msgs/cmake/rosidl_cmake_export_typesupport_targets-extras.cmake
[3.326s] -- Up-to-date: /home/mau/skid_steer_ws/install/skid_steer_msgs/share/skid_steer_msgs/cmake/rosidl_cmake_export_typesupport_libraries-extras.cmake
[3.326s] -- Up-to-date: /home/mau/skid_steer_ws/install/skid_steer_msgs/share/skid_steer_msgs/cmake/skid_steer_msgsConfig.cmake
[3.326s] -- Up-to-date: /home/mau/skid_steer_ws/install/skid_steer_msgs/share/skid_steer_msgs/cmake/skid_steer_msgsConfig-version.cmake
[3.326s] -- Up-to-date: /home/mau/skid_steer_ws/install/skid_steer_msgs/share/skid_steer_msgs/package.xml
[3.427s] Invoked command in '/home/mau/skid_steer_ws/build/skid_steer_msgs' returned '0': CMAKE_PREFIX_PATH=${CMAKE_PREFIX_PATH}:/home/mau/bumperbot_ws/install/bumperbot_py_examples:/home/mau/ros2_ws/install/my_py_pkg:/home/mau/skid_steer_ws/install/skid_steer_py_examples:/home/mau/skid_steer_ws/install/imu_driver:/opt/ros/humble /usr/bin/cmake --install /home/mau/skid_steer_ws/build/skid_steer_msgs
