[0.318s] Invoking command in '/home/mau/skid_steer_ws/build/skid_steer_motion': CMAKE_PREFIX_PATH=${CMAKE_PREFIX_PATH}:/home/mau/bumperbot_ws/install/bumperbot_py_examples:/home/mau/ros2_ws/install/my_py_pkg:/home/mau/skid_steer_ws/install/skid_steer_py_examples:/home/mau/skid_steer_ws/install/imu_driver:/opt/ros/humble /usr/bin/cmake --build /home/mau/skid_steer_ws/build/skid_steer_motion -- -j12 -l12
[0.384s] -- Found ament_cmake: 1.3.12 (/opt/ros/humble/share/ament_cmake/cmake)
[0.564s] -- Found rclpy: 3.3.17 (/opt/ros/humble/share/rclpy/cmake)
[0.564s] -- Found rclcpp: 16.0.14 (/opt/ros/humble/share/rclcpp/cmake)
[0.583s] -- Found rosidl_generator_c: 3.1.7 (/opt/ros/humble/share/rosidl_generator_c/cmake)
[0.585s] -- Found rosidl_adapter: 3.1.7 (/opt/ros/humble/share/rosidl_adapter/cmake)
[0.591s] -- Found rosidl_generator_cpp: 3.1.7 (/opt/ros/humble/share/rosidl_generator_cpp/cmake)
[0.601s] -- Using all available rosidl_typesupport_c: rosidl_typesupport_fastrtps_c;rosidl_typesupport_introspection_c
[0.614s] -- Using all available rosidl_typesupport_cpp: rosidl_typesupport_fastrtps_cpp;rosidl_typesupport_introspection_cpp
[0.645s] -- Found rmw_implementation_cmake: 6.1.2 (/opt/ros/humble/share/rmw_implementation_cmake/cmake)
[0.647s] -- Found rmw_cyclonedds_cpp: 1.3.4 (/opt/ros/humble/share/rmw_cyclonedds_cpp/cmake)
[0.665s] -- Using RMW implementation 'rmw_cyclonedds_cpp' as default
[0.715s] -- Found nav_msgs: 4.9.0 (/opt/ros/humble/share/nav_msgs/cmake)
[0.743s] -- Found tf2_ros: 0.25.16 (/opt/ros/humble/share/tf2_ros/cmake)
[0.840s] -- Found tf2_geometry_msgs: 0.25.16 (/opt/ros/humble/share/tf2_geometry_msgs/cmake)
[0.843s] -- Found eigen3_cmake_module: 0.1.1 (/opt/ros/humble/share/eigen3_cmake_module/cmake)
[0.844s] -- Ensuring Eigen3 include directory is part of orocos-kdl CMake target
[0.921s] -- Found ament_lint_auto: 0.12.14 (/opt/ros/humble/share/ament_lint_auto/cmake)
[0.983s] -- Added test 'cppcheck' to perform static code analysis on C / C++ code
[0.983s] -- Configured cppcheck include dirs: /home/mau/skid_steer_ws/src/skid_steer_motion/include
[0.983s] -- Configured cppcheck exclude dirs and/or files: 
[0.984s] -- Added test 'flake8' to check Python code syntax and style conventions
[0.984s] -- Added test 'lint_cmake' to check CMake code style
[0.984s] -- Added test 'pep257' to check Python code against some of the docstring style conventions in PEP 257
[0.985s] -- Added test 'uncrustify' to check C / C++ code style
[0.986s] -- Configured uncrustify additional arguments: 
[0.986s] -- Added test 'xmllint' to check XML markup files
[0.987s] -- Configuring done
[1.017s] -- Generating done
[1.023s] -- Build files have been written to: /home/mau/skid_steer_ws/build/skid_steer_motion
[1.058s] [35m[1mConsolidate compiler generated dependencies of target pi_motion_planner[0m
[1.059s] [35m[1mConsolidate compiler generated dependencies of target pd_motion_planner[0m
[1.059s] [35m[1mConsolidate compiler generated dependencies of target pid_motion_planner[0m
[1.077s] [ 12%] [32mBuilding CXX object CMakeFiles/pure_pursuit.dir/src/pure_pursuit.cpp.o[0m
[1.087s] [ 37%] Built target pd_motion_planner
[1.087s] [ 62%] Built target pi_motion_planner
[1.087s] [ 87%] Built target pid_motion_planner
[1.090s] [ 87%] Built target ament_cmake_python_copy_skid_steer_motion
[1.344s] running egg_info
[1.344s] writing skid_steer_motion.egg-info/PKG-INFO
[1.344s] writing dependency_links to skid_steer_motion.egg-info/dependency_links.txt
[1.344s] writing top-level names to skid_steer_motion.egg-info/top_level.txt
[1.346s] reading manifest file 'skid_steer_motion.egg-info/SOURCES.txt'
[1.346s] writing manifest file 'skid_steer_motion.egg-info/SOURCES.txt'
[1.372s] [ 87%] Built target ament_cmake_python_build_skid_steer_motion_egg
[3.151s] [01m[K/home/mau/skid_steer_ws/src/skid_steer_motion/src/pure_pursuit.cpp:[m[K In member function ‘[01m[Kdouble skid_steer_motion::PurePursuit::GetCurvature(const Pose&)[m[K’:
[3.151s] [01m[K/home/mau/skid_steer_ws/src/skid_steer_motion/src/pure_pursuit.cpp:134:36:[m[K [01;31m[Kerror: [m[K‘[01m[Kconst Pose[m[K’ {aka ‘[01m[Kconst struct geometry_msgs::msg::Pose_<std::allocator<void> >[m[K’} has no member named ‘[01m[Ky[m[K’
[3.151s]   134 |         return 2 * checkpoint_pose.[01;31m[Ky[m[K / L;
[3.152s]       |                                    [01;31m[K^[m[K
[5.159s] gmake[2]: *** [CMakeFiles/pure_pursuit.dir/build.make:76: CMakeFiles/pure_pursuit.dir/src/pure_pursuit.cpp.o] Error 1
[5.160s] gmake[1]: *** [CMakeFiles/Makefile2:224: CMakeFiles/pure_pursuit.dir/all] Error 2
[5.160s] gmake: *** [Makefile:146: all] Error 2
[5.163s] Invoked command in '/home/mau/skid_steer_ws/build/skid_steer_motion' returned '2': CMAKE_PREFIX_PATH=${CMAKE_PREFIX_PATH}:/home/mau/bumperbot_ws/install/bumperbot_py_examples:/home/mau/ros2_ws/install/my_py_pkg:/home/mau/skid_steer_ws/install/skid_steer_py_examples:/home/mau/skid_steer_ws/install/imu_driver:/opt/ros/humble /usr/bin/cmake --build /home/mau/skid_steer_ws/build/skid_steer_motion -- -j12 -l12
