[0.307s] Invoking command in '/home/mau/skid_steer_ws/build/skid_steer_firmware': CMAKE_PREFIX_PATH=${CMAKE_PREFIX_PATH}:/home/mau/bumperbot_ws/install/bumperbot_py_examples:/home/mau/ros2_ws/install/my_py_pkg:/home/mau/skid_steer_ws/install/skid_steer_py_examples:/home/mau/skid_steer_ws/install/imu_driver:/opt/ros/humble /usr/bin/cmake --build /home/mau/skid_steer_ws/build/skid_steer_firmware -- -j12 -l12
[0.424s] [ 33%] Built target skid_steer_firmware
[0.435s] [ 66%] Built target simple_serial_receiver
[0.447s] [100%] Built target simple_serial_transmitter
[0.542s] Invoked command in '/home/mau/skid_steer_ws/build/skid_steer_firmware' returned '0': CMAKE_PREFIX_PATH=${CMAKE_PREFIX_PATH}:/home/mau/bumperbot_ws/install/bumperbot_py_examples:/home/mau/ros2_ws/install/my_py_pkg:/home/mau/skid_steer_ws/install/skid_steer_py_examples:/home/mau/skid_steer_ws/install/imu_driver:/opt/ros/humble /usr/bin/cmake --build /home/mau/skid_steer_ws/build/skid_steer_firmware -- -j12 -l12
[0.543s] Invoking command in '/home/mau/skid_steer_ws/build/skid_steer_firmware': CMAKE_PREFIX_PATH=${CMAKE_PREFIX_PATH}:/home/mau/bumperbot_ws/install/bumperbot_py_examples:/home/mau/ros2_ws/install/my_py_pkg:/home/mau/skid_steer_ws/install/skid_steer_py_examples:/home/mau/skid_steer_ws/install/imu_driver:/opt/ros/humble /usr/bin/cmake --install /home/mau/skid_steer_ws/build/skid_steer_firmware
[0.584s] -- Install configuration: ""
[0.584s] -- Up-to-date: /home/mau/skid_steer_ws/install/skid_steer_firmware/share/skid_steer_firmware/skid_steer_interface.xml
[0.585s] -- Up-to-date: /home/mau/skid_steer_ws/install/skid_steer_firmware/share/skid_steer_firmware/launch
[0.585s] -- Up-to-date: /home/mau/skid_steer_ws/install/skid_steer_firmware/share/skid_steer_firmware/launch/hardware_interface.launch.py
[0.585s] -- Up-to-date: /home/mau/skid_steer_ws/install/skid_steer_firmware/lib/skid_steer_firmware/simple_serial_transmitter
[0.585s] -- Up-to-date: /home/mau/skid_steer_ws/install/skid_steer_firmware/lib/skid_steer_firmware/simple_serial_receiver
[0.585s] -- Up-to-date: /home/mau/skid_steer_ws/install/skid_steer_firmware/lib/libskid_steer_firmware.so
[0.585s] -- Up-to-date: /home/mau/skid_steer_ws/install/skid_steer_firmware/include/include
[0.585s] -- Up-to-date: /home/mau/skid_steer_ws/install/skid_steer_firmware/include/include/skid_steer_firmware
[0.585s] -- Up-to-date: /home/mau/skid_steer_ws/install/skid_steer_firmware/include/include/skid_steer_firmware/skid_steer_interface.hpp
[0.585s] -- Up-to-date: /home/mau/skid_steer_ws/install/skid_steer_firmware/share/skid_steer_firmware/environment/library_path.sh
[0.585s] -- Up-to-date: /home/mau/skid_steer_ws/install/skid_steer_firmware/share/skid_steer_firmware/environment/library_path.dsv
[0.585s] -- Up-to-date: /home/mau/skid_steer_ws/install/skid_steer_firmware/share/ament_index/resource_index/package_run_dependencies/skid_steer_firmware
[0.585s] -- Up-to-date: /home/mau/skid_steer_ws/install/skid_steer_firmware/share/ament_index/resource_index/parent_prefix_path/skid_steer_firmware
[0.586s] -- Up-to-date: /home/mau/skid_steer_ws/install/skid_steer_firmware/share/skid_steer_firmware/environment/ament_prefix_path.sh
[0.586s] -- Up-to-date: /home/mau/skid_steer_ws/install/skid_steer_firmware/share/skid_steer_firmware/environment/ament_prefix_path.dsv
[0.586s] -- Up-to-date: /home/mau/skid_steer_ws/install/skid_steer_firmware/share/skid_steer_firmware/environment/path.sh
[0.586s] -- Up-to-date: /home/mau/skid_steer_ws/install/skid_steer_firmware/share/skid_steer_firmware/environment/path.dsv
[0.586s] -- Up-to-date: /home/mau/skid_steer_ws/install/skid_steer_firmware/share/skid_steer_firmware/local_setup.bash
[0.586s] -- Up-to-date: /home/mau/skid_steer_ws/install/skid_steer_firmware/share/skid_steer_firmware/local_setup.sh
[0.586s] -- Up-to-date: /home/mau/skid_steer_ws/install/skid_steer_firmware/share/skid_steer_firmware/local_setup.zsh
[0.586s] -- Up-to-date: /home/mau/skid_steer_ws/install/skid_steer_firmware/share/skid_steer_firmware/local_setup.dsv
[0.586s] -- Installing: /home/mau/skid_steer_ws/install/skid_steer_firmware/share/skid_steer_firmware/package.dsv
[0.586s] -- Up-to-date: /home/mau/skid_steer_ws/install/skid_steer_firmware/share/ament_index/resource_index/packages/skid_steer_firmware
[0.586s] -- Up-to-date: /home/mau/skid_steer_ws/install/skid_steer_firmware/share/ament_index/resource_index/hardware_interface__pluginlib__plugin/skid_steer_firmware
[0.587s] -- Up-to-date: /home/mau/skid_steer_ws/install/skid_steer_firmware/share/skid_steer_firmware/cmake/ament_cmake_export_include_directories-extras.cmake
[0.587s] -- Up-to-date: /home/mau/skid_steer_ws/install/skid_steer_firmware/share/skid_steer_firmware/cmake/ament_cmake_export_libraries-extras.cmake
[0.587s] -- Up-to-date: /home/mau/skid_steer_ws/install/skid_steer_firmware/share/skid_steer_firmware/cmake/ament_cmake_export_dependencies-extras.cmake
[0.587s] -- Up-to-date: /home/mau/skid_steer_ws/install/skid_steer_firmware/share/skid_steer_firmware/cmake/skid_steer_firmwareConfig.cmake
[0.587s] -- Up-to-date: /home/mau/skid_steer_ws/install/skid_steer_firmware/share/skid_steer_firmware/cmake/skid_steer_firmwareConfig-version.cmake
[0.587s] -- Up-to-date: /home/mau/skid_steer_ws/install/skid_steer_firmware/share/skid_steer_firmware/package.xml
[0.630s] Invoked command in '/home/mau/skid_steer_ws/build/skid_steer_firmware' returned '0': CMAKE_PREFIX_PATH=${CMAKE_PREFIX_PATH}:/home/mau/bumperbot_ws/install/bumperbot_py_examples:/home/mau/ros2_ws/install/my_py_pkg:/home/mau/skid_steer_ws/install/skid_steer_py_examples:/home/mau/skid_steer_ws/install/imu_driver:/opt/ros/humble /usr/bin/cmake --install /home/mau/skid_steer_ws/build/skid_steer_firmware
