[0.458s] Invoking command in '/home/mau/skid_steer_ws/build/skid_steer_planning': CMAKE_PREFIX_PATH=${CMAKE_PREFIX_PATH}:/home/mau/bumperbot_ws/install/bumperbot_py_examples:/home/mau/ros2_ws/install/my_py_pkg:/home/mau/skid_steer_ws/install/skid_steer_py_examples:/home/mau/skid_steer_ws/install/imu_driver:/opt/ros/humble /usr/bin/cmake --build /home/mau/skid_steer_ws/build/skid_steer_planning -- -j12 -l12
[0.679s] [ 12%] [32mBuilding CXX object CMakeFiles/a_star_planner.dir/src/a_star_planner.cpp.o[0m
[0.681s] [ 25%] [32mBuilding CXX object CMakeFiles/dijkstra_costmap_planner.dir/src/dijkstra_costmap_planner.cpp.o[0m
[0.689s] [ 37%] [32mBuilding CXX object CMakeFiles/a_star_costmap_planner.dir/src/a_star_costmap_planner.cpp.o[0m
[0.703s] [ 37%] Built target ament_cmake_python_copy_skid_steer_planning
[0.714s] [ 50%] [32mBuilding CXX object CMakeFiles/dijkstra_planner.dir/src/dijkstra_planner.cpp.o[0m
[1.544s] running egg_info
[1.551s] writing skid_steer_planning.egg-info/PKG-INFO
[1.551s] writing dependency_links to skid_steer_planning.egg-info/dependency_links.txt
[1.551s] writing top-level names to skid_steer_planning.egg-info/top_level.txt
[1.557s] reading manifest file 'skid_steer_planning.egg-info/SOURCES.txt'
[1.558s] writing manifest file 'skid_steer_planning.egg-info/SOURCES.txt'
[1.640s] [ 50%] Built target ament_cmake_python_build_skid_steer_planning_egg
[29.744s] [ 62%] [32m[1mLinking CXX executable a_star_costmap_planner[0m
[29.848s] [ 75%] [32m[1mLinking CXX executable dijkstra_planner[0m
[30.308s] [ 75%] Built target a_star_costmap_planner
[30.419s] [ 75%] Built target dijkstra_planner
[30.651s] [ 87%] [32m[1mLinking CXX executable dijkstra_costmap_planner[0m
[31.172s] [100%] [32m[1mLinking CXX executable a_star_planner[0m
[31.212s] [100%] Built target dijkstra_costmap_planner
[31.672s] [100%] Built target a_star_planner
[31.688s] Invoked command in '/home/mau/skid_steer_ws/build/skid_steer_planning' returned '0': CMAKE_PREFIX_PATH=${CMAKE_PREFIX_PATH}:/home/mau/bumperbot_ws/install/bumperbot_py_examples:/home/mau/ros2_ws/install/my_py_pkg:/home/mau/skid_steer_ws/install/skid_steer_py_examples:/home/mau/skid_steer_ws/install/imu_driver:/opt/ros/humble /usr/bin/cmake --build /home/mau/skid_steer_ws/build/skid_steer_planning -- -j12 -l12
[31.690s] Invoking command in '/home/mau/skid_steer_ws/build/skid_steer_planning': CMAKE_PREFIX_PATH=${CMAKE_PREFIX_PATH}:/home/mau/bumperbot_ws/install/bumperbot_py_examples:/home/mau/ros2_ws/install/my_py_pkg:/home/mau/skid_steer_ws/install/skid_steer_py_examples:/home/mau/skid_steer_ws/install/imu_driver:/opt/ros/humble /usr/bin/cmake --install /home/mau/skid_steer_ws/build/skid_steer_planning
[31.701s] -- Install configuration: ""
[31.701s] -- Up-to-date: /home/mau/skid_steer_ws/install/skid_steer_planning/share/skid_steer_planning/environment/pythonpath.sh
[31.701s] -- Up-to-date: /home/mau/skid_steer_ws/install/skid_steer_planning/share/skid_steer_planning/environment/pythonpath.dsv
[31.701s] -- Up-to-date: /home/mau/skid_steer_ws/install/skid_steer_planning/local/lib/python3.10/dist-packages/skid_steer_planning-0.0.0-py3.10.egg-info
[31.701s] -- Installing: /home/mau/skid_steer_ws/install/skid_steer_planning/local/lib/python3.10/dist-packages/skid_steer_planning-0.0.0-py3.10.egg-info/SOURCES.txt
[31.701s] -- Installing: /home/mau/skid_steer_ws/install/skid_steer_planning/local/lib/python3.10/dist-packages/skid_steer_planning-0.0.0-py3.10.egg-info/dependency_links.txt
[31.702s] -- Installing: /home/mau/skid_steer_ws/install/skid_steer_planning/local/lib/python3.10/dist-packages/skid_steer_planning-0.0.0-py3.10.egg-info/top_level.txt
[31.702s] -- Installing: /home/mau/skid_steer_ws/install/skid_steer_planning/local/lib/python3.10/dist-packages/skid_steer_planning-0.0.0-py3.10.egg-info/PKG-INFO
[31.702s] -- Up-to-date: /home/mau/skid_steer_ws/install/skid_steer_planning/local/lib/python3.10/dist-packages/skid_steer_planning
[31.702s] -- Up-to-date: /home/mau/skid_steer_ws/install/skid_steer_planning/local/lib/python3.10/dist-packages/skid_steer_planning/__init__.py
[31.702s] -- Up-to-date: /home/mau/skid_steer_ws/install/skid_steer_planning/local/lib/python3.10/dist-packages/skid_steer_planning/a_star_costmap_planner.py
[31.702s] -- Up-to-date: /home/mau/skid_steer_ws/install/skid_steer_planning/local/lib/python3.10/dist-packages/skid_steer_planning/dijkstra_costmap_planner.py
[31.702s] -- Up-to-date: /home/mau/skid_steer_ws/install/skid_steer_planning/local/lib/python3.10/dist-packages/skid_steer_planning/a_star_planner.py
[31.702s] -- Up-to-date: /home/mau/skid_steer_ws/install/skid_steer_planning/local/lib/python3.10/dist-packages/skid_steer_planning/dijkstra_planner.py
[31.742s] Listing '/home/mau/skid_steer_ws/install/skid_steer_planning/local/lib/python3.10/dist-packages/skid_steer_planning'...
[31.745s] -- Up-to-date: /home/mau/skid_steer_ws/install/skid_steer_planning/lib/skid_steer_planning/dijkstra_planner.py
[31.745s] -- Up-to-date: /home/mau/skid_steer_ws/install/skid_steer_planning/lib/skid_steer_planning/a_star_planner.py
[31.745s] -- Up-to-date: /home/mau/skid_steer_ws/install/skid_steer_planning/lib/skid_steer_planning/dijkstra_costmap_planner.py
[31.746s] -- Up-to-date: /home/mau/skid_steer_ws/install/skid_steer_planning/lib/skid_steer_planning/a_star_costmap_planner.py
[31.746s] -- Up-to-date: /home/mau/skid_steer_ws/install/skid_steer_planning/include/include
[31.746s] -- Up-to-date: /home/mau/skid_steer_ws/install/skid_steer_planning/include/include/skid_steer_planning
[31.746s] -- Up-to-date: /home/mau/skid_steer_ws/install/skid_steer_planning/include/include/skid_steer_planning/a_star_planner.hpp
[31.746s] -- Up-to-date: /home/mau/skid_steer_ws/install/skid_steer_planning/include/include/skid_steer_planning/dijkstra_costmap_planner.hpp
[31.746s] -- Up-to-date: /home/mau/skid_steer_ws/install/skid_steer_planning/include/include/skid_steer_planning/dijkstra_planner.hpp
[31.746s] -- Up-to-date: /home/mau/skid_steer_ws/install/skid_steer_planning/include/include/skid_steer_planning/a_star_costmap_planner.hpp
[31.746s] -- Installing: /home/mau/skid_steer_ws/install/skid_steer_planning/lib/skid_steer_planning/dijkstra_planner
[31.757s] -- Set runtime path of "/home/mau/skid_steer_ws/install/skid_steer_planning/lib/skid_steer_planning/dijkstra_planner" to ""
[31.758s] -- Installing: /home/mau/skid_steer_ws/install/skid_steer_planning/lib/skid_steer_planning/a_star_planner
[31.768s] -- Set runtime path of "/home/mau/skid_steer_ws/install/skid_steer_planning/lib/skid_steer_planning/a_star_planner" to ""
[31.769s] -- Installing: /home/mau/skid_steer_ws/install/skid_steer_planning/lib/skid_steer_planning/dijkstra_costmap_planner
[31.780s] -- Set runtime path of "/home/mau/skid_steer_ws/install/skid_steer_planning/lib/skid_steer_planning/dijkstra_costmap_planner" to ""
[31.780s] -- Installing: /home/mau/skid_steer_ws/install/skid_steer_planning/lib/skid_steer_planning/a_star_costmap_planner
[31.791s] -- Set runtime path of "/home/mau/skid_steer_ws/install/skid_steer_planning/lib/skid_steer_planning/a_star_costmap_planner" to ""
[31.791s] -- Up-to-date: /home/mau/skid_steer_ws/install/skid_steer_planning/share/ament_index/resource_index/package_run_dependencies/skid_steer_planning
[31.791s] -- Up-to-date: /home/mau/skid_steer_ws/install/skid_steer_planning/share/ament_index/resource_index/parent_prefix_path/skid_steer_planning
[31.792s] -- Up-to-date: /home/mau/skid_steer_ws/install/skid_steer_planning/share/skid_steer_planning/environment/ament_prefix_path.sh
[31.792s] -- Up-to-date: /home/mau/skid_steer_ws/install/skid_steer_planning/share/skid_steer_planning/environment/ament_prefix_path.dsv
[31.792s] -- Up-to-date: /home/mau/skid_steer_ws/install/skid_steer_planning/share/skid_steer_planning/environment/path.sh
[31.792s] -- Up-to-date: /home/mau/skid_steer_ws/install/skid_steer_planning/share/skid_steer_planning/environment/path.dsv
[31.792s] -- Up-to-date: /home/mau/skid_steer_ws/install/skid_steer_planning/share/skid_steer_planning/local_setup.bash
[31.792s] -- Up-to-date: /home/mau/skid_steer_ws/install/skid_steer_planning/share/skid_steer_planning/local_setup.sh
[31.792s] -- Up-to-date: /home/mau/skid_steer_ws/install/skid_steer_planning/share/skid_steer_planning/local_setup.zsh
[31.792s] -- Up-to-date: /home/mau/skid_steer_ws/install/skid_steer_planning/share/skid_steer_planning/local_setup.dsv
[31.792s] -- Up-to-date: /home/mau/skid_steer_ws/install/skid_steer_planning/share/skid_steer_planning/package.dsv
[31.793s] -- Up-to-date: /home/mau/skid_steer_ws/install/skid_steer_planning/share/ament_index/resource_index/packages/skid_steer_planning
[31.793s] -- Up-to-date: /home/mau/skid_steer_ws/install/skid_steer_planning/share/skid_steer_planning/cmake/ament_cmake_export_include_directories-extras.cmake
[31.793s] -- Up-to-date: /home/mau/skid_steer_ws/install/skid_steer_planning/share/skid_steer_planning/cmake/ament_cmake_export_dependencies-extras.cmake
[31.793s] -- Up-to-date: /home/mau/skid_steer_ws/install/skid_steer_planning/share/skid_steer_planning/cmake/skid_steer_planningConfig.cmake
[31.793s] -- Up-to-date: /home/mau/skid_steer_ws/install/skid_steer_planning/share/skid_steer_planning/cmake/skid_steer_planningConfig-version.cmake
[31.793s] -- Up-to-date: /home/mau/skid_steer_ws/install/skid_steer_planning/share/skid_steer_planning/package.xml
[31.797s] Invoked command in '/home/mau/skid_steer_ws/build/skid_steer_planning' returned '0': CMAKE_PREFIX_PATH=${CMAKE_PREFIX_PATH}:/home/mau/bumperbot_ws/install/bumperbot_py_examples:/home/mau/ros2_ws/install/my_py_pkg:/home/mau/skid_steer_ws/install/skid_steer_py_examples:/home/mau/skid_steer_ws/install/imu_driver:/opt/ros/humble /usr/bin/cmake --install /home/mau/skid_steer_ws/build/skid_steer_planning
