-- Install configuration: ""
-- Up-to-date: /home/mau/skid_steer_ws/install/skid_steer_navigation/share/skid_steer_navigation/launch
-- Up-to-date: /home/mau/skid_steer_ws/install/skid_steer_navigation/share/skid_steer_navigation/launch/nav2_bringup.launch.py
-- Up-to-date: /home/mau/skid_steer_ws/install/skid_steer_navigation/share/skid_steer_navigation/config
-- Up-to-date: /home/mau/skid_steer_ws/install/skid_steer_navigation/share/skid_steer_navigation/config/nav2_params.yaml
-- Up-to-date: /home/mau/skid_steer_ws/install/skid_steer_navigation/share/skid_steer_navigation/config/keepout_mask_pasillo.yaml
-- Up-to-date: /home/mau/skid_steer_ws/install/skid_steer_navigation/share/skid_steer_navigation/config/keepout_mask.yaml
-- Up-to-date: /home/mau/skid_steer_ws/install/skid_steer_navigation/share/skid_steer_navigation/keepout_filter_maps
-- Up-to-date: /home/mau/skid_steer_ws/install/skid_steer_navigation/share/skid_steer_navigation/keepout_filter_maps/keepout_mask.pgm
-- Up-to-date: /home/mau/skid_steer_ws/install/skid_steer_navigation/share/ament_index/resource_index/package_run_dependencies/skid_steer_navigation
-- Up-to-date: /home/mau/skid_steer_ws/install/skid_steer_navigation/share/ament_index/resource_index/parent_prefix_path/skid_steer_navigation
-- Up-to-date: /home/mau/skid_steer_ws/install/skid_steer_navigation/share/skid_steer_navigation/environment/ament_prefix_path.sh
-- Up-to-date: /home/mau/skid_steer_ws/install/skid_steer_navigation/share/skid_steer_navigation/environment/ament_prefix_path.dsv
-- Up-to-date: /home/mau/skid_steer_ws/install/skid_steer_navigation/share/skid_steer_navigation/environment/path.sh
-- Up-to-date: /home/mau/skid_steer_ws/install/skid_steer_navigation/share/skid_steer_navigation/environment/path.dsv
-- Up-to-date: /home/mau/skid_steer_ws/install/skid_steer_navigation/share/skid_steer_navigation/local_setup.bash
-- Up-to-date: /home/mau/skid_steer_ws/install/skid_steer_navigation/share/skid_steer_navigation/local_setup.sh
-- Up-to-date: /home/mau/skid_steer_ws/install/skid_steer_navigation/share/skid_steer_navigation/local_setup.zsh
-- Up-to-date: /home/mau/skid_steer_ws/install/skid_steer_navigation/share/skid_steer_navigation/local_setup.dsv
-- Up-to-date: /home/mau/skid_steer_ws/install/skid_steer_navigation/share/skid_steer_navigation/package.dsv
-- Up-to-date: /home/mau/skid_steer_ws/install/skid_steer_navigation/share/ament_index/resource_index/packages/skid_steer_navigation
-- Up-to-date: /home/mau/skid_steer_ws/install/skid_steer_navigation/share/skid_steer_navigation/cmake/skid_steer_navigationConfig.cmake
-- Up-to-date: /home/mau/skid_steer_ws/install/skid_steer_navigation/share/skid_steer_navigation/cmake/skid_steer_navigationConfig-version.cmake
-- Up-to-date: /home/mau/skid_steer_ws/install/skid_steer_navigation/share/skid_steer_navigation/package.xml
