-- Install configuration: ""
-- Up-to-date: /home/mau/skid_steer_ws/install/skid_steer_slam/share/skid_steer_slam/launch
-- Up-to-date: /home/mau/skid_steer_ws/install/skid_steer_slam/share/skid_steer_slam/launch/online_async_slam.launch.py
-- Up-to-date: /home/mau/skid_steer_ws/install/skid_steer_slam/share/skid_steer_slam/config
-- Up-to-date: /home/mau/skid_steer_ws/install/skid_steer_slam/share/skid_steer_slam/config/mapper_params_online_async.yaml
-- Up-to-date: /home/mau/skid_steer_ws/install/skid_steer_slam/share/skid_steer_slam/maps
-- Up-to-date: /home/mau/skid_steer_ws/install/skid_steer_slam/share/skid_steer_slam/maps/map_explanada.pgm
-- Up-to-date: /home/mau/skid_steer_ws/install/skid_steer_slam/share/skid_steer_slam/maps/mapa_explanada_v1.yaml
-- Up-to-date: /home/mau/skid_steer_ws/install/skid_steer_slam/share/skid_steer_slam/maps/map_explanada.data
-- Up-to-date: /home/mau/skid_steer_ws/install/skid_steer_slam/share/skid_steer_slam/maps/mapa_explanada_v1.posegraph
-- Up-to-date: /home/mau/skid_steer_ws/install/skid_steer_slam/share/skid_steer_slam/maps/map_explanada.yaml
-- Up-to-date: /home/mau/skid_steer_ws/install/skid_steer_slam/share/skid_steer_slam/maps/mapa_explanada_v1.data
-- Up-to-date: /home/mau/skid_steer_ws/install/skid_steer_slam/share/skid_steer_slam/maps/mapa_explanada_v1.pgm
-- Up-to-date: /home/mau/skid_steer_ws/install/skid_steer_slam/share/skid_steer_slam/maps/map_explanada.posegraph
-- Up-to-date: /home/mau/skid_steer_ws/install/skid_steer_slam/share/ament_index/resource_index/package_run_dependencies/skid_steer_slam
-- Up-to-date: /home/mau/skid_steer_ws/install/skid_steer_slam/share/ament_index/resource_index/parent_prefix_path/skid_steer_slam
-- Up-to-date: /home/mau/skid_steer_ws/install/skid_steer_slam/share/skid_steer_slam/environment/ament_prefix_path.sh
-- Up-to-date: /home/mau/skid_steer_ws/install/skid_steer_slam/share/skid_steer_slam/environment/ament_prefix_path.dsv
-- Up-to-date: /home/mau/skid_steer_ws/install/skid_steer_slam/share/skid_steer_slam/environment/path.sh
-- Up-to-date: /home/mau/skid_steer_ws/install/skid_steer_slam/share/skid_steer_slam/environment/path.dsv
-- Up-to-date: /home/mau/skid_steer_ws/install/skid_steer_slam/share/skid_steer_slam/local_setup.bash
-- Up-to-date: /home/mau/skid_steer_ws/install/skid_steer_slam/share/skid_steer_slam/local_setup.sh
-- Up-to-date: /home/mau/skid_steer_ws/install/skid_steer_slam/share/skid_steer_slam/local_setup.zsh
-- Up-to-date: /home/mau/skid_steer_ws/install/skid_steer_slam/share/skid_steer_slam/local_setup.dsv
-- Installing: /home/mau/skid_steer_ws/install/skid_steer_slam/share/skid_steer_slam/package.dsv
-- Up-to-date: /home/mau/skid_steer_ws/install/skid_steer_slam/share/ament_index/resource_index/packages/skid_steer_slam
-- Up-to-date: /home/mau/skid_steer_ws/install/skid_steer_slam/share/skid_steer_slam/cmake/skid_steer_slamConfig.cmake
-- Up-to-date: /home/mau/skid_steer_ws/install/skid_steer_slam/share/skid_steer_slam/cmake/skid_steer_slamConfig-version.cmake
-- Up-to-date: /home/mau/skid_steer_ws/install/skid_steer_slam/share/skid_steer_slam/package.xml
