[0.304s] Invoking command in '/home/mau/skid_steer_ws/build/skid_steer_planning': CMAKE_PREFIX_PATH=${CMAKE_PREFIX_PATH}:/home/mau/bumperbot_ws/install/bumperbot_py_examples:/home/mau/ros2_ws/install/my_py_pkg:/home/mau/skid_steer_ws/install/skid_steer_py_examples:/home/mau/skid_steer_ws/install/imu_driver:/opt/ros/humble /usr/bin/cmake --build /home/mau/skid_steer_ws/build/skid_steer_planning -- -j12 -l12
[0.445s] [ 50%] Built target a_star_planner
[0.445s] [ 50%] Built target ament_cmake_python_copy_skid_steer_planning
[0.461s] [100%] Built target dijkstra_planner
[0.708s] running egg_info
[0.708s] writing skid_steer_planning.egg-info/PKG-INFO
[0.708s] writing dependency_links to skid_steer_planning.egg-info/dependency_links.txt
[0.708s] writing top-level names to skid_steer_planning.egg-info/top_level.txt
[0.710s] reading manifest file 'skid_steer_planning.egg-info/SOURCES.txt'
[0.710s] writing manifest file 'skid_steer_planning.egg-info/SOURCES.txt'
[0.737s] [100%] Built target ament_cmake_python_build_skid_steer_planning_egg
[1.002s] Invoked command in '/home/mau/skid_steer_ws/build/skid_steer_planning' returned '0': CMAKE_PREFIX_PATH=${CMAKE_PREFIX_PATH}:/home/mau/bumperbot_ws/install/bumperbot_py_examples:/home/mau/ros2_ws/install/my_py_pkg:/home/mau/skid_steer_ws/install/skid_steer_py_examples:/home/mau/skid_steer_ws/install/imu_driver:/opt/ros/humble /usr/bin/cmake --build /home/mau/skid_steer_ws/build/skid_steer_planning -- -j12 -l12
[1.003s] Invoking command in '/home/mau/skid_steer_ws/build/skid_steer_planning': CMAKE_PREFIX_PATH=${CMAKE_PREFIX_PATH}:/home/mau/bumperbot_ws/install/bumperbot_py_examples:/home/mau/ros2_ws/install/my_py_pkg:/home/mau/skid_steer_ws/install/skid_steer_py_examples:/home/mau/skid_steer_ws/install/imu_driver:/opt/ros/humble /usr/bin/cmake --install /home/mau/skid_steer_ws/build/skid_steer_planning
[1.014s] -- Install configuration: ""
[1.014s] -- Up-to-date: /home/mau/skid_steer_ws/install/skid_steer_planning/share/skid_steer_planning/environment/pythonpath.sh
[1.014s] -- Up-to-date: /home/mau/skid_steer_ws/install/skid_steer_planning/share/skid_steer_planning/environment/pythonpath.dsv
[1.014s] -- Up-to-date: /home/mau/skid_steer_ws/install/skid_steer_planning/local/lib/python3.10/dist-packages/skid_steer_planning-0.0.0-py3.10.egg-info
[1.014s] -- Installing: /home/mau/skid_steer_ws/install/skid_steer_planning/local/lib/python3.10/dist-packages/skid_steer_planning-0.0.0-py3.10.egg-info/SOURCES.txt
[1.014s] -- Installing: /home/mau/skid_steer_ws/install/skid_steer_planning/local/lib/python3.10/dist-packages/skid_steer_planning-0.0.0-py3.10.egg-info/dependency_links.txt
[1.014s] -- Installing: /home/mau/skid_steer_ws/install/skid_steer_planning/local/lib/python3.10/dist-packages/skid_steer_planning-0.0.0-py3.10.egg-info/top_level.txt
[1.015s] -- Installing: /home/mau/skid_steer_ws/install/skid_steer_planning/local/lib/python3.10/dist-packages/skid_steer_planning-0.0.0-py3.10.egg-info/PKG-INFO
[1.015s] -- Up-to-date: /home/mau/skid_steer_ws/install/skid_steer_planning/local/lib/python3.10/dist-packages/skid_steer_planning
[1.015s] -- Up-to-date: /home/mau/skid_steer_ws/install/skid_steer_planning/local/lib/python3.10/dist-packages/skid_steer_planning/__init__.py
[1.015s] -- Up-to-date: /home/mau/skid_steer_ws/install/skid_steer_planning/local/lib/python3.10/dist-packages/skid_steer_planning/a_star_planner.py
[1.015s] -- Up-to-date: /home/mau/skid_steer_ws/install/skid_steer_planning/local/lib/python3.10/dist-packages/skid_steer_planning/dijkstra_planner.py
[1.060s] Listing '/home/mau/skid_steer_ws/install/skid_steer_planning/local/lib/python3.10/dist-packages/skid_steer_planning'...
[1.064s] -- Up-to-date: /home/mau/skid_steer_ws/install/skid_steer_planning/lib/skid_steer_planning/dijkstra_planner.py
[1.064s] -- Up-to-date: /home/mau/skid_steer_ws/install/skid_steer_planning/lib/skid_steer_planning/a_star_planner.py
[1.064s] -- Up-to-date: /home/mau/skid_steer_ws/install/skid_steer_planning/include/include
[1.064s] -- Up-to-date: /home/mau/skid_steer_ws/install/skid_steer_planning/include/include/skid_steer_planning
[1.064s] -- Up-to-date: /home/mau/skid_steer_ws/install/skid_steer_planning/include/include/skid_steer_planning/a_star_planner.hpp
[1.064s] -- Up-to-date: /home/mau/skid_steer_ws/install/skid_steer_planning/include/include/skid_steer_planning/dijkstra_planner.hpp
[1.065s] -- Up-to-date: /home/mau/skid_steer_ws/install/skid_steer_planning/lib/skid_steer_planning/dijkstra_planner
[1.065s] -- Up-to-date: /home/mau/skid_steer_ws/install/skid_steer_planning/lib/skid_steer_planning/a_star_planner
[1.065s] -- Up-to-date: /home/mau/skid_steer_ws/install/skid_steer_planning/share/ament_index/resource_index/package_run_dependencies/skid_steer_planning
[1.065s] -- Up-to-date: /home/mau/skid_steer_ws/install/skid_steer_planning/share/ament_index/resource_index/parent_prefix_path/skid_steer_planning
[1.065s] -- Up-to-date: /home/mau/skid_steer_ws/install/skid_steer_planning/share/skid_steer_planning/environment/ament_prefix_path.sh
[1.066s] -- Up-to-date: /home/mau/skid_steer_ws/install/skid_steer_planning/share/skid_steer_planning/environment/ament_prefix_path.dsv
[1.066s] -- Up-to-date: /home/mau/skid_steer_ws/install/skid_steer_planning/share/skid_steer_planning/environment/path.sh
[1.066s] -- Up-to-date: /home/mau/skid_steer_ws/install/skid_steer_planning/share/skid_steer_planning/environment/path.dsv
[1.066s] -- Up-to-date: /home/mau/skid_steer_ws/install/skid_steer_planning/share/skid_steer_planning/local_setup.bash
[1.066s] -- Up-to-date: /home/mau/skid_steer_ws/install/skid_steer_planning/share/skid_steer_planning/local_setup.sh
[1.066s] -- Up-to-date: /home/mau/skid_steer_ws/install/skid_steer_planning/share/skid_steer_planning/local_setup.zsh
[1.066s] -- Up-to-date: /home/mau/skid_steer_ws/install/skid_steer_planning/share/skid_steer_planning/local_setup.dsv
[1.066s] -- Installing: /home/mau/skid_steer_ws/install/skid_steer_planning/share/skid_steer_planning/package.dsv
[1.066s] -- Up-to-date: /home/mau/skid_steer_ws/install/skid_steer_planning/share/ament_index/resource_index/packages/skid_steer_planning
[1.066s] -- Up-to-date: /home/mau/skid_steer_ws/install/skid_steer_planning/share/skid_steer_planning/cmake/ament_cmake_export_include_directories-extras.cmake
[1.066s] -- Up-to-date: /home/mau/skid_steer_ws/install/skid_steer_planning/share/skid_steer_planning/cmake/ament_cmake_export_dependencies-extras.cmake
[1.066s] -- Up-to-date: /home/mau/skid_steer_ws/install/skid_steer_planning/share/skid_steer_planning/cmake/skid_steer_planningConfig.cmake
[1.067s] -- Up-to-date: /home/mau/skid_steer_ws/install/skid_steer_planning/share/skid_steer_planning/cmake/skid_steer_planningConfig-version.cmake
[1.067s] -- Up-to-date: /home/mau/skid_steer_ws/install/skid_steer_planning/share/skid_steer_planning/package.xml
[1.071s] Invoked command in '/home/mau/skid_steer_ws/build/skid_steer_planning' returned '0': CMAKE_PREFIX_PATH=${CMAKE_PREFIX_PATH}:/home/mau/bumperbot_ws/install/bumperbot_py_examples:/home/mau/ros2_ws/install/my_py_pkg:/home/mau/skid_steer_ws/install/skid_steer_py_examples:/home/mau/skid_steer_ws/install/imu_driver:/opt/ros/humble /usr/bin/cmake --install /home/mau/skid_steer_ws/build/skid_steer_planning
