[0.295s] Invoking command in '/home/mau/skid_steer_ws/build/point_cloud_processing': CMAKE_PREFIX_PATH=${CMAKE_PREFIX_PATH}:/home/mau/bumperbot_ws/install/bumperbot_py_examples:/home/mau/ros2_ws/install/my_py_pkg:/home/mau/skid_steer_ws/install/skid_steer_py_examples:/home/mau/skid_steer_ws/install/imu_driver:/opt/ros/humble /usr/bin/cmake /home/mau/skid_steer_ws/src/point_cloud_processing -DCMAKE_INSTALL_PREFIX=/home/mau/skid_steer_ws/install/point_cloud_processing
[0.365s] -- The C compiler identification is GNU 11.4.0
[0.438s] -- The CXX compiler identification is GNU 11.4.0
[0.449s] -- Detecting C compiler ABI info
[0.551s] -- Detecting C compiler ABI info - done
[0.563s] -- Check for working C compiler: /usr/bin/cc - skipped
[0.564s] -- Detecting C compile features
[0.565s] -- Detecting C compile features - done
[0.570s] -- Detecting CXX compiler ABI info
[0.686s] -- Detecting CXX compiler ABI info - done
[0.698s] -- Check for working CXX compiler: /usr/bin/c++ - skipped
[0.699s] -- Detecting CXX compile features
[0.700s] -- Detecting CXX compile features - done
[0.707s] -- Found ament_cmake: 1.3.12 (/opt/ros/humble/share/ament_cmake/cmake)
[0.931s] -- Found Python3: /usr/bin/python3 (found version "3.10.12") found components: Interpreter 
[1.107s] -- Found rclcpp: 16.0.14 (/opt/ros/humble/share/rclcpp/cmake)
[1.203s] -- Found rosidl_generator_c: 3.1.7 (/opt/ros/humble/share/rosidl_generator_c/cmake)
[1.220s] -- Found rosidl_adapter: 3.1.7 (/opt/ros/humble/share/rosidl_adapter/cmake)
[1.236s] -- Found rosidl_generator_cpp: 3.1.7 (/opt/ros/humble/share/rosidl_generator_cpp/cmake)
[1.262s] -- Using all available rosidl_typesupport_c: rosidl_typesupport_fastrtps_c;rosidl_typesupport_introspection_c
[1.296s] -- Using all available rosidl_typesupport_cpp: rosidl_typesupport_fastrtps_cpp;rosidl_typesupport_introspection_cpp
[1.387s] -- Found rmw_implementation_cmake: 6.1.2 (/opt/ros/humble/share/rmw_implementation_cmake/cmake)
[1.395s] -- Found rmw_cyclonedds_cpp: 1.3.4 (/opt/ros/humble/share/rmw_cyclonedds_cpp/cmake)
[1.441s] -- Using RMW implementation 'rmw_cyclonedds_cpp' as default
[1.461s] -- Looking for pthread.h
[1.553s] -- Looking for pthread.h - found
[1.553s] -- Performing Test CMAKE_HAVE_LIBC_PTHREAD
[1.637s] -- Performing Test CMAKE_HAVE_LIBC_PTHREAD - Success
[1.638s] -- Found Threads: TRUE  
[1.714s] -- Found sensor_msgs: 4.9.0 (/opt/ros/humble/share/sensor_msgs/cmake)
[1.751s] -- Found pcl_conversions: 2.4.5 (/opt/ros/humble/share/pcl_conversions/cmake)
[1.800s] -- Checking for module 'eigen3'
[1.817s] --   Found eigen3, version 3.4.0
[1.858s] -- Found Eigen: /usr/include/eigen3 (Required is at least version "3.1") 
[1.858s] -- Eigen found (include: /usr/include/eigen3, version: 3.4.0)
[1.923s] -- Checking for module 'flann'
[1.941s] --   Found flann, version 1.9.1
[1.999s] -- Found FLANN: /usr/lib/x86_64-linux-gnu/libflann_cpp.so  
[1.999s] -- FLANN found (include: /usr/include, lib: /usr/lib/x86_64-linux-gnu/libflann_cpp.so)
[3.812s] -- Checking for module 'libusb-1.0'
[3.867s] --   Found libusb-1.0, version 1.0.25
[4.000s] -- Found libusb: /usr/lib/x86_64-linux-gnu/libusb-1.0.so  
[4.000s] -- OpenNI found (version: 1.5.4.0, include: /usr/include/ni, lib: /usr/lib/libOpenNI.so;libusb::libusb)
[4.215s] -- OpenNI2 found (version: 2.2.0.33, include: /usr/include/openni2, lib: /usr/lib/x86_64-linux-gnu/libOpenNI2.so;libusb::libusb)
[4.852s] -- Eigen found (include: /usr/include/eigen3, version: 3.4.0)
[4.870s] -- OpenNI found (version: 1.5.4.0, include: /usr/include/ni, lib: /usr/lib/libOpenNI.so;libusb::libusb)
[4.884s] -- OpenNI2 found (version: 2.2.0.33, include: /usr/include/openni2, lib: /usr/lib/x86_64-linux-gnu/libOpenNI2.so;libusb::libusb)
[5.317s] -- Found Qhull version 8.0.2
[5.540s] -- OpenNI found (version: 1.5.4.0, include: /usr/include/ni, lib: /usr/lib/libOpenNI.so;libusb::libusb)
[5.785s] -- Found PCL_COMMON: /usr/lib/x86_64-linux-gnu/libpcl_common.so  
[5.787s] -- Found PCL_KDTREE: /usr/lib/x86_64-linux-gnu/libpcl_kdtree.so  
[5.788s] -- Found PCL_OCTREE: /usr/lib/x86_64-linux-gnu/libpcl_octree.so  
[5.790s] -- Found PCL_SEARCH: /usr/lib/x86_64-linux-gnu/libpcl_search.so  
[5.791s] -- Found PCL_SAMPLE_CONSENSUS: /usr/lib/x86_64-linux-gnu/libpcl_sample_consensus.so  
[5.793s] -- Found PCL_FILTERS: /usr/lib/x86_64-linux-gnu/libpcl_filters.so  
[5.793s] -- Found PCL_2D: /usr/include/pcl-1.12  
[5.795s] -- Found PCL_GEOMETRY: /usr/include/pcl-1.12  
[5.797s] -- Found PCL_IO: /usr/lib/x86_64-linux-gnu/libpcl_io.so  
[5.797s] -- Found PCL_FEATURES: /usr/lib/x86_64-linux-gnu/libpcl_features.so  
[5.799s] -- Found PCL_ML: /usr/lib/x86_64-linux-gnu/libpcl_ml.so  
[5.800s] -- Found PCL_SEGMENTATION: /usr/lib/x86_64-linux-gnu/libpcl_segmentation.so  
[5.802s] -- Found PCL_VISUALIZATION: /usr/lib/x86_64-linux-gnu/libpcl_visualization.so  
[5.807s] -- Found PCL_SURFACE: /usr/lib/x86_64-linux-gnu/libpcl_surface.so  
[5.807s] -- Found PCL_REGISTRATION: /usr/lib/x86_64-linux-gnu/libpcl_registration.so  
[5.807s] -- Found PCL_KEYPOINTS: /usr/lib/x86_64-linux-gnu/libpcl_keypoints.so  
[5.812s] -- Found PCL_TRACKING: /usr/lib/x86_64-linux-gnu/libpcl_tracking.so  
[5.812s] -- Found PCL_RECOGNITION: /usr/lib/x86_64-linux-gnu/libpcl_recognition.so  
[5.812s] -- Found PCL_STEREO: /usr/lib/x86_64-linux-gnu/libpcl_stereo.so  
[5.814s] -- Found PCL_APPS: /usr/lib/x86_64-linux-gnu/libpcl_apps.so  
[5.815s] -- Found PCL_IN_HAND_SCANNER: /usr/include/pcl-1.12  
[5.816s] -- Found PCL_MODELER: /usr/include/pcl-1.12  
[5.817s] -- Found PCL_POINT_CLOUD_EDITOR: /usr/include/pcl-1.12  
[5.819s] -- Found PCL_OUTOFCORE: /usr/lib/x86_64-linux-gnu/libpcl_outofcore.so  
[5.823s] -- Found PCL_PEOPLE: /usr/lib/x86_64-linux-gnu/libpcl_people.so  
[5.826s] [33mCMake Warning (dev) at CMakeLists.txt:13 (find_package):
[5.827s]   Policy CMP0074 is not set: find_package uses <PackageName>_ROOT variables.
[5.827s]   Run "cmake --help-policy CMP0074" for policy details.  Use the cmake_policy
[5.827s]   command to set the policy and suppress this warning.
[5.827s] 
[5.827s]   CMake variable PCL_ROOT is set to:
[5.827s] 
[5.827s]     /usr
[5.827s] 
[5.827s]   For compatibility, CMake is ignoring the variable.
[5.827s] This warning is for project developers.  Use -Wno-dev to suppress it.
[5.827s] [0m
[5.864s] -- Found ament_lint_auto: 0.12.14 (/opt/ros/humble/share/ament_lint_auto/cmake)
[6.007s] -- Added test 'copyright' to check source files copyright and LICENSE
[6.010s] -- Added test 'cppcheck' to perform static code analysis on C / C++ code
[6.011s] -- Configured cppcheck include dirs: 
[6.011s] -- Configured cppcheck exclude dirs and/or files: 
[6.014s] -- Added test 'cpplint' to check C / C++ code against the Google style
[6.014s] -- Configured cpplint exclude dirs and/or files: 
[6.016s] -- Added test 'lint_cmake' to check CMake code style
[6.019s] -- Added test 'uncrustify' to check C / C++ code style
[6.019s] -- Configured uncrustify additional arguments: 
[6.021s] -- Added test 'xmllint' to check XML markup files
[6.024s] -- Configuring done
[6.053s] [0mWARNING: Target "pcd_write_test" requests linking to directory "/usr/lib/x86_64-linux-gnu".  Targets may link only to libraries.  CMake is dropping the item.[0m
[6.071s] [0mWARNING: Target "plane_cloud" requests linking to directory "/usr/lib/x86_64-linux-gnu".  Targets may link only to libraries.  CMake is dropping the item.[0m
[6.087s] [0mWARNING: Target "pcd_import" requests linking to directory "/usr/lib/x86_64-linux-gnu".  Targets may link only to libraries.  CMake is dropping the item.[0m
[6.106s] [0mWARNING: Target "pcl_filter" requests linking to directory "/usr/lib/x86_64-linux-gnu".  Targets may link only to libraries.  CMake is dropping the item.[0m
[6.127s] -- Generating done
[6.169s] -- Build files have been written to: /home/mau/skid_steer_ws/build/point_cloud_processing
[6.196s] Invoked command in '/home/mau/skid_steer_ws/build/point_cloud_processing' returned '0': CMAKE_PREFIX_PATH=${CMAKE_PREFIX_PATH}:/home/mau/bumperbot_ws/install/bumperbot_py_examples:/home/mau/ros2_ws/install/my_py_pkg:/home/mau/skid_steer_ws/install/skid_steer_py_examples:/home/mau/skid_steer_ws/install/imu_driver:/opt/ros/humble /usr/bin/cmake /home/mau/skid_steer_ws/src/point_cloud_processing -DCMAKE_INSTALL_PREFIX=/home/mau/skid_steer_ws/install/point_cloud_processing
[6.198s] Invoking command in '/home/mau/skid_steer_ws/build/point_cloud_processing': CMAKE_PREFIX_PATH=${CMAKE_PREFIX_PATH}:/home/mau/bumperbot_ws/install/bumperbot_py_examples:/home/mau/ros2_ws/install/my_py_pkg:/home/mau/skid_steer_ws/install/skid_steer_py_examples:/home/mau/skid_steer_ws/install/imu_driver:/opt/ros/humble /usr/bin/cmake --build /home/mau/skid_steer_ws/build/point_cloud_processing -- -j12 -l12
[6.328s] [ 12%] [32mBuilding CXX object CMakeFiles/pcd_write_test.dir/src/0_table_scene.cpp.o[0m
[6.328s] [ 25%] [32mBuilding CXX object CMakeFiles/plane_cloud.dir/src/1_planner_cloud.cpp.o[0m
[6.329s] [ 37%] [32mBuilding CXX object CMakeFiles/pcd_import.dir/src/2_circular_cloud.cpp.o[0m
[6.334s] [ 50%] [32mBuilding CXX object CMakeFiles/pcl_filter.dir/src/pcl_filter_node.cpp.o[0m
[11.289s] [ 62%] [32m[1mLinking CXX executable pcd_import[0m
[11.588s] [ 75%] [32m[1mLinking CXX executable pcd_write_test[0m
[11.854s] [ 87%] [32m[1mLinking CXX executable plane_cloud[0m
[11.963s] [ 87%] Built target pcd_import
[12.078s] [ 87%] Built target pcd_write_test
[12.373s] [ 87%] Built target plane_cloud
[21.755s] [100%] [32m[1mLinking CXX executable pcl_filter[0m
[22.683s] [100%] Built target pcl_filter
[22.697s] Invoked command in '/home/mau/skid_steer_ws/build/point_cloud_processing' returned '0': CMAKE_PREFIX_PATH=${CMAKE_PREFIX_PATH}:/home/mau/bumperbot_ws/install/bumperbot_py_examples:/home/mau/ros2_ws/install/my_py_pkg:/home/mau/skid_steer_ws/install/skid_steer_py_examples:/home/mau/skid_steer_ws/install/imu_driver:/opt/ros/humble /usr/bin/cmake --build /home/mau/skid_steer_ws/build/point_cloud_processing -- -j12 -l12
[22.699s] Invoking command in '/home/mau/skid_steer_ws/build/point_cloud_processing': CMAKE_PREFIX_PATH=${CMAKE_PREFIX_PATH}:/home/mau/bumperbot_ws/install/bumperbot_py_examples:/home/mau/ros2_ws/install/my_py_pkg:/home/mau/skid_steer_ws/install/skid_steer_py_examples:/home/mau/skid_steer_ws/install/imu_driver:/opt/ros/humble /usr/bin/cmake --install /home/mau/skid_steer_ws/build/point_cloud_processing
[22.711s] -- Install configuration: ""
[22.711s] -- Installing: /home/mau/skid_steer_ws/install/point_cloud_processing/lib/point_cloud_processing/pcd_write_test
[22.711s] -- Installing: /home/mau/skid_steer_ws/install/point_cloud_processing/lib/point_cloud_processing/plane_cloud
[22.712s] -- Installing: /home/mau/skid_steer_ws/install/point_cloud_processing/lib/point_cloud_processing/pcd_import
[22.712s] -- Installing: /home/mau/skid_steer_ws/install/point_cloud_processing/lib/point_cloud_processing/pcl_filter
[22.717s] -- Set runtime path of "/home/mau/skid_steer_ws/install/point_cloud_processing/lib/point_cloud_processing/pcl_filter" to ""
[22.718s] -- Installing: /home/mau/skid_steer_ws/install/point_cloud_processing/share/ament_index/resource_index/package_run_dependencies/point_cloud_processing
[22.718s] -- Installing: /home/mau/skid_steer_ws/install/point_cloud_processing/share/ament_index/resource_index/parent_prefix_path/point_cloud_processing
[22.718s] -- Installing: /home/mau/skid_steer_ws/install/point_cloud_processing/share/point_cloud_processing/environment/ament_prefix_path.sh
[22.718s] -- Installing: /home/mau/skid_steer_ws/install/point_cloud_processing/share/point_cloud_processing/environment/ament_prefix_path.dsv
[22.718s] -- Installing: /home/mau/skid_steer_ws/install/point_cloud_processing/share/point_cloud_processing/environment/path.sh
[22.718s] -- Installing: /home/mau/skid_steer_ws/install/point_cloud_processing/share/point_cloud_processing/environment/path.dsv
[22.719s] -- Installing: /home/mau/skid_steer_ws/install/point_cloud_processing/share/point_cloud_processing/local_setup.bash
[22.719s] -- Installing: /home/mau/skid_steer_ws/install/point_cloud_processing/share/point_cloud_processing/local_setup.sh
[22.719s] -- Installing: /home/mau/skid_steer_ws/install/point_cloud_processing/share/point_cloud_processing/local_setup.zsh
[22.719s] -- Installing: /home/mau/skid_steer_ws/install/point_cloud_processing/share/point_cloud_processing/local_setup.dsv
[22.719s] -- Installing: /home/mau/skid_steer_ws/install/point_cloud_processing/share/point_cloud_processing/package.dsv
[22.719s] -- Installing: /home/mau/skid_steer_ws/install/point_cloud_processing/share/ament_index/resource_index/packages/point_cloud_processing
[22.720s] -- Installing: /home/mau/skid_steer_ws/install/point_cloud_processing/share/point_cloud_processing/cmake/point_cloud_processingConfig.cmake
[22.720s] -- Installing: /home/mau/skid_steer_ws/install/point_cloud_processing/share/point_cloud_processing/cmake/point_cloud_processingConfig-version.cmake
[22.720s] -- Installing: /home/mau/skid_steer_ws/install/point_cloud_processing/share/point_cloud_processing/package.xml
[22.722s] Invoked command in '/home/mau/skid_steer_ws/build/point_cloud_processing' returned '0': CMAKE_PREFIX_PATH=${CMAKE_PREFIX_PATH}:/home/mau/bumperbot_ws/install/bumperbot_py_examples:/home/mau/ros2_ws/install/my_py_pkg:/home/mau/skid_steer_ws/install/skid_steer_py_examples:/home/mau/skid_steer_ws/install/imu_driver:/opt/ros/humble /usr/bin/cmake --install /home/mau/skid_steer_ws/build/point_cloud_processing
