/home/mau/skid_steer_ws/install/skid_steer_py_examples/lib/python3.10/site-packages/skid_steer_py_examples/simple_qos_subscriber.py
/home/mau/skid_steer_ws/install/skid_steer_py_examples/lib/python3.10/site-packages/skid_steer_py_examples/__init__.py
/home/mau/skid_steer_ws/install/skid_steer_py_examples/lib/python3.10/site-packages/skid_steer_py_examples/simple_publisher.py
/home/mau/skid_steer_ws/install/skid_steer_py_examples/lib/python3.10/site-packages/skid_steer_py_examples/simple_qos_publisher.py
/home/mau/skid_steer_ws/install/skid_steer_py_examples/lib/python3.10/site-packages/skid_steer_py_examples/simple_lifecycle_node.py
/home/mau/skid_steer_ws/install/skid_steer_py_examples/lib/python3.10/site-packages/skid_steer_py_examples/simple_service_server.py
/home/mau/skid_steer_ws/install/skid_steer_py_examples/lib/python3.10/site-packages/skid_steer_py_examples/simple_tf_kinematics.py
/home/mau/skid_steer_ws/install/skid_steer_py_examples/lib/python3.10/site-packages/skid_steer_py_examples/simple_subscriber.py
/home/mau/skid_steer_ws/install/skid_steer_py_examples/lib/python3.10/site-packages/skid_steer_py_examples/simple_service_client.py
/home/mau/skid_steer_ws/install/skid_steer_py_examples/lib/python3.10/site-packages/skid_steer_py_examples/turtlesim_kinematics.py
/home/mau/skid_steer_ws/install/skid_steer_py_examples/lib/python3.10/site-packages/skid_steer_py_examples/__pycache__/simple_qos_subscriber.cpython-310.pyc
/home/mau/skid_steer_ws/install/skid_steer_py_examples/lib/python3.10/site-packages/skid_steer_py_examples/__pycache__/__init__.cpython-310.pyc
/home/mau/skid_steer_ws/install/skid_steer_py_examples/lib/python3.10/site-packages/skid_steer_py_examples/__pycache__/simple_publisher.cpython-310.pyc
/home/mau/skid_steer_ws/install/skid_steer_py_examples/lib/python3.10/site-packages/skid_steer_py_examples/__pycache__/simple_qos_publisher.cpython-310.pyc
/home/mau/skid_steer_ws/install/skid_steer_py_examples/lib/python3.10/site-packages/skid_steer_py_examples/__pycache__/simple_lifecycle_node.cpython-310.pyc
/home/mau/skid_steer_ws/install/skid_steer_py_examples/lib/python3.10/site-packages/skid_steer_py_examples/__pycache__/simple_service_server.cpython-310.pyc
/home/mau/skid_steer_ws/install/skid_steer_py_examples/lib/python3.10/site-packages/skid_steer_py_examples/__pycache__/simple_tf_kinematics.cpython-310.pyc
/home/mau/skid_steer_ws/install/skid_steer_py_examples/lib/python3.10/site-packages/skid_steer_py_examples/__pycache__/simple_subscriber.cpython-310.pyc
/home/mau/skid_steer_ws/install/skid_steer_py_examples/lib/python3.10/site-packages/skid_steer_py_examples/__pycache__/simple_service_client.cpython-310.pyc
/home/mau/skid_steer_ws/install/skid_steer_py_examples/lib/python3.10/site-packages/skid_steer_py_examples/__pycache__/turtlesim_kinematics.cpython-310.pyc
/home/mau/skid_steer_ws/install/skid_steer_py_examples/share/ament_index/resource_index/packages/skid_steer_py_examples
/home/mau/skid_steer_ws/install/skid_steer_py_examples/share/skid_steer_py_examples/package.xml
/home/mau/skid_steer_ws/install/skid_steer_py_examples/lib/python3.10/site-packages/skid_steer_py_examples-0.0.0-py3.10.egg-info/SOURCES.txt
/home/mau/skid_steer_ws/install/skid_steer_py_examples/lib/python3.10/site-packages/skid_steer_py_examples-0.0.0-py3.10.egg-info/dependency_links.txt
/home/mau/skid_steer_ws/install/skid_steer_py_examples/lib/python3.10/site-packages/skid_steer_py_examples-0.0.0-py3.10.egg-info/top_level.txt
/home/mau/skid_steer_ws/install/skid_steer_py_examples/lib/python3.10/site-packages/skid_steer_py_examples-0.0.0-py3.10.egg-info/zip-safe
/home/mau/skid_steer_ws/install/skid_steer_py_examples/lib/python3.10/site-packages/skid_steer_py_examples-0.0.0-py3.10.egg-info/requires.txt
/home/mau/skid_steer_ws/install/skid_steer_py_examples/lib/python3.10/site-packages/skid_steer_py_examples-0.0.0-py3.10.egg-info/PKG-INFO
/home/mau/skid_steer_ws/install/skid_steer_py_examples/lib/python3.10/site-packages/skid_steer_py_examples-0.0.0-py3.10.egg-info/entry_points.txt
/home/mau/skid_steer_ws/install/skid_steer_py_examples/lib/skid_steer_py_examples/simple_lifecycle_node
/home/mau/skid_steer_ws/install/skid_steer_py_examples/lib/skid_steer_py_examples/simple_publisher
/home/mau/skid_steer_ws/install/skid_steer_py_examples/lib/skid_steer_py_examples/simple_qos_publisher
/home/mau/skid_steer_ws/install/skid_steer_py_examples/lib/skid_steer_py_examples/simple_qos_subscriber
/home/mau/skid_steer_ws/install/skid_steer_py_examples/lib/skid_steer_py_examples/simple_service_client
/home/mau/skid_steer_ws/install/skid_steer_py_examples/lib/skid_steer_py_examples/simple_service_server
/home/mau/skid_steer_ws/install/skid_steer_py_examples/lib/skid_steer_py_examples/simple_subscriber
/home/mau/skid_steer_ws/install/skid_steer_py_examples/lib/skid_steer_py_examples/simple_tf_kinematics
/home/mau/skid_steer_ws/install/skid_steer_py_examples/lib/skid_steer_py_examples/simple_turtlesim_kinematics
