[0.295s] Invoking command in '/home/mau/skid_steer_ws/build/skid_steer_planning': CMAKE_PREFIX_PATH=${CMAKE_PREFIX_PATH}:/home/mau/bumperbot_ws/install/bumperbot_py_examples:/home/mau/ros2_ws/install/my_py_pkg:/home/mau/skid_steer_ws/install/skid_steer_py_examples:/home/mau/skid_steer_ws/install/imu_driver:/opt/ros/humble /usr/bin/cmake --build /home/mau/skid_steer_ws/build/skid_steer_planning -- -j12 -l12
[0.373s] [35m[1mConsolidate compiler generated dependencies of target dijkstra_planner[0m
[0.415s] [ 50%] [32mBuilding CXX object CMakeFiles/dijkstra_planner.dir/src/dijkstra_planner.cpp.o[0m
[0.423s] [ 50%] Built target ament_cmake_python_copy_skid_steer_planning
[0.699s] running egg_info
[0.700s] writing skid_steer_planning.egg-info/PKG-INFO
[0.700s] writing dependency_links to skid_steer_planning.egg-info/dependency_links.txt
[0.700s] writing top-level names to skid_steer_planning.egg-info/top_level.txt
[0.702s] reading manifest file 'skid_steer_planning.egg-info/SOURCES.txt'
[0.702s] writing manifest file 'skid_steer_planning.egg-info/SOURCES.txt'
[0.739s] [ 50%] Built target ament_cmake_python_build_skid_steer_planning_egg
[9.299s] [100%] [32m[1mLinking CXX executable dijkstra_planner[0m
[9.677s] /usr/bin/ld: CMakeFiles/dijkstra_planner.dir/src/dijkstra_planner.cpp.o: warning: relocation against `_ZTVN19skid_steer_planning15DijkstraPlannerE' in read-only section `.text'
[9.699s] /usr/bin/ld: CMakeFiles/dijkstra_planner.dir/src/dijkstra_planner.cpp.o: in function `skid_steer_planning::DijkstraPlanner::DijkstraPlanner(std::__cxx11::basic_string<char, std::char_traits<char>, std::allocator<char> > const&)':
[9.699s] dijkstra_planner.cpp:(.text+0x10f): undefined reference to `vtable for skid_steer_planning::DijkstraPlanner'
[9.744s] /usr/bin/ld: warning: creating DT_TEXTREL in a PIE
[9.752s] collect2: error: ld returned 1 exit status
[9.755s] gmake[2]: *** [CMakeFiles/dijkstra_planner.dir/build.make:205: dijkstra_planner] Error 1
[9.755s] gmake[1]: *** [CMakeFiles/Makefile2:140: CMakeFiles/dijkstra_planner.dir/all] Error 2
[9.756s] gmake: *** [Makefile:146: all] Error 2
[9.760s] Invoked command in '/home/mau/skid_steer_ws/build/skid_steer_planning' returned '2': CMAKE_PREFIX_PATH=${CMAKE_PREFIX_PATH}:/home/mau/bumperbot_ws/install/bumperbot_py_examples:/home/mau/ros2_ws/install/my_py_pkg:/home/mau/skid_steer_ws/install/skid_steer_py_examples:/home/mau/skid_steer_ws/install/imu_driver:/opt/ros/humble /usr/bin/cmake --build /home/mau/skid_steer_ws/build/skid_steer_planning -- -j12 -l12
