[0.126s] Invoking command in '/home/mau/skid_steer_ws/build/skid_steer_slam': CMAKE_PREFIX_PATH=${CMAKE_PREFIX_PATH}:/home/mau/bumperbot_ws/install/bumperbot_py_examples:/home/mau/ros2_ws/install/my_py_pkg:/home/mau/skid_steer_ws/install/skid_steer_py_examples:/home/mau/skid_steer_ws/install/imu_driver:/opt/ros/humble /usr/bin/cmake --build /home/mau/skid_steer_ws/build/skid_steer_slam -- -j12 -l12
[0.203s] Invoked command in '/home/mau/skid_steer_ws/build/skid_steer_slam' returned '0': CMAKE_PREFIX_PATH=${CMAKE_PREFIX_PATH}:/home/mau/bumperbot_ws/install/bumperbot_py_examples:/home/mau/ros2_ws/install/my_py_pkg:/home/mau/skid_steer_ws/install/skid_steer_py_examples:/home/mau/skid_steer_ws/install/imu_driver:/opt/ros/humble /usr/bin/cmake --build /home/mau/skid_steer_ws/build/skid_steer_slam -- -j12 -l12
[0.207s] Invoking command in '/home/mau/skid_steer_ws/build/skid_steer_slam': CMAKE_PREFIX_PATH=${CMAKE_PREFIX_PATH}:/home/mau/bumperbot_ws/install/bumperbot_py_examples:/home/mau/ros2_ws/install/my_py_pkg:/home/mau/skid_steer_ws/install/skid_steer_py_examples:/home/mau/skid_steer_ws/install/imu_driver:/opt/ros/humble /usr/bin/cmake --install /home/mau/skid_steer_ws/build/skid_steer_slam
[0.216s] -- Install configuration: ""
[0.216s] -- Up-to-date: /home/mau/skid_steer_ws/install/skid_steer_slam/share/skid_steer_slam/launch
[0.216s] -- Up-to-date: /home/mau/skid_steer_ws/install/skid_steer_slam/share/skid_steer_slam/launch/online_async_slam.launch.py
[0.216s] -- Up-to-date: /home/mau/skid_steer_ws/install/skid_steer_slam/share/skid_steer_slam/config
[0.216s] -- Up-to-date: /home/mau/skid_steer_ws/install/skid_steer_slam/share/skid_steer_slam/config/mapper_params_online_async.yaml
[0.216s] -- Up-to-date: /home/mau/skid_steer_ws/install/skid_steer_slam/share/skid_steer_slam/maps
[0.216s] -- Up-to-date: /home/mau/skid_steer_ws/install/skid_steer_slam/share/skid_steer_slam/maps/map_explanada.pgm
[0.216s] -- Up-to-date: /home/mau/skid_steer_ws/install/skid_steer_slam/share/skid_steer_slam/maps/mapa_explanada_v1.yaml
[0.217s] -- Up-to-date: /home/mau/skid_steer_ws/install/skid_steer_slam/share/skid_steer_slam/maps/map_explanada.data
[0.217s] -- Up-to-date: /home/mau/skid_steer_ws/install/skid_steer_slam/share/skid_steer_slam/maps/mapa_explanada_v1.posegraph
[0.217s] -- Up-to-date: /home/mau/skid_steer_ws/install/skid_steer_slam/share/skid_steer_slam/maps/map_explanada.yaml
[0.217s] -- Up-to-date: /home/mau/skid_steer_ws/install/skid_steer_slam/share/skid_steer_slam/maps/mapa_explanada_v1.data
[0.217s] -- Up-to-date: /home/mau/skid_steer_ws/install/skid_steer_slam/share/skid_steer_slam/maps/mapa_explanada_v1.pgm
[0.217s] -- Up-to-date: /home/mau/skid_steer_ws/install/skid_steer_slam/share/skid_steer_slam/maps/map_explanada.posegraph
[0.217s] -- Up-to-date: /home/mau/skid_steer_ws/install/skid_steer_slam/share/ament_index/resource_index/package_run_dependencies/skid_steer_slam
[0.217s] -- Up-to-date: /home/mau/skid_steer_ws/install/skid_steer_slam/share/ament_index/resource_index/parent_prefix_path/skid_steer_slam
[0.217s] -- Up-to-date: /home/mau/skid_steer_ws/install/skid_steer_slam/share/skid_steer_slam/environment/ament_prefix_path.sh
[0.217s] -- Up-to-date: /home/mau/skid_steer_ws/install/skid_steer_slam/share/skid_steer_slam/environment/ament_prefix_path.dsv
[0.218s] -- Up-to-date: /home/mau/skid_steer_ws/install/skid_steer_slam/share/skid_steer_slam/environment/path.sh
[0.218s] -- Up-to-date: /home/mau/skid_steer_ws/install/skid_steer_slam/share/skid_steer_slam/environment/path.dsv
[0.218s] -- Up-to-date: /home/mau/skid_steer_ws/install/skid_steer_slam/share/skid_steer_slam/local_setup.bash
[0.218s] -- Up-to-date: /home/mau/skid_steer_ws/install/skid_steer_slam/share/skid_steer_slam/local_setup.sh
[0.218s] -- Up-to-date: /home/mau/skid_steer_ws/install/skid_steer_slam/share/skid_steer_slam/local_setup.zsh
[0.218s] -- Up-to-date: /home/mau/skid_steer_ws/install/skid_steer_slam/share/skid_steer_slam/local_setup.dsv
[0.218s] -- Installing: /home/mau/skid_steer_ws/install/skid_steer_slam/share/skid_steer_slam/package.dsv
[0.218s] -- Up-to-date: /home/mau/skid_steer_ws/install/skid_steer_slam/share/ament_index/resource_index/packages/skid_steer_slam
[0.218s] -- Up-to-date: /home/mau/skid_steer_ws/install/skid_steer_slam/share/skid_steer_slam/cmake/skid_steer_slamConfig.cmake
[0.218s] -- Up-to-date: /home/mau/skid_steer_ws/install/skid_steer_slam/share/skid_steer_slam/cmake/skid_steer_slamConfig-version.cmake
[0.218s] -- Up-to-date: /home/mau/skid_steer_ws/install/skid_steer_slam/share/skid_steer_slam/package.xml
[0.253s] Invoked command in '/home/mau/skid_steer_ws/build/skid_steer_slam' returned '0': CMAKE_PREFIX_PATH=${CMAKE_PREFIX_PATH}:/home/mau/bumperbot_ws/install/bumperbot_py_examples:/home/mau/ros2_ws/install/my_py_pkg:/home/mau/skid_steer_ws/install/skid_steer_py_examples:/home/mau/skid_steer_ws/install/imu_driver:/opt/ros/humble /usr/bin/cmake --install /home/mau/skid_steer_ws/build/skid_steer_slam
