[1.164s] Invoking command in '/home/mau/skid_steer_ws/src/imu_driver': PYTHONPATH=/home/mau/skid_steer_ws/build/imu_driver/prefix_override:/usr/lib/python3/dist-packages/colcon_core/task/python/colcon_distutils_commands:/home/mau/skid_steer_ws/install/imu_driver/lib/python3.10/site-packages:${PYTHONPATH} /usr/bin/python3 -W ignore:setup.py install is deprecated -W ignore:easy_install command is deprecated setup.py egg_info --egg-base ../../build/imu_driver build --build-base /home/mau/skid_steer_ws/build/imu_driver/build install --record /home/mau/skid_steer_ws/build/imu_driver/install.log --single-version-externally-managed install_data
[1.426s] running egg_info
[1.426s] writing ../../build/imu_driver/imu_driver.egg-info/PKG-INFO
[1.427s] writing dependency_links to ../../build/imu_driver/imu_driver.egg-info/dependency_links.txt
[1.427s] writing entry points to ../../build/imu_driver/imu_driver.egg-info/entry_points.txt
[1.427s] writing requirements to ../../build/imu_driver/imu_driver.egg-info/requires.txt
[1.427s] writing top-level names to ../../build/imu_driver/imu_driver.egg-info/top_level.txt
[1.429s] reading manifest file '../../build/imu_driver/imu_driver.egg-info/SOURCES.txt'
[1.431s] writing manifest file '../../build/imu_driver/imu_driver.egg-info/SOURCES.txt'
[1.431s] running build
[1.431s] running build_py
[1.432s] running install
[1.432s] running install_lib
[1.432s] running install_data
[1.432s] running install_egg_info
[1.434s] removing '/home/mau/skid_steer_ws/install/imu_driver/lib/python3.10/site-packages/imu_driver-0.0.0-py3.10.egg-info' (and everything under it)
[1.434s] Copying ../../build/imu_driver/imu_driver.egg-info to /home/mau/skid_steer_ws/install/imu_driver/lib/python3.10/site-packages/imu_driver-0.0.0-py3.10.egg-info
[1.435s] running install_scripts
[1.453s] Installing mpu6050_driver script to /home/mau/skid_steer_ws/install/imu_driver/lib/imu_driver
[1.453s] writing list of installed files to '/home/mau/skid_steer_ws/build/imu_driver/install.log'
[1.475s] Invoked command in '/home/mau/skid_steer_ws/src/imu_driver' returned '0': PYTHONPATH=/home/mau/skid_steer_ws/build/imu_driver/prefix_override:/usr/lib/python3/dist-packages/colcon_core/task/python/colcon_distutils_commands:/home/mau/skid_steer_ws/install/imu_driver/lib/python3.10/site-packages:${PYTHONPATH} /usr/bin/python3 -W ignore:setup.py install is deprecated -W ignore:easy_install command is deprecated setup.py egg_info --egg-base ../../build/imu_driver build --build-base /home/mau/skid_steer_ws/build/imu_driver/build install --record /home/mau/skid_steer_ws/build/imu_driver/install.log --single-version-externally-managed install_data
