[0.289s] Invoking command in '/home/mau/skid_steer_ws/build/skid_steer_controller': CMAKE_PREFIX_PATH=${CMAKE_PREFIX_PATH}:/home/mau/bumperbot_ws/install/bumperbot_py_examples:/home/mau/ros2_ws/install/my_py_pkg:/home/mau/skid_steer_ws/install/skid_steer_py_examples:/home/mau/skid_steer_ws/install/imu_driver:/opt/ros/humble /usr/bin/cmake /home/mau/skid_steer_ws/src/skid_steer_controller -DCMAKE_INSTALL_PREFIX=/home/mau/skid_steer_ws/install/skid_steer_controller
[0.358s] -- The C compiler identification is GNU 11.4.0
[0.438s] -- The CXX compiler identification is GNU 11.4.0
[0.447s] -- Detecting C compiler ABI info
[0.541s] -- Detecting C compiler ABI info - done
[0.553s] -- Check for working C compiler: /usr/bin/cc - skipped
[0.553s] -- Detecting C compile features
[0.553s] -- Detecting C compile features - done
[0.557s] -- Detecting CXX compiler ABI info
[0.672s] -- Detecting CXX compiler ABI info - done
[0.682s] -- Check for working CXX compiler: /usr/bin/c++ - skipped
[0.683s] -- Detecting CXX compile features
[0.683s] -- Detecting CXX compile features - done
[0.690s] -- Found ament_cmake: 1.3.12 (/opt/ros/humble/share/ament_cmake/cmake)
[0.916s] -- Found Python3: /usr/bin/python3 (found version "3.10.12") found components: Interpreter 
[1.086s] -- Found rclpy: 3.3.17 (/opt/ros/humble/share/rclpy/cmake)
[1.092s] -- Found std_msgs: 4.9.0 (/opt/ros/humble/share/std_msgs/cmake)
[1.175s] -- Found rosidl_generator_c: 3.1.7 (/opt/ros/humble/share/rosidl_generator_c/cmake)
[1.189s] -- Found rosidl_adapter: 3.1.7 (/opt/ros/humble/share/rosidl_adapter/cmake)
[1.210s] -- Found rosidl_generator_cpp: 3.1.7 (/opt/ros/humble/share/rosidl_generator_cpp/cmake)
[1.232s] -- Using all available rosidl_typesupport_c: rosidl_typesupport_fastrtps_c;rosidl_typesupport_introspection_c
[1.264s] -- Using all available rosidl_typesupport_cpp: rosidl_typesupport_fastrtps_cpp;rosidl_typesupport_introspection_cpp
[1.305s] -- Found geometry_msgs: 4.9.0 (/opt/ros/humble/share/geometry_msgs/cmake)
[1.320s] -- Found rclcpp: 16.0.14 (/opt/ros/humble/share/rclcpp/cmake)
[1.382s] -- Found rmw_implementation_cmake: 6.1.2 (/opt/ros/humble/share/rmw_implementation_cmake/cmake)
[1.388s] -- Found rmw_cyclonedds_cpp: 1.3.4 (/opt/ros/humble/share/rmw_cyclonedds_cpp/cmake)
[1.425s] -- Using RMW implementation 'rmw_cyclonedds_cpp' as default
[1.445s] -- Looking for pthread.h
[1.538s] -- Looking for pthread.h - found
[1.539s] -- Performing Test CMAKE_HAVE_LIBC_PTHREAD
[1.622s] -- Performing Test CMAKE_HAVE_LIBC_PTHREAD - Success
[1.624s] -- Found Threads: TRUE  
[1.705s] -- Found sensor_msgs: 4.9.0 (/opt/ros/humble/share/sensor_msgs/cmake)
[1.734s] -- Found nav_msgs: 4.9.0 (/opt/ros/humble/share/nav_msgs/cmake)
[1.756s] -- Found tf2: 0.25.16 (/opt/ros/humble/share/tf2/cmake)
[1.774s] -- Found tf2_ros: 0.25.16 (/opt/ros/humble/share/tf2_ros/cmake)
[2.010s] -- Found ament_lint_auto: 0.12.14 (/opt/ros/humble/share/ament_lint_auto/cmake)
[2.132s] -- Added test 'cppcheck' to perform static code analysis on C / C++ code
[2.132s] -- Configured cppcheck include dirs: /home/mau/skid_steer_ws/src/skid_steer_controller/include
[2.132s] -- Configured cppcheck exclude dirs and/or files: 
[2.134s] -- Added test 'flake8' to check Python code syntax and style conventions
[2.134s] -- Added test 'lint_cmake' to check CMake code style
[2.136s] -- Added test 'pep257' to check Python code against some of the docstring style conventions in PEP 257
[2.140s] -- Added test 'uncrustify' to check C / C++ code style
[2.140s] -- Configured uncrustify additional arguments: 
[2.143s] -- Added test 'xmllint' to check XML markup files
[2.143s] -- Configuring done
[2.165s] -- Generating done
[2.176s] -- Build files have been written to: /home/mau/skid_steer_ws/build/skid_steer_controller
[2.187s] Invoked command in '/home/mau/skid_steer_ws/build/skid_steer_controller' returned '0': CMAKE_PREFIX_PATH=${CMAKE_PREFIX_PATH}:/home/mau/bumperbot_ws/install/bumperbot_py_examples:/home/mau/ros2_ws/install/my_py_pkg:/home/mau/skid_steer_ws/install/skid_steer_py_examples:/home/mau/skid_steer_ws/install/imu_driver:/opt/ros/humble /usr/bin/cmake /home/mau/skid_steer_ws/src/skid_steer_controller -DCMAKE_INSTALL_PREFIX=/home/mau/skid_steer_ws/install/skid_steer_controller
[2.189s] Invoking command in '/home/mau/skid_steer_ws/build/skid_steer_controller': CMAKE_PREFIX_PATH=${CMAKE_PREFIX_PATH}:/home/mau/bumperbot_ws/install/bumperbot_py_examples:/home/mau/ros2_ws/install/my_py_pkg:/home/mau/skid_steer_ws/install/skid_steer_py_examples:/home/mau/skid_steer_ws/install/imu_driver:/opt/ros/humble /usr/bin/cmake --build /home/mau/skid_steer_ws/build/skid_steer_controller -- -j12 -l12
[2.258s] [ 25%] [32mBuilding CXX object CMakeFiles/simple_controller.dir/src/simple_controller.cpp.o[0m
[2.260s] [ 50%] [32mBuilding CXX object CMakeFiles/noisy_controller.dir/src/noisy_controller.cpp.o[0m
[2.267s] [ 50%] Built target ament_cmake_python_copy_skid_steer_controller
[2.639s] running egg_info
[2.640s] creating skid_steer_controller.egg-info
[2.640s] writing skid_steer_controller.egg-info/PKG-INFO
[2.640s] writing dependency_links to skid_steer_controller.egg-info/dependency_links.txt
[2.640s] writing top-level names to skid_steer_controller.egg-info/top_level.txt
[2.640s] writing manifest file 'skid_steer_controller.egg-info/SOURCES.txt'
[2.643s] reading manifest file 'skid_steer_controller.egg-info/SOURCES.txt'
[2.644s] writing manifest file 'skid_steer_controller.egg-info/SOURCES.txt'
[2.689s] [ 50%] Built target ament_cmake_python_build_skid_steer_controller_egg
[15.729s] [ 75%] [32m[1mLinking CXX executable noisy_controller[0m
[16.870s] [ 75%] Built target noisy_controller
[20.834s] [100%] [32m[1mLinking CXX executable simple_controller[0m
[21.410s] [100%] Built target simple_controller
[21.423s] Invoked command in '/home/mau/skid_steer_ws/build/skid_steer_controller' returned '0': CMAKE_PREFIX_PATH=${CMAKE_PREFIX_PATH}:/home/mau/bumperbot_ws/install/bumperbot_py_examples:/home/mau/ros2_ws/install/my_py_pkg:/home/mau/skid_steer_ws/install/skid_steer_py_examples:/home/mau/skid_steer_ws/install/imu_driver:/opt/ros/humble /usr/bin/cmake --build /home/mau/skid_steer_ws/build/skid_steer_controller -- -j12 -l12
[21.425s] Invoking command in '/home/mau/skid_steer_ws/build/skid_steer_controller': CMAKE_PREFIX_PATH=${CMAKE_PREFIX_PATH}:/home/mau/bumperbot_ws/install/bumperbot_py_examples:/home/mau/ros2_ws/install/my_py_pkg:/home/mau/skid_steer_ws/install/skid_steer_py_examples:/home/mau/skid_steer_ws/install/imu_driver:/opt/ros/humble /usr/bin/cmake --install /home/mau/skid_steer_ws/build/skid_steer_controller
[21.433s] -- Install configuration: ""
[21.433s] -- Installing: /home/mau/skid_steer_ws/install/skid_steer_controller/share/skid_steer_controller/environment/pythonpath.sh
[21.433s] -- Installing: /home/mau/skid_steer_ws/install/skid_steer_controller/share/skid_steer_controller/environment/pythonpath.dsv
[21.433s] -- Installing: /home/mau/skid_steer_ws/install/skid_steer_controller/local/lib/python3.10/dist-packages/skid_steer_controller-0.0.0-py3.10.egg-info
[21.434s] -- Installing: /home/mau/skid_steer_ws/install/skid_steer_controller/local/lib/python3.10/dist-packages/skid_steer_controller-0.0.0-py3.10.egg-info/SOURCES.txt
[21.434s] -- Installing: /home/mau/skid_steer_ws/install/skid_steer_controller/local/lib/python3.10/dist-packages/skid_steer_controller-0.0.0-py3.10.egg-info/dependency_links.txt
[21.434s] -- Installing: /home/mau/skid_steer_ws/install/skid_steer_controller/local/lib/python3.10/dist-packages/skid_steer_controller-0.0.0-py3.10.egg-info/top_level.txt
[21.434s] -- Installing: /home/mau/skid_steer_ws/install/skid_steer_controller/local/lib/python3.10/dist-packages/skid_steer_controller-0.0.0-py3.10.egg-info/PKG-INFO
[21.434s] -- Installing: /home/mau/skid_steer_ws/install/skid_steer_controller/local/lib/python3.10/dist-packages/skid_steer_controller
[21.434s] -- Installing: /home/mau/skid_steer_ws/install/skid_steer_controller/local/lib/python3.10/dist-packages/skid_steer_controller/simple_controller.py
[21.434s] -- Installing: /home/mau/skid_steer_ws/install/skid_steer_controller/local/lib/python3.10/dist-packages/skid_steer_controller/__init__.py
[21.434s] -- Installing: /home/mau/skid_steer_ws/install/skid_steer_controller/local/lib/python3.10/dist-packages/skid_steer_controller/noisy_controller.py
[21.470s] Listing '/home/mau/skid_steer_ws/install/skid_steer_controller/local/lib/python3.10/dist-packages/skid_steer_controller'...
[21.470s] Compiling '/home/mau/skid_steer_ws/install/skid_steer_controller/local/lib/python3.10/dist-packages/skid_steer_controller/__init__.py'...
[21.470s] Compiling '/home/mau/skid_steer_ws/install/skid_steer_controller/local/lib/python3.10/dist-packages/skid_steer_controller/noisy_controller.py'...
[21.470s] Compiling '/home/mau/skid_steer_ws/install/skid_steer_controller/local/lib/python3.10/dist-packages/skid_steer_controller/simple_controller.py'...
[21.474s] -- Installing: /home/mau/skid_steer_ws/install/skid_steer_controller/include/include
[21.474s] -- Installing: /home/mau/skid_steer_ws/install/skid_steer_controller/include/include/skid_steer_controller
[21.474s] -- Installing: /home/mau/skid_steer_ws/install/skid_steer_controller/include/include/skid_steer_controller/simple_controller.hpp
[21.474s] -- Installing: /home/mau/skid_steer_ws/install/skid_steer_controller/include/include/skid_steer_controller/noisy_controller.hpp
[21.474s] -- Installing: /home/mau/skid_steer_ws/install/skid_steer_controller/lib/skid_steer_controller/simple_controller
[21.481s] -- Set runtime path of "/home/mau/skid_steer_ws/install/skid_steer_controller/lib/skid_steer_controller/simple_controller" to ""
[21.481s] -- Installing: /home/mau/skid_steer_ws/install/skid_steer_controller/lib/skid_steer_controller/noisy_controller
[21.485s] -- Set runtime path of "/home/mau/skid_steer_ws/install/skid_steer_controller/lib/skid_steer_controller/noisy_controller" to ""
[21.485s] -- Installing: /home/mau/skid_steer_ws/install/skid_steer_controller/share/skid_steer_controller/config
[21.485s] -- Installing: /home/mau/skid_steer_ws/install/skid_steer_controller/share/skid_steer_controller/config/skid_steer_controllers.yaml
[21.485s] -- Installing: /home/mau/skid_steer_ws/install/skid_steer_controller/share/skid_steer_controller/config/twist_mux.yaml
[21.485s] -- Installing: /home/mau/skid_steer_ws/install/skid_steer_controller/share/skid_steer_controller/launch
[21.485s] -- Installing: /home/mau/skid_steer_ws/install/skid_steer_controller/share/skid_steer_controller/launch/controller_V1.launch.py
[21.486s] -- Installing: /home/mau/skid_steer_ws/install/skid_steer_controller/share/skid_steer_controller/launch/controller.launch.py
[21.486s] -- Installing: /home/mau/skid_steer_ws/install/skid_steer_controller/lib/skid_steer_controller/simple_controller.py
[21.486s] -- Installing: /home/mau/skid_steer_ws/install/skid_steer_controller/lib/skid_steer_controller/noisy_controller.py
[21.486s] -- Installing: /home/mau/skid_steer_ws/install/skid_steer_controller/share/ament_index/resource_index/package_run_dependencies/skid_steer_controller
[21.486s] -- Installing: /home/mau/skid_steer_ws/install/skid_steer_controller/share/ament_index/resource_index/parent_prefix_path/skid_steer_controller
[21.486s] -- Installing: /home/mau/skid_steer_ws/install/skid_steer_controller/share/skid_steer_controller/environment/ament_prefix_path.sh
[21.486s] -- Installing: /home/mau/skid_steer_ws/install/skid_steer_controller/share/skid_steer_controller/environment/ament_prefix_path.dsv
[21.487s] -- Installing: /home/mau/skid_steer_ws/install/skid_steer_controller/share/skid_steer_controller/environment/path.sh
[21.487s] -- Installing: /home/mau/skid_steer_ws/install/skid_steer_controller/share/skid_steer_controller/environment/path.dsv
[21.487s] -- Installing: /home/mau/skid_steer_ws/install/skid_steer_controller/share/skid_steer_controller/local_setup.bash
[21.487s] -- Installing: /home/mau/skid_steer_ws/install/skid_steer_controller/share/skid_steer_controller/local_setup.sh
[21.487s] -- Installing: /home/mau/skid_steer_ws/install/skid_steer_controller/share/skid_steer_controller/local_setup.zsh
[21.487s] -- Installing: /home/mau/skid_steer_ws/install/skid_steer_controller/share/skid_steer_controller/local_setup.dsv
[21.487s] -- Installing: /home/mau/skid_steer_ws/install/skid_steer_controller/share/skid_steer_controller/package.dsv
[21.488s] -- Installing: /home/mau/skid_steer_ws/install/skid_steer_controller/share/ament_index/resource_index/packages/skid_steer_controller
[21.488s] -- Installing: /home/mau/skid_steer_ws/install/skid_steer_controller/share/skid_steer_controller/cmake/skid_steer_controllerConfig.cmake
[21.488s] -- Installing: /home/mau/skid_steer_ws/install/skid_steer_controller/share/skid_steer_controller/cmake/skid_steer_controllerConfig-version.cmake
[21.488s] -- Installing: /home/mau/skid_steer_ws/install/skid_steer_controller/share/skid_steer_controller/package.xml
[21.491s] Invoked command in '/home/mau/skid_steer_ws/build/skid_steer_controller' returned '0': CMAKE_PREFIX_PATH=${CMAKE_PREFIX_PATH}:/home/mau/bumperbot_ws/install/bumperbot_py_examples:/home/mau/ros2_ws/install/my_py_pkg:/home/mau/skid_steer_ws/install/skid_steer_py_examples:/home/mau/skid_steer_ws/install/imu_driver:/opt/ros/humble /usr/bin/cmake --install /home/mau/skid_steer_ws/build/skid_steer_controller
