[1.360s] Invoking command in '/home/mau/skid_steer_ws/src/skid_steer_py_examples': CMAKE_PREFIX_PATH=/home/mau/skid_steer_ws/install/skid_steer_msgs:/home/mau/bumperbot_ws/install/bumperbot_utils:/home/mau/bumperbot_ws/install/bumperbot_cpp_examples:/home/mau/bumperbot_ws/install/bumperbot_msgs:/home/mau/bumperbot_ws/install/bumperbot_bringup:/home/mau/bumperbot_ws/install/bumperbot_mapping:/home/mau/bumperbot_ws/install/bumperbot_localization:/home/mau/bumperbot_ws/install/bumperbot_firmware:/home/mau/bumperbot_ws/install/bumperbot_description:/home/mau/bumperbot_ws/install/bumperbot_controller:/home/mau/ros2_ws/install/sllidar_ros2:/home/mau/ros2_ws/install/my_cpp_pkg:/home/mau/ros2_ws/install/ldlidar:/home/mau/ros2_ws/install/ldlidar_node:/home/mau/ros2_ws/install/ldlidar_component:/home/mau/ros2_ws/install/RPLIDAR_A1_SLAM:/home/mau/skid_steer_ws/install/skid_steer_utils:/home/mau/skid_steer_ws/install/skid_steer_slam:/home/mau/skid_steer_ws/install/skid_steer_navigation:/home/mau/skid_steer_ws/install/skid_steer_cpp_examples:/home/mau/skid_steer_ws/install/skid_steer_localization:/home/mau/skid_steer_ws/install/skid_steer_firmware:/home/mau/skid_steer_ws/install/skid_steer_description:/home/mau/skid_steer_ws/install/skid_steer_controller:/home/mau/skid_steer_ws/install/skid_steer_bringup:/home/mau/skid_steer_ws/install/point_cloud_processing:/home/mau/skid_steer_ws/install/lora_node:/home/mau/articubot_one/install/articubot_one LD_LIBRARY_PATH=/home/mau/skid_steer_ws/install/skid_steer_msgs/lib:/home/mau/bumperbot_ws/install/bumperbot_cpp_examples/lib:/home/mau/bumperbot_ws/install/bumperbot_msgs/lib:/home/mau/bumperbot_ws/install/bumperbot_firmware/lib:/home/mau/ros2_ws/install/ldlidar_component/lib:/home/mau/skid_steer_ws/install/skid_steer_firmware/lib:/usr/lib/x86_64-linux-gnu/gazebo-11/plugins:/opt/ros/humble/opt/rviz_ogre_vendor/lib:/opt/ros/humble/lib/x86_64-linux-gnu:/opt/ros/humble/opt/openvdb_vendor/lib:/opt/ros/humble/lib PYTHONPATH=/home/mau/skid_steer_ws/build/skid_steer_py_examples/prefix_override:/usr/lib/python3/dist-packages/colcon_core/task/python/colcon_distutils_commands:/home/mau/skid_steer_ws/install/skid_steer_py_examples/lib/python3.10/site-packages:${PYTHONPATH} /usr/bin/python3 -W ignore:setup.py install is deprecated -W ignore:easy_install command is deprecated setup.py egg_info --egg-base ../../build/skid_steer_py_examples build --build-base /home/mau/skid_steer_ws/build/skid_steer_py_examples/build install --record /home/mau/skid_steer_ws/build/skid_steer_py_examples/install.log --single-version-externally-managed install_data
[1.783s] running egg_info
[1.783s] creating ../../build/skid_steer_py_examples/skid_steer_py_examples.egg-info
[1.784s] writing ../../build/skid_steer_py_examples/skid_steer_py_examples.egg-info/PKG-INFO
[1.784s] writing dependency_links to ../../build/skid_steer_py_examples/skid_steer_py_examples.egg-info/dependency_links.txt
[1.784s] writing entry points to ../../build/skid_steer_py_examples/skid_steer_py_examples.egg-info/entry_points.txt
[1.785s] writing requirements to ../../build/skid_steer_py_examples/skid_steer_py_examples.egg-info/requires.txt
[1.785s] writing top-level names to ../../build/skid_steer_py_examples/skid_steer_py_examples.egg-info/top_level.txt
[1.785s] writing manifest file '../../build/skid_steer_py_examples/skid_steer_py_examples.egg-info/SOURCES.txt'
[1.788s] reading manifest file '../../build/skid_steer_py_examples/skid_steer_py_examples.egg-info/SOURCES.txt'
[1.790s] writing manifest file '../../build/skid_steer_py_examples/skid_steer_py_examples.egg-info/SOURCES.txt'
[1.790s] running build
[1.790s] running build_py
[1.790s] creating /home/mau/skid_steer_ws/build/skid_steer_py_examples/build
[1.790s] creating /home/mau/skid_steer_ws/build/skid_steer_py_examples/build/lib
[1.790s] creating /home/mau/skid_steer_ws/build/skid_steer_py_examples/build/lib/skid_steer_py_examples
[1.790s] copying skid_steer_py_examples/__init__.py -> /home/mau/skid_steer_ws/build/skid_steer_py_examples/build/lib/skid_steer_py_examples
[1.790s] copying skid_steer_py_examples/simple_publisher.py -> /home/mau/skid_steer_ws/build/skid_steer_py_examples/build/lib/skid_steer_py_examples
[1.791s] copying skid_steer_py_examples/simple_service_server.py -> /home/mau/skid_steer_ws/build/skid_steer_py_examples/build/lib/skid_steer_py_examples
[1.791s] copying skid_steer_py_examples/simple_tf_kinematics.py -> /home/mau/skid_steer_ws/build/skid_steer_py_examples/build/lib/skid_steer_py_examples
[1.791s] copying skid_steer_py_examples/simple_subscriber.py -> /home/mau/skid_steer_ws/build/skid_steer_py_examples/build/lib/skid_steer_py_examples
[1.791s] copying skid_steer_py_examples/simple_service_client.py -> /home/mau/skid_steer_ws/build/skid_steer_py_examples/build/lib/skid_steer_py_examples
[1.791s] copying skid_steer_py_examples/turtlesim_kinematics.py -> /home/mau/skid_steer_ws/build/skid_steer_py_examples/build/lib/skid_steer_py_examples
[1.795s] running install
[1.795s] running install_lib
[1.795s] creating /home/mau/skid_steer_ws/install/skid_steer_py_examples/lib/python3.10/site-packages/skid_steer_py_examples
[1.795s] copying /home/mau/skid_steer_ws/build/skid_steer_py_examples/build/lib/skid_steer_py_examples/__init__.py -> /home/mau/skid_steer_ws/install/skid_steer_py_examples/lib/python3.10/site-packages/skid_steer_py_examples
[1.795s] copying /home/mau/skid_steer_ws/build/skid_steer_py_examples/build/lib/skid_steer_py_examples/simple_publisher.py -> /home/mau/skid_steer_ws/install/skid_steer_py_examples/lib/python3.10/site-packages/skid_steer_py_examples
[1.796s] copying /home/mau/skid_steer_ws/build/skid_steer_py_examples/build/lib/skid_steer_py_examples/simple_service_server.py -> /home/mau/skid_steer_ws/install/skid_steer_py_examples/lib/python3.10/site-packages/skid_steer_py_examples
[1.796s] copying /home/mau/skid_steer_ws/build/skid_steer_py_examples/build/lib/skid_steer_py_examples/simple_tf_kinematics.py -> /home/mau/skid_steer_ws/install/skid_steer_py_examples/lib/python3.10/site-packages/skid_steer_py_examples
[1.797s] copying /home/mau/skid_steer_ws/build/skid_steer_py_examples/build/lib/skid_steer_py_examples/simple_subscriber.py -> /home/mau/skid_steer_ws/install/skid_steer_py_examples/lib/python3.10/site-packages/skid_steer_py_examples
[1.798s] copying /home/mau/skid_steer_ws/build/skid_steer_py_examples/build/lib/skid_steer_py_examples/simple_service_client.py -> /home/mau/skid_steer_ws/install/skid_steer_py_examples/lib/python3.10/site-packages/skid_steer_py_examples
[1.798s] copying /home/mau/skid_steer_ws/build/skid_steer_py_examples/build/lib/skid_steer_py_examples/turtlesim_kinematics.py -> /home/mau/skid_steer_ws/install/skid_steer_py_examples/lib/python3.10/site-packages/skid_steer_py_examples
[1.800s] byte-compiling /home/mau/skid_steer_ws/install/skid_steer_py_examples/lib/python3.10/site-packages/skid_steer_py_examples/__init__.py to __init__.cpython-310.pyc
[1.801s] byte-compiling /home/mau/skid_steer_ws/install/skid_steer_py_examples/lib/python3.10/site-packages/skid_steer_py_examples/simple_publisher.py to simple_publisher.cpython-310.pyc
[1.802s] byte-compiling /home/mau/skid_steer_ws/install/skid_steer_py_examples/lib/python3.10/site-packages/skid_steer_py_examples/simple_service_server.py to simple_service_server.cpython-310.pyc
[1.804s] byte-compiling /home/mau/skid_steer_ws/install/skid_steer_py_examples/lib/python3.10/site-packages/skid_steer_py_examples/simple_tf_kinematics.py to simple_tf_kinematics.cpython-310.pyc
[1.805s] byte-compiling /home/mau/skid_steer_ws/install/skid_steer_py_examples/lib/python3.10/site-packages/skid_steer_py_examples/simple_subscriber.py to simple_subscriber.cpython-310.pyc
[1.806s] byte-compiling /home/mau/skid_steer_ws/install/skid_steer_py_examples/lib/python3.10/site-packages/skid_steer_py_examples/simple_service_client.py to simple_service_client.cpython-310.pyc
[1.807s] byte-compiling /home/mau/skid_steer_ws/install/skid_steer_py_examples/lib/python3.10/site-packages/skid_steer_py_examples/turtlesim_kinematics.py to turtlesim_kinematics.cpython-310.pyc
[1.808s] running install_data
[1.808s] creating /home/mau/skid_steer_ws/install/skid_steer_py_examples/share/ament_index
[1.809s] creating /home/mau/skid_steer_ws/install/skid_steer_py_examples/share/ament_index/resource_index
[1.809s] creating /home/mau/skid_steer_ws/install/skid_steer_py_examples/share/ament_index/resource_index/packages
[1.809s] copying resource/skid_steer_py_examples -> /home/mau/skid_steer_ws/install/skid_steer_py_examples/share/ament_index/resource_index/packages
[1.809s] copying package.xml -> /home/mau/skid_steer_ws/install/skid_steer_py_examples/share/skid_steer_py_examples
[1.809s] running install_egg_info
[1.812s] Copying ../../build/skid_steer_py_examples/skid_steer_py_examples.egg-info to /home/mau/skid_steer_ws/install/skid_steer_py_examples/lib/python3.10/site-packages/skid_steer_py_examples-0.0.0-py3.10.egg-info
[1.816s] running install_scripts
[1.845s] Installing simple_publisher script to /home/mau/skid_steer_ws/install/skid_steer_py_examples/lib/skid_steer_py_examples
[1.845s] Installing simple_service_client script to /home/mau/skid_steer_ws/install/skid_steer_py_examples/lib/skid_steer_py_examples
[1.845s] Installing simple_service_server script to /home/mau/skid_steer_ws/install/skid_steer_py_examples/lib/skid_steer_py_examples
[1.845s] Installing simple_subscriber script to /home/mau/skid_steer_ws/install/skid_steer_py_examples/lib/skid_steer_py_examples
[1.845s] Installing simple_tf_kinematics script to /home/mau/skid_steer_ws/install/skid_steer_py_examples/lib/skid_steer_py_examples
[1.845s] Installing simple_turtlesim_kinematics script to /home/mau/skid_steer_ws/install/skid_steer_py_examples/lib/skid_steer_py_examples
[1.847s] writing list of installed files to '/home/mau/skid_steer_ws/build/skid_steer_py_examples/install.log'
[1.887s] Invoked command in '/home/mau/skid_steer_ws/src/skid_steer_py_examples' returned '0': CMAKE_PREFIX_PATH=/home/mau/skid_steer_ws/install/skid_steer_msgs:/home/mau/bumperbot_ws/install/bumperbot_utils:/home/mau/bumperbot_ws/install/bumperbot_cpp_examples:/home/mau/bumperbot_ws/install/bumperbot_msgs:/home/mau/bumperbot_ws/install/bumperbot_bringup:/home/mau/bumperbot_ws/install/bumperbot_mapping:/home/mau/bumperbot_ws/install/bumperbot_localization:/home/mau/bumperbot_ws/install/bumperbot_firmware:/home/mau/bumperbot_ws/install/bumperbot_description:/home/mau/bumperbot_ws/install/bumperbot_controller:/home/mau/ros2_ws/install/sllidar_ros2:/home/mau/ros2_ws/install/my_cpp_pkg:/home/mau/ros2_ws/install/ldlidar:/home/mau/ros2_ws/install/ldlidar_node:/home/mau/ros2_ws/install/ldlidar_component:/home/mau/ros2_ws/install/RPLIDAR_A1_SLAM:/home/mau/skid_steer_ws/install/skid_steer_utils:/home/mau/skid_steer_ws/install/skid_steer_slam:/home/mau/skid_steer_ws/install/skid_steer_navigation:/home/mau/skid_steer_ws/install/skid_steer_cpp_examples:/home/mau/skid_steer_ws/install/skid_steer_localization:/home/mau/skid_steer_ws/install/skid_steer_firmware:/home/mau/skid_steer_ws/install/skid_steer_description:/home/mau/skid_steer_ws/install/skid_steer_controller:/home/mau/skid_steer_ws/install/skid_steer_bringup:/home/mau/skid_steer_ws/install/point_cloud_processing:/home/mau/skid_steer_ws/install/lora_node:/home/mau/articubot_one/install/articubot_one LD_LIBRARY_PATH=/home/mau/skid_steer_ws/install/skid_steer_msgs/lib:/home/mau/bumperbot_ws/install/bumperbot_cpp_examples/lib:/home/mau/bumperbot_ws/install/bumperbot_msgs/lib:/home/mau/bumperbot_ws/install/bumperbot_firmware/lib:/home/mau/ros2_ws/install/ldlidar_component/lib:/home/mau/skid_steer_ws/install/skid_steer_firmware/lib:/usr/lib/x86_64-linux-gnu/gazebo-11/plugins:/opt/ros/humble/opt/rviz_ogre_vendor/lib:/opt/ros/humble/lib/x86_64-linux-gnu:/opt/ros/humble/opt/openvdb_vendor/lib:/opt/ros/humble/lib PYTHONPATH=/home/mau/skid_steer_ws/build/skid_steer_py_examples/prefix_override:/usr/lib/python3/dist-packages/colcon_core/task/python/colcon_distutils_commands:/home/mau/skid_steer_ws/install/skid_steer_py_examples/lib/python3.10/site-packages:${PYTHONPATH} /usr/bin/python3 -W ignore:setup.py install is deprecated -W ignore:easy_install command is deprecated setup.py egg_info --egg-base ../../build/skid_steer_py_examples build --build-base /home/mau/skid_steer_ws/build/skid_steer_py_examples/build install --record /home/mau/skid_steer_ws/build/skid_steer_py_examples/install.log --single-version-externally-managed install_data
