[  5%] [32mBuilding CXX object CMakeFiles/turtlesim_kinematics.dir/src/turtlesim_kinematics.cpp.o[0m
[ 10%] [32mBuilding CXX object CMakeFiles/simple_publisher.dir/src/simple_publisher.cpp.o[0m
[ 15%] [32mBuilding CXX object CMakeFiles/simple_tf_kinematics.dir/src/simple_tf_kinematics.cpp.o[0m
[ 20%] [32mBuilding CXX object CMakeFiles/simple_subscriber.dir/src/simple_subscriber.cpp.o[0m
[ 25%] [32mBuilding CXX object CMakeFiles/simple_lifecycle_node.dir/src/simple_lifecycle_node.cpp.o[0m
[ 35%] [32mBuilding CXX object CMakeFiles/simple_service_server.dir/src/simple_service_server.cpp.o[0m
[ 35%] [32mBuilding CXX object CMakeFiles/simple_service_client.dir/src/simple_service_client.cpp.o[0m
[ 40%] [32mBuilding CXX object CMakeFiles/simple_qos_publisher.dir/src/simple_qos_publisher.cpp.o[0m
[ 45%] [32mBuilding CXX object CMakeFiles/pcl_test.dir/src/pcl_test.cpp.o[0m
[ 50%] [32mBuilding CXX object CMakeFiles/simple_qos_subscriber.dir/src/simple_qos_subscriber.cpp.o[0m
[ 55%] [32m[1mLinking CXX executable simple_service_server[0m
[ 60%] [32m[1mLinking CXX executable simple_service_client[0m
[ 60%] Built target simple_service_server
[ 60%] Built target simple_service_client
[ 65%] [32m[1mLinking CXX executable simple_publisher[0m
[ 65%] Built target simple_publisher
[ 70%] [32m[1mLinking CXX executable simple_qos_publisher[0m
[ 70%] Built target simple_qos_publisher
[ 75%] [32m[1mLinking CXX executable simple_tf_kinematics[0m
[ 80%] [32m[1mLinking CXX executable simple_lifecycle_node[0m
[ 80%] Built target simple_tf_kinematics
[ 80%] Built target simple_lifecycle_node
[ 85%] [32m[1mLinking CXX executable turtlesim_kinematics[0m
[ 85%] Built target turtlesim_kinematics
[ 90%] [32m[1mLinking CXX executable simple_qos_subscriber[0m
[ 90%] Built target simple_qos_subscriber
[ 95%] [32m[1mLinking CXX executable simple_subscriber[0m
[ 95%] Built target simple_subscriber
[100%] [32m[1mLinking CXX executable pcl_test[0m
[100%] Built target pcl_test
-- Install configuration: ""
-- Up-to-date: /home/mau/skid_steer_ws/install/skid_steer_cpp_examples/include/include
-- Up-to-date: /home/mau/skid_steer_ws/install/skid_steer_cpp_examples/include/include/skid_steer_cpp_examples
-- Up-to-date: /home/mau/skid_steer_ws/install/skid_steer_cpp_examples/include/include/skid_steer_cpp_examples/simple_tf_kinematics.hpp
-- Up-to-date: /home/mau/skid_steer_ws/install/skid_steer_cpp_examples/include/include/skid_steer_cpp_examples/turtlesim_kinematics.hpp
-- Installing: /home/mau/skid_steer_ws/install/skid_steer_cpp_examples/lib/skid_steer_cpp_examples/simple_publisher
-- Set runtime path of "/home/mau/skid_steer_ws/install/skid_steer_cpp_examples/lib/skid_steer_cpp_examples/simple_publisher" to ""
-- Installing: /home/mau/skid_steer_ws/install/skid_steer_cpp_examples/lib/skid_steer_cpp_examples/simple_subscriber
-- Set runtime path of "/home/mau/skid_steer_ws/install/skid_steer_cpp_examples/lib/skid_steer_cpp_examples/simple_subscriber" to ""
-- Installing: /home/mau/skid_steer_ws/install/skid_steer_cpp_examples/lib/skid_steer_cpp_examples/pcl_test
-- Set runtime path of "/home/mau/skid_steer_ws/install/skid_steer_cpp_examples/lib/skid_steer_cpp_examples/pcl_test" to ""
-- Installing: /home/mau/skid_steer_ws/install/skid_steer_cpp_examples/lib/skid_steer_cpp_examples/simple_lifecycle_node
-- Set runtime path of "/home/mau/skid_steer_ws/install/skid_steer_cpp_examples/lib/skid_steer_cpp_examples/simple_lifecycle_node" to ""
-- Installing: /home/mau/skid_steer_ws/install/skid_steer_cpp_examples/lib/skid_steer_cpp_examples/turtlesim_kinematics
-- Set runtime path of "/home/mau/skid_steer_ws/install/skid_steer_cpp_examples/lib/skid_steer_cpp_examples/turtlesim_kinematics" to ""
-- Installing: /home/mau/skid_steer_ws/install/skid_steer_cpp_examples/lib/skid_steer_cpp_examples/simple_tf_kinematics
-- Set runtime path of "/home/mau/skid_steer_ws/install/skid_steer_cpp_examples/lib/skid_steer_cpp_examples/simple_tf_kinematics" to ""
-- Installing: /home/mau/skid_steer_ws/install/skid_steer_cpp_examples/lib/skid_steer_cpp_examples/simple_service_server
-- Set runtime path of "/home/mau/skid_steer_ws/install/skid_steer_cpp_examples/lib/skid_steer_cpp_examples/simple_service_server" to ""
-- Installing: /home/mau/skid_steer_ws/install/skid_steer_cpp_examples/lib/skid_steer_cpp_examples/simple_service_client
-- Set runtime path of "/home/mau/skid_steer_ws/install/skid_steer_cpp_examples/lib/skid_steer_cpp_examples/simple_service_client" to ""
-- Installing: /home/mau/skid_steer_ws/install/skid_steer_cpp_examples/lib/skid_steer_cpp_examples/simple_qos_publisher
-- Set runtime path of "/home/mau/skid_steer_ws/install/skid_steer_cpp_examples/lib/skid_steer_cpp_examples/simple_qos_publisher" to ""
-- Installing: /home/mau/skid_steer_ws/install/skid_steer_cpp_examples/lib/skid_steer_cpp_examples/simple_qos_subscriber
-- Set runtime path of "/home/mau/skid_steer_ws/install/skid_steer_cpp_examples/lib/skid_steer_cpp_examples/simple_qos_subscriber" to ""
-- Up-to-date: /home/mau/skid_steer_ws/install/skid_steer_cpp_examples/share/ament_index/resource_index/package_run_dependencies/skid_steer_cpp_examples
-- Up-to-date: /home/mau/skid_steer_ws/install/skid_steer_cpp_examples/share/ament_index/resource_index/parent_prefix_path/skid_steer_cpp_examples
-- Up-to-date: /home/mau/skid_steer_ws/install/skid_steer_cpp_examples/share/skid_steer_cpp_examples/environment/ament_prefix_path.sh
-- Up-to-date: /home/mau/skid_steer_ws/install/skid_steer_cpp_examples/share/skid_steer_cpp_examples/environment/ament_prefix_path.dsv
-- Up-to-date: /home/mau/skid_steer_ws/install/skid_steer_cpp_examples/share/skid_steer_cpp_examples/environment/path.sh
-- Up-to-date: /home/mau/skid_steer_ws/install/skid_steer_cpp_examples/share/skid_steer_cpp_examples/environment/path.dsv
-- Up-to-date: /home/mau/skid_steer_ws/install/skid_steer_cpp_examples/share/skid_steer_cpp_examples/local_setup.bash
-- Up-to-date: /home/mau/skid_steer_ws/install/skid_steer_cpp_examples/share/skid_steer_cpp_examples/local_setup.sh
-- Up-to-date: /home/mau/skid_steer_ws/install/skid_steer_cpp_examples/share/skid_steer_cpp_examples/local_setup.zsh
-- Up-to-date: /home/mau/skid_steer_ws/install/skid_steer_cpp_examples/share/skid_steer_cpp_examples/local_setup.dsv
-- Installing: /home/mau/skid_steer_ws/install/skid_steer_cpp_examples/share/skid_steer_cpp_examples/package.dsv
-- Up-to-date: /home/mau/skid_steer_ws/install/skid_steer_cpp_examples/share/ament_index/resource_index/packages/skid_steer_cpp_examples
-- Up-to-date: /home/mau/skid_steer_ws/install/skid_steer_cpp_examples/share/skid_steer_cpp_examples/cmake/skid_steer_cpp_examplesConfig.cmake
-- Up-to-date: /home/mau/skid_steer_ws/install/skid_steer_cpp_examples/share/skid_steer_cpp_examples/cmake/skid_steer_cpp_examplesConfig-version.cmake
-- Up-to-date: /home/mau/skid_steer_ws/install/skid_steer_cpp_examples/share/skid_steer_cpp_examples/package.xml
