[0.104s] Invoking command in '/home/mau/skid_steer_ws/build/skid_steer_cpp_examples': CMAKE_PREFIX_PATH=/home/mau/skid_steer_ws/install/skid_steer_msgs:/home/mau/bumperbot_ws/install/bumperbot_utils:/home/mau/bumperbot_ws/install/bumperbot_cpp_examples:/home/mau/bumperbot_ws/install/bumperbot_msgs:/home/mau/bumperbot_ws/install/bumperbot_bringup:/home/mau/bumperbot_ws/install/bumperbot_mapping:/home/mau/bumperbot_ws/install/bumperbot_localization:/home/mau/bumperbot_ws/install/bumperbot_firmware:/home/mau/bumperbot_ws/install/bumperbot_description:/home/mau/bumperbot_ws/install/bumperbot_controller:/home/mau/ros2_ws/install/sllidar_ros2:/home/mau/ros2_ws/install/my_cpp_pkg:/home/mau/ros2_ws/install/ldlidar:/home/mau/ros2_ws/install/ldlidar_node:/home/mau/ros2_ws/install/ldlidar_component:/home/mau/ros2_ws/install/RPLIDAR_A1_SLAM:/home/mau/skid_steer_ws/install/skid_steer_utils:/home/mau/skid_steer_ws/install/skid_steer_slam:/home/mau/skid_steer_ws/install/skid_steer_planning:/home/mau/skid_steer_ws/install/skid_steer_navigation:/home/mau/skid_steer_ws/install/skid_steer_cpp_examples:/home/mau/skid_steer_ws/install/skid_steer_motion:/home/mau/skid_steer_ws/install/skid_steer_localization:/home/mau/skid_steer_ws/install/skid_steer_firmware:/home/mau/skid_steer_ws/install/skid_steer_description:/home/mau/skid_steer_ws/install/skid_steer_controller:/home/mau/skid_steer_ws/install/skid_steer_bringup:/home/mau/skid_steer_ws/install/point_cloud_processing:/home/mau/skid_steer_ws/install/lora_node:/home/mau/articubot_one/install/articubot_one:/home/mau/bumperbot_ws/install/bumperbot_py_examples:/home/mau/ros2_ws/install/my_py_pkg:/home/mau/skid_steer_ws/install/skid_steer_py_examples:/home/mau/skid_steer_ws/install/imu_driver:/opt/ros/humble LD_LIBRARY_PATH=/home/mau/skid_steer_ws/install/skid_steer_msgs/lib:/home/mau/bumperbot_ws/install/bumperbot_cpp_examples/lib:/home/mau/bumperbot_ws/install/bumperbot_msgs/lib:/home/mau/bumperbot_ws/install/bumperbot_firmware/lib:/home/mau/ros2_ws/install/ldlidar_component/lib:/home/mau/skid_steer_ws/install/skid_steer_firmware/lib:/usr/lib/x86_64-linux-gnu/gazebo-11/plugins:/opt/ros/humble/opt/rviz_ogre_vendor/lib:/opt/ros/humble/lib/x86_64-linux-gnu:/opt/ros/humble/opt/openvdb_vendor/lib:/opt/ros/humble/lib /usr/bin/cmake --build /home/mau/skid_steer_ws/build/skid_steer_cpp_examples -- -j12 -l12
[22.067s] [  5%] [32mBuilding CXX object CMakeFiles/turtlesim_kinematics.dir/src/turtlesim_kinematics.cpp.o[0m
[22.067s] [ 10%] [32mBuilding CXX object CMakeFiles/simple_publisher.dir/src/simple_publisher.cpp.o[0m
[22.067s] [ 15%] [32mBuilding CXX object CMakeFiles/simple_tf_kinematics.dir/src/simple_tf_kinematics.cpp.o[0m
[22.067s] [ 20%] [32mBuilding CXX object CMakeFiles/simple_subscriber.dir/src/simple_subscriber.cpp.o[0m
[22.067s] [ 25%] [32mBuilding CXX object CMakeFiles/simple_lifecycle_node.dir/src/simple_lifecycle_node.cpp.o[0m
[22.067s] [ 35%] [32mBuilding CXX object CMakeFiles/simple_service_server.dir/src/simple_service_server.cpp.o[0m
[22.067s] [ 35%] [32mBuilding CXX object CMakeFiles/simple_service_client.dir/src/simple_service_client.cpp.o[0m
[22.067s] [ 40%] [32mBuilding CXX object CMakeFiles/simple_qos_publisher.dir/src/simple_qos_publisher.cpp.o[0m
[22.068s] [ 45%] [32mBuilding CXX object CMakeFiles/pcl_test.dir/src/pcl_test.cpp.o[0m
[22.068s] [ 50%] [32mBuilding CXX object CMakeFiles/simple_qos_subscriber.dir/src/simple_qos_subscriber.cpp.o[0m
[22.068s] [ 55%] [32m[1mLinking CXX executable simple_service_server[0m
[22.068s] [ 60%] [32m[1mLinking CXX executable simple_service_client[0m
[22.068s] [ 60%] Built target simple_service_server
[22.068s] [ 60%] Built target simple_service_client
[22.068s] [ 65%] [32m[1mLinking CXX executable simple_publisher[0m
[22.068s] [ 65%] Built target simple_publisher
[22.068s] [ 70%] [32m[1mLinking CXX executable simple_qos_publisher[0m
[22.068s] [ 70%] Built target simple_qos_publisher
[22.068s] [ 75%] [32m[1mLinking CXX executable simple_tf_kinematics[0m
[22.068s] [ 80%] [32m[1mLinking CXX executable simple_lifecycle_node[0m
[22.068s] [ 80%] Built target simple_tf_kinematics
[22.068s] [ 80%] Built target simple_lifecycle_node
[22.209s] [ 85%] [32m[1mLinking CXX executable turtlesim_kinematics[0m
[23.010s] [ 85%] Built target turtlesim_kinematics
[23.247s] [ 90%] [32m[1mLinking CXX executable simple_qos_subscriber[0m
[23.958s] [ 90%] Built target simple_qos_subscriber
[24.124s] [ 95%] [32m[1mLinking CXX executable simple_subscriber[0m
[24.833s] [ 95%] Built target simple_subscriber
[31.767s] [100%] [32m[1mLinking CXX executable pcl_test[0m
[34.840s] [100%] Built target pcl_test
[34.853s] Invoked command in '/home/mau/skid_steer_ws/build/skid_steer_cpp_examples' returned '0': CMAKE_PREFIX_PATH=/home/mau/skid_steer_ws/install/skid_steer_msgs:/home/mau/bumperbot_ws/install/bumperbot_utils:/home/mau/bumperbot_ws/install/bumperbot_cpp_examples:/home/mau/bumperbot_ws/install/bumperbot_msgs:/home/mau/bumperbot_ws/install/bumperbot_bringup:/home/mau/bumperbot_ws/install/bumperbot_mapping:/home/mau/bumperbot_ws/install/bumperbot_localization:/home/mau/bumperbot_ws/install/bumperbot_firmware:/home/mau/bumperbot_ws/install/bumperbot_description:/home/mau/bumperbot_ws/install/bumperbot_controller:/home/mau/ros2_ws/install/sllidar_ros2:/home/mau/ros2_ws/install/my_cpp_pkg:/home/mau/ros2_ws/install/ldlidar:/home/mau/ros2_ws/install/ldlidar_node:/home/mau/ros2_ws/install/ldlidar_component:/home/mau/ros2_ws/install/RPLIDAR_A1_SLAM:/home/mau/skid_steer_ws/install/skid_steer_utils:/home/mau/skid_steer_ws/install/skid_steer_slam:/home/mau/skid_steer_ws/install/skid_steer_planning:/home/mau/skid_steer_ws/install/skid_steer_navigation:/home/mau/skid_steer_ws/install/skid_steer_cpp_examples:/home/mau/skid_steer_ws/install/skid_steer_motion:/home/mau/skid_steer_ws/install/skid_steer_localization:/home/mau/skid_steer_ws/install/skid_steer_firmware:/home/mau/skid_steer_ws/install/skid_steer_description:/home/mau/skid_steer_ws/install/skid_steer_controller:/home/mau/skid_steer_ws/install/skid_steer_bringup:/home/mau/skid_steer_ws/install/point_cloud_processing:/home/mau/skid_steer_ws/install/lora_node:/home/mau/articubot_one/install/articubot_one:/home/mau/bumperbot_ws/install/bumperbot_py_examples:/home/mau/ros2_ws/install/my_py_pkg:/home/mau/skid_steer_ws/install/skid_steer_py_examples:/home/mau/skid_steer_ws/install/imu_driver:/opt/ros/humble LD_LIBRARY_PATH=/home/mau/skid_steer_ws/install/skid_steer_msgs/lib:/home/mau/bumperbot_ws/install/bumperbot_cpp_examples/lib:/home/mau/bumperbot_ws/install/bumperbot_msgs/lib:/home/mau/bumperbot_ws/install/bumperbot_firmware/lib:/home/mau/ros2_ws/install/ldlidar_component/lib:/home/mau/skid_steer_ws/install/skid_steer_firmware/lib:/usr/lib/x86_64-linux-gnu/gazebo-11/plugins:/opt/ros/humble/opt/rviz_ogre_vendor/lib:/opt/ros/humble/lib/x86_64-linux-gnu:/opt/ros/humble/opt/openvdb_vendor/lib:/opt/ros/humble/lib /usr/bin/cmake --build /home/mau/skid_steer_ws/build/skid_steer_cpp_examples -- -j12 -l12
[34.855s] Invoking command in '/home/mau/skid_steer_ws/build/skid_steer_cpp_examples': CMAKE_PREFIX_PATH=/home/mau/skid_steer_ws/install/skid_steer_msgs:/home/mau/bumperbot_ws/install/bumperbot_utils:/home/mau/bumperbot_ws/install/bumperbot_cpp_examples:/home/mau/bumperbot_ws/install/bumperbot_msgs:/home/mau/bumperbot_ws/install/bumperbot_bringup:/home/mau/bumperbot_ws/install/bumperbot_mapping:/home/mau/bumperbot_ws/install/bumperbot_localization:/home/mau/bumperbot_ws/install/bumperbot_firmware:/home/mau/bumperbot_ws/install/bumperbot_description:/home/mau/bumperbot_ws/install/bumperbot_controller:/home/mau/ros2_ws/install/sllidar_ros2:/home/mau/ros2_ws/install/my_cpp_pkg:/home/mau/ros2_ws/install/ldlidar:/home/mau/ros2_ws/install/ldlidar_node:/home/mau/ros2_ws/install/ldlidar_component:/home/mau/ros2_ws/install/RPLIDAR_A1_SLAM:/home/mau/skid_steer_ws/install/skid_steer_utils:/home/mau/skid_steer_ws/install/skid_steer_slam:/home/mau/skid_steer_ws/install/skid_steer_planning:/home/mau/skid_steer_ws/install/skid_steer_navigation:/home/mau/skid_steer_ws/install/skid_steer_cpp_examples:/home/mau/skid_steer_ws/install/skid_steer_motion:/home/mau/skid_steer_ws/install/skid_steer_localization:/home/mau/skid_steer_ws/install/skid_steer_firmware:/home/mau/skid_steer_ws/install/skid_steer_description:/home/mau/skid_steer_ws/install/skid_steer_controller:/home/mau/skid_steer_ws/install/skid_steer_bringup:/home/mau/skid_steer_ws/install/point_cloud_processing:/home/mau/skid_steer_ws/install/lora_node:/home/mau/articubot_one/install/articubot_one:/home/mau/bumperbot_ws/install/bumperbot_py_examples:/home/mau/ros2_ws/install/my_py_pkg:/home/mau/skid_steer_ws/install/skid_steer_py_examples:/home/mau/skid_steer_ws/install/imu_driver:/opt/ros/humble LD_LIBRARY_PATH=/home/mau/skid_steer_ws/install/skid_steer_msgs/lib:/home/mau/bumperbot_ws/install/bumperbot_cpp_examples/lib:/home/mau/bumperbot_ws/install/bumperbot_msgs/lib:/home/mau/bumperbot_ws/install/bumperbot_firmware/lib:/home/mau/ros2_ws/install/ldlidar_component/lib:/home/mau/skid_steer_ws/install/skid_steer_firmware/lib:/usr/lib/x86_64-linux-gnu/gazebo-11/plugins:/opt/ros/humble/opt/rviz_ogre_vendor/lib:/opt/ros/humble/lib/x86_64-linux-gnu:/opt/ros/humble/opt/openvdb_vendor/lib:/opt/ros/humble/lib /usr/bin/cmake --install /home/mau/skid_steer_ws/build/skid_steer_cpp_examples
[34.862s] -- Install configuration: ""
[34.863s] -- Up-to-date: /home/mau/skid_steer_ws/install/skid_steer_cpp_examples/include/include
[34.863s] -- Up-to-date: /home/mau/skid_steer_ws/install/skid_steer_cpp_examples/include/include/skid_steer_cpp_examples
[34.863s] -- Up-to-date: /home/mau/skid_steer_ws/install/skid_steer_cpp_examples/include/include/skid_steer_cpp_examples/simple_tf_kinematics.hpp
[34.863s] -- Up-to-date: /home/mau/skid_steer_ws/install/skid_steer_cpp_examples/include/include/skid_steer_cpp_examples/turtlesim_kinematics.hpp
[34.864s] -- Installing: /home/mau/skid_steer_ws/install/skid_steer_cpp_examples/lib/skid_steer_cpp_examples/simple_publisher
[34.865s] -- Set runtime path of "/home/mau/skid_steer_ws/install/skid_steer_cpp_examples/lib/skid_steer_cpp_examples/simple_publisher" to ""
[34.866s] -- Installing: /home/mau/skid_steer_ws/install/skid_steer_cpp_examples/lib/skid_steer_cpp_examples/simple_subscriber
[34.869s] -- Set runtime path of "/home/mau/skid_steer_ws/install/skid_steer_cpp_examples/lib/skid_steer_cpp_examples/simple_subscriber" to ""
[34.870s] -- Installing: /home/mau/skid_steer_ws/install/skid_steer_cpp_examples/lib/skid_steer_cpp_examples/pcl_test
[34.874s] -- Set runtime path of "/home/mau/skid_steer_ws/install/skid_steer_cpp_examples/lib/skid_steer_cpp_examples/pcl_test" to ""
[34.874s] -- Installing: /home/mau/skid_steer_ws/install/skid_steer_cpp_examples/lib/skid_steer_cpp_examples/simple_lifecycle_node
[34.878s] -- Set runtime path of "/home/mau/skid_steer_ws/install/skid_steer_cpp_examples/lib/skid_steer_cpp_examples/simple_lifecycle_node" to ""
[34.878s] -- Installing: /home/mau/skid_steer_ws/install/skid_steer_cpp_examples/lib/skid_steer_cpp_examples/turtlesim_kinematics
[34.882s] -- Set runtime path of "/home/mau/skid_steer_ws/install/skid_steer_cpp_examples/lib/skid_steer_cpp_examples/turtlesim_kinematics" to ""
[34.882s] -- Installing: /home/mau/skid_steer_ws/install/skid_steer_cpp_examples/lib/skid_steer_cpp_examples/simple_tf_kinematics
[34.884s] -- Set runtime path of "/home/mau/skid_steer_ws/install/skid_steer_cpp_examples/lib/skid_steer_cpp_examples/simple_tf_kinematics" to ""
[34.885s] -- Installing: /home/mau/skid_steer_ws/install/skid_steer_cpp_examples/lib/skid_steer_cpp_examples/simple_service_server
[34.885s] -- Set runtime path of "/home/mau/skid_steer_ws/install/skid_steer_cpp_examples/lib/skid_steer_cpp_examples/simple_service_server" to ""
[34.886s] -- Installing: /home/mau/skid_steer_ws/install/skid_steer_cpp_examples/lib/skid_steer_cpp_examples/simple_service_client
[34.887s] -- Set runtime path of "/home/mau/skid_steer_ws/install/skid_steer_cpp_examples/lib/skid_steer_cpp_examples/simple_service_client" to ""
[34.888s] -- Installing: /home/mau/skid_steer_ws/install/skid_steer_cpp_examples/lib/skid_steer_cpp_examples/simple_qos_publisher
[34.889s] -- Set runtime path of "/home/mau/skid_steer_ws/install/skid_steer_cpp_examples/lib/skid_steer_cpp_examples/simple_qos_publisher" to ""
[34.890s] -- Installing: /home/mau/skid_steer_ws/install/skid_steer_cpp_examples/lib/skid_steer_cpp_examples/simple_qos_subscriber
[34.893s] -- Set runtime path of "/home/mau/skid_steer_ws/install/skid_steer_cpp_examples/lib/skid_steer_cpp_examples/simple_qos_subscriber" to ""
[34.893s] -- Up-to-date: /home/mau/skid_steer_ws/install/skid_steer_cpp_examples/share/ament_index/resource_index/package_run_dependencies/skid_steer_cpp_examples
[34.893s] -- Up-to-date: /home/mau/skid_steer_ws/install/skid_steer_cpp_examples/share/ament_index/resource_index/parent_prefix_path/skid_steer_cpp_examples
[34.893s] -- Up-to-date: /home/mau/skid_steer_ws/install/skid_steer_cpp_examples/share/skid_steer_cpp_examples/environment/ament_prefix_path.sh
[34.893s] -- Up-to-date: /home/mau/skid_steer_ws/install/skid_steer_cpp_examples/share/skid_steer_cpp_examples/environment/ament_prefix_path.dsv
[34.894s] -- Up-to-date: /home/mau/skid_steer_ws/install/skid_steer_cpp_examples/share/skid_steer_cpp_examples/environment/path.sh
[34.894s] -- Up-to-date: /home/mau/skid_steer_ws/install/skid_steer_cpp_examples/share/skid_steer_cpp_examples/environment/path.dsv
[34.894s] -- Up-to-date: /home/mau/skid_steer_ws/install/skid_steer_cpp_examples/share/skid_steer_cpp_examples/local_setup.bash
[34.894s] -- Up-to-date: /home/mau/skid_steer_ws/install/skid_steer_cpp_examples/share/skid_steer_cpp_examples/local_setup.sh
[34.894s] -- Up-to-date: /home/mau/skid_steer_ws/install/skid_steer_cpp_examples/share/skid_steer_cpp_examples/local_setup.zsh
[34.894s] -- Up-to-date: /home/mau/skid_steer_ws/install/skid_steer_cpp_examples/share/skid_steer_cpp_examples/local_setup.dsv
[34.894s] -- Installing: /home/mau/skid_steer_ws/install/skid_steer_cpp_examples/share/skid_steer_cpp_examples/package.dsv
[34.894s] -- Up-to-date: /home/mau/skid_steer_ws/install/skid_steer_cpp_examples/share/ament_index/resource_index/packages/skid_steer_cpp_examples
[34.894s] -- Up-to-date: /home/mau/skid_steer_ws/install/skid_steer_cpp_examples/share/skid_steer_cpp_examples/cmake/skid_steer_cpp_examplesConfig.cmake
[34.894s] -- Up-to-date: /home/mau/skid_steer_ws/install/skid_steer_cpp_examples/share/skid_steer_cpp_examples/cmake/skid_steer_cpp_examplesConfig-version.cmake
[34.894s] -- Up-to-date: /home/mau/skid_steer_ws/install/skid_steer_cpp_examples/share/skid_steer_cpp_examples/package.xml
[34.898s] Invoked command in '/home/mau/skid_steer_ws/build/skid_steer_cpp_examples' returned '0': CMAKE_PREFIX_PATH=/home/mau/skid_steer_ws/install/skid_steer_msgs:/home/mau/bumperbot_ws/install/bumperbot_utils:/home/mau/bumperbot_ws/install/bumperbot_cpp_examples:/home/mau/bumperbot_ws/install/bumperbot_msgs:/home/mau/bumperbot_ws/install/bumperbot_bringup:/home/mau/bumperbot_ws/install/bumperbot_mapping:/home/mau/bumperbot_ws/install/bumperbot_localization:/home/mau/bumperbot_ws/install/bumperbot_firmware:/home/mau/bumperbot_ws/install/bumperbot_description:/home/mau/bumperbot_ws/install/bumperbot_controller:/home/mau/ros2_ws/install/sllidar_ros2:/home/mau/ros2_ws/install/my_cpp_pkg:/home/mau/ros2_ws/install/ldlidar:/home/mau/ros2_ws/install/ldlidar_node:/home/mau/ros2_ws/install/ldlidar_component:/home/mau/ros2_ws/install/RPLIDAR_A1_SLAM:/home/mau/skid_steer_ws/install/skid_steer_utils:/home/mau/skid_steer_ws/install/skid_steer_slam:/home/mau/skid_steer_ws/install/skid_steer_planning:/home/mau/skid_steer_ws/install/skid_steer_navigation:/home/mau/skid_steer_ws/install/skid_steer_cpp_examples:/home/mau/skid_steer_ws/install/skid_steer_motion:/home/mau/skid_steer_ws/install/skid_steer_localization:/home/mau/skid_steer_ws/install/skid_steer_firmware:/home/mau/skid_steer_ws/install/skid_steer_description:/home/mau/skid_steer_ws/install/skid_steer_controller:/home/mau/skid_steer_ws/install/skid_steer_bringup:/home/mau/skid_steer_ws/install/point_cloud_processing:/home/mau/skid_steer_ws/install/lora_node:/home/mau/articubot_one/install/articubot_one:/home/mau/bumperbot_ws/install/bumperbot_py_examples:/home/mau/ros2_ws/install/my_py_pkg:/home/mau/skid_steer_ws/install/skid_steer_py_examples:/home/mau/skid_steer_ws/install/imu_driver:/opt/ros/humble LD_LIBRARY_PATH=/home/mau/skid_steer_ws/install/skid_steer_msgs/lib:/home/mau/bumperbot_ws/install/bumperbot_cpp_examples/lib:/home/mau/bumperbot_ws/install/bumperbot_msgs/lib:/home/mau/bumperbot_ws/install/bumperbot_firmware/lib:/home/mau/ros2_ws/install/ldlidar_component/lib:/home/mau/skid_steer_ws/install/skid_steer_firmware/lib:/usr/lib/x86_64-linux-gnu/gazebo-11/plugins:/opt/ros/humble/opt/rviz_ogre_vendor/lib:/opt/ros/humble/lib/x86_64-linux-gnu:/opt/ros/humble/opt/openvdb_vendor/lib:/opt/ros/humble/lib /usr/bin/cmake --install /home/mau/skid_steer_ws/build/skid_steer_cpp_examples
