[0.615s] Invoking command in '/home/mau/skid_steer_ws/src/skid_steer_py_examples': CMAKE_PREFIX_PATH=/home/mau/skid_steer_ws/install/skid_steer_msgs:/home/mau/bumperbot_ws/install/bumperbot_utils:/home/mau/bumperbot_ws/install/bumperbot_cpp_examples:/home/mau/bumperbot_ws/install/bumperbot_msgs:/home/mau/bumperbot_ws/install/bumperbot_bringup:/home/mau/bumperbot_ws/install/bumperbot_mapping:/home/mau/bumperbot_ws/install/bumperbot_localization:/home/mau/bumperbot_ws/install/bumperbot_firmware:/home/mau/bumperbot_ws/install/bumperbot_description:/home/mau/bumperbot_ws/install/bumperbot_controller:/home/mau/ros2_ws/install/sllidar_ros2:/home/mau/ros2_ws/install/my_cpp_pkg:/home/mau/ros2_ws/install/ldlidar:/home/mau/ros2_ws/install/ldlidar_node:/home/mau/ros2_ws/install/ldlidar_component:/home/mau/ros2_ws/install/RPLIDAR_A1_SLAM:/home/mau/skid_steer_ws/install/skid_steer_utils:/home/mau/skid_steer_ws/install/skid_steer_slam:/home/mau/skid_steer_ws/install/skid_steer_navigation:/home/mau/skid_steer_ws/install/skid_steer_cpp_examples:/home/mau/skid_steer_ws/install/skid_steer_localization:/home/mau/skid_steer_ws/install/skid_steer_firmware:/home/mau/skid_steer_ws/install/skid_steer_description:/home/mau/skid_steer_ws/install/skid_steer_controller:/home/mau/skid_steer_ws/install/skid_steer_bringup:/home/mau/skid_steer_ws/install/point_cloud_processing:/home/mau/skid_steer_ws/install/lora_node:/home/mau/articubot_one/install/articubot_one LD_LIBRARY_PATH=/home/mau/skid_steer_ws/install/skid_steer_msgs/lib:/home/mau/bumperbot_ws/install/bumperbot_cpp_examples/lib:/home/mau/bumperbot_ws/install/bumperbot_msgs/lib:/home/mau/bumperbot_ws/install/bumperbot_firmware/lib:/home/mau/ros2_ws/install/ldlidar_component/lib:/home/mau/skid_steer_ws/install/skid_steer_firmware/lib:/usr/lib/x86_64-linux-gnu/gazebo-11/plugins:/opt/ros/humble/opt/rviz_ogre_vendor/lib:/opt/ros/humble/lib/x86_64-linux-gnu:/opt/ros/humble/opt/openvdb_vendor/lib:/opt/ros/humble/lib PYTHONPATH=/home/mau/skid_steer_ws/build/skid_steer_py_examples/prefix_override:/usr/lib/python3/dist-packages/colcon_core/task/python/colcon_distutils_commands:/home/mau/skid_steer_ws/install/skid_steer_py_examples/lib/python3.10/site-packages:${PYTHONPATH} /usr/bin/python3 -W ignore:setup.py install is deprecated -W ignore:easy_install command is deprecated setup.py egg_info --egg-base ../../build/skid_steer_py_examples build --build-base /home/mau/skid_steer_ws/build/skid_steer_py_examples/build install --record /home/mau/skid_steer_ws/build/skid_steer_py_examples/install.log --single-version-externally-managed install_data
[0.845s] running egg_info
[0.846s] writing ../../build/skid_steer_py_examples/skid_steer_py_examples.egg-info/PKG-INFO
[0.846s] writing dependency_links to ../../build/skid_steer_py_examples/skid_steer_py_examples.egg-info/dependency_links.txt
[0.846s] writing entry points to ../../build/skid_steer_py_examples/skid_steer_py_examples.egg-info/entry_points.txt
[0.846s] writing requirements to ../../build/skid_steer_py_examples/skid_steer_py_examples.egg-info/requires.txt
[0.846s] writing top-level names to ../../build/skid_steer_py_examples/skid_steer_py_examples.egg-info/top_level.txt
[0.847s] reading manifest file '../../build/skid_steer_py_examples/skid_steer_py_examples.egg-info/SOURCES.txt'
[0.848s] writing manifest file '../../build/skid_steer_py_examples/skid_steer_py_examples.egg-info/SOURCES.txt'
[0.848s] running build
[0.848s] running build_py
[0.849s] copying skid_steer_py_examples/simple_lifecycle_node.py -> /home/mau/skid_steer_ws/build/skid_steer_py_examples/build/lib/skid_steer_py_examples
[0.849s] running install
[0.849s] running install_lib
[0.850s] copying /home/mau/skid_steer_ws/build/skid_steer_py_examples/build/lib/skid_steer_py_examples/simple_lifecycle_node.py -> /home/mau/skid_steer_ws/install/skid_steer_py_examples/lib/python3.10/site-packages/skid_steer_py_examples
[0.850s] byte-compiling /home/mau/skid_steer_ws/install/skid_steer_py_examples/lib/python3.10/site-packages/skid_steer_py_examples/simple_lifecycle_node.py to simple_lifecycle_node.cpython-310.pyc
[0.851s] running install_data
[0.851s] running install_egg_info
[0.852s] removing '/home/mau/skid_steer_ws/install/skid_steer_py_examples/lib/python3.10/site-packages/skid_steer_py_examples-0.0.0-py3.10.egg-info' (and everything under it)
[0.853s] Copying ../../build/skid_steer_py_examples/skid_steer_py_examples.egg-info to /home/mau/skid_steer_ws/install/skid_steer_py_examples/lib/python3.10/site-packages/skid_steer_py_examples-0.0.0-py3.10.egg-info
[0.853s] running install_scripts
[0.868s] Installing simple_lifecycle_node script to /home/mau/skid_steer_ws/install/skid_steer_py_examples/lib/skid_steer_py_examples
[0.868s] Installing simple_publisher script to /home/mau/skid_steer_ws/install/skid_steer_py_examples/lib/skid_steer_py_examples
[0.869s] Installing simple_service_client script to /home/mau/skid_steer_ws/install/skid_steer_py_examples/lib/skid_steer_py_examples
[0.869s] Installing simple_service_server script to /home/mau/skid_steer_ws/install/skid_steer_py_examples/lib/skid_steer_py_examples
[0.869s] Installing simple_subscriber script to /home/mau/skid_steer_ws/install/skid_steer_py_examples/lib/skid_steer_py_examples
[0.869s] Installing simple_tf_kinematics script to /home/mau/skid_steer_ws/install/skid_steer_py_examples/lib/skid_steer_py_examples
[0.869s] Installing simple_turtlesim_kinematics script to /home/mau/skid_steer_ws/install/skid_steer_py_examples/lib/skid_steer_py_examples
[0.869s] writing list of installed files to '/home/mau/skid_steer_ws/build/skid_steer_py_examples/install.log'
[0.886s] Invoked command in '/home/mau/skid_steer_ws/src/skid_steer_py_examples' returned '0': CMAKE_PREFIX_PATH=/home/mau/skid_steer_ws/install/skid_steer_msgs:/home/mau/bumperbot_ws/install/bumperbot_utils:/home/mau/bumperbot_ws/install/bumperbot_cpp_examples:/home/mau/bumperbot_ws/install/bumperbot_msgs:/home/mau/bumperbot_ws/install/bumperbot_bringup:/home/mau/bumperbot_ws/install/bumperbot_mapping:/home/mau/bumperbot_ws/install/bumperbot_localization:/home/mau/bumperbot_ws/install/bumperbot_firmware:/home/mau/bumperbot_ws/install/bumperbot_description:/home/mau/bumperbot_ws/install/bumperbot_controller:/home/mau/ros2_ws/install/sllidar_ros2:/home/mau/ros2_ws/install/my_cpp_pkg:/home/mau/ros2_ws/install/ldlidar:/home/mau/ros2_ws/install/ldlidar_node:/home/mau/ros2_ws/install/ldlidar_component:/home/mau/ros2_ws/install/RPLIDAR_A1_SLAM:/home/mau/skid_steer_ws/install/skid_steer_utils:/home/mau/skid_steer_ws/install/skid_steer_slam:/home/mau/skid_steer_ws/install/skid_steer_navigation:/home/mau/skid_steer_ws/install/skid_steer_cpp_examples:/home/mau/skid_steer_ws/install/skid_steer_localization:/home/mau/skid_steer_ws/install/skid_steer_firmware:/home/mau/skid_steer_ws/install/skid_steer_description:/home/mau/skid_steer_ws/install/skid_steer_controller:/home/mau/skid_steer_ws/install/skid_steer_bringup:/home/mau/skid_steer_ws/install/point_cloud_processing:/home/mau/skid_steer_ws/install/lora_node:/home/mau/articubot_one/install/articubot_one LD_LIBRARY_PATH=/home/mau/skid_steer_ws/install/skid_steer_msgs/lib:/home/mau/bumperbot_ws/install/bumperbot_cpp_examples/lib:/home/mau/bumperbot_ws/install/bumperbot_msgs/lib:/home/mau/bumperbot_ws/install/bumperbot_firmware/lib:/home/mau/ros2_ws/install/ldlidar_component/lib:/home/mau/skid_steer_ws/install/skid_steer_firmware/lib:/usr/lib/x86_64-linux-gnu/gazebo-11/plugins:/opt/ros/humble/opt/rviz_ogre_vendor/lib:/opt/ros/humble/lib/x86_64-linux-gnu:/opt/ros/humble/opt/openvdb_vendor/lib:/opt/ros/humble/lib PYTHONPATH=/home/mau/skid_steer_ws/build/skid_steer_py_examples/prefix_override:/usr/lib/python3/dist-packages/colcon_core/task/python/colcon_distutils_commands:/home/mau/skid_steer_ws/install/skid_steer_py_examples/lib/python3.10/site-packages:${PYTHONPATH} /usr/bin/python3 -W ignore:setup.py install is deprecated -W ignore:easy_install command is deprecated setup.py egg_info --egg-base ../../build/skid_steer_py_examples build --build-base /home/mau/skid_steer_ws/build/skid_steer_py_examples/build install --record /home/mau/skid_steer_ws/build/skid_steer_py_examples/install.log --single-version-externally-managed install_data
