[0.303s] Invoking command in '/home/mau/skid_steer_ws/build/skid_steer_motion': CMAKE_PREFIX_PATH=${CMAKE_PREFIX_PATH}:/home/mau/bumperbot_ws/install/bumperbot_py_examples:/home/mau/ros2_ws/install/my_py_pkg:/home/mau/skid_steer_ws/install/skid_steer_py_examples:/home/mau/skid_steer_ws/install/imu_driver:/opt/ros/humble /usr/bin/cmake --build /home/mau/skid_steer_ws/build/skid_steer_motion -- -j12 -l12
[0.393s] [35m[1mConsolidate compiler generated dependencies of target pid_motion_planner[0m
[0.440s] [35m[1mConsolidate compiler generated dependencies of target pi_motion_planner[0m
[0.440s] [ 25%] Built target pd_motion_planner
[0.454s] [ 25%] Built target ament_cmake_python_copy_skid_steer_motion
[0.479s] [ 50%] Built target pure_pursuit
[0.494s] [ 62%] [32mBuilding CXX object CMakeFiles/pid_motion_planner.dir/src/pid_motion_planner.cpp.o[0m
[0.512s] [ 75%] [32mBuilding CXX object CMakeFiles/pi_motion_planner.dir/src/pi_motion_planner.cpp.o[0m
[0.725s] running egg_info
[0.726s] writing skid_steer_motion.egg-info/PKG-INFO
[0.726s] writing dependency_links to skid_steer_motion.egg-info/dependency_links.txt
[0.726s] writing top-level names to skid_steer_motion.egg-info/top_level.txt
[0.728s] reading manifest file 'skid_steer_motion.egg-info/SOURCES.txt'
[0.729s] writing manifest file 'skid_steer_motion.egg-info/SOURCES.txt'
[0.761s] [ 75%] Built target ament_cmake_python_build_skid_steer_motion_egg
[7.539s] [ 87%] [32m[1mLinking CXX executable pi_motion_planner[0m
[7.618s] [100%] [32m[1mLinking CXX executable pid_motion_planner[0m
[7.961s] [100%] Built target pi_motion_planner
[8.014s] [100%] Built target pid_motion_planner
[8.030s] Invoked command in '/home/mau/skid_steer_ws/build/skid_steer_motion' returned '0': CMAKE_PREFIX_PATH=${CMAKE_PREFIX_PATH}:/home/mau/bumperbot_ws/install/bumperbot_py_examples:/home/mau/ros2_ws/install/my_py_pkg:/home/mau/skid_steer_ws/install/skid_steer_py_examples:/home/mau/skid_steer_ws/install/imu_driver:/opt/ros/humble /usr/bin/cmake --build /home/mau/skid_steer_ws/build/skid_steer_motion -- -j12 -l12
[8.031s] Invoking command in '/home/mau/skid_steer_ws/build/skid_steer_motion': CMAKE_PREFIX_PATH=${CMAKE_PREFIX_PATH}:/home/mau/bumperbot_ws/install/bumperbot_py_examples:/home/mau/ros2_ws/install/my_py_pkg:/home/mau/skid_steer_ws/install/skid_steer_py_examples:/home/mau/skid_steer_ws/install/imu_driver:/opt/ros/humble /usr/bin/cmake --install /home/mau/skid_steer_ws/build/skid_steer_motion
[8.042s] -- Install configuration: ""
[8.043s] -- Up-to-date: /home/mau/skid_steer_ws/install/skid_steer_motion/share/skid_steer_motion/environment/pythonpath.sh
[8.043s] -- Up-to-date: /home/mau/skid_steer_ws/install/skid_steer_motion/share/skid_steer_motion/environment/pythonpath.dsv
[8.043s] -- Up-to-date: /home/mau/skid_steer_ws/install/skid_steer_motion/local/lib/python3.10/dist-packages/skid_steer_motion-0.0.0-py3.10.egg-info
[8.043s] -- Installing: /home/mau/skid_steer_ws/install/skid_steer_motion/local/lib/python3.10/dist-packages/skid_steer_motion-0.0.0-py3.10.egg-info/SOURCES.txt
[8.043s] -- Installing: /home/mau/skid_steer_ws/install/skid_steer_motion/local/lib/python3.10/dist-packages/skid_steer_motion-0.0.0-py3.10.egg-info/dependency_links.txt
[8.043s] -- Installing: /home/mau/skid_steer_ws/install/skid_steer_motion/local/lib/python3.10/dist-packages/skid_steer_motion-0.0.0-py3.10.egg-info/top_level.txt
[8.044s] -- Installing: /home/mau/skid_steer_ws/install/skid_steer_motion/local/lib/python3.10/dist-packages/skid_steer_motion-0.0.0-py3.10.egg-info/PKG-INFO
[8.044s] -- Up-to-date: /home/mau/skid_steer_ws/install/skid_steer_motion/local/lib/python3.10/dist-packages/skid_steer_motion
[8.044s] -- Up-to-date: /home/mau/skid_steer_ws/install/skid_steer_motion/local/lib/python3.10/dist-packages/skid_steer_motion/__init__.py
[8.044s] -- Up-to-date: /home/mau/skid_steer_ws/install/skid_steer_motion/local/lib/python3.10/dist-packages/skid_steer_motion/pd_motion_planner.py
[8.044s] -- Up-to-date: /home/mau/skid_steer_ws/install/skid_steer_motion/local/lib/python3.10/dist-packages/skid_steer_motion/pure_pursuit.py
[8.080s] Listing '/home/mau/skid_steer_ws/install/skid_steer_motion/local/lib/python3.10/dist-packages/skid_steer_motion'...
[8.084s] -- Up-to-date: /home/mau/skid_steer_ws/install/skid_steer_motion/lib/skid_steer_motion/pd_motion_planner.py
[8.084s] -- Up-to-date: /home/mau/skid_steer_ws/install/skid_steer_motion/lib/skid_steer_motion/pure_pursuit.py
[8.084s] -- Up-to-date: /home/mau/skid_steer_ws/install/skid_steer_motion/include/include
[8.084s] -- Up-to-date: /home/mau/skid_steer_ws/install/skid_steer_motion/include/include/skid_steer_motion
[8.084s] -- Up-to-date: /home/mau/skid_steer_ws/install/skid_steer_motion/include/include/skid_steer_motion/pd_motion_planner.hpp
[8.084s] -- Up-to-date: /home/mau/skid_steer_ws/install/skid_steer_motion/include/include/skid_steer_motion/pid_motion_planner.hpp
[8.084s] -- Up-to-date: /home/mau/skid_steer_ws/install/skid_steer_motion/include/include/skid_steer_motion/pi_motion_planner.hpp
[8.084s] -- Up-to-date: /home/mau/skid_steer_ws/install/skid_steer_motion/include/include/skid_steer_motion/pure_pursuit.hpp
[8.085s] -- Up-to-date: /home/mau/skid_steer_ws/install/skid_steer_motion/lib/skid_steer_motion/pd_motion_planner
[8.085s] -- Installing: /home/mau/skid_steer_ws/install/skid_steer_motion/lib/skid_steer_motion/pid_motion_planner
[8.094s] -- Set runtime path of "/home/mau/skid_steer_ws/install/skid_steer_motion/lib/skid_steer_motion/pid_motion_planner" to ""
[8.094s] -- Installing: /home/mau/skid_steer_ws/install/skid_steer_motion/lib/skid_steer_motion/pi_motion_planner
[8.102s] -- Set runtime path of "/home/mau/skid_steer_ws/install/skid_steer_motion/lib/skid_steer_motion/pi_motion_planner" to ""
[8.102s] -- Up-to-date: /home/mau/skid_steer_ws/install/skid_steer_motion/lib/skid_steer_motion/pure_pursuit
[8.103s] -- Up-to-date: /home/mau/skid_steer_ws/install/skid_steer_motion/share/ament_index/resource_index/package_run_dependencies/skid_steer_motion
[8.103s] -- Up-to-date: /home/mau/skid_steer_ws/install/skid_steer_motion/share/ament_index/resource_index/parent_prefix_path/skid_steer_motion
[8.103s] -- Up-to-date: /home/mau/skid_steer_ws/install/skid_steer_motion/share/skid_steer_motion/environment/ament_prefix_path.sh
[8.103s] -- Up-to-date: /home/mau/skid_steer_ws/install/skid_steer_motion/share/skid_steer_motion/environment/ament_prefix_path.dsv
[8.103s] -- Up-to-date: /home/mau/skid_steer_ws/install/skid_steer_motion/share/skid_steer_motion/environment/path.sh
[8.103s] -- Up-to-date: /home/mau/skid_steer_ws/install/skid_steer_motion/share/skid_steer_motion/environment/path.dsv
[8.103s] -- Up-to-date: /home/mau/skid_steer_ws/install/skid_steer_motion/share/skid_steer_motion/local_setup.bash
[8.104s] -- Up-to-date: /home/mau/skid_steer_ws/install/skid_steer_motion/share/skid_steer_motion/local_setup.sh
[8.104s] -- Up-to-date: /home/mau/skid_steer_ws/install/skid_steer_motion/share/skid_steer_motion/local_setup.zsh
[8.104s] -- Up-to-date: /home/mau/skid_steer_ws/install/skid_steer_motion/share/skid_steer_motion/local_setup.dsv
[8.104s] -- Installing: /home/mau/skid_steer_ws/install/skid_steer_motion/share/skid_steer_motion/package.dsv
[8.104s] -- Up-to-date: /home/mau/skid_steer_ws/install/skid_steer_motion/share/ament_index/resource_index/packages/skid_steer_motion
[8.104s] -- Up-to-date: /home/mau/skid_steer_ws/install/skid_steer_motion/share/skid_steer_motion/cmake/ament_cmake_export_include_directories-extras.cmake
[8.104s] -- Up-to-date: /home/mau/skid_steer_ws/install/skid_steer_motion/share/skid_steer_motion/cmake/ament_cmake_export_dependencies-extras.cmake
[8.104s] -- Up-to-date: /home/mau/skid_steer_ws/install/skid_steer_motion/share/skid_steer_motion/cmake/skid_steer_motionConfig.cmake
[8.104s] -- Up-to-date: /home/mau/skid_steer_ws/install/skid_steer_motion/share/skid_steer_motion/cmake/skid_steer_motionConfig-version.cmake
[8.105s] -- Up-to-date: /home/mau/skid_steer_ws/install/skid_steer_motion/share/skid_steer_motion/package.xml
[8.108s] Invoked command in '/home/mau/skid_steer_ws/build/skid_steer_motion' returned '0': CMAKE_PREFIX_PATH=${CMAKE_PREFIX_PATH}:/home/mau/bumperbot_ws/install/bumperbot_py_examples:/home/mau/ros2_ws/install/my_py_pkg:/home/mau/skid_steer_ws/install/skid_steer_py_examples:/home/mau/skid_steer_ws/install/imu_driver:/opt/ros/humble /usr/bin/cmake --install /home/mau/skid_steer_ws/build/skid_steer_motion
