[0.291s] Invoking command in '/home/mau/skid_steer_ws/build/skid_steer_motion': CMAKE_PREFIX_PATH=${CMAKE_PREFIX_PATH}:/home/mau/bumperbot_ws/install/bumperbot_py_examples:/home/mau/ros2_ws/install/my_py_pkg:/home/mau/skid_steer_ws/install/skid_steer_py_examples:/home/mau/skid_steer_ws/install/imu_driver:/opt/ros/humble /usr/bin/cmake --build /home/mau/skid_steer_ws/build/skid_steer_motion -- -j12 -l12
[0.372s] [35m[1mConsolidate compiler generated dependencies of target pi_motion_planner[0m
[0.380s] [35m[1mConsolidate compiler generated dependencies of target pid_motion_planner[0m
[0.416s] [ 33%] Built target pd_motion_planner
[0.421s] [ 50%] [32mBuilding CXX object CMakeFiles/pi_motion_planner.dir/src/pi_motion_planner.cpp.o[0m
[0.462s] [ 66%] [32mBuilding CXX object CMakeFiles/pid_motion_planner.dir/src/pid_motion_planner.cpp.o[0m
[0.473s] [ 66%] Built target ament_cmake_python_copy_skid_steer_motion
[0.795s] running egg_info
[0.795s] writing skid_steer_motion.egg-info/PKG-INFO
[0.796s] writing dependency_links to skid_steer_motion.egg-info/dependency_links.txt
[0.796s] writing top-level names to skid_steer_motion.egg-info/top_level.txt
[0.800s] reading manifest file 'skid_steer_motion.egg-info/SOURCES.txt'
[0.801s] writing manifest file 'skid_steer_motion.egg-info/SOURCES.txt'
[0.836s] [ 66%] Built target ament_cmake_python_build_skid_steer_motion_egg
[7.505s] [ 83%] [32m[1mLinking CXX executable pi_motion_planner[0m
[7.529s] [100%] [32m[1mLinking CXX executable pid_motion_planner[0m
[7.897s] [100%] Built target pi_motion_planner
[7.931s] [100%] Built target pid_motion_planner
[7.948s] Invoked command in '/home/mau/skid_steer_ws/build/skid_steer_motion' returned '0': CMAKE_PREFIX_PATH=${CMAKE_PREFIX_PATH}:/home/mau/bumperbot_ws/install/bumperbot_py_examples:/home/mau/ros2_ws/install/my_py_pkg:/home/mau/skid_steer_ws/install/skid_steer_py_examples:/home/mau/skid_steer_ws/install/imu_driver:/opt/ros/humble /usr/bin/cmake --build /home/mau/skid_steer_ws/build/skid_steer_motion -- -j12 -l12
[7.950s] Invoking command in '/home/mau/skid_steer_ws/build/skid_steer_motion': CMAKE_PREFIX_PATH=${CMAKE_PREFIX_PATH}:/home/mau/bumperbot_ws/install/bumperbot_py_examples:/home/mau/ros2_ws/install/my_py_pkg:/home/mau/skid_steer_ws/install/skid_steer_py_examples:/home/mau/skid_steer_ws/install/imu_driver:/opt/ros/humble /usr/bin/cmake --install /home/mau/skid_steer_ws/build/skid_steer_motion
[7.961s] -- Install configuration: ""
[7.962s] -- Up-to-date: /home/mau/skid_steer_ws/install/skid_steer_motion/share/skid_steer_motion/environment/pythonpath.sh
[7.962s] -- Up-to-date: /home/mau/skid_steer_ws/install/skid_steer_motion/share/skid_steer_motion/environment/pythonpath.dsv
[7.962s] -- Up-to-date: /home/mau/skid_steer_ws/install/skid_steer_motion/local/lib/python3.10/dist-packages/skid_steer_motion-0.0.0-py3.10.egg-info
[7.962s] -- Installing: /home/mau/skid_steer_ws/install/skid_steer_motion/local/lib/python3.10/dist-packages/skid_steer_motion-0.0.0-py3.10.egg-info/SOURCES.txt
[7.962s] -- Installing: /home/mau/skid_steer_ws/install/skid_steer_motion/local/lib/python3.10/dist-packages/skid_steer_motion-0.0.0-py3.10.egg-info/dependency_links.txt
[7.962s] -- Installing: /home/mau/skid_steer_ws/install/skid_steer_motion/local/lib/python3.10/dist-packages/skid_steer_motion-0.0.0-py3.10.egg-info/top_level.txt
[7.963s] -- Installing: /home/mau/skid_steer_ws/install/skid_steer_motion/local/lib/python3.10/dist-packages/skid_steer_motion-0.0.0-py3.10.egg-info/PKG-INFO
[7.963s] -- Up-to-date: /home/mau/skid_steer_ws/install/skid_steer_motion/local/lib/python3.10/dist-packages/skid_steer_motion
[7.963s] -- Up-to-date: /home/mau/skid_steer_ws/install/skid_steer_motion/local/lib/python3.10/dist-packages/skid_steer_motion/__init__.py
[7.963s] -- Up-to-date: /home/mau/skid_steer_ws/install/skid_steer_motion/local/lib/python3.10/dist-packages/skid_steer_motion/pd_motion_planner.py
[8.000s] Listing '/home/mau/skid_steer_ws/install/skid_steer_motion/local/lib/python3.10/dist-packages/skid_steer_motion'...
[8.004s] -- Up-to-date: /home/mau/skid_steer_ws/install/skid_steer_motion/lib/skid_steer_motion/pd_motion_planner.py
[8.004s] -- Up-to-date: /home/mau/skid_steer_ws/install/skid_steer_motion/include/include
[8.004s] -- Up-to-date: /home/mau/skid_steer_ws/install/skid_steer_motion/include/include/skid_steer_motion
[8.004s] -- Up-to-date: /home/mau/skid_steer_ws/install/skid_steer_motion/include/include/skid_steer_motion/pd_motion_planner.hpp
[8.004s] -- Up-to-date: /home/mau/skid_steer_ws/install/skid_steer_motion/include/include/skid_steer_motion/pid_motion_planner.hpp
[8.004s] -- Up-to-date: /home/mau/skid_steer_ws/install/skid_steer_motion/include/include/skid_steer_motion/pi_motion_planner.hpp
[8.005s] -- Up-to-date: /home/mau/skid_steer_ws/install/skid_steer_motion/lib/skid_steer_motion/pd_motion_planner
[8.005s] -- Installing: /home/mau/skid_steer_ws/install/skid_steer_motion/lib/skid_steer_motion/pid_motion_planner
[8.010s] -- Set runtime path of "/home/mau/skid_steer_ws/install/skid_steer_motion/lib/skid_steer_motion/pid_motion_planner" to ""
[8.010s] -- Up-to-date: /home/mau/skid_steer_ws/install/skid_steer_motion/share/ament_index/resource_index/package_run_dependencies/skid_steer_motion
[8.010s] -- Up-to-date: /home/mau/skid_steer_ws/install/skid_steer_motion/share/ament_index/resource_index/parent_prefix_path/skid_steer_motion
[8.010s] -- Up-to-date: /home/mau/skid_steer_ws/install/skid_steer_motion/share/skid_steer_motion/environment/ament_prefix_path.sh
[8.010s] -- Up-to-date: /home/mau/skid_steer_ws/install/skid_steer_motion/share/skid_steer_motion/environment/ament_prefix_path.dsv
[8.010s] -- Up-to-date: /home/mau/skid_steer_ws/install/skid_steer_motion/share/skid_steer_motion/environment/path.sh
[8.010s] -- Up-to-date: /home/mau/skid_steer_ws/install/skid_steer_motion/share/skid_steer_motion/environment/path.dsv
[8.010s] -- Up-to-date: /home/mau/skid_steer_ws/install/skid_steer_motion/share/skid_steer_motion/local_setup.bash
[8.010s] -- Up-to-date: /home/mau/skid_steer_ws/install/skid_steer_motion/share/skid_steer_motion/local_setup.sh
[8.010s] -- Up-to-date: /home/mau/skid_steer_ws/install/skid_steer_motion/share/skid_steer_motion/local_setup.zsh
[8.011s] -- Up-to-date: /home/mau/skid_steer_ws/install/skid_steer_motion/share/skid_steer_motion/local_setup.dsv
[8.011s] -- Installing: /home/mau/skid_steer_ws/install/skid_steer_motion/share/skid_steer_motion/package.dsv
[8.011s] -- Up-to-date: /home/mau/skid_steer_ws/install/skid_steer_motion/share/ament_index/resource_index/packages/skid_steer_motion
[8.011s] -- Up-to-date: /home/mau/skid_steer_ws/install/skid_steer_motion/share/skid_steer_motion/cmake/ament_cmake_export_include_directories-extras.cmake
[8.011s] -- Up-to-date: /home/mau/skid_steer_ws/install/skid_steer_motion/share/skid_steer_motion/cmake/ament_cmake_export_dependencies-extras.cmake
[8.011s] -- Up-to-date: /home/mau/skid_steer_ws/install/skid_steer_motion/share/skid_steer_motion/cmake/skid_steer_motionConfig.cmake
[8.011s] -- Up-to-date: /home/mau/skid_steer_ws/install/skid_steer_motion/share/skid_steer_motion/cmake/skid_steer_motionConfig-version.cmake
[8.011s] -- Up-to-date: /home/mau/skid_steer_ws/install/skid_steer_motion/share/skid_steer_motion/package.xml
[8.014s] Invoked command in '/home/mau/skid_steer_ws/build/skid_steer_motion' returned '0': CMAKE_PREFIX_PATH=${CMAKE_PREFIX_PATH}:/home/mau/bumperbot_ws/install/bumperbot_py_examples:/home/mau/ros2_ws/install/my_py_pkg:/home/mau/skid_steer_ws/install/skid_steer_py_examples:/home/mau/skid_steer_ws/install/imu_driver:/opt/ros/humble /usr/bin/cmake --install /home/mau/skid_steer_ws/build/skid_steer_motion
