[ 12%] [32mBuilding CXX object CMakeFiles/pcd_write_test.dir/src/0_table_scene.cpp.o[0m
[ 25%] [32mBuilding CXX object CMakeFiles/pcd_import.dir/src/2_circular_cloud.cpp.o[0m
[ 37%] [32mBuilding CXX object CMakeFiles/plane_cloud.dir/src/1_planner_cloud.cpp.o[0m
[ 50%] [32mBuilding CXX object CMakeFiles/pcl_filter.dir/src/pcl_filter_node.cpp.o[0m
[ 62%] [32m[1mLinking CXX executable pcd_import[0m
[ 75%] [32m[1mLinking CXX executable pcd_write_test[0m
[ 75%] Built target pcd_write_test
[ 87%] [32m[1mLinking CXX executable plane_cloud[0m
[ 87%] Built target pcd_import
[ 87%] Built target plane_cloud
[100%] [32m[1mLinking CXX executable pcl_filter[0m
[100%] Built target pcl_filter
-- Install configuration: ""
-- Installing: /home/mau/skid_steer_ws/install/point_cloud_processing/lib/point_cloud_processing/pcd_write_test
-- Installing: /home/mau/skid_steer_ws/install/point_cloud_processing/lib/point_cloud_processing/plane_cloud
-- Installing: /home/mau/skid_steer_ws/install/point_cloud_processing/lib/point_cloud_processing/pcd_import
-- Installing: /home/mau/skid_steer_ws/install/point_cloud_processing/lib/point_cloud_processing/pcl_filter
-- Set runtime path of "/home/mau/skid_steer_ws/install/point_cloud_processing/lib/point_cloud_processing/pcl_filter" to ""
-- Up-to-date: /home/mau/skid_steer_ws/install/point_cloud_processing/share/ament_index/resource_index/package_run_dependencies/point_cloud_processing
-- Up-to-date: /home/mau/skid_steer_ws/install/point_cloud_processing/share/ament_index/resource_index/parent_prefix_path/point_cloud_processing
-- Up-to-date: /home/mau/skid_steer_ws/install/point_cloud_processing/share/point_cloud_processing/environment/ament_prefix_path.sh
-- Up-to-date: /home/mau/skid_steer_ws/install/point_cloud_processing/share/point_cloud_processing/environment/ament_prefix_path.dsv
-- Up-to-date: /home/mau/skid_steer_ws/install/point_cloud_processing/share/point_cloud_processing/environment/path.sh
-- Up-to-date: /home/mau/skid_steer_ws/install/point_cloud_processing/share/point_cloud_processing/environment/path.dsv
-- Up-to-date: /home/mau/skid_steer_ws/install/point_cloud_processing/share/point_cloud_processing/local_setup.bash
-- Up-to-date: /home/mau/skid_steer_ws/install/point_cloud_processing/share/point_cloud_processing/local_setup.sh
-- Up-to-date: /home/mau/skid_steer_ws/install/point_cloud_processing/share/point_cloud_processing/local_setup.zsh
-- Up-to-date: /home/mau/skid_steer_ws/install/point_cloud_processing/share/point_cloud_processing/local_setup.dsv
-- Installing: /home/mau/skid_steer_ws/install/point_cloud_processing/share/point_cloud_processing/package.dsv
-- Up-to-date: /home/mau/skid_steer_ws/install/point_cloud_processing/share/ament_index/resource_index/packages/point_cloud_processing
-- Up-to-date: /home/mau/skid_steer_ws/install/point_cloud_processing/share/point_cloud_processing/cmake/point_cloud_processingConfig.cmake
-- Up-to-date: /home/mau/skid_steer_ws/install/point_cloud_processing/share/point_cloud_processing/cmake/point_cloud_processingConfig-version.cmake
-- Up-to-date: /home/mau/skid_steer_ws/install/point_cloud_processing/share/point_cloud_processing/package.xml
