[0.364s] Invoking command in '/home/mau/skid_steer_ws/build/point_cloud_processing': CMAKE_PREFIX_PATH=${CMAKE_PREFIX_PATH}:/home/mau/bumperbot_ws/install/bumperbot_py_examples:/home/mau/ros2_ws/install/my_py_pkg:/home/mau/skid_steer_ws/install/skid_steer_py_examples:/home/mau/skid_steer_ws/install/imu_driver:/opt/ros/humble /usr/bin/cmake --build /home/mau/skid_steer_ws/build/point_cloud_processing -- -j12 -l12
[0.607s] [ 12%] [32mBuilding CXX object CMakeFiles/pcd_write_test.dir/src/0_table_scene.cpp.o[0m
[0.608s] [ 25%] [32mBuilding CXX object CMakeFiles/pcd_import.dir/src/2_circular_cloud.cpp.o[0m
[0.608s] [ 37%] [32mBuilding CXX object CMakeFiles/plane_cloud.dir/src/1_planner_cloud.cpp.o[0m
[0.630s] [ 50%] [32mBuilding CXX object CMakeFiles/pcl_filter.dir/src/pcl_filter_node.cpp.o[0m
[11.329s] [ 62%] [32m[1mLinking CXX executable pcd_import[0m
[11.493s] [ 75%] [32m[1mLinking CXX executable pcd_write_test[0m
[13.246s] [ 75%] Built target pcd_write_test
[13.289s] [ 87%] [32m[1mLinking CXX executable plane_cloud[0m
[13.336s] [ 87%] Built target pcd_import
[15.098s] [ 87%] Built target plane_cloud
[30.769s] [100%] [32m[1mLinking CXX executable pcl_filter[0m
[31.654s] [100%] Built target pcl_filter
[31.668s] Invoked command in '/home/mau/skid_steer_ws/build/point_cloud_processing' returned '0': CMAKE_PREFIX_PATH=${CMAKE_PREFIX_PATH}:/home/mau/bumperbot_ws/install/bumperbot_py_examples:/home/mau/ros2_ws/install/my_py_pkg:/home/mau/skid_steer_ws/install/skid_steer_py_examples:/home/mau/skid_steer_ws/install/imu_driver:/opt/ros/humble /usr/bin/cmake --build /home/mau/skid_steer_ws/build/point_cloud_processing -- -j12 -l12
[31.670s] Invoking command in '/home/mau/skid_steer_ws/build/point_cloud_processing': CMAKE_PREFIX_PATH=${CMAKE_PREFIX_PATH}:/home/mau/bumperbot_ws/install/bumperbot_py_examples:/home/mau/ros2_ws/install/my_py_pkg:/home/mau/skid_steer_ws/install/skid_steer_py_examples:/home/mau/skid_steer_ws/install/imu_driver:/opt/ros/humble /usr/bin/cmake --install /home/mau/skid_steer_ws/build/point_cloud_processing
[31.682s] -- Install configuration: ""
[31.683s] -- Installing: /home/mau/skid_steer_ws/install/point_cloud_processing/lib/point_cloud_processing/pcd_write_test
[31.684s] -- Installing: /home/mau/skid_steer_ws/install/point_cloud_processing/lib/point_cloud_processing/plane_cloud
[31.685s] -- Installing: /home/mau/skid_steer_ws/install/point_cloud_processing/lib/point_cloud_processing/pcd_import
[31.686s] -- Installing: /home/mau/skid_steer_ws/install/point_cloud_processing/lib/point_cloud_processing/pcl_filter
[31.690s] -- Set runtime path of "/home/mau/skid_steer_ws/install/point_cloud_processing/lib/point_cloud_processing/pcl_filter" to ""
[31.690s] -- Up-to-date: /home/mau/skid_steer_ws/install/point_cloud_processing/share/ament_index/resource_index/package_run_dependencies/point_cloud_processing
[31.690s] -- Up-to-date: /home/mau/skid_steer_ws/install/point_cloud_processing/share/ament_index/resource_index/parent_prefix_path/point_cloud_processing
[31.690s] -- Up-to-date: /home/mau/skid_steer_ws/install/point_cloud_processing/share/point_cloud_processing/environment/ament_prefix_path.sh
[31.690s] -- Up-to-date: /home/mau/skid_steer_ws/install/point_cloud_processing/share/point_cloud_processing/environment/ament_prefix_path.dsv
[31.690s] -- Up-to-date: /home/mau/skid_steer_ws/install/point_cloud_processing/share/point_cloud_processing/environment/path.sh
[31.690s] -- Up-to-date: /home/mau/skid_steer_ws/install/point_cloud_processing/share/point_cloud_processing/environment/path.dsv
[31.690s] -- Up-to-date: /home/mau/skid_steer_ws/install/point_cloud_processing/share/point_cloud_processing/local_setup.bash
[31.690s] -- Up-to-date: /home/mau/skid_steer_ws/install/point_cloud_processing/share/point_cloud_processing/local_setup.sh
[31.691s] -- Up-to-date: /home/mau/skid_steer_ws/install/point_cloud_processing/share/point_cloud_processing/local_setup.zsh
[31.691s] -- Up-to-date: /home/mau/skid_steer_ws/install/point_cloud_processing/share/point_cloud_processing/local_setup.dsv
[31.691s] -- Installing: /home/mau/skid_steer_ws/install/point_cloud_processing/share/point_cloud_processing/package.dsv
[31.691s] -- Up-to-date: /home/mau/skid_steer_ws/install/point_cloud_processing/share/ament_index/resource_index/packages/point_cloud_processing
[31.691s] -- Up-to-date: /home/mau/skid_steer_ws/install/point_cloud_processing/share/point_cloud_processing/cmake/point_cloud_processingConfig.cmake
[31.691s] -- Up-to-date: /home/mau/skid_steer_ws/install/point_cloud_processing/share/point_cloud_processing/cmake/point_cloud_processingConfig-version.cmake
[31.691s] -- Up-to-date: /home/mau/skid_steer_ws/install/point_cloud_processing/share/point_cloud_processing/package.xml
[31.694s] Invoked command in '/home/mau/skid_steer_ws/build/point_cloud_processing' returned '0': CMAKE_PREFIX_PATH=${CMAKE_PREFIX_PATH}:/home/mau/bumperbot_ws/install/bumperbot_py_examples:/home/mau/ros2_ws/install/my_py_pkg:/home/mau/skid_steer_ws/install/skid_steer_py_examples:/home/mau/skid_steer_ws/install/imu_driver:/opt/ros/humble /usr/bin/cmake --install /home/mau/skid_steer_ws/build/point_cloud_processing
