[0.308s] Invoking command in '/home/mau/skid_steer_ws/build/skid_steer_controller': CMAKE_PREFIX_PATH=${CMAKE_PREFIX_PATH}:/home/mau/bumperbot_ws/install/bumperbot_py_examples:/home/mau/ros2_ws/install/my_py_pkg:/home/mau/skid_steer_ws/install/skid_steer_py_examples:/home/mau/skid_steer_ws/install/imu_driver:/opt/ros/humble /usr/bin/cmake --build /home/mau/skid_steer_ws/build/skid_steer_controller -- -j12 -l12
[0.416s] [  0%] Built target ament_cmake_python_copy_skid_steer_controller
[0.416s] [ 50%] Built target noisy_controller
[0.422s] [100%] Built target simple_controller
[0.696s] running egg_info
[0.697s] writing skid_steer_controller.egg-info/PKG-INFO
[0.697s] writing dependency_links to skid_steer_controller.egg-info/dependency_links.txt
[0.697s] writing top-level names to skid_steer_controller.egg-info/top_level.txt
[0.701s] reading manifest file 'skid_steer_controller.egg-info/SOURCES.txt'
[0.701s] writing manifest file 'skid_steer_controller.egg-info/SOURCES.txt'
[0.732s] [100%] Built target ament_cmake_python_build_skid_steer_controller_egg
[0.904s] Invoked command in '/home/mau/skid_steer_ws/build/skid_steer_controller' returned '0': CMAKE_PREFIX_PATH=${CMAKE_PREFIX_PATH}:/home/mau/bumperbot_ws/install/bumperbot_py_examples:/home/mau/ros2_ws/install/my_py_pkg:/home/mau/skid_steer_ws/install/skid_steer_py_examples:/home/mau/skid_steer_ws/install/imu_driver:/opt/ros/humble /usr/bin/cmake --build /home/mau/skid_steer_ws/build/skid_steer_controller -- -j12 -l12
[0.905s] Invoking command in '/home/mau/skid_steer_ws/build/skid_steer_controller': CMAKE_PREFIX_PATH=${CMAKE_PREFIX_PATH}:/home/mau/bumperbot_ws/install/bumperbot_py_examples:/home/mau/ros2_ws/install/my_py_pkg:/home/mau/skid_steer_ws/install/skid_steer_py_examples:/home/mau/skid_steer_ws/install/imu_driver:/opt/ros/humble /usr/bin/cmake --install /home/mau/skid_steer_ws/build/skid_steer_controller
[0.915s] -- Install configuration: ""
[0.915s] -- Up-to-date: /home/mau/skid_steer_ws/install/skid_steer_controller/share/skid_steer_controller/environment/pythonpath.sh
[0.916s] -- Up-to-date: /home/mau/skid_steer_ws/install/skid_steer_controller/share/skid_steer_controller/environment/pythonpath.dsv
[0.916s] -- Up-to-date: /home/mau/skid_steer_ws/install/skid_steer_controller/local/lib/python3.10/dist-packages/skid_steer_controller-0.0.0-py3.10.egg-info
[0.916s] -- Installing: /home/mau/skid_steer_ws/install/skid_steer_controller/local/lib/python3.10/dist-packages/skid_steer_controller-0.0.0-py3.10.egg-info/SOURCES.txt
[0.916s] -- Installing: /home/mau/skid_steer_ws/install/skid_steer_controller/local/lib/python3.10/dist-packages/skid_steer_controller-0.0.0-py3.10.egg-info/dependency_links.txt
[0.916s] -- Installing: /home/mau/skid_steer_ws/install/skid_steer_controller/local/lib/python3.10/dist-packages/skid_steer_controller-0.0.0-py3.10.egg-info/top_level.txt
[0.917s] -- Installing: /home/mau/skid_steer_ws/install/skid_steer_controller/local/lib/python3.10/dist-packages/skid_steer_controller-0.0.0-py3.10.egg-info/PKG-INFO
[0.918s] -- Up-to-date: /home/mau/skid_steer_ws/install/skid_steer_controller/local/lib/python3.10/dist-packages/skid_steer_controller
[0.919s] -- Up-to-date: /home/mau/skid_steer_ws/install/skid_steer_controller/local/lib/python3.10/dist-packages/skid_steer_controller/simple_controller.py
[0.919s] -- Up-to-date: /home/mau/skid_steer_ws/install/skid_steer_controller/local/lib/python3.10/dist-packages/skid_steer_controller/__init__.py
[0.919s] -- Up-to-date: /home/mau/skid_steer_ws/install/skid_steer_controller/local/lib/python3.10/dist-packages/skid_steer_controller/noisy_controller.py
[0.955s] Listing '/home/mau/skid_steer_ws/install/skid_steer_controller/local/lib/python3.10/dist-packages/skid_steer_controller'...
[0.960s] -- Up-to-date: /home/mau/skid_steer_ws/install/skid_steer_controller/include/include
[0.960s] -- Up-to-date: /home/mau/skid_steer_ws/install/skid_steer_controller/include/include/skid_steer_controller
[0.961s] -- Up-to-date: /home/mau/skid_steer_ws/install/skid_steer_controller/include/include/skid_steer_controller/simple_controller.hpp
[0.961s] -- Up-to-date: /home/mau/skid_steer_ws/install/skid_steer_controller/include/include/skid_steer_controller/noisy_controller.hpp
[0.961s] -- Up-to-date: /home/mau/skid_steer_ws/install/skid_steer_controller/lib/skid_steer_controller/simple_controller
[0.961s] -- Up-to-date: /home/mau/skid_steer_ws/install/skid_steer_controller/lib/skid_steer_controller/noisy_controller
[0.962s] -- Up-to-date: /home/mau/skid_steer_ws/install/skid_steer_controller/share/skid_steer_controller/config
[0.962s] -- Up-to-date: /home/mau/skid_steer_ws/install/skid_steer_controller/share/skid_steer_controller/config/skid_steer_controllers.yaml
[0.962s] -- Up-to-date: /home/mau/skid_steer_ws/install/skid_steer_controller/share/skid_steer_controller/config/twist_mux.yaml
[0.962s] -- Up-to-date: /home/mau/skid_steer_ws/install/skid_steer_controller/share/skid_steer_controller/launch
[0.962s] -- Up-to-date: /home/mau/skid_steer_ws/install/skid_steer_controller/share/skid_steer_controller/launch/controller_V1.launch.py
[0.962s] -- Up-to-date: /home/mau/skid_steer_ws/install/skid_steer_controller/share/skid_steer_controller/launch/controller.launch.py
[0.962s] -- Up-to-date: /home/mau/skid_steer_ws/install/skid_steer_controller/lib/skid_steer_controller/simple_controller.py
[0.962s] -- Up-to-date: /home/mau/skid_steer_ws/install/skid_steer_controller/lib/skid_steer_controller/noisy_controller.py
[0.962s] -- Up-to-date: /home/mau/skid_steer_ws/install/skid_steer_controller/share/ament_index/resource_index/package_run_dependencies/skid_steer_controller
[0.963s] -- Up-to-date: /home/mau/skid_steer_ws/install/skid_steer_controller/share/ament_index/resource_index/parent_prefix_path/skid_steer_controller
[0.963s] -- Up-to-date: /home/mau/skid_steer_ws/install/skid_steer_controller/share/skid_steer_controller/environment/ament_prefix_path.sh
[0.963s] -- Up-to-date: /home/mau/skid_steer_ws/install/skid_steer_controller/share/skid_steer_controller/environment/ament_prefix_path.dsv
[0.963s] -- Up-to-date: /home/mau/skid_steer_ws/install/skid_steer_controller/share/skid_steer_controller/environment/path.sh
[0.963s] -- Up-to-date: /home/mau/skid_steer_ws/install/skid_steer_controller/share/skid_steer_controller/environment/path.dsv
[0.963s] -- Up-to-date: /home/mau/skid_steer_ws/install/skid_steer_controller/share/skid_steer_controller/local_setup.bash
[0.963s] -- Up-to-date: /home/mau/skid_steer_ws/install/skid_steer_controller/share/skid_steer_controller/local_setup.sh
[0.963s] -- Up-to-date: /home/mau/skid_steer_ws/install/skid_steer_controller/share/skid_steer_controller/local_setup.zsh
[0.963s] -- Up-to-date: /home/mau/skid_steer_ws/install/skid_steer_controller/share/skid_steer_controller/local_setup.dsv
[0.963s] -- Installing: /home/mau/skid_steer_ws/install/skid_steer_controller/share/skid_steer_controller/package.dsv
[0.964s] -- Up-to-date: /home/mau/skid_steer_ws/install/skid_steer_controller/share/ament_index/resource_index/packages/skid_steer_controller
[0.964s] -- Up-to-date: /home/mau/skid_steer_ws/install/skid_steer_controller/share/skid_steer_controller/cmake/skid_steer_controllerConfig.cmake
[0.964s] -- Up-to-date: /home/mau/skid_steer_ws/install/skid_steer_controller/share/skid_steer_controller/cmake/skid_steer_controllerConfig-version.cmake
[0.964s] -- Up-to-date: /home/mau/skid_steer_ws/install/skid_steer_controller/share/skid_steer_controller/package.xml
[0.974s] Invoked command in '/home/mau/skid_steer_ws/build/skid_steer_controller' returned '0': CMAKE_PREFIX_PATH=${CMAKE_PREFIX_PATH}:/home/mau/bumperbot_ws/install/bumperbot_py_examples:/home/mau/ros2_ws/install/my_py_pkg:/home/mau/skid_steer_ws/install/skid_steer_py_examples:/home/mau/skid_steer_ws/install/imu_driver:/opt/ros/humble /usr/bin/cmake --install /home/mau/skid_steer_ws/build/skid_steer_controller
