[35m[1mConsolidate compiler generated dependencies of target pd_motion_planner[0m
[ 50%] [32mBuilding CXX object CMakeFiles/pd_motion_planner.dir/src/pd_motion_planner.cpp.o[0m
[ 50%] Built target ament_cmake_python_copy_skid_steer_motion
running egg_info
writing skid_steer_motion.egg-info/PKG-INFO
writing dependency_links to skid_steer_motion.egg-info/dependency_links.txt
writing top-level names to skid_steer_motion.egg-info/top_level.txt
reading manifest file 'skid_steer_motion.egg-info/SOURCES.txt'
writing manifest file 'skid_steer_motion.egg-info/SOURCES.txt'
[ 50%] Built target ament_cmake_python_build_skid_steer_motion_egg
In file included from [01m[K/home/mau/skid_steer_ws/src/skid_steer_motion/include/skid_steer_motion/pd_motion_planner.hpp:9[m[K,
                 from [01m[K/home/mau/skid_steer_ws/src/skid_steer_motion/src/pd_motion_planner.cpp:1[m[K:
/opt/ros/humble/include/tf2_ros/tf2_ros/transform_listener.hpp: In instantiation of ‘[01m[Kvoid tf2_ros::TransformListener::init(NodeT&&, bool, const rclcpp::QoS&, const rclcpp::QoS&, const rclcpp::SubscriptionOptionsWithAllocator<AllocatorT>&, const rclcpp::SubscriptionOptionsWithAllocator<AllocatorT>&) [with NodeT = double&; AllocatorT = std::allocator<void>][m[K’:
[01m[K/opt/ros/humble/include/tf2_ros/tf2_ros/transform_listener.hpp:102:9:[m[K   required from ‘[01m[Ktf2_ros::TransformListener::TransformListener(tf2::BufferCore&, NodeT&&, bool, const rclcpp::QoS&, const rclcpp::QoS&, const rclcpp::SubscriptionOptionsWithAllocator<AllocatorT>&, const rclcpp::SubscriptionOptionsWithAllocator<AllocatorT>&) [with NodeT = double; AllocatorT = std::allocator<void>][m[K’
[01m[K/usr/include/c++/11/ext/new_allocator.h:162:4:[m[K   required from ‘[01m[Kvoid __gnu_cxx::new_allocator<_Tp>::construct(_Up*, _Args&& ...) [with _Up = tf2_ros::TransformListener; _Args = {tf2_ros::Buffer&, double}; _Tp = tf2_ros::TransformListener][m[K’
[01m[K/usr/include/c++/11/bits/alloc_traits.h:516:17:[m[K   required from ‘[01m[Kstatic void std::allocator_traits<std::allocator<_Tp1> >::construct(std::allocator_traits<std::allocator<_Tp1> >::allocator_type&, _Up*, _Args&& ...) [with _Up = tf2_ros::TransformListener; _Args = {tf2_ros::Buffer&, double}; _Tp = tf2_ros::TransformListener; std::allocator_traits<std::allocator<_Tp1> >::allocator_type = std::allocator<tf2_ros::TransformListener>][m[K’
[01m[K/usr/include/c++/11/bits/shared_ptr_base.h:519:39:[m[K   required from ‘[01m[Kstd::_Sp_counted_ptr_inplace<_Tp, _Alloc, _Lp>::_Sp_counted_ptr_inplace(_Alloc, _Args&& ...) [with _Args = {tf2_ros::Buffer&, double}; _Tp = tf2_ros::TransformListener; _Alloc = std::allocator<tf2_ros::TransformListener>; __gnu_cxx::_Lock_policy _Lp = __gnu_cxx::_S_atomic][m[K’
[01m[K/usr/include/c++/11/bits/shared_ptr_base.h:650:16:[m[K   required from ‘[01m[Kstd::__shared_count<_Lp>::__shared_count(_Tp*&, std::_Sp_alloc_shared_tag<_Alloc>, _Args&& ...) [with _Tp = tf2_ros::TransformListener; _Alloc = std::allocator<tf2_ros::TransformListener>; _Args = {tf2_ros::Buffer&, double}; __gnu_cxx::_Lock_policy _Lp = __gnu_cxx::_S_atomic][m[K’
[01m[K/usr/include/c++/11/bits/shared_ptr_base.h:1342:14:[m[K   required from ‘[01m[Kstd::__shared_ptr<_Tp, _Lp>::__shared_ptr(std::_Sp_alloc_shared_tag<_Tp>, _Args&& ...) [with _Alloc = std::allocator<tf2_ros::TransformListener>; _Args = {tf2_ros::Buffer&, double}; _Tp = tf2_ros::TransformListener; __gnu_cxx::_Lock_policy _Lp = __gnu_cxx::_S_atomic][m[K’
[01m[K/usr/include/c++/11/bits/shared_ptr.h:409:59:[m[K   required from ‘[01m[Kstd::shared_ptr<_Tp>::shared_ptr(std::_Sp_alloc_shared_tag<_Tp>, _Args&& ...) [with _Alloc = std::allocator<tf2_ros::TransformListener>; _Args = {tf2_ros::Buffer&, double}; _Tp = tf2_ros::TransformListener][m[K’
[01m[K/usr/include/c++/11/bits/shared_ptr.h:862:14:[m[K   required from ‘[01m[Kstd::shared_ptr<_Tp> std::allocate_shared(const _Alloc&, _Args&& ...) [with _Tp = tf2_ros::TransformListener; _Alloc = std::allocator<tf2_ros::TransformListener>; _Args = {tf2_ros::Buffer&, double}][m[K’
[01m[K/usr/include/c++/11/bits/shared_ptr.h:878:39:[m[K   required from ‘[01m[Kstd::shared_ptr<_Tp> std::make_shared(_Args&& ...) [with _Tp = tf2_ros::TransformListener; _Args = {tf2_ros::Buffer&, double}][m[K’
[01m[K/home/mau/skid_steer_ws/src/skid_steer_motion/src/pd_motion_planner.cpp:27:63:[m[K   required from here
[01m[K/opt/ros/humble/include/tf2_ros/tf2_ros/transform_listener.hpp:119:28:[m[K [01;31m[Kerror: [m[Kbase operand of ‘[01m[K->[m[K’ is not a pointer
  119 |     node_base_interface_ = [01;31m[Knode[m[K->get_node_base_interface();
      |                            [01;31m[K^~~~[m[K
[01m[K/opt/ros/humble/include/tf2_ros/tf2_ros/transform_listener.hpp:120:31:[m[K [01;31m[Kerror: [m[Kbase operand of ‘[01m[K->[m[K’ is not a pointer
  120 |     node_logging_interface_ = [01;31m[Knode[m[K->get_node_logging_interface();
      |                               [01;31m[K^~~~[m[K
gmake[2]: *** [CMakeFiles/pd_motion_planner.dir/build.make:76: CMakeFiles/pd_motion_planner.dir/src/pd_motion_planner.cpp.o] Error 1
gmake[1]: *** [CMakeFiles/Makefile2:140: CMakeFiles/pd_motion_planner.dir/all] Error 2
gmake: *** [Makefile:146: all] Error 2
