[ 50%] [32mBuilding CXX object CMakeFiles/lora_goal_receiver.dir/src/lora_goal_receiver.cpp.o[0m
[100%] [32m[1mLinking CXX executable lora_goal_receiver[0m
[100%] Built target lora_goal_receiver
-- Install configuration: ""
-- Installing: /home/mau/skid_steer_ws/install/lora_node/lib/lora_node/lora_goal_receiver
-- Set runtime path of "/home/mau/skid_steer_ws/install/lora_node/lib/lora_node/lora_goal_receiver" to ""
-- Up-to-date: /home/mau/skid_steer_ws/install/lora_node/share/ament_index/resource_index/package_run_dependencies/lora_node
-- Up-to-date: /home/mau/skid_steer_ws/install/lora_node/share/ament_index/resource_index/parent_prefix_path/lora_node
-- Up-to-date: /home/mau/skid_steer_ws/install/lora_node/share/lora_node/environment/ament_prefix_path.sh
-- Up-to-date: /home/mau/skid_steer_ws/install/lora_node/share/lora_node/environment/ament_prefix_path.dsv
-- Up-to-date: /home/mau/skid_steer_ws/install/lora_node/share/lora_node/environment/path.sh
-- Up-to-date: /home/mau/skid_steer_ws/install/lora_node/share/lora_node/environment/path.dsv
-- Up-to-date: /home/mau/skid_steer_ws/install/lora_node/share/lora_node/local_setup.bash
-- Up-to-date: /home/mau/skid_steer_ws/install/lora_node/share/lora_node/local_setup.sh
-- Up-to-date: /home/mau/skid_steer_ws/install/lora_node/share/lora_node/local_setup.zsh
-- Up-to-date: /home/mau/skid_steer_ws/install/lora_node/share/lora_node/local_setup.dsv
-- Installing: /home/mau/skid_steer_ws/install/lora_node/share/lora_node/package.dsv
-- Up-to-date: /home/mau/skid_steer_ws/install/lora_node/share/ament_index/resource_index/packages/lora_node
-- Up-to-date: /home/mau/skid_steer_ws/install/lora_node/share/lora_node/cmake/lora_nodeConfig.cmake
-- Up-to-date: /home/mau/skid_steer_ws/install/lora_node/share/lora_node/cmake/lora_nodeConfig-version.cmake
-- Up-to-date: /home/mau/skid_steer_ws/install/lora_node/share/lora_node/package.xml
