[0.366s] Invoking command in '/home/mau/skid_steer_ws/build/lora_node': CMAKE_PREFIX_PATH=${CMAKE_PREFIX_PATH}:/home/mau/bumperbot_ws/install/bumperbot_py_examples:/home/mau/ros2_ws/install/my_py_pkg:/home/mau/skid_steer_ws/install/skid_steer_py_examples:/home/mau/skid_steer_ws/install/imu_driver:/opt/ros/humble /usr/bin/cmake --build /home/mau/skid_steer_ws/build/lora_node -- -j12 -l12
[0.614s] [ 50%] [32mBuilding CXX object CMakeFiles/lora_goal_receiver.dir/src/lora_goal_receiver.cpp.o[0m
[28.340s] [100%] [32m[1mLinking CXX executable lora_goal_receiver[0m
[29.464s] [100%] Built target lora_goal_receiver
[29.481s] Invoked command in '/home/mau/skid_steer_ws/build/lora_node' returned '0': CMAKE_PREFIX_PATH=${CMAKE_PREFIX_PATH}:/home/mau/bumperbot_ws/install/bumperbot_py_examples:/home/mau/ros2_ws/install/my_py_pkg:/home/mau/skid_steer_ws/install/skid_steer_py_examples:/home/mau/skid_steer_ws/install/imu_driver:/opt/ros/humble /usr/bin/cmake --build /home/mau/skid_steer_ws/build/lora_node -- -j12 -l12
[29.483s] Invoking command in '/home/mau/skid_steer_ws/build/lora_node': CMAKE_PREFIX_PATH=${CMAKE_PREFIX_PATH}:/home/mau/bumperbot_ws/install/bumperbot_py_examples:/home/mau/ros2_ws/install/my_py_pkg:/home/mau/skid_steer_ws/install/skid_steer_py_examples:/home/mau/skid_steer_ws/install/imu_driver:/opt/ros/humble /usr/bin/cmake --install /home/mau/skid_steer_ws/build/lora_node
[29.494s] -- Install configuration: ""
[29.495s] -- Installing: /home/mau/skid_steer_ws/install/lora_node/lib/lora_node/lora_goal_receiver
[29.502s] -- Set runtime path of "/home/mau/skid_steer_ws/install/lora_node/lib/lora_node/lora_goal_receiver" to ""
[29.502s] -- Up-to-date: /home/mau/skid_steer_ws/install/lora_node/share/ament_index/resource_index/package_run_dependencies/lora_node
[29.502s] -- Up-to-date: /home/mau/skid_steer_ws/install/lora_node/share/ament_index/resource_index/parent_prefix_path/lora_node
[29.502s] -- Up-to-date: /home/mau/skid_steer_ws/install/lora_node/share/lora_node/environment/ament_prefix_path.sh
[29.502s] -- Up-to-date: /home/mau/skid_steer_ws/install/lora_node/share/lora_node/environment/ament_prefix_path.dsv
[29.502s] -- Up-to-date: /home/mau/skid_steer_ws/install/lora_node/share/lora_node/environment/path.sh
[29.502s] -- Up-to-date: /home/mau/skid_steer_ws/install/lora_node/share/lora_node/environment/path.dsv
[29.502s] -- Up-to-date: /home/mau/skid_steer_ws/install/lora_node/share/lora_node/local_setup.bash
[29.502s] -- Up-to-date: /home/mau/skid_steer_ws/install/lora_node/share/lora_node/local_setup.sh
[29.502s] -- Up-to-date: /home/mau/skid_steer_ws/install/lora_node/share/lora_node/local_setup.zsh
[29.503s] -- Up-to-date: /home/mau/skid_steer_ws/install/lora_node/share/lora_node/local_setup.dsv
[29.503s] -- Installing: /home/mau/skid_steer_ws/install/lora_node/share/lora_node/package.dsv
[29.503s] -- Up-to-date: /home/mau/skid_steer_ws/install/lora_node/share/ament_index/resource_index/packages/lora_node
[29.503s] -- Up-to-date: /home/mau/skid_steer_ws/install/lora_node/share/lora_node/cmake/lora_nodeConfig.cmake
[29.503s] -- Up-to-date: /home/mau/skid_steer_ws/install/lora_node/share/lora_node/cmake/lora_nodeConfig-version.cmake
[29.503s] -- Up-to-date: /home/mau/skid_steer_ws/install/lora_node/share/lora_node/package.xml
[29.506s] Invoked command in '/home/mau/skid_steer_ws/build/lora_node' returned '0': CMAKE_PREFIX_PATH=${CMAKE_PREFIX_PATH}:/home/mau/bumperbot_ws/install/bumperbot_py_examples:/home/mau/ros2_ws/install/my_py_pkg:/home/mau/skid_steer_ws/install/skid_steer_py_examples:/home/mau/skid_steer_ws/install/imu_driver:/opt/ros/humble /usr/bin/cmake --install /home/mau/skid_steer_ws/build/lora_node
