[0.127s] Invoking command in '/home/mau/skid_steer_ws/build/skid_steer_utils': CMAKE_PREFIX_PATH=${CMAKE_PREFIX_PATH}:/home/mau/bumperbot_ws/install/bumperbot_py_examples:/home/mau/ros2_ws/install/my_py_pkg:/home/mau/skid_steer_ws/install/skid_steer_py_examples:/home/mau/skid_steer_ws/install/imu_driver:/opt/ros/humble /usr/bin/cmake --build /home/mau/skid_steer_ws/build/skid_steer_utils -- -j12 -l12
[0.212s] [100%] Built target follow_path_trace
[0.456s] Invoked command in '/home/mau/skid_steer_ws/build/skid_steer_utils' returned '0': CMAKE_PREFIX_PATH=${CMAKE_PREFIX_PATH}:/home/mau/bumperbot_ws/install/bumperbot_py_examples:/home/mau/ros2_ws/install/my_py_pkg:/home/mau/skid_steer_ws/install/skid_steer_py_examples:/home/mau/skid_steer_ws/install/imu_driver:/opt/ros/humble /usr/bin/cmake --build /home/mau/skid_steer_ws/build/skid_steer_utils -- -j12 -l12
[0.457s] Invoking command in '/home/mau/skid_steer_ws/build/skid_steer_utils': CMAKE_PREFIX_PATH=${CMAKE_PREFIX_PATH}:/home/mau/bumperbot_ws/install/bumperbot_py_examples:/home/mau/ros2_ws/install/my_py_pkg:/home/mau/skid_steer_ws/install/skid_steer_py_examples:/home/mau/skid_steer_ws/install/imu_driver:/opt/ros/humble /usr/bin/cmake --install /home/mau/skid_steer_ws/build/skid_steer_utils
[0.470s] -- Install configuration: ""
[0.470s] -- Up-to-date: /home/mau/skid_steer_ws/install/skid_steer_utils/include/include
[0.470s] -- Up-to-date: /home/mau/skid_steer_ws/install/skid_steer_utils/include/include/skid_steer_utils
[0.470s] -- Up-to-date: /home/mau/skid_steer_ws/install/skid_steer_utils/include/include/skid_steer_utils/follow_path_trace.hpp
[0.471s] -- Up-to-date: /home/mau/skid_steer_ws/install/skid_steer_utils/lib/skid_steer_utils/follow_path_trace
[0.471s] -- Up-to-date: /home/mau/skid_steer_ws/install/skid_steer_utils/share/ament_index/resource_index/package_run_dependencies/skid_steer_utils
[0.471s] -- Up-to-date: /home/mau/skid_steer_ws/install/skid_steer_utils/share/ament_index/resource_index/parent_prefix_path/skid_steer_utils
[0.471s] -- Up-to-date: /home/mau/skid_steer_ws/install/skid_steer_utils/share/skid_steer_utils/environment/ament_prefix_path.sh
[0.471s] -- Up-to-date: /home/mau/skid_steer_ws/install/skid_steer_utils/share/skid_steer_utils/environment/ament_prefix_path.dsv
[0.471s] -- Up-to-date: /home/mau/skid_steer_ws/install/skid_steer_utils/share/skid_steer_utils/environment/path.sh
[0.471s] -- Up-to-date: /home/mau/skid_steer_ws/install/skid_steer_utils/share/skid_steer_utils/environment/path.dsv
[0.474s] -- Up-to-date: /home/mau/skid_steer_ws/install/skid_steer_utils/share/skid_steer_utils/local_setup.bash
[0.474s] -- Up-to-date: /home/mau/skid_steer_ws/install/skid_steer_utils/share/skid_steer_utils/local_setup.sh
[0.475s] -- Up-to-date: /home/mau/skid_steer_ws/install/skid_steer_utils/share/skid_steer_utils/local_setup.zsh
[0.475s] -- Up-to-date: /home/mau/skid_steer_ws/install/skid_steer_utils/share/skid_steer_utils/local_setup.dsv
[0.475s] -- Installing: /home/mau/skid_steer_ws/install/skid_steer_utils/share/skid_steer_utils/package.dsv
[0.475s] -- Up-to-date: /home/mau/skid_steer_ws/install/skid_steer_utils/share/ament_index/resource_index/packages/skid_steer_utils
[0.475s] -- Up-to-date: /home/mau/skid_steer_ws/install/skid_steer_utils/share/skid_steer_utils/cmake/skid_steer_utilsConfig.cmake
[0.475s] -- Up-to-date: /home/mau/skid_steer_ws/install/skid_steer_utils/share/skid_steer_utils/cmake/skid_steer_utilsConfig-version.cmake
[0.475s] -- Up-to-date: /home/mau/skid_steer_ws/install/skid_steer_utils/share/skid_steer_utils/package.xml
[0.478s] Invoked command in '/home/mau/skid_steer_ws/build/skid_steer_utils' returned '0': CMAKE_PREFIX_PATH=${CMAKE_PREFIX_PATH}:/home/mau/bumperbot_ws/install/bumperbot_py_examples:/home/mau/ros2_ws/install/my_py_pkg:/home/mau/skid_steer_ws/install/skid_steer_py_examples:/home/mau/skid_steer_ws/install/imu_driver:/opt/ros/humble /usr/bin/cmake --install /home/mau/skid_steer_ws/build/skid_steer_utils
