[0.299s] Invoking command in '/home/mau/skid_steer_ws/build/lora_node': CMAKE_PREFIX_PATH=${CMAKE_PREFIX_PATH}:/home/mau/bumperbot_ws/install/bumperbot_py_examples:/home/mau/ros2_ws/install/my_py_pkg:/home/mau/skid_steer_ws/install/skid_steer_py_examples:/home/mau/skid_steer_ws/install/imu_driver:/opt/ros/humble /usr/bin/cmake /home/mau/skid_steer_ws/src/lora_node -DCMAKE_INSTALL_PREFIX=/home/mau/skid_steer_ws/install/lora_node
[0.375s] -- The C compiler identification is GNU 11.4.0
[0.454s] -- The CXX compiler identification is GNU 11.4.0
[0.460s] -- Detecting C compiler ABI info
[0.564s] -- Detecting C compiler ABI info - done
[0.575s] -- Check for working C compiler: /usr/bin/cc - skipped
[0.575s] -- Detecting C compile features
[0.575s] -- Detecting C compile features - done
[0.579s] -- Detecting CXX compiler ABI info
[0.687s] -- Detecting CXX compiler ABI info - done
[0.699s] -- Check for working CXX compiler: /usr/bin/c++ - skipped
[0.699s] -- Detecting CXX compile features
[0.699s] -- Detecting CXX compile features - done
[0.706s] -- Found ament_cmake: 1.3.12 (/opt/ros/humble/share/ament_cmake/cmake)
[0.931s] -- Found Python3: /usr/bin/python3 (found version "3.10.12") found components: Interpreter 
[1.106s] -- Found rclcpp: 16.0.14 (/opt/ros/humble/share/rclcpp/cmake)
[1.202s] -- Found rosidl_generator_c: 3.1.7 (/opt/ros/humble/share/rosidl_generator_c/cmake)
[1.215s] -- Found rosidl_adapter: 3.1.7 (/opt/ros/humble/share/rosidl_adapter/cmake)
[1.233s] -- Found rosidl_generator_cpp: 3.1.7 (/opt/ros/humble/share/rosidl_generator_cpp/cmake)
[1.261s] -- Using all available rosidl_typesupport_c: rosidl_typesupport_fastrtps_c;rosidl_typesupport_introspection_c
[1.292s] -- Using all available rosidl_typesupport_cpp: rosidl_typesupport_fastrtps_cpp;rosidl_typesupport_introspection_cpp
[1.386s] -- Found rmw_implementation_cmake: 6.1.2 (/opt/ros/humble/share/rmw_implementation_cmake/cmake)
[1.395s] -- Found rmw_cyclonedds_cpp: 1.3.4 (/opt/ros/humble/share/rmw_cyclonedds_cpp/cmake)
[1.431s] -- Using RMW implementation 'rmw_cyclonedds_cpp' as default
[1.446s] -- Looking for pthread.h
[1.537s] -- Looking for pthread.h - found
[1.537s] -- Performing Test CMAKE_HAVE_LIBC_PTHREAD
[1.624s] -- Performing Test CMAKE_HAVE_LIBC_PTHREAD - Success
[1.626s] -- Found Threads: TRUE  
[1.691s] -- Found geometry_msgs: 4.9.0 (/opt/ros/humble/share/geometry_msgs/cmake)
[1.715s] -- Found tf2: 0.25.16 (/opt/ros/humble/share/tf2/cmake)
[1.728s] -- Found nav2_msgs: 1.1.18 (/opt/ros/humble/share/nav2_msgs/cmake)
[1.822s] -- Found rclcpp_action: 16.0.14 (/opt/ros/humble/share/rclcpp_action/cmake)
[1.840s] -- Found PkgConfig: /usr/bin/pkg-config (found version "0.29.2") 
[1.846s] -- Found slam_toolbox: 2.6.10 (/opt/ros/humble/share/slam_toolbox/cmake)
[2.064s] -- Found eigen3_cmake_module: 0.1.1 (/opt/ros/humble/share/eigen3_cmake_module/cmake)
[2.065s] -- Found Eigen3: TRUE (found version "3.4.0") 
[2.065s] -- Ensuring Eigen3 include directory is part of orocos-kdl CMake target
[2.137s] -- Setting assimp_DIR to: '/opt/ros/humble/share/rviz_assimp_vendor/cmake/../../../opt/rviz_assimp_vendor/lib/cmake/assimp-4.1'
[2.159s] -- Setting OGRE_DIR to: '/opt/ros/humble/share/rviz_ogre_vendor/cmake/../../../opt/rviz_ogre_vendor/lib/OGRE/cmake'
[2.159s] -- Found OGRE
[2.159s] --   static     : OFF
[2.159s] --   components : HLMS;MeshLodGenerator;Overlay;Paging;Property;RTShaderSystem;Terrain;Volume
[2.159s] --   plugins    : Plugin_BSPSceneManager;Plugin_OctreeSceneManager;Plugin_PCZSceneManager;Plugin_ParticleFX;RenderSystem_GL;RenderSystem_GL3Plus;Codec_STBI
[2.159s] --   media      : /opt/ros/humble/opt/rviz_ogre_vendor/share/OGRE/Media
[2.159s] -- OGRE_LIBRARIES: OgreHLMS;OgreMeshLodGenerator;OgreOverlay;OgrePaging;OgreProperty;OgreRTShaderSystem;OgreTerrain;OgreVolume;OgreMain
[2.159s] -- OGRE_LIBRARY_DIRS: /opt/ros/humble/opt/rviz_ogre_vendor/lib
[2.159s] -- OGRE_PLUGINS: Plugin_BSPSceneManager;Plugin_OctreeSceneManager;Plugin_PCZSceneManager;Plugin_ParticleFX;RenderSystem_GL;RenderSystem_GL3Plus;Codec_STBI
[2.159s] -- OGRE_PLUGIN_DIR: /opt/ros/humble/opt/rviz_ogre_vendor/lib/OGRE
[2.159s] -- rviz_ogre_vendor::OgreOverlay for IMPORTED_LOCATION_RELEASE: /opt/ros/humble/opt/rviz_ogre_vendor/lib/libOgreOverlay.so
[2.160s] -- rviz_ogre_vendor::OgreOverlay for IMPORTED_LOCATION_DEBUG: /opt/ros/humble/opt/rviz_ogre_vendor/lib/libOgreOverlay.so
[2.160s] -- rviz_ogre_vendor::OgreMain for IMPORTED_LOCATION_RELEASE: /opt/ros/humble/opt/rviz_ogre_vendor/lib/libOgreMain.so
[2.160s] -- rviz_ogre_vendor::OgreMain for IMPORTED_LOCATION_DEBUG: /opt/ros/humble/opt/rviz_ogre_vendor/lib/libOgreMain.so
[2.200s] -- Found ZLIB: /usr/lib/x86_64-linux-gnu/libz.so (found version "1.2.11") 
[2.210s] -- Found OpenGL: /usr/lib/x86_64-linux-gnu/libOpenGL.so   
[2.387s] -- Found X11: /usr/include   
[2.388s] -- Looking for XOpenDisplay in /usr/lib/x86_64-linux-gnu/libX11.so;/usr/lib/x86_64-linux-gnu/libXext.so
[2.505s] -- Looking for XOpenDisplay in /usr/lib/x86_64-linux-gnu/libX11.so;/usr/lib/x86_64-linux-gnu/libXext.so - found
[2.505s] -- Looking for gethostbyname
[2.599s] -- Looking for gethostbyname - found
[2.599s] -- Looking for connect
[2.730s] -- Looking for connect - found
[2.733s] -- Looking for remove
[2.844s] -- Looking for remove - found
[2.845s] -- Looking for shmat
[3.000s] -- Looking for shmat - found
[3.001s] -- Looking for IceConnectionNumber in ICE
[3.144s] -- Looking for IceConnectionNumber in ICE - found
[3.372s] -- library: /usr/lib/x86_64-linux-gnu/libcurl.so
[3.675s] -- Checking for module 'libserial'
[3.702s] --   Found libserial, version 1.0.0
[3.816s] -- Found ament_lint_auto: 0.12.14 (/opt/ros/humble/share/ament_lint_auto/cmake)
[4.070s] -- Added test 'cppcheck' to perform static code analysis on C / C++ code
[4.070s] -- Configured cppcheck include dirs: /home/mau/skid_steer_ws/src/lora_node/
[4.071s] -- Configured cppcheck exclude dirs and/or files: 
[4.073s] -- Added test 'lint_cmake' to check CMake code style
[4.077s] -- Added test 'uncrustify' to check C / C++ code style
[4.077s] -- Configured uncrustify additional arguments: 
[4.080s] -- Added test 'xmllint' to check XML markup files
[4.087s] -- Configuring done
[4.183s] -- Generating done
[4.202s] -- Build files have been written to: /home/mau/skid_steer_ws/build/lora_node
[4.246s] Invoked command in '/home/mau/skid_steer_ws/build/lora_node' returned '0': CMAKE_PREFIX_PATH=${CMAKE_PREFIX_PATH}:/home/mau/bumperbot_ws/install/bumperbot_py_examples:/home/mau/ros2_ws/install/my_py_pkg:/home/mau/skid_steer_ws/install/skid_steer_py_examples:/home/mau/skid_steer_ws/install/imu_driver:/opt/ros/humble /usr/bin/cmake /home/mau/skid_steer_ws/src/lora_node -DCMAKE_INSTALL_PREFIX=/home/mau/skid_steer_ws/install/lora_node
[4.261s] Invoking command in '/home/mau/skid_steer_ws/build/lora_node': CMAKE_PREFIX_PATH=${CMAKE_PREFIX_PATH}:/home/mau/bumperbot_ws/install/bumperbot_py_examples:/home/mau/ros2_ws/install/my_py_pkg:/home/mau/skid_steer_ws/install/skid_steer_py_examples:/home/mau/skid_steer_ws/install/imu_driver:/opt/ros/humble /usr/bin/cmake --build /home/mau/skid_steer_ws/build/lora_node -- -j12 -l12
[4.487s] [ 50%] [32mBuilding CXX object CMakeFiles/lora_goal_receiver.dir/src/lora_goal_receiver.cpp.o[0m
[19.485s] [100%] [32m[1mLinking CXX executable lora_goal_receiver[0m
[20.408s] [100%] Built target lora_goal_receiver
[20.426s] Invoked command in '/home/mau/skid_steer_ws/build/lora_node' returned '0': CMAKE_PREFIX_PATH=${CMAKE_PREFIX_PATH}:/home/mau/bumperbot_ws/install/bumperbot_py_examples:/home/mau/ros2_ws/install/my_py_pkg:/home/mau/skid_steer_ws/install/skid_steer_py_examples:/home/mau/skid_steer_ws/install/imu_driver:/opt/ros/humble /usr/bin/cmake --build /home/mau/skid_steer_ws/build/lora_node -- -j12 -l12
[20.427s] Invoking command in '/home/mau/skid_steer_ws/build/lora_node': CMAKE_PREFIX_PATH=${CMAKE_PREFIX_PATH}:/home/mau/bumperbot_ws/install/bumperbot_py_examples:/home/mau/ros2_ws/install/my_py_pkg:/home/mau/skid_steer_ws/install/skid_steer_py_examples:/home/mau/skid_steer_ws/install/imu_driver:/opt/ros/humble /usr/bin/cmake --install /home/mau/skid_steer_ws/build/lora_node
[20.439s] -- Install configuration: ""
[20.439s] -- Installing: /home/mau/skid_steer_ws/install/lora_node/lib/lora_node/lora_goal_receiver
[20.446s] -- Set runtime path of "/home/mau/skid_steer_ws/install/lora_node/lib/lora_node/lora_goal_receiver" to ""
[20.446s] -- Installing: /home/mau/skid_steer_ws/install/lora_node/share/ament_index/resource_index/package_run_dependencies/lora_node
[20.446s] -- Installing: /home/mau/skid_steer_ws/install/lora_node/share/ament_index/resource_index/parent_prefix_path/lora_node
[20.446s] -- Installing: /home/mau/skid_steer_ws/install/lora_node/share/lora_node/environment/ament_prefix_path.sh
[20.446s] -- Installing: /home/mau/skid_steer_ws/install/lora_node/share/lora_node/environment/ament_prefix_path.dsv
[20.447s] -- Installing: /home/mau/skid_steer_ws/install/lora_node/share/lora_node/environment/path.sh
[20.447s] -- Installing: /home/mau/skid_steer_ws/install/lora_node/share/lora_node/environment/path.dsv
[20.447s] -- Installing: /home/mau/skid_steer_ws/install/lora_node/share/lora_node/local_setup.bash
[20.447s] -- Installing: /home/mau/skid_steer_ws/install/lora_node/share/lora_node/local_setup.sh
[20.447s] -- Installing: /home/mau/skid_steer_ws/install/lora_node/share/lora_node/local_setup.zsh
[20.448s] -- Installing: /home/mau/skid_steer_ws/install/lora_node/share/lora_node/local_setup.dsv
[20.448s] -- Installing: /home/mau/skid_steer_ws/install/lora_node/share/lora_node/package.dsv
[20.448s] -- Installing: /home/mau/skid_steer_ws/install/lora_node/share/ament_index/resource_index/packages/lora_node
[20.448s] -- Installing: /home/mau/skid_steer_ws/install/lora_node/share/lora_node/cmake/lora_nodeConfig.cmake
[20.448s] -- Installing: /home/mau/skid_steer_ws/install/lora_node/share/lora_node/cmake/lora_nodeConfig-version.cmake
[20.449s] -- Installing: /home/mau/skid_steer_ws/install/lora_node/share/lora_node/package.xml
[20.452s] Invoked command in '/home/mau/skid_steer_ws/build/lora_node' returned '0': CMAKE_PREFIX_PATH=${CMAKE_PREFIX_PATH}:/home/mau/bumperbot_ws/install/bumperbot_py_examples:/home/mau/ros2_ws/install/my_py_pkg:/home/mau/skid_steer_ws/install/skid_steer_py_examples:/home/mau/skid_steer_ws/install/imu_driver:/opt/ros/humble /usr/bin/cmake --install /home/mau/skid_steer_ws/build/lora_node
