[0.080s] Invoking command in '/home/mau/skid_steer_ws/build/skid_steer_msgs': CMAKE_PREFIX_PATH=${CMAKE_PREFIX_PATH}:/home/mau/bumperbot_ws/install/bumperbot_py_examples:/home/mau/ros2_ws/install/my_py_pkg:/home/mau/skid_steer_ws/install/skid_steer_py_examples:/home/mau/skid_steer_ws/install/imu_driver:/opt/ros/humble /usr/bin/cmake --build /home/mau/skid_steer_ws/build/skid_steer_msgs -- -j12 -l12
[0.384s] [  5%] Built target skid_steer_msgs__cpp
[0.384s] [ 12%] Built target skid_steer_msgs__rosidl_generator_c
[0.384s] [ 12%] Built target ament_cmake_python_copy_skid_steer_msgs
[0.385s] [ 23%] Built target skid_steer_msgs__rosidl_typesupport_cpp
[0.385s] [ 33%] Built target skid_steer_msgs__rosidl_typesupport_introspection_cpp
[0.385s] [ 43%] Built target skid_steer_msgs__rosidl_typesupport_fastrtps_c
[0.385s] [ 53%] Built target skid_steer_msgs__rosidl_typesupport_fastrtps_cpp
[0.385s] [ 64%] Built target skid_steer_msgs__rosidl_typesupport_c
[0.385s] [ 74%] Built target skid_steer_msgs__rosidl_typesupport_introspection_c
[0.385s] [ 74%] Built target skid_steer_msgs
[0.385s] [ 76%] Built target skid_steer_msgs__py
[0.385s] [ 84%] Built target skid_steer_msgs__rosidl_generator_py
[0.385s] [ 89%] Built target skid_steer_msgs__rosidl_typesupport_introspection_c__pyext
[0.385s] [ 94%] Built target skid_steer_msgs__rosidl_typesupport_fastrtps_c__pyext
[0.385s] [100%] Built target skid_steer_msgs__rosidl_typesupport_c__pyext
[0.431s] running egg_info
[0.432s] writing skid_steer_msgs.egg-info/PKG-INFO
[0.433s] writing dependency_links to skid_steer_msgs.egg-info/dependency_links.txt
[0.433s] writing top-level names to skid_steer_msgs.egg-info/top_level.txt
[0.438s] reading manifest file 'skid_steer_msgs.egg-info/SOURCES.txt'
[0.445s] writing manifest file 'skid_steer_msgs.egg-info/SOURCES.txt'
[0.523s] [100%] Built target ament_cmake_python_build_skid_steer_msgs_egg
[0.643s] Invoked command in '/home/mau/skid_steer_ws/build/skid_steer_msgs' returned '0': CMAKE_PREFIX_PATH=${CMAKE_PREFIX_PATH}:/home/mau/bumperbot_ws/install/bumperbot_py_examples:/home/mau/ros2_ws/install/my_py_pkg:/home/mau/skid_steer_ws/install/skid_steer_py_examples:/home/mau/skid_steer_ws/install/imu_driver:/opt/ros/humble /usr/bin/cmake --build /home/mau/skid_steer_ws/build/skid_steer_msgs -- -j12 -l12
[0.645s] Invoking command in '/home/mau/skid_steer_ws/build/skid_steer_msgs': CMAKE_PREFIX_PATH=${CMAKE_PREFIX_PATH}:/home/mau/bumperbot_ws/install/bumperbot_py_examples:/home/mau/ros2_ws/install/my_py_pkg:/home/mau/skid_steer_ws/install/skid_steer_py_examples:/home/mau/skid_steer_ws/install/imu_driver:/opt/ros/humble /usr/bin/cmake --install /home/mau/skid_steer_ws/build/skid_steer_msgs
[0.704s] -- Install configuration: ""
[0.704s] -- Up-to-date: /home/mau/skid_steer_ws/install/skid_steer_msgs/share/ament_index/resource_index/rosidl_interfaces/skid_steer_msgs
[0.704s] -- Up-to-date: /home/mau/skid_steer_ws/install/skid_steer_msgs/include/skid_steer_msgs/skid_steer_msgs
[0.704s] -- Up-to-date: /home/mau/skid_steer_ws/install/skid_steer_msgs/include/skid_steer_msgs/skid_steer_msgs/srv
[0.704s] -- Up-to-date: /home/mau/skid_steer_ws/install/skid_steer_msgs/include/skid_steer_msgs/skid_steer_msgs/srv/add_two_ints.h
[0.704s] -- Up-to-date: /home/mau/skid_steer_ws/install/skid_steer_msgs/include/skid_steer_msgs/skid_steer_msgs/srv/get_transform.h
[0.704s] -- Up-to-date: /home/mau/skid_steer_ws/install/skid_steer_msgs/include/skid_steer_msgs/skid_steer_msgs/srv/detail
[0.704s] -- Up-to-date: /home/mau/skid_steer_ws/install/skid_steer_msgs/include/skid_steer_msgs/skid_steer_msgs/srv/detail/get_transform__type_support.h
[0.704s] -- Up-to-date: /home/mau/skid_steer_ws/install/skid_steer_msgs/include/skid_steer_msgs/skid_steer_msgs/srv/detail/get_transform__struct.h
[0.704s] -- Up-to-date: /home/mau/skid_steer_ws/install/skid_steer_msgs/include/skid_steer_msgs/skid_steer_msgs/srv/detail/add_two_ints__struct.h
[0.704s] -- Up-to-date: /home/mau/skid_steer_ws/install/skid_steer_msgs/include/skid_steer_msgs/skid_steer_msgs/srv/detail/add_two_ints__functions.c
[0.705s] -- Up-to-date: /home/mau/skid_steer_ws/install/skid_steer_msgs/include/skid_steer_msgs/skid_steer_msgs/srv/detail/add_two_ints__functions.h
[0.705s] -- Up-to-date: /home/mau/skid_steer_ws/install/skid_steer_msgs/include/skid_steer_msgs/skid_steer_msgs/srv/detail/add_two_ints__type_support.h
[0.705s] -- Up-to-date: /home/mau/skid_steer_ws/install/skid_steer_msgs/include/skid_steer_msgs/skid_steer_msgs/srv/detail/get_transform__functions.c
[0.705s] -- Up-to-date: /home/mau/skid_steer_ws/install/skid_steer_msgs/include/skid_steer_msgs/skid_steer_msgs/srv/detail/get_transform__functions.h
[0.705s] -- Up-to-date: /home/mau/skid_steer_ws/install/skid_steer_msgs/include/skid_steer_msgs/skid_steer_msgs/msg
[0.705s] -- Up-to-date: /home/mau/skid_steer_ws/install/skid_steer_msgs/include/skid_steer_msgs/skid_steer_msgs/msg/rosidl_generator_c__visibility_control.h
[0.705s] -- Up-to-date: /home/mau/skid_steer_ws/install/skid_steer_msgs/share/skid_steer_msgs/environment/library_path.sh
[0.705s] -- Up-to-date: /home/mau/skid_steer_ws/install/skid_steer_msgs/share/skid_steer_msgs/environment/library_path.dsv
[0.705s] -- Up-to-date: /home/mau/skid_steer_ws/install/skid_steer_msgs/lib/libskid_steer_msgs__rosidl_generator_c.so
[0.705s] -- Up-to-date: /home/mau/skid_steer_ws/install/skid_steer_msgs/include/skid_steer_msgs/skid_steer_msgs
[0.705s] -- Up-to-date: /home/mau/skid_steer_ws/install/skid_steer_msgs/include/skid_steer_msgs/skid_steer_msgs/srv
[0.706s] -- Up-to-date: /home/mau/skid_steer_ws/install/skid_steer_msgs/include/skid_steer_msgs/skid_steer_msgs/srv/detail
[0.706s] -- Up-to-date: /home/mau/skid_steer_ws/install/skid_steer_msgs/include/skid_steer_msgs/skid_steer_msgs/srv/detail/add_two_ints__rosidl_typesupport_fastrtps_c.h
[0.706s] -- Up-to-date: /home/mau/skid_steer_ws/install/skid_steer_msgs/include/skid_steer_msgs/skid_steer_msgs/srv/detail/get_transform__rosidl_typesupport_fastrtps_c.h
[0.706s] -- Up-to-date: /home/mau/skid_steer_ws/install/skid_steer_msgs/include/skid_steer_msgs/skid_steer_msgs/msg
[0.706s] -- Up-to-date: /home/mau/skid_steer_ws/install/skid_steer_msgs/include/skid_steer_msgs/skid_steer_msgs/msg/rosidl_typesupport_fastrtps_c__visibility_control.h
[0.706s] -- Up-to-date: /home/mau/skid_steer_ws/install/skid_steer_msgs/lib/libskid_steer_msgs__rosidl_typesupport_fastrtps_c.so
[0.706s] -- Up-to-date: /home/mau/skid_steer_ws/install/skid_steer_msgs/include/skid_steer_msgs/skid_steer_msgs
[0.706s] -- Up-to-date: /home/mau/skid_steer_ws/install/skid_steer_msgs/include/skid_steer_msgs/skid_steer_msgs/srv
[0.706s] -- Up-to-date: /home/mau/skid_steer_ws/install/skid_steer_msgs/include/skid_steer_msgs/skid_steer_msgs/srv/add_two_ints.hpp
[0.706s] -- Up-to-date: /home/mau/skid_steer_ws/install/skid_steer_msgs/include/skid_steer_msgs/skid_steer_msgs/srv/detail
[0.707s] -- Up-to-date: /home/mau/skid_steer_ws/install/skid_steer_msgs/include/skid_steer_msgs/skid_steer_msgs/srv/detail/get_transform__traits.hpp
[0.707s] -- Up-to-date: /home/mau/skid_steer_ws/install/skid_steer_msgs/include/skid_steer_msgs/skid_steer_msgs/srv/detail/add_two_ints__struct.hpp
[0.707s] -- Up-to-date: /home/mau/skid_steer_ws/install/skid_steer_msgs/include/skid_steer_msgs/skid_steer_msgs/srv/detail/get_transform__struct.hpp
[0.707s] -- Up-to-date: /home/mau/skid_steer_ws/install/skid_steer_msgs/include/skid_steer_msgs/skid_steer_msgs/srv/detail/add_two_ints__traits.hpp
[0.707s] -- Up-to-date: /home/mau/skid_steer_ws/install/skid_steer_msgs/include/skid_steer_msgs/skid_steer_msgs/srv/detail/get_transform__builder.hpp
[0.707s] -- Up-to-date: /home/mau/skid_steer_ws/install/skid_steer_msgs/include/skid_steer_msgs/skid_steer_msgs/srv/detail/get_transform__type_support.hpp
[0.707s] -- Up-to-date: /home/mau/skid_steer_ws/install/skid_steer_msgs/include/skid_steer_msgs/skid_steer_msgs/srv/detail/add_two_ints__type_support.hpp
[0.707s] -- Up-to-date: /home/mau/skid_steer_ws/install/skid_steer_msgs/include/skid_steer_msgs/skid_steer_msgs/srv/detail/add_two_ints__builder.hpp
[0.707s] -- Up-to-date: /home/mau/skid_steer_ws/install/skid_steer_msgs/include/skid_steer_msgs/skid_steer_msgs/srv/get_transform.hpp
[0.707s] -- Up-to-date: /home/mau/skid_steer_ws/install/skid_steer_msgs/include/skid_steer_msgs/skid_steer_msgs/msg
[0.708s] -- Up-to-date: /home/mau/skid_steer_ws/install/skid_steer_msgs/include/skid_steer_msgs/skid_steer_msgs/msg/rosidl_generator_cpp__visibility_control.hpp
[0.708s] -- Up-to-date: /home/mau/skid_steer_ws/install/skid_steer_msgs/include/skid_steer_msgs/skid_steer_msgs
[0.708s] -- Up-to-date: /home/mau/skid_steer_ws/install/skid_steer_msgs/include/skid_steer_msgs/skid_steer_msgs/srv
[0.708s] -- Up-to-date: /home/mau/skid_steer_ws/install/skid_steer_msgs/include/skid_steer_msgs/skid_steer_msgs/srv/detail
[0.708s] -- Up-to-date: /home/mau/skid_steer_ws/install/skid_steer_msgs/include/skid_steer_msgs/skid_steer_msgs/srv/detail/dds_fastrtps
[0.708s] -- Up-to-date: /home/mau/skid_steer_ws/install/skid_steer_msgs/include/skid_steer_msgs/skid_steer_msgs/srv/detail/get_transform__rosidl_typesupport_fastrtps_cpp.hpp
[0.708s] -- Up-to-date: /home/mau/skid_steer_ws/install/skid_steer_msgs/include/skid_steer_msgs/skid_steer_msgs/srv/detail/add_two_ints__rosidl_typesupport_fastrtps_cpp.hpp
[0.708s] -- Up-to-date: /home/mau/skid_steer_ws/install/skid_steer_msgs/include/skid_steer_msgs/skid_steer_msgs/msg
[0.708s] -- Up-to-date: /home/mau/skid_steer_ws/install/skid_steer_msgs/include/skid_steer_msgs/skid_steer_msgs/msg/rosidl_typesupport_fastrtps_cpp__visibility_control.h
[0.708s] -- Up-to-date: /home/mau/skid_steer_ws/install/skid_steer_msgs/lib/libskid_steer_msgs__rosidl_typesupport_fastrtps_cpp.so
[0.708s] -- Up-to-date: /home/mau/skid_steer_ws/install/skid_steer_msgs/include/skid_steer_msgs/skid_steer_msgs
[0.709s] -- Up-to-date: /home/mau/skid_steer_ws/install/skid_steer_msgs/include/skid_steer_msgs/skid_steer_msgs/srv
[0.709s] -- Up-to-date: /home/mau/skid_steer_ws/install/skid_steer_msgs/include/skid_steer_msgs/skid_steer_msgs/srv/detail
[0.709s] -- Up-to-date: /home/mau/skid_steer_ws/install/skid_steer_msgs/include/skid_steer_msgs/skid_steer_msgs/srv/detail/get_transform__rosidl_typesupport_introspection_c.h
[0.709s] -- Up-to-date: /home/mau/skid_steer_ws/install/skid_steer_msgs/include/skid_steer_msgs/skid_steer_msgs/srv/detail/add_two_ints__rosidl_typesupport_introspection_c.h
[0.709s] -- Up-to-date: /home/mau/skid_steer_ws/install/skid_steer_msgs/include/skid_steer_msgs/skid_steer_msgs/srv/detail/add_two_ints__type_support.c
[0.709s] -- Up-to-date: /home/mau/skid_steer_ws/install/skid_steer_msgs/include/skid_steer_msgs/skid_steer_msgs/srv/detail/get_transform__type_support.c
[0.709s] -- Up-to-date: /home/mau/skid_steer_ws/install/skid_steer_msgs/include/skid_steer_msgs/skid_steer_msgs/msg
[0.709s] -- Up-to-date: /home/mau/skid_steer_ws/install/skid_steer_msgs/include/skid_steer_msgs/skid_steer_msgs/msg/rosidl_typesupport_introspection_c__visibility_control.h
[0.709s] -- Up-to-date: /home/mau/skid_steer_ws/install/skid_steer_msgs/lib/libskid_steer_msgs__rosidl_typesupport_introspection_c.so
[0.709s] -- Up-to-date: /home/mau/skid_steer_ws/install/skid_steer_msgs/lib/libskid_steer_msgs__rosidl_typesupport_c.so
[0.710s] -- Up-to-date: /home/mau/skid_steer_ws/install/skid_steer_msgs/include/skid_steer_msgs/skid_steer_msgs
[0.710s] -- Up-to-date: /home/mau/skid_steer_ws/install/skid_steer_msgs/include/skid_steer_msgs/skid_steer_msgs/srv
[0.710s] -- Up-to-date: /home/mau/skid_steer_ws/install/skid_steer_msgs/include/skid_steer_msgs/skid_steer_msgs/srv/detail
[0.710s] -- Up-to-date: /home/mau/skid_steer_ws/install/skid_steer_msgs/include/skid_steer_msgs/skid_steer_msgs/srv/detail/get_transform__rosidl_typesupport_introspection_cpp.hpp
[0.710s] -- Up-to-date: /home/mau/skid_steer_ws/install/skid_steer_msgs/include/skid_steer_msgs/skid_steer_msgs/srv/detail/add_two_ints__type_support.cpp
[0.710s] -- Up-to-date: /home/mau/skid_steer_ws/install/skid_steer_msgs/include/skid_steer_msgs/skid_steer_msgs/srv/detail/get_transform__type_support.cpp
[0.710s] -- Up-to-date: /home/mau/skid_steer_ws/install/skid_steer_msgs/include/skid_steer_msgs/skid_steer_msgs/srv/detail/add_two_ints__rosidl_typesupport_introspection_cpp.hpp
[0.710s] -- Up-to-date: /home/mau/skid_steer_ws/install/skid_steer_msgs/lib/libskid_steer_msgs__rosidl_typesupport_introspection_cpp.so
[0.710s] -- Up-to-date: /home/mau/skid_steer_ws/install/skid_steer_msgs/lib/libskid_steer_msgs__rosidl_typesupport_cpp.so
[0.711s] -- Up-to-date: /home/mau/skid_steer_ws/install/skid_steer_msgs/share/skid_steer_msgs/environment/pythonpath.sh
[0.711s] -- Up-to-date: /home/mau/skid_steer_ws/install/skid_steer_msgs/share/skid_steer_msgs/environment/pythonpath.dsv
[0.711s] -- Up-to-date: /home/mau/skid_steer_ws/install/skid_steer_msgs/local/lib/python3.10/dist-packages/skid_steer_msgs-0.0.0-py3.10.egg-info
[0.711s] -- Installing: /home/mau/skid_steer_ws/install/skid_steer_msgs/local/lib/python3.10/dist-packages/skid_steer_msgs-0.0.0-py3.10.egg-info/SOURCES.txt
[0.711s] -- Installing: /home/mau/skid_steer_ws/install/skid_steer_msgs/local/lib/python3.10/dist-packages/skid_steer_msgs-0.0.0-py3.10.egg-info/dependency_links.txt
[0.711s] -- Installing: /home/mau/skid_steer_ws/install/skid_steer_msgs/local/lib/python3.10/dist-packages/skid_steer_msgs-0.0.0-py3.10.egg-info/top_level.txt
[0.711s] -- Installing: /home/mau/skid_steer_ws/install/skid_steer_msgs/local/lib/python3.10/dist-packages/skid_steer_msgs-0.0.0-py3.10.egg-info/PKG-INFO
[0.711s] -- Up-to-date: /home/mau/skid_steer_ws/install/skid_steer_msgs/local/lib/python3.10/dist-packages/skid_steer_msgs
[0.711s] -- Up-to-date: /home/mau/skid_steer_ws/install/skid_steer_msgs/local/lib/python3.10/dist-packages/skid_steer_msgs/skid_steer_msgs_s__rosidl_typesupport_fastrtps_c.cpython-310-x86_64-linux-gnu.so
[0.711s] -- Up-to-date: /home/mau/skid_steer_ws/install/skid_steer_msgs/local/lib/python3.10/dist-packages/skid_steer_msgs/srv
[0.711s] -- Up-to-date: /home/mau/skid_steer_ws/install/skid_steer_msgs/local/lib/python3.10/dist-packages/skid_steer_msgs/srv/_get_transform_s.c
[0.711s] -- Up-to-date: /home/mau/skid_steer_ws/install/skid_steer_msgs/local/lib/python3.10/dist-packages/skid_steer_msgs/srv/_add_two_ints_s.c
[0.712s] -- Up-to-date: /home/mau/skid_steer_ws/install/skid_steer_msgs/local/lib/python3.10/dist-packages/skid_steer_msgs/srv/_get_transform.py
[0.712s] -- Up-to-date: /home/mau/skid_steer_ws/install/skid_steer_msgs/local/lib/python3.10/dist-packages/skid_steer_msgs/srv/__init__.py
[0.712s] -- Up-to-date: /home/mau/skid_steer_ws/install/skid_steer_msgs/local/lib/python3.10/dist-packages/skid_steer_msgs/srv/_add_two_ints.py
[0.712s] -- Up-to-date: /home/mau/skid_steer_ws/install/skid_steer_msgs/local/lib/python3.10/dist-packages/skid_steer_msgs/skid_steer_msgs_s__rosidl_typesupport_c.cpython-310-x86_64-linux-gnu.so
[0.712s] -- Up-to-date: /home/mau/skid_steer_ws/install/skid_steer_msgs/local/lib/python3.10/dist-packages/skid_steer_msgs/__init__.py
[0.712s] -- Up-to-date: /home/mau/skid_steer_ws/install/skid_steer_msgs/local/lib/python3.10/dist-packages/skid_steer_msgs/skid_steer_msgs_s__rosidl_typesupport_introspection_c.cpython-310-x86_64-linux-gnu.so
[0.712s] -- Up-to-date: /home/mau/skid_steer_ws/install/skid_steer_msgs/local/lib/python3.10/dist-packages/skid_steer_msgs/_skid_steer_msgs_s.ep.rosidl_typesupport_fastrtps_c.c
[0.712s] -- Up-to-date: /home/mau/skid_steer_ws/install/skid_steer_msgs/local/lib/python3.10/dist-packages/skid_steer_msgs/libskid_steer_msgs__rosidl_generator_py.so
[0.713s] -- Up-to-date: /home/mau/skid_steer_ws/install/skid_steer_msgs/local/lib/python3.10/dist-packages/skid_steer_msgs/_skid_steer_msgs_s.ep.rosidl_typesupport_c.c
[0.713s] -- Up-to-date: /home/mau/skid_steer_ws/install/skid_steer_msgs/local/lib/python3.10/dist-packages/skid_steer_msgs/_skid_steer_msgs_s.ep.rosidl_typesupport_introspection_c.c
[0.716s] Listing '/home/mau/skid_steer_ws/install/skid_steer_msgs/local/lib/python3.10/dist-packages/skid_steer_msgs'...
[0.716s] Listing '/home/mau/skid_steer_ws/install/skid_steer_msgs/local/lib/python3.10/dist-packages/skid_steer_msgs/srv'...
[0.716s] -- Up-to-date: /home/mau/skid_steer_ws/install/skid_steer_msgs/local/lib/python3.10/dist-packages/skid_steer_msgs/skid_steer_msgs_s__rosidl_typesupport_fastrtps_c.cpython-310-x86_64-linux-gnu.so
[0.716s] -- Up-to-date: /home/mau/skid_steer_ws/install/skid_steer_msgs/local/lib/python3.10/dist-packages/skid_steer_msgs/skid_steer_msgs_s__rosidl_typesupport_introspection_c.cpython-310-x86_64-linux-gnu.so
[0.716s] -- Up-to-date: /home/mau/skid_steer_ws/install/skid_steer_msgs/local/lib/python3.10/dist-packages/skid_steer_msgs/skid_steer_msgs_s__rosidl_typesupport_c.cpython-310-x86_64-linux-gnu.so
[0.716s] -- Up-to-date: /home/mau/skid_steer_ws/install/skid_steer_msgs/lib/libskid_steer_msgs__rosidl_generator_py.so
[0.716s] -- Up-to-date: /home/mau/skid_steer_ws/install/skid_steer_msgs/share/skid_steer_msgs/srv/AddTwoInts.idl
[0.716s] -- Up-to-date: /home/mau/skid_steer_ws/install/skid_steer_msgs/share/skid_steer_msgs/srv/GetTransform.idl
[0.716s] -- Up-to-date: /home/mau/skid_steer_ws/install/skid_steer_msgs/share/skid_steer_msgs/srv/AddTwoInts.srv
[0.717s] -- Up-to-date: /home/mau/skid_steer_ws/install/skid_steer_msgs/share/skid_steer_msgs/srv/AddTwoInts_Request.msg
[0.717s] -- Up-to-date: /home/mau/skid_steer_ws/install/skid_steer_msgs/share/skid_steer_msgs/srv/AddTwoInts_Response.msg
[0.717s] -- Up-to-date: /home/mau/skid_steer_ws/install/skid_steer_msgs/share/skid_steer_msgs/srv/GetTransform.srv
[0.717s] -- Up-to-date: /home/mau/skid_steer_ws/install/skid_steer_msgs/share/skid_steer_msgs/srv/GetTransform_Request.msg
[0.717s] -- Up-to-date: /home/mau/skid_steer_ws/install/skid_steer_msgs/share/skid_steer_msgs/srv/GetTransform_Response.msg
[0.717s] -- Up-to-date: /home/mau/skid_steer_ws/install/skid_steer_msgs/share/ament_index/resource_index/package_run_dependencies/skid_steer_msgs
[0.717s] -- Up-to-date: /home/mau/skid_steer_ws/install/skid_steer_msgs/share/ament_index/resource_index/parent_prefix_path/skid_steer_msgs
[0.717s] -- Up-to-date: /home/mau/skid_steer_ws/install/skid_steer_msgs/share/skid_steer_msgs/environment/ament_prefix_path.sh
[0.717s] -- Up-to-date: /home/mau/skid_steer_ws/install/skid_steer_msgs/share/skid_steer_msgs/environment/ament_prefix_path.dsv
[0.717s] -- Up-to-date: /home/mau/skid_steer_ws/install/skid_steer_msgs/share/skid_steer_msgs/environment/path.sh
[0.717s] -- Up-to-date: /home/mau/skid_steer_ws/install/skid_steer_msgs/share/skid_steer_msgs/environment/path.dsv
[0.717s] -- Up-to-date: /home/mau/skid_steer_ws/install/skid_steer_msgs/share/skid_steer_msgs/local_setup.bash
[0.718s] -- Up-to-date: /home/mau/skid_steer_ws/install/skid_steer_msgs/share/skid_steer_msgs/local_setup.sh
[0.718s] -- Up-to-date: /home/mau/skid_steer_ws/install/skid_steer_msgs/share/skid_steer_msgs/local_setup.zsh
[0.718s] -- Up-to-date: /home/mau/skid_steer_ws/install/skid_steer_msgs/share/skid_steer_msgs/local_setup.dsv
[0.718s] -- Installing: /home/mau/skid_steer_ws/install/skid_steer_msgs/share/skid_steer_msgs/package.dsv
[0.718s] -- Up-to-date: /home/mau/skid_steer_ws/install/skid_steer_msgs/share/ament_index/resource_index/packages/skid_steer_msgs
[0.718s] -- Up-to-date: /home/mau/skid_steer_ws/install/skid_steer_msgs/share/skid_steer_msgs/cmake/export_skid_steer_msgs__rosidl_generator_cExport.cmake
[0.718s] -- Up-to-date: /home/mau/skid_steer_ws/install/skid_steer_msgs/share/skid_steer_msgs/cmake/export_skid_steer_msgs__rosidl_generator_cExport-noconfig.cmake
[0.718s] -- Up-to-date: /home/mau/skid_steer_ws/install/skid_steer_msgs/share/skid_steer_msgs/cmake/export_skid_steer_msgs__rosidl_typesupport_fastrtps_cExport.cmake
[0.718s] -- Up-to-date: /home/mau/skid_steer_ws/install/skid_steer_msgs/share/skid_steer_msgs/cmake/export_skid_steer_msgs__rosidl_typesupport_fastrtps_cExport-noconfig.cmake
[0.718s] -- Up-to-date: /home/mau/skid_steer_ws/install/skid_steer_msgs/share/skid_steer_msgs/cmake/export_skid_steer_msgs__rosidl_generator_cppExport.cmake
[0.719s] -- Up-to-date: /home/mau/skid_steer_ws/install/skid_steer_msgs/share/skid_steer_msgs/cmake/export_skid_steer_msgs__rosidl_typesupport_fastrtps_cppExport.cmake
[0.719s] -- Up-to-date: /home/mau/skid_steer_ws/install/skid_steer_msgs/share/skid_steer_msgs/cmake/export_skid_steer_msgs__rosidl_typesupport_fastrtps_cppExport-noconfig.cmake
[0.719s] -- Up-to-date: /home/mau/skid_steer_ws/install/skid_steer_msgs/share/skid_steer_msgs/cmake/skid_steer_msgs__rosidl_typesupport_introspection_cExport.cmake
[0.719s] -- Up-to-date: /home/mau/skid_steer_ws/install/skid_steer_msgs/share/skid_steer_msgs/cmake/skid_steer_msgs__rosidl_typesupport_introspection_cExport-noconfig.cmake
[0.719s] -- Up-to-date: /home/mau/skid_steer_ws/install/skid_steer_msgs/share/skid_steer_msgs/cmake/skid_steer_msgs__rosidl_typesupport_cExport.cmake
[0.719s] -- Up-to-date: /home/mau/skid_steer_ws/install/skid_steer_msgs/share/skid_steer_msgs/cmake/skid_steer_msgs__rosidl_typesupport_cExport-noconfig.cmake
[0.719s] -- Up-to-date: /home/mau/skid_steer_ws/install/skid_steer_msgs/share/skid_steer_msgs/cmake/skid_steer_msgs__rosidl_typesupport_introspection_cppExport.cmake
[0.719s] -- Up-to-date: /home/mau/skid_steer_ws/install/skid_steer_msgs/share/skid_steer_msgs/cmake/skid_steer_msgs__rosidl_typesupport_introspection_cppExport-noconfig.cmake
[0.719s] -- Up-to-date: /home/mau/skid_steer_ws/install/skid_steer_msgs/share/skid_steer_msgs/cmake/skid_steer_msgs__rosidl_typesupport_cppExport.cmake
[0.719s] -- Up-to-date: /home/mau/skid_steer_ws/install/skid_steer_msgs/share/skid_steer_msgs/cmake/skid_steer_msgs__rosidl_typesupport_cppExport-noconfig.cmake
[0.719s] -- Up-to-date: /home/mau/skid_steer_ws/install/skid_steer_msgs/share/skid_steer_msgs/cmake/export_skid_steer_msgs__rosidl_generator_pyExport.cmake
[0.720s] -- Up-to-date: /home/mau/skid_steer_ws/install/skid_steer_msgs/share/skid_steer_msgs/cmake/export_skid_steer_msgs__rosidl_generator_pyExport-noconfig.cmake
[0.720s] -- Up-to-date: /home/mau/skid_steer_ws/install/skid_steer_msgs/share/skid_steer_msgs/cmake/rosidl_cmake-extras.cmake
[0.720s] -- Up-to-date: /home/mau/skid_steer_ws/install/skid_steer_msgs/share/skid_steer_msgs/cmake/ament_cmake_export_dependencies-extras.cmake
[0.720s] -- Up-to-date: /home/mau/skid_steer_ws/install/skid_steer_msgs/share/skid_steer_msgs/cmake/ament_cmake_export_include_directories-extras.cmake
[0.720s] -- Up-to-date: /home/mau/skid_steer_ws/install/skid_steer_msgs/share/skid_steer_msgs/cmake/ament_cmake_export_libraries-extras.cmake
[0.720s] -- Up-to-date: /home/mau/skid_steer_ws/install/skid_steer_msgs/share/skid_steer_msgs/cmake/ament_cmake_export_targets-extras.cmake
[0.720s] -- Up-to-date: /home/mau/skid_steer_ws/install/skid_steer_msgs/share/skid_steer_msgs/cmake/rosidl_cmake_export_typesupport_targets-extras.cmake
[0.720s] -- Up-to-date: /home/mau/skid_steer_ws/install/skid_steer_msgs/share/skid_steer_msgs/cmake/rosidl_cmake_export_typesupport_libraries-extras.cmake
[0.720s] -- Up-to-date: /home/mau/skid_steer_ws/install/skid_steer_msgs/share/skid_steer_msgs/cmake/skid_steer_msgsConfig.cmake
[0.720s] -- Up-to-date: /home/mau/skid_steer_ws/install/skid_steer_msgs/share/skid_steer_msgs/cmake/skid_steer_msgsConfig-version.cmake
[0.721s] -- Up-to-date: /home/mau/skid_steer_ws/install/skid_steer_msgs/share/skid_steer_msgs/package.xml
[0.781s] Invoked command in '/home/mau/skid_steer_ws/build/skid_steer_msgs' returned '0': CMAKE_PREFIX_PATH=${CMAKE_PREFIX_PATH}:/home/mau/bumperbot_ws/install/bumperbot_py_examples:/home/mau/ros2_ws/install/my_py_pkg:/home/mau/skid_steer_ws/install/skid_steer_py_examples:/home/mau/skid_steer_ws/install/imu_driver:/opt/ros/humble /usr/bin/cmake --install /home/mau/skid_steer_ws/build/skid_steer_msgs
