[0.305s] Invoking command in '/home/mau/skid_steer_ws/build/skid_steer_planning': CMAKE_PREFIX_PATH=${CMAKE_PREFIX_PATH}:/home/mau/bumperbot_ws/install/bumperbot_py_examples:/home/mau/ros2_ws/install/my_py_pkg:/home/mau/skid_steer_ws/install/skid_steer_py_examples:/home/mau/skid_steer_ws/install/imu_driver:/opt/ros/humble /usr/bin/cmake --build /home/mau/skid_steer_ws/build/skid_steer_planning -- -j12 -l12
[0.400s] [35m[1mConsolidate compiler generated dependencies of target dijkstra_planner[0m
[0.470s] [ 50%] [32mBuilding CXX object CMakeFiles/dijkstra_planner.dir/src/dijkstra_planner.cpp.o[0m
[0.483s] [ 50%] Built target ament_cmake_python_copy_skid_steer_planning
[0.783s] running egg_info
[0.787s] writing skid_steer_planning.egg-info/PKG-INFO
[0.787s] writing dependency_links to skid_steer_planning.egg-info/dependency_links.txt
[0.787s] writing top-level names to skid_steer_planning.egg-info/top_level.txt
[0.787s] reading manifest file 'skid_steer_planning.egg-info/SOURCES.txt'
[0.788s] writing manifest file 'skid_steer_planning.egg-info/SOURCES.txt'
[0.828s] [ 50%] Built target ament_cmake_python_build_skid_steer_planning_egg
[9.644s] [100%] [32m[1mLinking CXX executable dijkstra_planner[0m
[10.104s] [100%] Built target dijkstra_planner
[10.121s] Invoked command in '/home/mau/skid_steer_ws/build/skid_steer_planning' returned '0': CMAKE_PREFIX_PATH=${CMAKE_PREFIX_PATH}:/home/mau/bumperbot_ws/install/bumperbot_py_examples:/home/mau/ros2_ws/install/my_py_pkg:/home/mau/skid_steer_ws/install/skid_steer_py_examples:/home/mau/skid_steer_ws/install/imu_driver:/opt/ros/humble /usr/bin/cmake --build /home/mau/skid_steer_ws/build/skid_steer_planning -- -j12 -l12
[10.122s] Invoking command in '/home/mau/skid_steer_ws/build/skid_steer_planning': CMAKE_PREFIX_PATH=${CMAKE_PREFIX_PATH}:/home/mau/bumperbot_ws/install/bumperbot_py_examples:/home/mau/ros2_ws/install/my_py_pkg:/home/mau/skid_steer_ws/install/skid_steer_py_examples:/home/mau/skid_steer_ws/install/imu_driver:/opt/ros/humble /usr/bin/cmake --install /home/mau/skid_steer_ws/build/skid_steer_planning
[10.133s] -- Install configuration: ""
[10.134s] -- Up-to-date: /home/mau/skid_steer_ws/install/skid_steer_planning/share/skid_steer_planning/environment/pythonpath.sh
[10.134s] -- Installing: /home/mau/skid_steer_ws/install/skid_steer_planning/share/skid_steer_planning/environment/pythonpath.dsv
[10.134s] -- Up-to-date: /home/mau/skid_steer_ws/install/skid_steer_planning/local/lib/python3.10/dist-packages/skid_steer_planning-0.0.0-py3.10.egg-info
[10.134s] -- Installing: /home/mau/skid_steer_ws/install/skid_steer_planning/local/lib/python3.10/dist-packages/skid_steer_planning-0.0.0-py3.10.egg-info/SOURCES.txt
[10.134s] -- Installing: /home/mau/skid_steer_ws/install/skid_steer_planning/local/lib/python3.10/dist-packages/skid_steer_planning-0.0.0-py3.10.egg-info/dependency_links.txt
[10.134s] -- Installing: /home/mau/skid_steer_ws/install/skid_steer_planning/local/lib/python3.10/dist-packages/skid_steer_planning-0.0.0-py3.10.egg-info/top_level.txt
[10.135s] -- Installing: /home/mau/skid_steer_ws/install/skid_steer_planning/local/lib/python3.10/dist-packages/skid_steer_planning-0.0.0-py3.10.egg-info/PKG-INFO
[10.135s] -- Up-to-date: /home/mau/skid_steer_ws/install/skid_steer_planning/local/lib/python3.10/dist-packages/skid_steer_planning
[10.135s] -- Up-to-date: /home/mau/skid_steer_ws/install/skid_steer_planning/local/lib/python3.10/dist-packages/skid_steer_planning/__init__.py
[10.135s] -- Installing: /home/mau/skid_steer_ws/install/skid_steer_planning/local/lib/python3.10/dist-packages/skid_steer_planning/dijkstra_planner.py
[10.174s] Listing '/home/mau/skid_steer_ws/install/skid_steer_planning/local/lib/python3.10/dist-packages/skid_steer_planning'...
[10.174s] Compiling '/home/mau/skid_steer_ws/install/skid_steer_planning/local/lib/python3.10/dist-packages/skid_steer_planning/dijkstra_planner.py'...
[10.177s] -- Installing: /home/mau/skid_steer_ws/install/skid_steer_planning/lib/skid_steer_planning/dijkstra_planner.py
[10.178s] -- Installing: /home/mau/skid_steer_ws/install/skid_steer_planning/include/include
[10.178s] -- Installing: /home/mau/skid_steer_ws/install/skid_steer_planning/include/include/skid_steer_planning
[10.178s] -- Installing: /home/mau/skid_steer_ws/install/skid_steer_planning/include/include/skid_steer_planning/dijkstra_planner.hpp
[10.178s] -- Installing: /home/mau/skid_steer_ws/install/skid_steer_planning/lib/skid_steer_planning/dijkstra_planner
[10.187s] -- Set runtime path of "/home/mau/skid_steer_ws/install/skid_steer_planning/lib/skid_steer_planning/dijkstra_planner" to ""
[10.187s] -- Installing: /home/mau/skid_steer_ws/install/skid_steer_planning/share/ament_index/resource_index/package_run_dependencies/skid_steer_planning
[10.187s] -- Up-to-date: /home/mau/skid_steer_ws/install/skid_steer_planning/share/ament_index/resource_index/parent_prefix_path/skid_steer_planning
[10.187s] -- Up-to-date: /home/mau/skid_steer_ws/install/skid_steer_planning/share/skid_steer_planning/environment/ament_prefix_path.sh
[10.187s] -- Installing: /home/mau/skid_steer_ws/install/skid_steer_planning/share/skid_steer_planning/environment/ament_prefix_path.dsv
[10.188s] -- Up-to-date: /home/mau/skid_steer_ws/install/skid_steer_planning/share/skid_steer_planning/environment/path.sh
[10.188s] -- Installing: /home/mau/skid_steer_ws/install/skid_steer_planning/share/skid_steer_planning/environment/path.dsv
[10.188s] -- Up-to-date: /home/mau/skid_steer_ws/install/skid_steer_planning/share/skid_steer_planning/local_setup.bash
[10.188s] -- Up-to-date: /home/mau/skid_steer_ws/install/skid_steer_planning/share/skid_steer_planning/local_setup.sh
[10.188s] -- Up-to-date: /home/mau/skid_steer_ws/install/skid_steer_planning/share/skid_steer_planning/local_setup.zsh
[10.188s] -- Installing: /home/mau/skid_steer_ws/install/skid_steer_planning/share/skid_steer_planning/local_setup.dsv
[10.189s] -- Installing: /home/mau/skid_steer_ws/install/skid_steer_planning/share/skid_steer_planning/package.dsv
[10.189s] -- Up-to-date: /home/mau/skid_steer_ws/install/skid_steer_planning/share/ament_index/resource_index/packages/skid_steer_planning
[10.189s] -- Installing: /home/mau/skid_steer_ws/install/skid_steer_planning/share/skid_steer_planning/cmake/ament_cmake_export_include_directories-extras.cmake
[10.189s] -- Installing: /home/mau/skid_steer_ws/install/skid_steer_planning/share/skid_steer_planning/cmake/ament_cmake_export_dependencies-extras.cmake
[10.189s] -- Installing: /home/mau/skid_steer_ws/install/skid_steer_planning/share/skid_steer_planning/cmake/skid_steer_planningConfig.cmake
[10.190s] -- Up-to-date: /home/mau/skid_steer_ws/install/skid_steer_planning/share/skid_steer_planning/cmake/skid_steer_planningConfig-version.cmake
[10.190s] -- Installing: /home/mau/skid_steer_ws/install/skid_steer_planning/share/skid_steer_planning/package.xml
[10.193s] Invoked command in '/home/mau/skid_steer_ws/build/skid_steer_planning' returned '0': CMAKE_PREFIX_PATH=${CMAKE_PREFIX_PATH}:/home/mau/bumperbot_ws/install/bumperbot_py_examples:/home/mau/ros2_ws/install/my_py_pkg:/home/mau/skid_steer_ws/install/skid_steer_py_examples:/home/mau/skid_steer_ws/install/imu_driver:/opt/ros/humble /usr/bin/cmake --install /home/mau/skid_steer_ws/build/skid_steer_planning
