[0.160s] Invoking command in '/home/mau/skid_steer_ws/build/skid_steer_slam': CMAKE_PREFIX_PATH=${CMAKE_PREFIX_PATH}:/home/mau/bumperbot_ws/install/bumperbot_py_examples:/home/mau/ros2_ws/install/my_py_pkg:/home/mau/skid_steer_ws/install/skid_steer_py_examples:/home/mau/skid_steer_ws/install/imu_driver:/opt/ros/humble /usr/bin/cmake --build /home/mau/skid_steer_ws/build/skid_steer_slam -- -j12 -l12
[1.276s] Invoked command in '/home/mau/skid_steer_ws/build/skid_steer_slam' returned '0': CMAKE_PREFIX_PATH=${CMAKE_PREFIX_PATH}:/home/mau/bumperbot_ws/install/bumperbot_py_examples:/home/mau/ros2_ws/install/my_py_pkg:/home/mau/skid_steer_ws/install/skid_steer_py_examples:/home/mau/skid_steer_ws/install/imu_driver:/opt/ros/humble /usr/bin/cmake --build /home/mau/skid_steer_ws/build/skid_steer_slam -- -j12 -l12
[1.289s] Invoking command in '/home/mau/skid_steer_ws/build/skid_steer_slam': CMAKE_PREFIX_PATH=${CMAKE_PREFIX_PATH}:/home/mau/bumperbot_ws/install/bumperbot_py_examples:/home/mau/ros2_ws/install/my_py_pkg:/home/mau/skid_steer_ws/install/skid_steer_py_examples:/home/mau/skid_steer_ws/install/imu_driver:/opt/ros/humble /usr/bin/cmake --install /home/mau/skid_steer_ws/build/skid_steer_slam
[24.635s] -- Install configuration: ""
[24.640s] -- Up-to-date: /home/mau/skid_steer_ws/install/skid_steer_slam/share/skid_steer_slam/launch
[24.641s] -- Up-to-date: /home/mau/skid_steer_ws/install/skid_steer_slam/share/skid_steer_slam/launch/online_async_slam.launch.py
[24.641s] -- Up-to-date: /home/mau/skid_steer_ws/install/skid_steer_slam/share/skid_steer_slam/config
[24.641s] -- Up-to-date: /home/mau/skid_steer_ws/install/skid_steer_slam/share/skid_steer_slam/config/mapper_params_online_async.yaml
[24.642s] -- Up-to-date: /home/mau/skid_steer_ws/install/skid_steer_slam/share/skid_steer_slam/maps
[24.642s] -- Up-to-date: /home/mau/skid_steer_ws/install/skid_steer_slam/share/skid_steer_slam/maps/map_explanada.pgm
[24.642s] -- Up-to-date: /home/mau/skid_steer_ws/install/skid_steer_slam/share/skid_steer_slam/maps/mapa_explanada_v1.yaml
[24.642s] -- Up-to-date: /home/mau/skid_steer_ws/install/skid_steer_slam/share/skid_steer_slam/maps/map_explanada.data
[24.642s] -- Up-to-date: /home/mau/skid_steer_ws/install/skid_steer_slam/share/skid_steer_slam/maps/mapa_explanada_v1.posegraph
[24.642s] -- Up-to-date: /home/mau/skid_steer_ws/install/skid_steer_slam/share/skid_steer_slam/maps/map_explanada.yaml
[24.642s] -- Up-to-date: /home/mau/skid_steer_ws/install/skid_steer_slam/share/skid_steer_slam/maps/mapa_explanada_v1.data
[24.642s] -- Up-to-date: /home/mau/skid_steer_ws/install/skid_steer_slam/share/skid_steer_slam/maps/mapa_explanada_v1.pgm
[24.642s] -- Up-to-date: /home/mau/skid_steer_ws/install/skid_steer_slam/share/skid_steer_slam/maps/map_explanada.posegraph
[24.642s] -- Up-to-date: /home/mau/skid_steer_ws/install/skid_steer_slam/share/ament_index/resource_index/package_run_dependencies/skid_steer_slam
[24.644s] -- Up-to-date: /home/mau/skid_steer_ws/install/skid_steer_slam/share/ament_index/resource_index/parent_prefix_path/skid_steer_slam
[24.644s] -- Up-to-date: /home/mau/skid_steer_ws/install/skid_steer_slam/share/skid_steer_slam/environment/ament_prefix_path.sh
[24.644s] -- Up-to-date: /home/mau/skid_steer_ws/install/skid_steer_slam/share/skid_steer_slam/environment/ament_prefix_path.dsv
[24.644s] -- Up-to-date: /home/mau/skid_steer_ws/install/skid_steer_slam/share/skid_steer_slam/environment/path.sh
[24.644s] -- Up-to-date: /home/mau/skid_steer_ws/install/skid_steer_slam/share/skid_steer_slam/environment/path.dsv
[24.644s] -- Up-to-date: /home/mau/skid_steer_ws/install/skid_steer_slam/share/skid_steer_slam/local_setup.bash
[24.644s] -- Up-to-date: /home/mau/skid_steer_ws/install/skid_steer_slam/share/skid_steer_slam/local_setup.sh
[24.644s] -- Up-to-date: /home/mau/skid_steer_ws/install/skid_steer_slam/share/skid_steer_slam/local_setup.zsh
[24.644s] -- Up-to-date: /home/mau/skid_steer_ws/install/skid_steer_slam/share/skid_steer_slam/local_setup.dsv
[24.644s] -- Installing: /home/mau/skid_steer_ws/install/skid_steer_slam/share/skid_steer_slam/package.dsv
[24.645s] -- Up-to-date: /home/mau/skid_steer_ws/install/skid_steer_slam/share/ament_index/resource_index/packages/skid_steer_slam
[24.645s] -- Up-to-date: /home/mau/skid_steer_ws/install/skid_steer_slam/share/skid_steer_slam/cmake/skid_steer_slamConfig.cmake
[24.645s] -- Up-to-date: /home/mau/skid_steer_ws/install/skid_steer_slam/share/skid_steer_slam/cmake/skid_steer_slamConfig-version.cmake
[24.645s] -- Up-to-date: /home/mau/skid_steer_ws/install/skid_steer_slam/share/skid_steer_slam/package.xml
[24.657s] Invoked command in '/home/mau/skid_steer_ws/build/skid_steer_slam' returned '0': CMAKE_PREFIX_PATH=${CMAKE_PREFIX_PATH}:/home/mau/bumperbot_ws/install/bumperbot_py_examples:/home/mau/ros2_ws/install/my_py_pkg:/home/mau/skid_steer_ws/install/skid_steer_py_examples:/home/mau/skid_steer_ws/install/imu_driver:/opt/ros/humble /usr/bin/cmake --install /home/mau/skid_steer_ws/build/skid_steer_slam
