[0.278s] Invoking command in '/home/mau/skid_steer_ws/build/skid_steer_navigation': CMAKE_PREFIX_PATH=${CMAKE_PREFIX_PATH}:/home/mau/bumperbot_ws/install/bumperbot_py_examples:/home/mau/ros2_ws/install/my_py_pkg:/home/mau/skid_steer_ws/install/skid_steer_py_examples:/home/mau/skid_steer_ws/install/imu_driver:/opt/ros/humble /usr/bin/cmake /home/mau/skid_steer_ws/src/skid_steer_navigation -DCMAKE_INSTALL_PREFIX=/home/mau/skid_steer_ws/install/skid_steer_navigation
[1.214s] -- The C compiler identification is GNU 11.4.0
[1.214s] -- The CXX compiler identification is GNU 11.4.0
[1.215s] -- Detecting C compiler ABI info
[1.215s] -- Detecting C compiler ABI info - done
[1.215s] -- Check for working C compiler: /usr/bin/cc - skipped
[1.215s] -- Detecting C compile features
[1.215s] -- Detecting C compile features - done
[1.215s] -- Detecting CXX compiler ABI info
[1.215s] -- Detecting CXX compiler ABI info - done
[1.215s] -- Check for working CXX compiler: /usr/bin/c++ - skipped
[1.215s] -- Detecting CXX compile features
[1.215s] -- Detecting CXX compile features - done
[1.217s] -- Found ament_cmake: 1.3.12 (/opt/ros/humble/share/ament_cmake/cmake)
[1.218s] -- Found Python3: /usr/bin/python3 (found version "3.10.12") found components: Interpreter 
[1.218s] -- Found ament_lint_auto: 0.12.14 (/opt/ros/humble/share/ament_lint_auto/cmake)
[1.218s] -- Added test 'flake8' to check Python code syntax and style conventions
[1.218s] -- Added test 'lint_cmake' to check CMake code style
[1.218s] -- Added test 'pep257' to check Python code against some of the docstring style conventions in PEP 257
[1.218s] -- Added test 'xmllint' to check XML markup files
[1.218s] -- Configuring done
[1.218s] -- Generating done
[1.218s] -- Build files have been written to: /home/mau/skid_steer_ws/build/skid_steer_navigation
[1.225s] Invoked command in '/home/mau/skid_steer_ws/build/skid_steer_navigation' returned '0': CMAKE_PREFIX_PATH=${CMAKE_PREFIX_PATH}:/home/mau/bumperbot_ws/install/bumperbot_py_examples:/home/mau/ros2_ws/install/my_py_pkg:/home/mau/skid_steer_ws/install/skid_steer_py_examples:/home/mau/skid_steer_ws/install/imu_driver:/opt/ros/humble /usr/bin/cmake /home/mau/skid_steer_ws/src/skid_steer_navigation -DCMAKE_INSTALL_PREFIX=/home/mau/skid_steer_ws/install/skid_steer_navigation
[1.226s] Invoking command in '/home/mau/skid_steer_ws/build/skid_steer_navigation': CMAKE_PREFIX_PATH=${CMAKE_PREFIX_PATH}:/home/mau/bumperbot_ws/install/bumperbot_py_examples:/home/mau/ros2_ws/install/my_py_pkg:/home/mau/skid_steer_ws/install/skid_steer_py_examples:/home/mau/skid_steer_ws/install/imu_driver:/opt/ros/humble /usr/bin/cmake --build /home/mau/skid_steer_ws/build/skid_steer_navigation -- -j12 -l12
[1.421s] Invoked command in '/home/mau/skid_steer_ws/build/skid_steer_navigation' returned '0': CMAKE_PREFIX_PATH=${CMAKE_PREFIX_PATH}:/home/mau/bumperbot_ws/install/bumperbot_py_examples:/home/mau/ros2_ws/install/my_py_pkg:/home/mau/skid_steer_ws/install/skid_steer_py_examples:/home/mau/skid_steer_ws/install/imu_driver:/opt/ros/humble /usr/bin/cmake --build /home/mau/skid_steer_ws/build/skid_steer_navigation -- -j12 -l12
[1.424s] Invoking command in '/home/mau/skid_steer_ws/build/skid_steer_navigation': CMAKE_PREFIX_PATH=${CMAKE_PREFIX_PATH}:/home/mau/bumperbot_ws/install/bumperbot_py_examples:/home/mau/ros2_ws/install/my_py_pkg:/home/mau/skid_steer_ws/install/skid_steer_py_examples:/home/mau/skid_steer_ws/install/imu_driver:/opt/ros/humble /usr/bin/cmake --install /home/mau/skid_steer_ws/build/skid_steer_navigation
[1.447s] -- Install configuration: ""
[1.447s] -- Installing: /home/mau/skid_steer_ws/install/skid_steer_navigation/share/skid_steer_navigation/launch
[1.447s] -- Installing: /home/mau/skid_steer_ws/install/skid_steer_navigation/share/skid_steer_navigation/launch/nav2_bringup.launch.py
[1.447s] -- Installing: /home/mau/skid_steer_ws/install/skid_steer_navigation/share/skid_steer_navigation/config
[1.447s] -- Installing: /home/mau/skid_steer_ws/install/skid_steer_navigation/share/skid_steer_navigation/config/nav2_params.yaml
[1.447s] -- Installing: /home/mau/skid_steer_ws/install/skid_steer_navigation/share/skid_steer_navigation/config/keepout_mask_pasillo.yaml
[1.448s] -- Installing: /home/mau/skid_steer_ws/install/skid_steer_navigation/share/skid_steer_navigation/config/keepout_mask.yaml
[1.448s] -- Installing: /home/mau/skid_steer_ws/install/skid_steer_navigation/share/skid_steer_navigation/keepout_filter_maps
[1.448s] -- Installing: /home/mau/skid_steer_ws/install/skid_steer_navigation/share/skid_steer_navigation/keepout_filter_maps/keepout_mask.pgm
[1.448s] -- Installing: /home/mau/skid_steer_ws/install/skid_steer_navigation/share/ament_index/resource_index/package_run_dependencies/skid_steer_navigation
[1.448s] -- Installing: /home/mau/skid_steer_ws/install/skid_steer_navigation/share/ament_index/resource_index/parent_prefix_path/skid_steer_navigation
[1.448s] -- Installing: /home/mau/skid_steer_ws/install/skid_steer_navigation/share/skid_steer_navigation/environment/ament_prefix_path.sh
[1.448s] -- Installing: /home/mau/skid_steer_ws/install/skid_steer_navigation/share/skid_steer_navigation/environment/ament_prefix_path.dsv
[1.448s] -- Installing: /home/mau/skid_steer_ws/install/skid_steer_navigation/share/skid_steer_navigation/environment/path.sh
[1.448s] -- Installing: /home/mau/skid_steer_ws/install/skid_steer_navigation/share/skid_steer_navigation/environment/path.dsv
[1.448s] -- Installing: /home/mau/skid_steer_ws/install/skid_steer_navigation/share/skid_steer_navigation/local_setup.bash
[1.448s] -- Installing: /home/mau/skid_steer_ws/install/skid_steer_navigation/share/skid_steer_navigation/local_setup.sh
[1.448s] -- Installing: /home/mau/skid_steer_ws/install/skid_steer_navigation/share/skid_steer_navigation/local_setup.zsh
[1.449s] -- Installing: /home/mau/skid_steer_ws/install/skid_steer_navigation/share/skid_steer_navigation/local_setup.dsv
[1.449s] -- Installing: /home/mau/skid_steer_ws/install/skid_steer_navigation/share/skid_steer_navigation/package.dsv
[1.449s] -- Installing: /home/mau/skid_steer_ws/install/skid_steer_navigation/share/ament_index/resource_index/packages/skid_steer_navigation
[1.449s] -- Installing: /home/mau/skid_steer_ws/install/skid_steer_navigation/share/skid_steer_navigation/cmake/skid_steer_navigationConfig.cmake
[1.449s] -- Installing: /home/mau/skid_steer_ws/install/skid_steer_navigation/share/skid_steer_navigation/cmake/skid_steer_navigationConfig-version.cmake
[1.449s] -- Installing: /home/mau/skid_steer_ws/install/skid_steer_navigation/share/skid_steer_navigation/package.xml
[1.465s] Invoked command in '/home/mau/skid_steer_ws/build/skid_steer_navigation' returned '0': CMAKE_PREFIX_PATH=${CMAKE_PREFIX_PATH}:/home/mau/bumperbot_ws/install/bumperbot_py_examples:/home/mau/ros2_ws/install/my_py_pkg:/home/mau/skid_steer_ws/install/skid_steer_py_examples:/home/mau/skid_steer_ws/install/imu_driver:/opt/ros/humble /usr/bin/cmake --install /home/mau/skid_steer_ws/build/skid_steer_navigation
