[ 33%] [32mBuilding CXX object CMakeFiles/simple_serial_transmitter.dir/src/simple_serial_transmitter.cpp.o[0m
[ 33%] [32mBuilding CXX object CMakeFiles/simple_serial_receiver.dir/src/simple_serial_receiver.cpp.o[0m
[ 50%] [32mBuilding CXX object CMakeFiles/skid_steer_firmware.dir/src/skid_steer_interface.cpp.o[0m
[ 66%] [32m[1mLinking CXX shared library libskid_steer_firmware.so[0m
[ 66%] Built target skid_steer_firmware
[ 83%] [32m[1mLinking CXX executable simple_serial_receiver[0m
[ 83%] Built target simple_serial_receiver
[100%] [32m[1mLinking CXX executable simple_serial_transmitter[0m
[100%] Built target simple_serial_transmitter
-- Install configuration: ""
-- Up-to-date: /home/mau/skid_steer_ws/install/skid_steer_firmware/share/skid_steer_firmware/skid_steer_interface.xml
-- Up-to-date: /home/mau/skid_steer_ws/install/skid_steer_firmware/share/skid_steer_firmware/launch
-- Up-to-date: /home/mau/skid_steer_ws/install/skid_steer_firmware/share/skid_steer_firmware/launch/hardware_interface.launch.py
-- Installing: /home/mau/skid_steer_ws/install/skid_steer_firmware/lib/skid_steer_firmware/simple_serial_transmitter
-- Set runtime path of "/home/mau/skid_steer_ws/install/skid_steer_firmware/lib/skid_steer_firmware/simple_serial_transmitter" to ""
-- Installing: /home/mau/skid_steer_ws/install/skid_steer_firmware/lib/skid_steer_firmware/simple_serial_receiver
-- Set runtime path of "/home/mau/skid_steer_ws/install/skid_steer_firmware/lib/skid_steer_firmware/simple_serial_receiver" to ""
-- Installing: /home/mau/skid_steer_ws/install/skid_steer_firmware/lib/libskid_steer_firmware.so
-- Set runtime path of "/home/mau/skid_steer_ws/install/skid_steer_firmware/lib/libskid_steer_firmware.so" to ""
-- Up-to-date: /home/mau/skid_steer_ws/install/skid_steer_firmware/include/include
-- Up-to-date: /home/mau/skid_steer_ws/install/skid_steer_firmware/include/include/skid_steer_firmware
-- Up-to-date: /home/mau/skid_steer_ws/install/skid_steer_firmware/include/include/skid_steer_firmware/skid_steer_interface.hpp
-- Up-to-date: /home/mau/skid_steer_ws/install/skid_steer_firmware/share/skid_steer_firmware/environment/library_path.sh
-- Up-to-date: /home/mau/skid_steer_ws/install/skid_steer_firmware/share/skid_steer_firmware/environment/library_path.dsv
-- Up-to-date: /home/mau/skid_steer_ws/install/skid_steer_firmware/share/ament_index/resource_index/package_run_dependencies/skid_steer_firmware
-- Up-to-date: /home/mau/skid_steer_ws/install/skid_steer_firmware/share/ament_index/resource_index/parent_prefix_path/skid_steer_firmware
-- Up-to-date: /home/mau/skid_steer_ws/install/skid_steer_firmware/share/skid_steer_firmware/environment/ament_prefix_path.sh
-- Up-to-date: /home/mau/skid_steer_ws/install/skid_steer_firmware/share/skid_steer_firmware/environment/ament_prefix_path.dsv
-- Up-to-date: /home/mau/skid_steer_ws/install/skid_steer_firmware/share/skid_steer_firmware/environment/path.sh
-- Up-to-date: /home/mau/skid_steer_ws/install/skid_steer_firmware/share/skid_steer_firmware/environment/path.dsv
-- Up-to-date: /home/mau/skid_steer_ws/install/skid_steer_firmware/share/skid_steer_firmware/local_setup.bash
-- Up-to-date: /home/mau/skid_steer_ws/install/skid_steer_firmware/share/skid_steer_firmware/local_setup.sh
-- Up-to-date: /home/mau/skid_steer_ws/install/skid_steer_firmware/share/skid_steer_firmware/local_setup.zsh
-- Up-to-date: /home/mau/skid_steer_ws/install/skid_steer_firmware/share/skid_steer_firmware/local_setup.dsv
-- Installing: /home/mau/skid_steer_ws/install/skid_steer_firmware/share/skid_steer_firmware/package.dsv
-- Up-to-date: /home/mau/skid_steer_ws/install/skid_steer_firmware/share/ament_index/resource_index/packages/skid_steer_firmware
-- Up-to-date: /home/mau/skid_steer_ws/install/skid_steer_firmware/share/ament_index/resource_index/hardware_interface__pluginlib__plugin/skid_steer_firmware
-- Up-to-date: /home/mau/skid_steer_ws/install/skid_steer_firmware/share/skid_steer_firmware/cmake/ament_cmake_export_include_directories-extras.cmake
-- Up-to-date: /home/mau/skid_steer_ws/install/skid_steer_firmware/share/skid_steer_firmware/cmake/ament_cmake_export_libraries-extras.cmake
-- Up-to-date: /home/mau/skid_steer_ws/install/skid_steer_firmware/share/skid_steer_firmware/cmake/ament_cmake_export_dependencies-extras.cmake
-- Up-to-date: /home/mau/skid_steer_ws/install/skid_steer_firmware/share/skid_steer_firmware/cmake/skid_steer_firmwareConfig.cmake
-- Up-to-date: /home/mau/skid_steer_ws/install/skid_steer_firmware/share/skid_steer_firmware/cmake/skid_steer_firmwareConfig-version.cmake
-- Up-to-date: /home/mau/skid_steer_ws/install/skid_steer_firmware/share/skid_steer_firmware/package.xml
