[0.292s] Invoking command in '/home/mau/skid_steer_ws/build/skid_steer_bringup': CMAKE_PREFIX_PATH=${CMAKE_PREFIX_PATH}:/home/mau/bumperbot_ws/install/bumperbot_py_examples:/home/mau/ros2_ws/install/my_py_pkg:/home/mau/skid_steer_ws/install/skid_steer_py_examples:/home/mau/skid_steer_ws/install/imu_driver:/opt/ros/humble /usr/bin/cmake /home/mau/skid_steer_ws/src/skid_steer_bringup -DCMAKE_INSTALL_PREFIX=/home/mau/skid_steer_ws/install/skid_steer_bringup
[0.362s] -- The C compiler identification is GNU 11.4.0
[0.436s] -- The CXX compiler identification is GNU 11.4.0
[0.447s] -- Detecting C compiler ABI info
[0.547s] -- Detecting C compiler ABI info - done
[0.558s] -- Check for working C compiler: /usr/bin/cc - skipped
[0.558s] -- Detecting C compile features
[0.558s] -- Detecting C compile features - done
[0.561s] -- Detecting CXX compiler ABI info
[0.671s] -- Detecting CXX compiler ABI info - done
[0.683s] -- Check for working CXX compiler: /usr/bin/c++ - skipped
[0.683s] -- Detecting CXX compile features
[0.684s] -- Detecting CXX compile features - done
[0.692s] -- Found ament_cmake: 1.3.12 (/opt/ros/humble/share/ament_cmake/cmake)
[0.921s] -- Found Python3: /usr/bin/python3 (found version "3.10.12") found components: Interpreter 
[1.096s] -- Found ament_lint_auto: 0.12.14 (/opt/ros/humble/share/ament_lint_auto/cmake)
[1.219s] -- Added test 'flake8' to check Python code syntax and style conventions
[1.221s] -- Added test 'lint_cmake' to check CMake code style
[1.222s] -- Added test 'pep257' to check Python code against some of the docstring style conventions in PEP 257
[1.224s] -- Added test 'xmllint' to check XML markup files
[1.228s] -- Configuring done
[1.232s] -- Generating done
[1.234s] -- Build files have been written to: /home/mau/skid_steer_ws/build/skid_steer_bringup
[1.243s] Invoked command in '/home/mau/skid_steer_ws/build/skid_steer_bringup' returned '0': CMAKE_PREFIX_PATH=${CMAKE_PREFIX_PATH}:/home/mau/bumperbot_ws/install/bumperbot_py_examples:/home/mau/ros2_ws/install/my_py_pkg:/home/mau/skid_steer_ws/install/skid_steer_py_examples:/home/mau/skid_steer_ws/install/imu_driver:/opt/ros/humble /usr/bin/cmake /home/mau/skid_steer_ws/src/skid_steer_bringup -DCMAKE_INSTALL_PREFIX=/home/mau/skid_steer_ws/install/skid_steer_bringup
[1.244s] Invoking command in '/home/mau/skid_steer_ws/build/skid_steer_bringup': CMAKE_PREFIX_PATH=${CMAKE_PREFIX_PATH}:/home/mau/bumperbot_ws/install/bumperbot_py_examples:/home/mau/ros2_ws/install/my_py_pkg:/home/mau/skid_steer_ws/install/skid_steer_py_examples:/home/mau/skid_steer_ws/install/imu_driver:/opt/ros/humble /usr/bin/cmake --build /home/mau/skid_steer_ws/build/skid_steer_bringup -- -j12 -l12
[1.432s] Invoked command in '/home/mau/skid_steer_ws/build/skid_steer_bringup' returned '0': CMAKE_PREFIX_PATH=${CMAKE_PREFIX_PATH}:/home/mau/bumperbot_ws/install/bumperbot_py_examples:/home/mau/ros2_ws/install/my_py_pkg:/home/mau/skid_steer_ws/install/skid_steer_py_examples:/home/mau/skid_steer_ws/install/imu_driver:/opt/ros/humble /usr/bin/cmake --build /home/mau/skid_steer_ws/build/skid_steer_bringup -- -j12 -l12
[1.445s] Invoking command in '/home/mau/skid_steer_ws/build/skid_steer_bringup': CMAKE_PREFIX_PATH=${CMAKE_PREFIX_PATH}:/home/mau/bumperbot_ws/install/bumperbot_py_examples:/home/mau/ros2_ws/install/my_py_pkg:/home/mau/skid_steer_ws/install/skid_steer_py_examples:/home/mau/skid_steer_ws/install/imu_driver:/opt/ros/humble /usr/bin/cmake --install /home/mau/skid_steer_ws/build/skid_steer_bringup
[1.469s] -- Install configuration: ""
[1.470s] -- Installing: /home/mau/skid_steer_ws/install/skid_steer_bringup/share/skid_steer_bringup/launch
[1.470s] -- Installing: /home/mau/skid_steer_ws/install/skid_steer_bringup/share/skid_steer_bringup/launch/simulated_robot.launch.py
[1.470s] -- Installing: /home/mau/skid_steer_ws/install/skid_steer_bringup/share/skid_steer_bringup/launch/real_robot.launch.py
[1.470s] -- Installing: /home/mau/skid_steer_ws/install/skid_steer_bringup/share/ament_index/resource_index/package_run_dependencies/skid_steer_bringup
[1.470s] -- Installing: /home/mau/skid_steer_ws/install/skid_steer_bringup/share/ament_index/resource_index/parent_prefix_path/skid_steer_bringup
[1.470s] -- Installing: /home/mau/skid_steer_ws/install/skid_steer_bringup/share/skid_steer_bringup/environment/ament_prefix_path.sh
[1.471s] -- Installing: /home/mau/skid_steer_ws/install/skid_steer_bringup/share/skid_steer_bringup/environment/ament_prefix_path.dsv
[1.471s] -- Installing: /home/mau/skid_steer_ws/install/skid_steer_bringup/share/skid_steer_bringup/environment/path.sh
[1.471s] -- Installing: /home/mau/skid_steer_ws/install/skid_steer_bringup/share/skid_steer_bringup/environment/path.dsv
[1.471s] -- Installing: /home/mau/skid_steer_ws/install/skid_steer_bringup/share/skid_steer_bringup/local_setup.bash
[1.471s] -- Installing: /home/mau/skid_steer_ws/install/skid_steer_bringup/share/skid_steer_bringup/local_setup.sh
[1.471s] -- Installing: /home/mau/skid_steer_ws/install/skid_steer_bringup/share/skid_steer_bringup/local_setup.zsh
[1.471s] -- Installing: /home/mau/skid_steer_ws/install/skid_steer_bringup/share/skid_steer_bringup/local_setup.dsv
[1.471s] -- Installing: /home/mau/skid_steer_ws/install/skid_steer_bringup/share/skid_steer_bringup/package.dsv
[1.471s] -- Installing: /home/mau/skid_steer_ws/install/skid_steer_bringup/share/ament_index/resource_index/packages/skid_steer_bringup
[1.472s] -- Installing: /home/mau/skid_steer_ws/install/skid_steer_bringup/share/skid_steer_bringup/cmake/skid_steer_bringupConfig.cmake
[1.472s] -- Installing: /home/mau/skid_steer_ws/install/skid_steer_bringup/share/skid_steer_bringup/cmake/skid_steer_bringupConfig-version.cmake
[1.472s] -- Installing: /home/mau/skid_steer_ws/install/skid_steer_bringup/share/skid_steer_bringup/package.xml
[1.481s] Invoked command in '/home/mau/skid_steer_ws/build/skid_steer_bringup' returned '0': CMAKE_PREFIX_PATH=${CMAKE_PREFIX_PATH}:/home/mau/bumperbot_ws/install/bumperbot_py_examples:/home/mau/ros2_ws/install/my_py_pkg:/home/mau/skid_steer_ws/install/skid_steer_py_examples:/home/mau/skid_steer_ws/install/imu_driver:/opt/ros/humble /usr/bin/cmake --install /home/mau/skid_steer_ws/build/skid_steer_bringup
