[35m[1mConsolidate compiler generated dependencies of target pcd_write_test[0m
[35m[1mConsolidate compiler generated dependencies of target pcd_import[0m
[35m[1mConsolidate compiler generated dependencies of target pcl_filter[0m
[35m[1mConsolidate compiler generated dependencies of target plane_cloud[0m
[ 25%] Built target pcd_write_test
[ 50%] Built target plane_cloud
[ 75%] Built target pcd_import
[100%] Built target pcl_filter
-- Install configuration: ""
-- Up-to-date: /home/mau/skid_steer_ws/install/point_cloud_processing/lib/point_cloud_processing/pcd_write_test
-- Up-to-date: /home/mau/skid_steer_ws/install/point_cloud_processing/lib/point_cloud_processing/plane_cloud
-- Up-to-date: /home/mau/skid_steer_ws/install/point_cloud_processing/lib/point_cloud_processing/pcd_import
-- Up-to-date: /home/mau/skid_steer_ws/install/point_cloud_processing/lib/point_cloud_processing/pcl_filter
-- Up-to-date: /home/mau/skid_steer_ws/install/point_cloud_processing/share/ament_index/resource_index/package_run_dependencies/point_cloud_processing
-- Up-to-date: /home/mau/skid_steer_ws/install/point_cloud_processing/share/ament_index/resource_index/parent_prefix_path/point_cloud_processing
-- Up-to-date: /home/mau/skid_steer_ws/install/point_cloud_processing/share/point_cloud_processing/environment/ament_prefix_path.sh
-- Up-to-date: /home/mau/skid_steer_ws/install/point_cloud_processing/share/point_cloud_processing/environment/ament_prefix_path.dsv
-- Up-to-date: /home/mau/skid_steer_ws/install/point_cloud_processing/share/point_cloud_processing/environment/path.sh
-- Up-to-date: /home/mau/skid_steer_ws/install/point_cloud_processing/share/point_cloud_processing/environment/path.dsv
-- Up-to-date: /home/mau/skid_steer_ws/install/point_cloud_processing/share/point_cloud_processing/local_setup.bash
-- Up-to-date: /home/mau/skid_steer_ws/install/point_cloud_processing/share/point_cloud_processing/local_setup.sh
-- Up-to-date: /home/mau/skid_steer_ws/install/point_cloud_processing/share/point_cloud_processing/local_setup.zsh
-- Up-to-date: /home/mau/skid_steer_ws/install/point_cloud_processing/share/point_cloud_processing/local_setup.dsv
-- Installing: /home/mau/skid_steer_ws/install/point_cloud_processing/share/point_cloud_processing/package.dsv
-- Up-to-date: /home/mau/skid_steer_ws/install/point_cloud_processing/share/ament_index/resource_index/packages/point_cloud_processing
-- Up-to-date: /home/mau/skid_steer_ws/install/point_cloud_processing/share/point_cloud_processing/cmake/point_cloud_processingConfig.cmake
-- Up-to-date: /home/mau/skid_steer_ws/install/point_cloud_processing/share/point_cloud_processing/cmake/point_cloud_processingConfig-version.cmake
-- Up-to-date: /home/mau/skid_steer_ws/install/point_cloud_processing/share/point_cloud_processing/package.xml
