[0.299s] Invoking command in '/home/mau/skid_steer_ws/build/skid_steer_motion': CMAKE_PREFIX_PATH=${CMAKE_PREFIX_PATH}:/home/mau/bumperbot_ws/install/bumperbot_py_examples:/home/mau/ros2_ws/install/my_py_pkg:/home/mau/skid_steer_ws/install/skid_steer_py_examples:/home/mau/skid_steer_ws/install/imu_driver:/opt/ros/humble /usr/bin/cmake --build /home/mau/skid_steer_ws/build/skid_steer_motion -- -j12 -l12
[0.342s] -- Found ament_cmake: 1.3.12 (/opt/ros/humble/share/ament_cmake/cmake)
[0.518s] -- Found rclpy: 3.3.17 (/opt/ros/humble/share/rclpy/cmake)
[0.518s] -- Found rclcpp: 16.0.14 (/opt/ros/humble/share/rclcpp/cmake)
[0.524s] -- Found rosidl_generator_c: 3.1.7 (/opt/ros/humble/share/rosidl_generator_c/cmake)
[0.527s] -- Found rosidl_adapter: 3.1.7 (/opt/ros/humble/share/rosidl_adapter/cmake)
[0.534s] -- Found rosidl_generator_cpp: 3.1.7 (/opt/ros/humble/share/rosidl_generator_cpp/cmake)
[0.543s] -- Using all available rosidl_typesupport_c: rosidl_typesupport_fastrtps_c;rosidl_typesupport_introspection_c
[0.555s] -- Using all available rosidl_typesupport_cpp: rosidl_typesupport_fastrtps_cpp;rosidl_typesupport_introspection_cpp
[0.590s] -- Found rmw_implementation_cmake: 6.1.2 (/opt/ros/humble/share/rmw_implementation_cmake/cmake)
[0.593s] -- Found rmw_cyclonedds_cpp: 1.3.4 (/opt/ros/humble/share/rmw_cyclonedds_cpp/cmake)
[0.623s] -- Using RMW implementation 'rmw_cyclonedds_cpp' as default
[0.675s] -- Found nav_msgs: 4.9.0 (/opt/ros/humble/share/nav_msgs/cmake)
[0.701s] -- Found tf2_ros: 0.25.16 (/opt/ros/humble/share/tf2_ros/cmake)
[0.785s] -- Found tf2_geometry_msgs: 0.25.16 (/opt/ros/humble/share/tf2_geometry_msgs/cmake)
[0.795s] -- Found eigen3_cmake_module: 0.1.1 (/opt/ros/humble/share/eigen3_cmake_module/cmake)
[0.795s] -- Ensuring Eigen3 include directory is part of orocos-kdl CMake target
[0.860s] -- Found ament_lint_auto: 0.12.14 (/opt/ros/humble/share/ament_lint_auto/cmake)
[0.920s] -- Added test 'cppcheck' to perform static code analysis on C / C++ code
[0.920s] -- Configured cppcheck include dirs: /home/mau/skid_steer_ws/src/skid_steer_motion/include
[0.920s] -- Configured cppcheck exclude dirs and/or files: 
[0.921s] -- Added test 'flake8' to check Python code syntax and style conventions
[0.921s] -- Added test 'lint_cmake' to check CMake code style
[0.921s] -- Added test 'pep257' to check Python code against some of the docstring style conventions in PEP 257
[0.922s] -- Added test 'uncrustify' to check C / C++ code style
[0.922s] -- Configured uncrustify additional arguments: 
[0.923s] -- Added test 'xmllint' to check XML markup files
[0.924s] -- Configuring done
[0.942s] -- Generating done
[0.949s] -- Build files have been written to: /home/mau/skid_steer_ws/build/skid_steer_motion
[0.979s] [35m[1mConsolidate compiler generated dependencies of target pd_motion_planner[0m
[0.980s] [35m[1mConsolidate compiler generated dependencies of target pid_motion_planner[0m
[0.989s] [ 16%] [32mBuilding CXX object CMakeFiles/pi_motion_planner.dir/src/pi_motion_planner.cpp.o[0m
[0.998s] [ 16%] Built target ament_cmake_python_copy_skid_steer_motion
[0.999s] [ 33%] [32mBuilding CXX object CMakeFiles/pid_motion_planner.dir/src/pid_motion_planner.cpp.o[0m
[0.999s] [ 66%] Built target pd_motion_planner
[1.252s] running egg_info
[1.252s] writing skid_steer_motion.egg-info/PKG-INFO
[1.252s] writing dependency_links to skid_steer_motion.egg-info/dependency_links.txt
[1.253s] writing top-level names to skid_steer_motion.egg-info/top_level.txt
[1.254s] reading manifest file 'skid_steer_motion.egg-info/SOURCES.txt'
[1.255s] writing manifest file 'skid_steer_motion.egg-info/SOURCES.txt'
[1.279s] [ 66%] Built target ament_cmake_python_build_skid_steer_motion_egg
[7.866s] [ 83%] [32m[1mLinking CXX executable pi_motion_planner[0m
[7.905s] [100%] [32m[1mLinking CXX executable pid_motion_planner[0m
[8.331s] [100%] Built target pid_motion_planner
[8.395s] [100%] Built target pi_motion_planner
[8.408s] Invoked command in '/home/mau/skid_steer_ws/build/skid_steer_motion' returned '0': CMAKE_PREFIX_PATH=${CMAKE_PREFIX_PATH}:/home/mau/bumperbot_ws/install/bumperbot_py_examples:/home/mau/ros2_ws/install/my_py_pkg:/home/mau/skid_steer_ws/install/skid_steer_py_examples:/home/mau/skid_steer_ws/install/imu_driver:/opt/ros/humble /usr/bin/cmake --build /home/mau/skid_steer_ws/build/skid_steer_motion -- -j12 -l12
[8.410s] Invoking command in '/home/mau/skid_steer_ws/build/skid_steer_motion': CMAKE_PREFIX_PATH=${CMAKE_PREFIX_PATH}:/home/mau/bumperbot_ws/install/bumperbot_py_examples:/home/mau/ros2_ws/install/my_py_pkg:/home/mau/skid_steer_ws/install/skid_steer_py_examples:/home/mau/skid_steer_ws/install/imu_driver:/opt/ros/humble /usr/bin/cmake --install /home/mau/skid_steer_ws/build/skid_steer_motion
[8.418s] -- Install configuration: ""
[8.419s] -- Up-to-date: /home/mau/skid_steer_ws/install/skid_steer_motion/share/skid_steer_motion/environment/pythonpath.sh
[8.419s] -- Installing: /home/mau/skid_steer_ws/install/skid_steer_motion/share/skid_steer_motion/environment/pythonpath.dsv
[8.419s] -- Up-to-date: /home/mau/skid_steer_ws/install/skid_steer_motion/local/lib/python3.10/dist-packages/skid_steer_motion-0.0.0-py3.10.egg-info
[8.419s] -- Installing: /home/mau/skid_steer_ws/install/skid_steer_motion/local/lib/python3.10/dist-packages/skid_steer_motion-0.0.0-py3.10.egg-info/SOURCES.txt
[8.419s] -- Installing: /home/mau/skid_steer_ws/install/skid_steer_motion/local/lib/python3.10/dist-packages/skid_steer_motion-0.0.0-py3.10.egg-info/dependency_links.txt
[8.419s] -- Installing: /home/mau/skid_steer_ws/install/skid_steer_motion/local/lib/python3.10/dist-packages/skid_steer_motion-0.0.0-py3.10.egg-info/top_level.txt
[8.419s] -- Installing: /home/mau/skid_steer_ws/install/skid_steer_motion/local/lib/python3.10/dist-packages/skid_steer_motion-0.0.0-py3.10.egg-info/PKG-INFO
[8.419s] -- Up-to-date: /home/mau/skid_steer_ws/install/skid_steer_motion/local/lib/python3.10/dist-packages/skid_steer_motion
[8.419s] -- Up-to-date: /home/mau/skid_steer_ws/install/skid_steer_motion/local/lib/python3.10/dist-packages/skid_steer_motion/__init__.py
[8.419s] -- Up-to-date: /home/mau/skid_steer_ws/install/skid_steer_motion/local/lib/python3.10/dist-packages/skid_steer_motion/pd_motion_planner.py
[8.451s] Listing '/home/mau/skid_steer_ws/install/skid_steer_motion/local/lib/python3.10/dist-packages/skid_steer_motion'...
[8.454s] -- Up-to-date: /home/mau/skid_steer_ws/install/skid_steer_motion/lib/skid_steer_motion/pd_motion_planner.py
[8.454s] -- Up-to-date: /home/mau/skid_steer_ws/install/skid_steer_motion/include/include
[8.454s] -- Up-to-date: /home/mau/skid_steer_ws/install/skid_steer_motion/include/include/skid_steer_motion
[8.454s] -- Up-to-date: /home/mau/skid_steer_ws/install/skid_steer_motion/include/include/skid_steer_motion/pd_motion_planner.hpp
[8.454s] -- Up-to-date: /home/mau/skid_steer_ws/install/skid_steer_motion/include/include/skid_steer_motion/pid_motion_planner.hpp
[8.454s] -- Installing: /home/mau/skid_steer_ws/install/skid_steer_motion/include/include/skid_steer_motion/pi_motion_planner.hpp
[8.454s] -- Up-to-date: /home/mau/skid_steer_ws/install/skid_steer_motion/lib/skid_steer_motion/pd_motion_planner
[8.455s] -- Installing: /home/mau/skid_steer_ws/install/skid_steer_motion/lib/skid_steer_motion/pid_motion_planner
[8.459s] -- Set runtime path of "/home/mau/skid_steer_ws/install/skid_steer_motion/lib/skid_steer_motion/pid_motion_planner" to ""
[8.460s] -- Up-to-date: /home/mau/skid_steer_ws/install/skid_steer_motion/share/ament_index/resource_index/package_run_dependencies/skid_steer_motion
[8.460s] -- Up-to-date: /home/mau/skid_steer_ws/install/skid_steer_motion/share/ament_index/resource_index/parent_prefix_path/skid_steer_motion
[8.460s] -- Up-to-date: /home/mau/skid_steer_ws/install/skid_steer_motion/share/skid_steer_motion/environment/ament_prefix_path.sh
[8.460s] -- Installing: /home/mau/skid_steer_ws/install/skid_steer_motion/share/skid_steer_motion/environment/ament_prefix_path.dsv
[8.460s] -- Up-to-date: /home/mau/skid_steer_ws/install/skid_steer_motion/share/skid_steer_motion/environment/path.sh
[8.460s] -- Installing: /home/mau/skid_steer_ws/install/skid_steer_motion/share/skid_steer_motion/environment/path.dsv
[8.460s] -- Up-to-date: /home/mau/skid_steer_ws/install/skid_steer_motion/share/skid_steer_motion/local_setup.bash
[8.460s] -- Up-to-date: /home/mau/skid_steer_ws/install/skid_steer_motion/share/skid_steer_motion/local_setup.sh
[8.460s] -- Up-to-date: /home/mau/skid_steer_ws/install/skid_steer_motion/share/skid_steer_motion/local_setup.zsh
[8.460s] -- Installing: /home/mau/skid_steer_ws/install/skid_steer_motion/share/skid_steer_motion/local_setup.dsv
[8.461s] -- Installing: /home/mau/skid_steer_ws/install/skid_steer_motion/share/skid_steer_motion/package.dsv
[8.461s] -- Up-to-date: /home/mau/skid_steer_ws/install/skid_steer_motion/share/ament_index/resource_index/packages/skid_steer_motion
[8.461s] -- Up-to-date: /home/mau/skid_steer_ws/install/skid_steer_motion/share/skid_steer_motion/cmake/ament_cmake_export_include_directories-extras.cmake
[8.461s] -- Up-to-date: /home/mau/skid_steer_ws/install/skid_steer_motion/share/skid_steer_motion/cmake/ament_cmake_export_dependencies-extras.cmake
[8.461s] -- Up-to-date: /home/mau/skid_steer_ws/install/skid_steer_motion/share/skid_steer_motion/cmake/skid_steer_motionConfig.cmake
[8.461s] -- Up-to-date: /home/mau/skid_steer_ws/install/skid_steer_motion/share/skid_steer_motion/cmake/skid_steer_motionConfig-version.cmake
[8.461s] -- Up-to-date: /home/mau/skid_steer_ws/install/skid_steer_motion/share/skid_steer_motion/package.xml
[8.463s] Invoked command in '/home/mau/skid_steer_ws/build/skid_steer_motion' returned '0': CMAKE_PREFIX_PATH=${CMAKE_PREFIX_PATH}:/home/mau/bumperbot_ws/install/bumperbot_py_examples:/home/mau/ros2_ws/install/my_py_pkg:/home/mau/skid_steer_ws/install/skid_steer_py_examples:/home/mau/skid_steer_ws/install/imu_driver:/opt/ros/humble /usr/bin/cmake --install /home/mau/skid_steer_ws/build/skid_steer_motion
