-- The C compiler identification is GNU 11.4.0
-- The CXX compiler identification is GNU 11.4.0
-- Detecting C compiler ABI info
-- Detecting C compiler ABI info - done
-- Check for working C compiler: /usr/bin/cc - skipped
-- Detecting C compile features
-- Detecting C compile features - done
-- Detecting CXX compiler ABI info
-- Detecting CXX compiler ABI info - done
-- Check for working CXX compiler: /usr/bin/c++ - skipped
-- Detecting CXX compile features
-- Detecting CXX compile features - done
-- Found ament_cmake: 1.3.12 (/opt/ros/humble/share/ament_cmake/cmake)
-- Found Python3: /usr/bin/python3 (found version "3.10.12") found components: Interpreter 
-- Found rclcpp: 16.0.14 (/opt/ros/humble/share/rclcpp/cmake)
-- Found rosidl_generator_c: 3.1.7 (/opt/ros/humble/share/rosidl_generator_c/cmake)
-- Found rosidl_adapter: 3.1.7 (/opt/ros/humble/share/rosidl_adapter/cmake)
-- Found rosidl_generator_cpp: 3.1.7 (/opt/ros/humble/share/rosidl_generator_cpp/cmake)
-- Using all available rosidl_typesupport_c: rosidl_typesupport_fastrtps_c;rosidl_typesupport_introspection_c
-- Using all available rosidl_typesupport_cpp: rosidl_typesupport_fastrtps_cpp;rosidl_typesupport_introspection_cpp
-- Found rmw_implementation_cmake: 6.1.2 (/opt/ros/humble/share/rmw_implementation_cmake/cmake)
-- Found rmw_cyclonedds_cpp: 1.3.4 (/opt/ros/humble/share/rmw_cyclonedds_cpp/cmake)
-- Using RMW implementation 'rmw_cyclonedds_cpp' as default
-- Looking for pthread.h
-- Looking for pthread.h - found
-- Performing Test CMAKE_HAVE_LIBC_PTHREAD
-- Performing Test CMAKE_HAVE_LIBC_PTHREAD - Success
-- Found Threads: TRUE  
-- Found sensor_msgs: 4.9.0 (/opt/ros/humble/share/sensor_msgs/cmake)
-- Found pcl_conversions: 2.4.5 (/opt/ros/humble/share/pcl_conversions/cmake)
-- Checking for module 'eigen3'
--   Found eigen3, version 3.4.0
-- Found Eigen: /usr/include/eigen3 (Required is at least version "3.1") 
-- Eigen found (include: /usr/include/eigen3, version: 3.4.0)
-- Checking for module 'flann'
--   Found flann, version 1.9.1
-- Found FLANN: /usr/lib/x86_64-linux-gnu/libflann_cpp.so  
-- FLANN found (include: /usr/include, lib: /usr/lib/x86_64-linux-gnu/libflann_cpp.so)
-- Checking for module 'libusb-1.0'
--   Found libusb-1.0, version 1.0.25
-- Found libusb: /usr/lib/x86_64-linux-gnu/libusb-1.0.so  
-- OpenNI found (version: 1.5.4.0, include: /usr/include/ni, lib: /usr/lib/libOpenNI.so;libusb::libusb)
-- OpenNI2 found (version: 2.2.0.33, include: /usr/include/openni2, lib: /usr/lib/x86_64-linux-gnu/libOpenNI2.so;libusb::libusb)
-- Eigen found (include: /usr/include/eigen3, version: 3.4.0)
-- OpenNI found (version: 1.5.4.0, include: /usr/include/ni, lib: /usr/lib/libOpenNI.so;libusb::libusb)
-- OpenNI2 found (version: 2.2.0.33, include: /usr/include/openni2, lib: /usr/lib/x86_64-linux-gnu/libOpenNI2.so;libusb::libusb)
-- Found Qhull version 8.0.2
-- OpenNI found (version: 1.5.4.0, include: /usr/include/ni, lib: /usr/lib/libOpenNI.so;libusb::libusb)
-- Found PCL_COMMON: /usr/lib/x86_64-linux-gnu/libpcl_common.so  
-- Found PCL_KDTREE: /usr/lib/x86_64-linux-gnu/libpcl_kdtree.so  
-- Found PCL_OCTREE: /usr/lib/x86_64-linux-gnu/libpcl_octree.so  
-- Found PCL_SEARCH: /usr/lib/x86_64-linux-gnu/libpcl_search.so  
-- Found PCL_SAMPLE_CONSENSUS: /usr/lib/x86_64-linux-gnu/libpcl_sample_consensus.so  
-- Found PCL_FILTERS: /usr/lib/x86_64-linux-gnu/libpcl_filters.so  
-- Found PCL_2D: /usr/include/pcl-1.12  
-- Found PCL_GEOMETRY: /usr/include/pcl-1.12  
-- Found PCL_IO: /usr/lib/x86_64-linux-gnu/libpcl_io.so  
-- Found PCL_FEATURES: /usr/lib/x86_64-linux-gnu/libpcl_features.so  
-- Found PCL_ML: /usr/lib/x86_64-linux-gnu/libpcl_ml.so  
-- Found PCL_SEGMENTATION: /usr/lib/x86_64-linux-gnu/libpcl_segmentation.so  
-- Found PCL_VISUALIZATION: /usr/lib/x86_64-linux-gnu/libpcl_visualization.so  
-- Found PCL_SURFACE: /usr/lib/x86_64-linux-gnu/libpcl_surface.so  
-- Found PCL_REGISTRATION: /usr/lib/x86_64-linux-gnu/libpcl_registration.so  
-- Found PCL_KEYPOINTS: /usr/lib/x86_64-linux-gnu/libpcl_keypoints.so  
-- Found PCL_TRACKING: /usr/lib/x86_64-linux-gnu/libpcl_tracking.so  
-- Found PCL_RECOGNITION: /usr/lib/x86_64-linux-gnu/libpcl_recognition.so  
-- Found PCL_STEREO: /usr/lib/x86_64-linux-gnu/libpcl_stereo.so  
-- Found PCL_APPS: /usr/lib/x86_64-linux-gnu/libpcl_apps.so  
-- Found PCL_IN_HAND_SCANNER: /usr/include/pcl-1.12  
-- Found PCL_MODELER: /usr/include/pcl-1.12  
-- Found PCL_POINT_CLOUD_EDITOR: /usr/include/pcl-1.12  
-- Found PCL_OUTOFCORE: /usr/lib/x86_64-linux-gnu/libpcl_outofcore.so  
-- Found PCL_PEOPLE: /usr/lib/x86_64-linux-gnu/libpcl_people.so  
-- Found rclcpp_lifecycle: 16.0.14 (/opt/ros/humble/share/rclcpp_lifecycle/cmake)
-- Found turtlesim: 1.4.2 (/opt/ros/humble/share/turtlesim/cmake)
-- Found tf2_ros: 0.25.16 (/opt/ros/humble/share/tf2_ros/cmake)
-- Found skid_steer_msgs: 0.0.0 (/home/mau/skid_steer_ws/install/skid_steer_msgs/share/skid_steer_msgs/cmake)
-- Found ament_lint_auto: 0.12.14 (/opt/ros/humble/share/ament_lint_auto/cmake)
-- Added test 'cppcheck' to perform static code analysis on C / C++ code
-- Configured cppcheck include dirs: /home/mau/skid_steer_ws/src/skid_steer_cpp_examples/include
-- Configured cppcheck exclude dirs and/or files: 
-- Added test 'lint_cmake' to check CMake code style
-- Added test 'uncrustify' to check C / C++ code style
-- Configured uncrustify additional arguments: 
-- Added test 'xmllint' to check XML markup files
-- Configuring done
-- Generating done
-- Build files have been written to: /home/mau/skid_steer_ws/build/skid_steer_cpp_examples
[  6%] [32mBuilding CXX object CMakeFiles/simple_subscriber.dir/src/simple_subscriber.cpp.o[0m
[ 12%] [32mBuilding CXX object CMakeFiles/simple_tf_kinematics.dir/src/simple_tf_kinematics.cpp.o[0m
[ 18%] [32mBuilding CXX object CMakeFiles/simple_service_server.dir/src/simple_service_server.cpp.o[0m
[ 25%] [32mBuilding CXX object CMakeFiles/simple_publisher.dir/src/simple_publisher.cpp.o[0m
[ 31%] [32mBuilding CXX object CMakeFiles/turtlesim_kinematics.dir/src/turtlesim_kinematics.cpp.o[0m
[ 37%] [32mBuilding CXX object CMakeFiles/pcl_test.dir/src/pcl_test.cpp.o[0m
[ 43%] [32mBuilding CXX object CMakeFiles/simple_lifecycle_node.dir/src/simple_lifecycle_node.cpp.o[0m
[ 50%] [32mBuilding CXX object CMakeFiles/simple_service_client.dir/src/simple_service_client.cpp.o[0m
[ 56%] [32m[1mLinking CXX executable simple_service_client[0m
[ 62%] [32m[1mLinking CXX executable simple_service_server[0m
[ 62%] Built target simple_service_client
[ 62%] Built target simple_service_server
[ 68%] [32m[1mLinking CXX executable simple_publisher[0m
[ 68%] Built target simple_publisher
[ 75%] [32m[1mLinking CXX executable simple_tf_kinematics[0m
[ 75%] Built target simple_tf_kinematics
[ 81%] [32m[1mLinking CXX executable simple_lifecycle_node[0m
[ 81%] Built target simple_lifecycle_node
[ 87%] [32m[1mLinking CXX executable simple_subscriber[0m
[ 93%] [32m[1mLinking CXX executable turtlesim_kinematics[0m
[ 93%] Built target simple_subscriber
[ 93%] Built target turtlesim_kinematics
[100%] [32m[1mLinking CXX executable pcl_test[0m
[100%] Built target pcl_test
-- Install configuration: ""
-- Installing: /home/mau/skid_steer_ws/install/skid_steer_cpp_examples/include/include
-- Installing: /home/mau/skid_steer_ws/install/skid_steer_cpp_examples/include/include/skid_steer_cpp_examples
-- Installing: /home/mau/skid_steer_ws/install/skid_steer_cpp_examples/include/include/skid_steer_cpp_examples/simple_tf_kinematics.hpp
-- Installing: /home/mau/skid_steer_ws/install/skid_steer_cpp_examples/include/include/skid_steer_cpp_examples/turtlesim_kinematics.hpp
-- Installing: /home/mau/skid_steer_ws/install/skid_steer_cpp_examples/lib/skid_steer_cpp_examples/simple_publisher
-- Set runtime path of "/home/mau/skid_steer_ws/install/skid_steer_cpp_examples/lib/skid_steer_cpp_examples/simple_publisher" to ""
-- Installing: /home/mau/skid_steer_ws/install/skid_steer_cpp_examples/lib/skid_steer_cpp_examples/simple_subscriber
-- Set runtime path of "/home/mau/skid_steer_ws/install/skid_steer_cpp_examples/lib/skid_steer_cpp_examples/simple_subscriber" to ""
-- Installing: /home/mau/skid_steer_ws/install/skid_steer_cpp_examples/lib/skid_steer_cpp_examples/pcl_test
-- Set runtime path of "/home/mau/skid_steer_ws/install/skid_steer_cpp_examples/lib/skid_steer_cpp_examples/pcl_test" to ""
-- Installing: /home/mau/skid_steer_ws/install/skid_steer_cpp_examples/lib/skid_steer_cpp_examples/simple_lifecycle_node
-- Set runtime path of "/home/mau/skid_steer_ws/install/skid_steer_cpp_examples/lib/skid_steer_cpp_examples/simple_lifecycle_node" to ""
-- Installing: /home/mau/skid_steer_ws/install/skid_steer_cpp_examples/lib/skid_steer_cpp_examples/turtlesim_kinematics
-- Set runtime path of "/home/mau/skid_steer_ws/install/skid_steer_cpp_examples/lib/skid_steer_cpp_examples/turtlesim_kinematics" to ""
-- Installing: /home/mau/skid_steer_ws/install/skid_steer_cpp_examples/lib/skid_steer_cpp_examples/simple_tf_kinematics
-- Set runtime path of "/home/mau/skid_steer_ws/install/skid_steer_cpp_examples/lib/skid_steer_cpp_examples/simple_tf_kinematics" to ""
-- Installing: /home/mau/skid_steer_ws/install/skid_steer_cpp_examples/lib/skid_steer_cpp_examples/simple_service_server
-- Set runtime path of "/home/mau/skid_steer_ws/install/skid_steer_cpp_examples/lib/skid_steer_cpp_examples/simple_service_server" to ""
-- Installing: /home/mau/skid_steer_ws/install/skid_steer_cpp_examples/lib/skid_steer_cpp_examples/simple_service_client
-- Set runtime path of "/home/mau/skid_steer_ws/install/skid_steer_cpp_examples/lib/skid_steer_cpp_examples/simple_service_client" to ""
-- Installing: /home/mau/skid_steer_ws/install/skid_steer_cpp_examples/share/ament_index/resource_index/package_run_dependencies/skid_steer_cpp_examples
-- Installing: /home/mau/skid_steer_ws/install/skid_steer_cpp_examples/share/ament_index/resource_index/parent_prefix_path/skid_steer_cpp_examples
-- Installing: /home/mau/skid_steer_ws/install/skid_steer_cpp_examples/share/skid_steer_cpp_examples/environment/ament_prefix_path.sh
-- Installing: /home/mau/skid_steer_ws/install/skid_steer_cpp_examples/share/skid_steer_cpp_examples/environment/ament_prefix_path.dsv
-- Installing: /home/mau/skid_steer_ws/install/skid_steer_cpp_examples/share/skid_steer_cpp_examples/environment/path.sh
-- Installing: /home/mau/skid_steer_ws/install/skid_steer_cpp_examples/share/skid_steer_cpp_examples/environment/path.dsv
-- Installing: /home/mau/skid_steer_ws/install/skid_steer_cpp_examples/share/skid_steer_cpp_examples/local_setup.bash
-- Installing: /home/mau/skid_steer_ws/install/skid_steer_cpp_examples/share/skid_steer_cpp_examples/local_setup.sh
-- Installing: /home/mau/skid_steer_ws/install/skid_steer_cpp_examples/share/skid_steer_cpp_examples/local_setup.zsh
-- Installing: /home/mau/skid_steer_ws/install/skid_steer_cpp_examples/share/skid_steer_cpp_examples/local_setup.dsv
-- Installing: /home/mau/skid_steer_ws/install/skid_steer_cpp_examples/share/skid_steer_cpp_examples/package.dsv
-- Installing: /home/mau/skid_steer_ws/install/skid_steer_cpp_examples/share/ament_index/resource_index/packages/skid_steer_cpp_examples
-- Installing: /home/mau/skid_steer_ws/install/skid_steer_cpp_examples/share/skid_steer_cpp_examples/cmake/skid_steer_cpp_examplesConfig.cmake
-- Installing: /home/mau/skid_steer_ws/install/skid_steer_cpp_examples/share/skid_steer_cpp_examples/cmake/skid_steer_cpp_examplesConfig-version.cmake
-- Installing: /home/mau/skid_steer_ws/install/skid_steer_cpp_examples/share/skid_steer_cpp_examples/package.xml
