[ 10%] Built target simple_subscriber
[ 30%] Built target turtlesim_kinematics
[ 30%] Built target simple_tf_kinematics
[ 40%] Built target simple_publisher
[ 50%] Built target simple_lifecycle_node
[ 60%] Built target simple_qos_subscriber
[ 75%] Built target simple_service_server
[ 80%] Built target simple_qos_publisher
[ 90%] Built target simple_service_client
[100%] Built target pcl_test
-- Install configuration: ""
-- Up-to-date: /home/mau/skid_steer_ws/install/skid_steer_cpp_examples/include/include
-- Up-to-date: /home/mau/skid_steer_ws/install/skid_steer_cpp_examples/include/include/skid_steer_cpp_examples
-- Up-to-date: /home/mau/skid_steer_ws/install/skid_steer_cpp_examples/include/include/skid_steer_cpp_examples/simple_tf_kinematics.hpp
-- Up-to-date: /home/mau/skid_steer_ws/install/skid_steer_cpp_examples/include/include/skid_steer_cpp_examples/turtlesim_kinematics.hpp
-- Up-to-date: /home/mau/skid_steer_ws/install/skid_steer_cpp_examples/lib/skid_steer_cpp_examples/simple_publisher
-- Up-to-date: /home/mau/skid_steer_ws/install/skid_steer_cpp_examples/lib/skid_steer_cpp_examples/simple_subscriber
-- Up-to-date: /home/mau/skid_steer_ws/install/skid_steer_cpp_examples/lib/skid_steer_cpp_examples/pcl_test
-- Up-to-date: /home/mau/skid_steer_ws/install/skid_steer_cpp_examples/lib/skid_steer_cpp_examples/simple_lifecycle_node
-- Up-to-date: /home/mau/skid_steer_ws/install/skid_steer_cpp_examples/lib/skid_steer_cpp_examples/turtlesim_kinematics
-- Up-to-date: /home/mau/skid_steer_ws/install/skid_steer_cpp_examples/lib/skid_steer_cpp_examples/simple_tf_kinematics
-- Up-to-date: /home/mau/skid_steer_ws/install/skid_steer_cpp_examples/lib/skid_steer_cpp_examples/simple_service_server
-- Up-to-date: /home/mau/skid_steer_ws/install/skid_steer_cpp_examples/lib/skid_steer_cpp_examples/simple_service_client
-- Up-to-date: /home/mau/skid_steer_ws/install/skid_steer_cpp_examples/lib/skid_steer_cpp_examples/simple_qos_publisher
-- Up-to-date: /home/mau/skid_steer_ws/install/skid_steer_cpp_examples/lib/skid_steer_cpp_examples/simple_qos_subscriber
-- Up-to-date: /home/mau/skid_steer_ws/install/skid_steer_cpp_examples/share/ament_index/resource_index/package_run_dependencies/skid_steer_cpp_examples
-- Up-to-date: /home/mau/skid_steer_ws/install/skid_steer_cpp_examples/share/ament_index/resource_index/parent_prefix_path/skid_steer_cpp_examples
-- Up-to-date: /home/mau/skid_steer_ws/install/skid_steer_cpp_examples/share/skid_steer_cpp_examples/environment/ament_prefix_path.sh
-- Up-to-date: /home/mau/skid_steer_ws/install/skid_steer_cpp_examples/share/skid_steer_cpp_examples/environment/ament_prefix_path.dsv
-- Up-to-date: /home/mau/skid_steer_ws/install/skid_steer_cpp_examples/share/skid_steer_cpp_examples/environment/path.sh
-- Up-to-date: /home/mau/skid_steer_ws/install/skid_steer_cpp_examples/share/skid_steer_cpp_examples/environment/path.dsv
-- Up-to-date: /home/mau/skid_steer_ws/install/skid_steer_cpp_examples/share/skid_steer_cpp_examples/local_setup.bash
-- Up-to-date: /home/mau/skid_steer_ws/install/skid_steer_cpp_examples/share/skid_steer_cpp_examples/local_setup.sh
-- Up-to-date: /home/mau/skid_steer_ws/install/skid_steer_cpp_examples/share/skid_steer_cpp_examples/local_setup.zsh
-- Up-to-date: /home/mau/skid_steer_ws/install/skid_steer_cpp_examples/share/skid_steer_cpp_examples/local_setup.dsv
-- Installing: /home/mau/skid_steer_ws/install/skid_steer_cpp_examples/share/skid_steer_cpp_examples/package.dsv
-- Up-to-date: /home/mau/skid_steer_ws/install/skid_steer_cpp_examples/share/ament_index/resource_index/packages/skid_steer_cpp_examples
-- Up-to-date: /home/mau/skid_steer_ws/install/skid_steer_cpp_examples/share/skid_steer_cpp_examples/cmake/skid_steer_cpp_examplesConfig.cmake
-- Up-to-date: /home/mau/skid_steer_ws/install/skid_steer_cpp_examples/share/skid_steer_cpp_examples/cmake/skid_steer_cpp_examplesConfig-version.cmake
-- Up-to-date: /home/mau/skid_steer_ws/install/skid_steer_cpp_examples/share/skid_steer_cpp_examples/package.xml
