[0.300s] Invoking command in '/home/mau/skid_steer_ws/build/skid_steer_localization': CMAKE_PREFIX_PATH=${CMAKE_PREFIX_PATH}:/home/mau/bumperbot_ws/install/bumperbot_py_examples:/home/mau/ros2_ws/install/my_py_pkg:/home/mau/skid_steer_ws/install/skid_steer_py_examples:/home/mau/skid_steer_ws/install/imu_driver:/opt/ros/humble /usr/bin/cmake --build /home/mau/skid_steer_ws/build/skid_steer_localization -- -j12 -l12
[0.429s] [  0%] Built target ament_cmake_python_copy_skid_steer_localization
[0.429s] [ 50%] Built target kalman_filter
[0.432s] [100%] Built target imu_republisher
[0.778s] running egg_info
[0.779s] writing skid_steer_localization.egg-info/PKG-INFO
[0.779s] writing dependency_links to skid_steer_localization.egg-info/dependency_links.txt
[0.779s] writing top-level names to skid_steer_localization.egg-info/top_level.txt
[0.779s] reading manifest file 'skid_steer_localization.egg-info/SOURCES.txt'
[0.779s] writing manifest file 'skid_steer_localization.egg-info/SOURCES.txt'
[0.818s] [100%] Built target ament_cmake_python_build_skid_steer_localization_egg
[1.073s] Invoked command in '/home/mau/skid_steer_ws/build/skid_steer_localization' returned '0': CMAKE_PREFIX_PATH=${CMAKE_PREFIX_PATH}:/home/mau/bumperbot_ws/install/bumperbot_py_examples:/home/mau/ros2_ws/install/my_py_pkg:/home/mau/skid_steer_ws/install/skid_steer_py_examples:/home/mau/skid_steer_ws/install/imu_driver:/opt/ros/humble /usr/bin/cmake --build /home/mau/skid_steer_ws/build/skid_steer_localization -- -j12 -l12
[1.074s] Invoking command in '/home/mau/skid_steer_ws/build/skid_steer_localization': CMAKE_PREFIX_PATH=${CMAKE_PREFIX_PATH}:/home/mau/bumperbot_ws/install/bumperbot_py_examples:/home/mau/ros2_ws/install/my_py_pkg:/home/mau/skid_steer_ws/install/skid_steer_py_examples:/home/mau/skid_steer_ws/install/imu_driver:/opt/ros/humble /usr/bin/cmake --install /home/mau/skid_steer_ws/build/skid_steer_localization
[1.082s] -- Install configuration: ""
[1.083s] -- Up-to-date: /home/mau/skid_steer_ws/install/skid_steer_localization/share/skid_steer_localization/environment/pythonpath.sh
[1.083s] -- Up-to-date: /home/mau/skid_steer_ws/install/skid_steer_localization/share/skid_steer_localization/environment/pythonpath.dsv
[1.083s] -- Up-to-date: /home/mau/skid_steer_ws/install/skid_steer_localization/local/lib/python3.10/dist-packages/skid_steer_localization-0.0.0-py3.10.egg-info
[1.083s] -- Installing: /home/mau/skid_steer_ws/install/skid_steer_localization/local/lib/python3.10/dist-packages/skid_steer_localization-0.0.0-py3.10.egg-info/SOURCES.txt
[1.083s] -- Installing: /home/mau/skid_steer_ws/install/skid_steer_localization/local/lib/python3.10/dist-packages/skid_steer_localization-0.0.0-py3.10.egg-info/dependency_links.txt
[1.083s] -- Installing: /home/mau/skid_steer_ws/install/skid_steer_localization/local/lib/python3.10/dist-packages/skid_steer_localization-0.0.0-py3.10.egg-info/top_level.txt
[1.083s] -- Installing: /home/mau/skid_steer_ws/install/skid_steer_localization/local/lib/python3.10/dist-packages/skid_steer_localization-0.0.0-py3.10.egg-info/PKG-INFO
[1.083s] -- Up-to-date: /home/mau/skid_steer_ws/install/skid_steer_localization/local/lib/python3.10/dist-packages/skid_steer_localization
[1.083s] -- Up-to-date: /home/mau/skid_steer_ws/install/skid_steer_localization/local/lib/python3.10/dist-packages/skid_steer_localization/__init__.py
[1.084s] -- Up-to-date: /home/mau/skid_steer_ws/install/skid_steer_localization/local/lib/python3.10/dist-packages/skid_steer_localization/imu_republisher.py
[1.084s] -- Up-to-date: /home/mau/skid_steer_ws/install/skid_steer_localization/local/lib/python3.10/dist-packages/skid_steer_localization/kalman_filter.py
[1.120s] Listing '/home/mau/skid_steer_ws/install/skid_steer_localization/local/lib/python3.10/dist-packages/skid_steer_localization'...
[1.124s] -- Up-to-date: /home/mau/skid_steer_ws/install/skid_steer_localization/lib/skid_steer_localization/kalman_filter.py
[1.124s] -- Up-to-date: /home/mau/skid_steer_ws/install/skid_steer_localization/lib/skid_steer_localization/imu_republisher.py
[1.124s] -- Up-to-date: /home/mau/skid_steer_ws/install/skid_steer_localization/lib/skid_steer_localization/kalman_filter
[1.124s] -- Up-to-date: /home/mau/skid_steer_ws/install/skid_steer_localization/lib/skid_steer_localization/imu_republisher
[1.124s] -- Up-to-date: /home/mau/skid_steer_ws/install/skid_steer_localization/include/include
[1.124s] -- Up-to-date: /home/mau/skid_steer_ws/install/skid_steer_localization/include/include/skid_steer_localization
[1.124s] -- Up-to-date: /home/mau/skid_steer_ws/install/skid_steer_localization/include/include/skid_steer_localization/kalman_filter.hpp
[1.125s] -- Up-to-date: /home/mau/skid_steer_ws/install/skid_steer_localization/share/skid_steer_localization/launch
[1.125s] -- Up-to-date: /home/mau/skid_steer_ws/install/skid_steer_localization/share/skid_steer_localization/launch/local_localization.launch.py
[1.125s] -- Up-to-date: /home/mau/skid_steer_ws/install/skid_steer_localization/share/skid_steer_localization/config
[1.125s] -- Up-to-date: /home/mau/skid_steer_ws/install/skid_steer_localization/share/skid_steer_localization/config/ekf.yaml
[1.125s] -- Up-to-date: /home/mau/skid_steer_ws/install/skid_steer_localization/share/ament_index/resource_index/package_run_dependencies/skid_steer_localization
[1.125s] -- Up-to-date: /home/mau/skid_steer_ws/install/skid_steer_localization/share/ament_index/resource_index/parent_prefix_path/skid_steer_localization
[1.125s] -- Up-to-date: /home/mau/skid_steer_ws/install/skid_steer_localization/share/skid_steer_localization/environment/ament_prefix_path.sh
[1.125s] -- Up-to-date: /home/mau/skid_steer_ws/install/skid_steer_localization/share/skid_steer_localization/environment/ament_prefix_path.dsv
[1.125s] -- Up-to-date: /home/mau/skid_steer_ws/install/skid_steer_localization/share/skid_steer_localization/environment/path.sh
[1.125s] -- Up-to-date: /home/mau/skid_steer_ws/install/skid_steer_localization/share/skid_steer_localization/environment/path.dsv
[1.125s] -- Up-to-date: /home/mau/skid_steer_ws/install/skid_steer_localization/share/skid_steer_localization/local_setup.bash
[1.125s] -- Up-to-date: /home/mau/skid_steer_ws/install/skid_steer_localization/share/skid_steer_localization/local_setup.sh
[1.125s] -- Up-to-date: /home/mau/skid_steer_ws/install/skid_steer_localization/share/skid_steer_localization/local_setup.zsh
[1.125s] -- Up-to-date: /home/mau/skid_steer_ws/install/skid_steer_localization/share/skid_steer_localization/local_setup.dsv
[1.125s] -- Installing: /home/mau/skid_steer_ws/install/skid_steer_localization/share/skid_steer_localization/package.dsv
[1.126s] -- Up-to-date: /home/mau/skid_steer_ws/install/skid_steer_localization/share/ament_index/resource_index/packages/skid_steer_localization
[1.126s] -- Up-to-date: /home/mau/skid_steer_ws/install/skid_steer_localization/share/skid_steer_localization/cmake/skid_steer_localizationConfig.cmake
[1.126s] -- Up-to-date: /home/mau/skid_steer_ws/install/skid_steer_localization/share/skid_steer_localization/cmake/skid_steer_localizationConfig-version.cmake
[1.126s] -- Up-to-date: /home/mau/skid_steer_ws/install/skid_steer_localization/share/skid_steer_localization/package.xml
[1.128s] Invoked command in '/home/mau/skid_steer_ws/build/skid_steer_localization' returned '0': CMAKE_PREFIX_PATH=${CMAKE_PREFIX_PATH}:/home/mau/bumperbot_ws/install/bumperbot_py_examples:/home/mau/ros2_ws/install/my_py_pkg:/home/mau/skid_steer_ws/install/skid_steer_py_examples:/home/mau/skid_steer_ws/install/imu_driver:/opt/ros/humble /usr/bin/cmake --install /home/mau/skid_steer_ws/build/skid_steer_localization
