[01m[K/home/mau/skid_steer_ws/src/skid_steer_planning/src/a_star_planner.cpp:[m[K In member function ‘[01m[Knav_msgs::msg::Path skid_steer_planning::AStarPlanner::plan_trajectory(const Pose&, const Pose&)[m[K’:
[01m[K/home/mau/skid_steer_ws/src/skid_steer_planning/src/a_star_planner.cpp:73:36:[m[K [01;31m[Kerror: [m[Kcannot convert ‘[01m[Kskid_steer_planning::GraphNode[m[K’ to ‘[01m[Kconst Pose&[m[K’ {aka ‘[01m[Kconst geometry_msgs::msg::Pose_<std::allocator<void> >&[m[K’}
   73 |     pending_nodes.push(WorldToGrid([01;31m[Kstart_node[m[K));
      |                                    [01;31m[K^~~~~~~~~~[m[K
      |                                    [01;31m[K|[m[K
      |                                    [01;31m[Kskid_steer_planning::GraphNode[m[K
In file included from [01m[K/home/mau/skid_steer_ws/src/skid_steer_planning/src/a_star_planner.cpp:1[m[K:
[01m[K/home/mau/skid_steer_ws/src/skid_steer_planning/include/skid_steer_planning/a_star_planner.hpp:70:59:[m[K [01;36m[Knote: [m[K  initializing argument 1 of ‘[01m[Kskid_steer_planning::GraphNode skid_steer_planning::AStarPlanner::WorldToGrid(const Pose&)[m[K’
   70 |     GraphNode WorldToGrid([01;36m[Kconst geometry_msgs::msg::Pose &pose[m[K);
      |                           [01;36m[K~~~~~~~~~~~~~~~~~~~~~~~~~~~~~~~~^~~~[m[K
[01m[K/home/mau/skid_steer_ws/src/skid_steer_planning/src/a_star_planner.cpp:[m[K In member function ‘[01m[Kdouble skid_steer_planning::AStarPlanner::ChebyshevDistance(const skid_steer_planning::GraphNode&, const skid_steer_planning::GraphNode&)[m[K’:
[01m[K/home/mau/skid_steer_ws/src/skid_steer_planning/src/a_star_planner.cpp:142:28:[m[K [01;31m[Kerror: [m[Kexpected ‘[01m[K;[m[K’ before ‘[01m[K}[m[K’ token
  142 |     return std::max(dx, dy)
      |                            [01;31m[K^[m[K
      |                            [32m[K;[m[K
  143 | [32m[K}[m[K
      | [32m[K~[m[K                           
gmake[2]: *** [CMakeFiles/a_star_planner.dir/build.make:76: CMakeFiles/a_star_planner.dir/src/a_star_planner.cpp.o] Error 1
gmake[1]: *** [CMakeFiles/Makefile2:168: CMakeFiles/a_star_planner.dir/all] Error 2
gmake: *** [Makefile:146: all] Error 2
