-- Found ament_cmake: 1.3.12 (/opt/ros/humble/share/ament_cmake/cmake)
-- Found rclpy: 3.3.17 (/opt/ros/humble/share/rclpy/cmake)
-- Found rclcpp: 16.0.14 (/opt/ros/humble/share/rclcpp/cmake)
-- Found rosidl_generator_c: 3.1.7 (/opt/ros/humble/share/rosidl_generator_c/cmake)
-- Found rosidl_adapter: 3.1.7 (/opt/ros/humble/share/rosidl_adapter/cmake)
-- Found rosidl_generator_cpp: 3.1.7 (/opt/ros/humble/share/rosidl_generator_cpp/cmake)
-- Using all available rosidl_typesupport_c: rosidl_typesupport_fastrtps_c;rosidl_typesupport_introspection_c
-- Using all available rosidl_typesupport_cpp: rosidl_typesupport_fastrtps_cpp;rosidl_typesupport_introspection_cpp
-- Found rmw_implementation_cmake: 6.1.2 (/opt/ros/humble/share/rmw_implementation_cmake/cmake)
-- Found rmw_cyclonedds_cpp: 1.3.4 (/opt/ros/humble/share/rmw_cyclonedds_cpp/cmake)
-- Using RMW implementation 'rmw_cyclonedds_cpp' as default
-- Found nav_msgs: 4.9.0 (/opt/ros/humble/share/nav_msgs/cmake)
-- Found tf2_ros: 0.25.16 (/opt/ros/humble/share/tf2_ros/cmake)
-- Found ament_lint_auto: 0.12.14 (/opt/ros/humble/share/ament_lint_auto/cmake)
-- Added test 'cppcheck' to perform static code analysis on C / C++ code
-- Configured cppcheck include dirs: /home/mau/skid_steer_ws/src/skid_steer_planning/include
-- Configured cppcheck exclude dirs and/or files: 
-- Added test 'flake8' to check Python code syntax and style conventions
-- Added test 'lint_cmake' to check CMake code style
-- Added test 'pep257' to check Python code against some of the docstring style conventions in PEP 257
-- Added test 'uncrustify' to check C / C++ code style
-- Configured uncrustify additional arguments: 
-- Added test 'xmllint' to check XML markup files
-- Configuring done
-- Generating done
-- Build files have been written to: /home/mau/skid_steer_ws/build/skid_steer_planning
[35m[1mConsolidate compiler generated dependencies of target dijkstra_planner[0m
[ 25%] [32mBuilding CXX object CMakeFiles/a_star_planner.dir/src/a_star_planner.cpp.o[0m
[ 25%] Built target ament_cmake_python_copy_skid_steer_planning
[ 75%] Built target dijkstra_planner
running egg_info
writing skid_steer_planning.egg-info/PKG-INFO
writing dependency_links to skid_steer_planning.egg-info/dependency_links.txt
writing top-level names to skid_steer_planning.egg-info/top_level.txt
reading manifest file 'skid_steer_planning.egg-info/SOURCES.txt'
writing manifest file 'skid_steer_planning.egg-info/SOURCES.txt'
[ 75%] Built target ament_cmake_python_build_skid_steer_planning_egg
[01m[K/home/mau/skid_steer_ws/src/skid_steer_planning/src/a_star_planner.cpp:[m[K In member function ‘[01m[Knav_msgs::msg::Path skid_steer_planning::AStarPlanner::plan_trajectory(const Pose&, const Pose&)[m[K’:
[01m[K/home/mau/skid_steer_ws/src/skid_steer_planning/src/a_star_planner.cpp:73:36:[m[K [01;31m[Kerror: [m[Kcannot convert ‘[01m[Kskid_steer_planning::GraphNode[m[K’ to ‘[01m[Kconst Pose&[m[K’ {aka ‘[01m[Kconst geometry_msgs::msg::Pose_<std::allocator<void> >&[m[K’}
   73 |     pending_nodes.push(WorldToGrid([01;31m[Kstart_node[m[K));
      |                                    [01;31m[K^~~~~~~~~~[m[K
      |                                    [01;31m[K|[m[K
      |                                    [01;31m[Kskid_steer_planning::GraphNode[m[K
In file included from [01m[K/home/mau/skid_steer_ws/src/skid_steer_planning/src/a_star_planner.cpp:1[m[K:
[01m[K/home/mau/skid_steer_ws/src/skid_steer_planning/include/skid_steer_planning/a_star_planner.hpp:70:59:[m[K [01;36m[Knote: [m[K  initializing argument 1 of ‘[01m[Kskid_steer_planning::GraphNode skid_steer_planning::AStarPlanner::WorldToGrid(const Pose&)[m[K’
   70 |     GraphNode WorldToGrid([01;36m[Kconst geometry_msgs::msg::Pose &pose[m[K);
      |                           [01;36m[K~~~~~~~~~~~~~~~~~~~~~~~~~~~~~~~~^~~~[m[K
[01m[K/home/mau/skid_steer_ws/src/skid_steer_planning/src/a_star_planner.cpp:[m[K In member function ‘[01m[Kdouble skid_steer_planning::AStarPlanner::ChebyshevDistance(const skid_steer_planning::GraphNode&, const skid_steer_planning::GraphNode&)[m[K’:
[01m[K/home/mau/skid_steer_ws/src/skid_steer_planning/src/a_star_planner.cpp:142:28:[m[K [01;31m[Kerror: [m[Kexpected ‘[01m[K;[m[K’ before ‘[01m[K}[m[K’ token
  142 |     return std::max(dx, dy)
      |                            [01;31m[K^[m[K
      |                            [32m[K;[m[K
  143 | [32m[K}[m[K
      | [32m[K~[m[K                           
gmake[2]: *** [CMakeFiles/a_star_planner.dir/build.make:76: CMakeFiles/a_star_planner.dir/src/a_star_planner.cpp.o] Error 1
gmake[1]: *** [CMakeFiles/Makefile2:168: CMakeFiles/a_star_planner.dir/all] Error 2
gmake: *** [Makefile:146: all] Error 2
