[0.305s] Invoking command in '/home/mau/skid_steer_ws/build/skid_steer_planning': CMAKE_PREFIX_PATH=${CMAKE_PREFIX_PATH}:/home/mau/bumperbot_ws/install/bumperbot_py_examples:/home/mau/ros2_ws/install/my_py_pkg:/home/mau/skid_steer_ws/install/skid_steer_py_examples:/home/mau/skid_steer_ws/install/imu_driver:/opt/ros/humble /usr/bin/cmake --build /home/mau/skid_steer_ws/build/skid_steer_planning -- -j12 -l12
[0.383s] -- Found ament_cmake: 1.3.12 (/opt/ros/humble/share/ament_cmake/cmake)
[0.507s] -- Found rclpy: 3.3.17 (/opt/ros/humble/share/rclpy/cmake)
[0.507s] -- Found rclcpp: 16.0.14 (/opt/ros/humble/share/rclcpp/cmake)
[0.547s] -- Found rosidl_generator_c: 3.1.7 (/opt/ros/humble/share/rosidl_generator_c/cmake)
[0.548s] -- Found rosidl_adapter: 3.1.7 (/opt/ros/humble/share/rosidl_adapter/cmake)
[0.555s] -- Found rosidl_generator_cpp: 3.1.7 (/opt/ros/humble/share/rosidl_generator_cpp/cmake)
[0.569s] -- Using all available rosidl_typesupport_c: rosidl_typesupport_fastrtps_c;rosidl_typesupport_introspection_c
[0.581s] -- Using all available rosidl_typesupport_cpp: rosidl_typesupport_fastrtps_cpp;rosidl_typesupport_introspection_cpp
[0.616s] -- Found rmw_implementation_cmake: 6.1.2 (/opt/ros/humble/share/rmw_implementation_cmake/cmake)
[0.619s] -- Found rmw_cyclonedds_cpp: 1.3.4 (/opt/ros/humble/share/rmw_cyclonedds_cpp/cmake)
[0.636s] -- Using RMW implementation 'rmw_cyclonedds_cpp' as default
[0.685s] -- Found nav_msgs: 4.9.0 (/opt/ros/humble/share/nav_msgs/cmake)
[0.712s] -- Found tf2_ros: 0.25.16 (/opt/ros/humble/share/tf2_ros/cmake)
[0.859s] -- Found ament_lint_auto: 0.12.14 (/opt/ros/humble/share/ament_lint_auto/cmake)
[0.926s] -- Added test 'cppcheck' to perform static code analysis on C / C++ code
[0.926s] -- Configured cppcheck include dirs: /home/mau/skid_steer_ws/src/skid_steer_planning/include
[0.926s] -- Configured cppcheck exclude dirs and/or files: 
[0.926s] -- Added test 'flake8' to check Python code syntax and style conventions
[0.927s] -- Added test 'lint_cmake' to check CMake code style
[0.927s] -- Added test 'pep257' to check Python code against some of the docstring style conventions in PEP 257
[0.928s] -- Added test 'uncrustify' to check C / C++ code style
[0.928s] -- Configured uncrustify additional arguments: 
[0.928s] -- Added test 'xmllint' to check XML markup files
[0.930s] -- Configuring done
[0.945s] -- Generating done
[0.951s] -- Build files have been written to: /home/mau/skid_steer_ws/build/skid_steer_planning
[0.984s] [35m[1mConsolidate compiler generated dependencies of target dijkstra_planner[0m
[1.000s] [ 25%] [32mBuilding CXX object CMakeFiles/a_star_planner.dir/src/a_star_planner.cpp.o[0m
[1.004s] [ 25%] Built target ament_cmake_python_copy_skid_steer_planning
[1.012s] [ 75%] Built target dijkstra_planner
[1.257s] running egg_info
[1.258s] writing skid_steer_planning.egg-info/PKG-INFO
[1.258s] writing dependency_links to skid_steer_planning.egg-info/dependency_links.txt
[1.258s] writing top-level names to skid_steer_planning.egg-info/top_level.txt
[1.260s] reading manifest file 'skid_steer_planning.egg-info/SOURCES.txt'
[1.260s] writing manifest file 'skid_steer_planning.egg-info/SOURCES.txt'
[1.289s] [ 75%] Built target ament_cmake_python_build_skid_steer_planning_egg
[3.038s] [01m[K/home/mau/skid_steer_ws/src/skid_steer_planning/src/a_star_planner.cpp:[m[K In member function ‘[01m[Knav_msgs::msg::Path skid_steer_planning::AStarPlanner::plan_trajectory(const Pose&, const Pose&)[m[K’:
[3.038s] [01m[K/home/mau/skid_steer_ws/src/skid_steer_planning/src/a_star_planner.cpp:73:36:[m[K [01;31m[Kerror: [m[Kcannot convert ‘[01m[Kskid_steer_planning::GraphNode[m[K’ to ‘[01m[Kconst Pose&[m[K’ {aka ‘[01m[Kconst geometry_msgs::msg::Pose_<std::allocator<void> >&[m[K’}
[3.038s]    73 |     pending_nodes.push(WorldToGrid([01;31m[Kstart_node[m[K));
[3.038s]       |                                    [01;31m[K^~~~~~~~~~[m[K
[3.038s]       |                                    [01;31m[K|[m[K
[3.038s]       |                                    [01;31m[Kskid_steer_planning::GraphNode[m[K
[3.038s] In file included from [01m[K/home/mau/skid_steer_ws/src/skid_steer_planning/src/a_star_planner.cpp:1[m[K:
[3.038s] [01m[K/home/mau/skid_steer_ws/src/skid_steer_planning/include/skid_steer_planning/a_star_planner.hpp:70:59:[m[K [01;36m[Knote: [m[K  initializing argument 1 of ‘[01m[Kskid_steer_planning::GraphNode skid_steer_planning::AStarPlanner::WorldToGrid(const Pose&)[m[K’
[3.038s]    70 |     GraphNode WorldToGrid([01;36m[Kconst geometry_msgs::msg::Pose &pose[m[K);
[3.038s]       |                           [01;36m[K~~~~~~~~~~~~~~~~~~~~~~~~~~~~~~~~^~~~[m[K
[3.040s] [01m[K/home/mau/skid_steer_ws/src/skid_steer_planning/src/a_star_planner.cpp:[m[K In member function ‘[01m[Kdouble skid_steer_planning::AStarPlanner::ChebyshevDistance(const skid_steer_planning::GraphNode&, const skid_steer_planning::GraphNode&)[m[K’:
[3.040s] [01m[K/home/mau/skid_steer_ws/src/skid_steer_planning/src/a_star_planner.cpp:142:28:[m[K [01;31m[Kerror: [m[Kexpected ‘[01m[K;[m[K’ before ‘[01m[K}[m[K’ token
[3.040s]   142 |     return std::max(dx, dy)
[3.040s]       |                            [01;31m[K^[m[K
[3.040s]       |                            [32m[K;[m[K
[3.040s]   143 | [32m[K}[m[K
[3.040s]       | [32m[K~[m[K                           
[5.606s] gmake[2]: *** [CMakeFiles/a_star_planner.dir/build.make:76: CMakeFiles/a_star_planner.dir/src/a_star_planner.cpp.o] Error 1
[5.607s] gmake[1]: *** [CMakeFiles/Makefile2:168: CMakeFiles/a_star_planner.dir/all] Error 2
[5.607s] gmake: *** [Makefile:146: all] Error 2
[5.611s] Invoked command in '/home/mau/skid_steer_ws/build/skid_steer_planning' returned '2': CMAKE_PREFIX_PATH=${CMAKE_PREFIX_PATH}:/home/mau/bumperbot_ws/install/bumperbot_py_examples:/home/mau/ros2_ws/install/my_py_pkg:/home/mau/skid_steer_ws/install/skid_steer_py_examples:/home/mau/skid_steer_ws/install/imu_driver:/opt/ros/humble /usr/bin/cmake --build /home/mau/skid_steer_ws/build/skid_steer_planning -- -j12 -l12
