running egg_info
creating ../../build/imu_driver/imu_driver.egg-info
writing ../../build/imu_driver/imu_driver.egg-info/PKG-INFO
writing dependency_links to ../../build/imu_driver/imu_driver.egg-info/dependency_links.txt
writing entry points to ../../build/imu_driver/imu_driver.egg-info/entry_points.txt
writing requirements to ../../build/imu_driver/imu_driver.egg-info/requires.txt
writing top-level names to ../../build/imu_driver/imu_driver.egg-info/top_level.txt
writing manifest file '../../build/imu_driver/imu_driver.egg-info/SOURCES.txt'
reading manifest file '../../build/imu_driver/imu_driver.egg-info/SOURCES.txt'
writing manifest file '../../build/imu_driver/imu_driver.egg-info/SOURCES.txt'
running build
running build_py
creating /home/mau/skid_steer_ws/build/imu_driver/build
creating /home/mau/skid_steer_ws/build/imu_driver/build/lib
creating /home/mau/skid_steer_ws/build/imu_driver/build/lib/imu_driver
copying imu_driver/__init__.py -> /home/mau/skid_steer_ws/build/imu_driver/build/lib/imu_driver
copying imu_driver/mpu6050_driver.py -> /home/mau/skid_steer_ws/build/imu_driver/build/lib/imu_driver
running install
running install_lib
creating /home/mau/skid_steer_ws/install/imu_driver/lib/python3.10/site-packages/imu_driver
copying /home/mau/skid_steer_ws/build/imu_driver/build/lib/imu_driver/__init__.py -> /home/mau/skid_steer_ws/install/imu_driver/lib/python3.10/site-packages/imu_driver
copying /home/mau/skid_steer_ws/build/imu_driver/build/lib/imu_driver/mpu6050_driver.py -> /home/mau/skid_steer_ws/install/imu_driver/lib/python3.10/site-packages/imu_driver
byte-compiling /home/mau/skid_steer_ws/install/imu_driver/lib/python3.10/site-packages/imu_driver/__init__.py to __init__.cpython-310.pyc
byte-compiling /home/mau/skid_steer_ws/install/imu_driver/lib/python3.10/site-packages/imu_driver/mpu6050_driver.py to mpu6050_driver.cpython-310.pyc
running install_data
creating /home/mau/skid_steer_ws/install/imu_driver/share/ament_index
creating /home/mau/skid_steer_ws/install/imu_driver/share/ament_index/resource_index
creating /home/mau/skid_steer_ws/install/imu_driver/share/ament_index/resource_index/packages
copying resource/imu_driver -> /home/mau/skid_steer_ws/install/imu_driver/share/ament_index/resource_index/packages
copying package.xml -> /home/mau/skid_steer_ws/install/imu_driver/share/imu_driver
running install_egg_info
Copying ../../build/imu_driver/imu_driver.egg-info to /home/mau/skid_steer_ws/install/imu_driver/lib/python3.10/site-packages/imu_driver-0.0.0-py3.10.egg-info
running install_scripts
Installing mpu6050_driver script to /home/mau/skid_steer_ws/install/imu_driver/lib/imu_driver
writing list of installed files to '/home/mau/skid_steer_ws/build/imu_driver/install.log'
