[0.848s] Invoking command in '/home/mau/skid_steer_ws/src/imu_driver': PYTHONPATH=/home/mau/skid_steer_ws/build/imu_driver/prefix_override:/usr/lib/python3/dist-packages/colcon_core/task/python/colcon_distutils_commands:/home/mau/skid_steer_ws/install/imu_driver/lib/python3.10/site-packages:${PYTHONPATH} /usr/bin/python3 -W ignore:setup.py install is deprecated -W ignore:easy_install command is deprecated setup.py egg_info --egg-base ../../build/imu_driver build --build-base /home/mau/skid_steer_ws/build/imu_driver/build install --record /home/mau/skid_steer_ws/build/imu_driver/install.log --single-version-externally-managed install_data
[1.432s] running egg_info
[1.432s] creating ../../build/imu_driver/imu_driver.egg-info
[1.432s] writing ../../build/imu_driver/imu_driver.egg-info/PKG-INFO
[1.432s] writing dependency_links to ../../build/imu_driver/imu_driver.egg-info/dependency_links.txt
[1.433s] writing entry points to ../../build/imu_driver/imu_driver.egg-info/entry_points.txt
[1.433s] writing requirements to ../../build/imu_driver/imu_driver.egg-info/requires.txt
[1.433s] writing top-level names to ../../build/imu_driver/imu_driver.egg-info/top_level.txt
[1.433s] writing manifest file '../../build/imu_driver/imu_driver.egg-info/SOURCES.txt'
[1.433s] reading manifest file '../../build/imu_driver/imu_driver.egg-info/SOURCES.txt'
[1.433s] writing manifest file '../../build/imu_driver/imu_driver.egg-info/SOURCES.txt'
[1.433s] running build
[1.433s] running build_py
[1.433s] creating /home/mau/skid_steer_ws/build/imu_driver/build
[1.433s] creating /home/mau/skid_steer_ws/build/imu_driver/build/lib
[1.433s] creating /home/mau/skid_steer_ws/build/imu_driver/build/lib/imu_driver
[1.433s] copying imu_driver/__init__.py -> /home/mau/skid_steer_ws/build/imu_driver/build/lib/imu_driver
[1.433s] copying imu_driver/mpu6050_driver.py -> /home/mau/skid_steer_ws/build/imu_driver/build/lib/imu_driver
[1.433s] running install
[1.434s] running install_lib
[1.434s] creating /home/mau/skid_steer_ws/install/imu_driver/lib/python3.10/site-packages/imu_driver
[1.434s] copying /home/mau/skid_steer_ws/build/imu_driver/build/lib/imu_driver/__init__.py -> /home/mau/skid_steer_ws/install/imu_driver/lib/python3.10/site-packages/imu_driver
[1.434s] copying /home/mau/skid_steer_ws/build/imu_driver/build/lib/imu_driver/mpu6050_driver.py -> /home/mau/skid_steer_ws/install/imu_driver/lib/python3.10/site-packages/imu_driver
[1.434s] byte-compiling /home/mau/skid_steer_ws/install/imu_driver/lib/python3.10/site-packages/imu_driver/__init__.py to __init__.cpython-310.pyc
[1.434s] byte-compiling /home/mau/skid_steer_ws/install/imu_driver/lib/python3.10/site-packages/imu_driver/mpu6050_driver.py to mpu6050_driver.cpython-310.pyc
[1.434s] running install_data
[1.434s] creating /home/mau/skid_steer_ws/install/imu_driver/share/ament_index
[1.434s] creating /home/mau/skid_steer_ws/install/imu_driver/share/ament_index/resource_index
[1.434s] creating /home/mau/skid_steer_ws/install/imu_driver/share/ament_index/resource_index/packages
[1.434s] copying resource/imu_driver -> /home/mau/skid_steer_ws/install/imu_driver/share/ament_index/resource_index/packages
[1.434s] copying package.xml -> /home/mau/skid_steer_ws/install/imu_driver/share/imu_driver
[1.434s] running install_egg_info
[1.435s] Copying ../../build/imu_driver/imu_driver.egg-info to /home/mau/skid_steer_ws/install/imu_driver/lib/python3.10/site-packages/imu_driver-0.0.0-py3.10.egg-info
[1.435s] running install_scripts
[1.435s] Installing mpu6050_driver script to /home/mau/skid_steer_ws/install/imu_driver/lib/imu_driver
[1.435s] writing list of installed files to '/home/mau/skid_steer_ws/build/imu_driver/install.log'
[1.438s] Invoked command in '/home/mau/skid_steer_ws/src/imu_driver' returned '0': PYTHONPATH=/home/mau/skid_steer_ws/build/imu_driver/prefix_override:/usr/lib/python3/dist-packages/colcon_core/task/python/colcon_distutils_commands:/home/mau/skid_steer_ws/install/imu_driver/lib/python3.10/site-packages:${PYTHONPATH} /usr/bin/python3 -W ignore:setup.py install is deprecated -W ignore:easy_install command is deprecated setup.py egg_info --egg-base ../../build/imu_driver build --build-base /home/mau/skid_steer_ws/build/imu_driver/build install --record /home/mau/skid_steer_ws/build/imu_driver/install.log --single-version-externally-managed install_data
