-- The C compiler identification is GNU 11.4.0
-- The CXX compiler identification is GNU 11.4.0
-- Detecting C compiler ABI info
-- Detecting C compiler ABI info - done
-- Check for working C compiler: /usr/bin/cc - skipped
-- Detecting C compile features
-- Detecting C compile features - done
-- Detecting CXX compiler ABI info
-- Detecting CXX compiler ABI info - done
-- Check for working CXX compiler: /usr/bin/c++ - skipped
-- Detecting CXX compile features
-- Detecting CXX compile features - done
-- Found ament_cmake: 1.3.12 (/opt/ros/humble/share/ament_cmake/cmake)
-- Found Python3: /usr/bin/python3 (found version "3.10.12") found components: Interpreter 
-- Found geometry_msgs: 4.9.0 (/opt/ros/humble/share/geometry_msgs/cmake)
-- Found rosidl_generator_c: 3.1.7 (/opt/ros/humble/share/rosidl_generator_c/cmake)
-- Found rosidl_adapter: 3.1.7 (/opt/ros/humble/share/rosidl_adapter/cmake)
-- Found rosidl_generator_cpp: 3.1.7 (/opt/ros/humble/share/rosidl_generator_cpp/cmake)
-- Using all available rosidl_typesupport_c: rosidl_typesupport_fastrtps_c;rosidl_typesupport_introspection_c
-- Using all available rosidl_typesupport_cpp: rosidl_typesupport_fastrtps_cpp;rosidl_typesupport_introspection_cpp
-- Found rclcpp: 16.0.14 (/opt/ros/humble/share/rclcpp/cmake)
-- Found rmw_implementation_cmake: 6.1.2 (/opt/ros/humble/share/rmw_implementation_cmake/cmake)
-- Found rmw_cyclonedds_cpp: 1.3.4 (/opt/ros/humble/share/rmw_cyclonedds_cpp/cmake)
-- Using RMW implementation 'rmw_cyclonedds_cpp' as default
-- Looking for pthread.h
-- Looking for pthread.h - found
-- Performing Test CMAKE_HAVE_LIBC_PTHREAD
-- Performing Test CMAKE_HAVE_LIBC_PTHREAD - Success
-- Found Threads: TRUE  
-- Found nav_msgs: 4.9.0 (/opt/ros/humble/share/nav_msgs/cmake)
-- Found ament_lint_auto: 0.12.14 (/opt/ros/humble/share/ament_lint_auto/cmake)
-- Added test 'cppcheck' to perform static code analysis on C / C++ code
-- Configured cppcheck include dirs: /home/mau/skid_steer_ws/src/skid_steer_utils/include
-- Configured cppcheck exclude dirs and/or files: 
-- Added test 'lint_cmake' to check CMake code style
-- Added test 'uncrustify' to check C / C++ code style
-- Configured uncrustify additional arguments: 
-- Added test 'xmllint' to check XML markup files
-- Configuring done
-- Generating done
-- Build files have been written to: /home/mau/skid_steer_ws/build/skid_steer_utils
[ 50%] [32mBuilding CXX object CMakeFiles/follow_path_trace.dir/src/follow_path_trace.cpp.o[0m
[100%] [32m[1mLinking CXX executable follow_path_trace[0m
[100%] Built target follow_path_trace
-- Install configuration: ""
-- Installing: /home/mau/skid_steer_ws/install/skid_steer_utils/include/include
-- Installing: /home/mau/skid_steer_ws/install/skid_steer_utils/include/include/skid_steer_utils
-- Installing: /home/mau/skid_steer_ws/install/skid_steer_utils/include/include/skid_steer_utils/follow_path_trace.hpp
-- Installing: /home/mau/skid_steer_ws/install/skid_steer_utils/lib/skid_steer_utils/follow_path_trace
-- Set runtime path of "/home/mau/skid_steer_ws/install/skid_steer_utils/lib/skid_steer_utils/follow_path_trace" to ""
-- Installing: /home/mau/skid_steer_ws/install/skid_steer_utils/share/ament_index/resource_index/package_run_dependencies/skid_steer_utils
-- Installing: /home/mau/skid_steer_ws/install/skid_steer_utils/share/ament_index/resource_index/parent_prefix_path/skid_steer_utils
-- Installing: /home/mau/skid_steer_ws/install/skid_steer_utils/share/skid_steer_utils/environment/ament_prefix_path.sh
-- Installing: /home/mau/skid_steer_ws/install/skid_steer_utils/share/skid_steer_utils/environment/ament_prefix_path.dsv
-- Installing: /home/mau/skid_steer_ws/install/skid_steer_utils/share/skid_steer_utils/environment/path.sh
-- Installing: /home/mau/skid_steer_ws/install/skid_steer_utils/share/skid_steer_utils/environment/path.dsv
-- Installing: /home/mau/skid_steer_ws/install/skid_steer_utils/share/skid_steer_utils/local_setup.bash
-- Installing: /home/mau/skid_steer_ws/install/skid_steer_utils/share/skid_steer_utils/local_setup.sh
-- Installing: /home/mau/skid_steer_ws/install/skid_steer_utils/share/skid_steer_utils/local_setup.zsh
-- Installing: /home/mau/skid_steer_ws/install/skid_steer_utils/share/skid_steer_utils/local_setup.dsv
-- Installing: /home/mau/skid_steer_ws/install/skid_steer_utils/share/skid_steer_utils/package.dsv
-- Installing: /home/mau/skid_steer_ws/install/skid_steer_utils/share/ament_index/resource_index/packages/skid_steer_utils
-- Installing: /home/mau/skid_steer_ws/install/skid_steer_utils/share/skid_steer_utils/cmake/skid_steer_utilsConfig.cmake
-- Installing: /home/mau/skid_steer_ws/install/skid_steer_utils/share/skid_steer_utils/cmake/skid_steer_utilsConfig-version.cmake
-- Installing: /home/mau/skid_steer_ws/install/skid_steer_utils/share/skid_steer_utils/package.xml
