[0.281s] Invoking command in '/home/mau/skid_steer_ws/build/skid_steer_utils': CMAKE_PREFIX_PATH=${CMAKE_PREFIX_PATH}:/home/mau/bumperbot_ws/install/bumperbot_py_examples:/home/mau/ros2_ws/install/my_py_pkg:/home/mau/skid_steer_ws/install/skid_steer_py_examples:/home/mau/skid_steer_ws/install/imu_driver:/opt/ros/humble /usr/bin/cmake /home/mau/skid_steer_ws/src/skid_steer_utils -DCMAKE_INSTALL_PREFIX=/home/mau/skid_steer_ws/install/skid_steer_utils
[1.216s] -- The C compiler identification is GNU 11.4.0
[1.216s] -- The CXX compiler identification is GNU 11.4.0
[1.216s] -- Detecting C compiler ABI info
[1.216s] -- Detecting C compiler ABI info - done
[1.216s] -- Check for working C compiler: /usr/bin/cc - skipped
[1.216s] -- Detecting C compile features
[1.216s] -- Detecting C compile features - done
[1.216s] -- Detecting CXX compiler ABI info
[1.216s] -- Detecting CXX compiler ABI info - done
[1.216s] -- Check for working CXX compiler: /usr/bin/c++ - skipped
[1.217s] -- Detecting CXX compile features
[1.217s] -- Detecting CXX compile features - done
[1.217s] -- Found ament_cmake: 1.3.12 (/opt/ros/humble/share/ament_cmake/cmake)
[1.217s] -- Found Python3: /usr/bin/python3 (found version "3.10.12") found components: Interpreter 
[1.217s] -- Found geometry_msgs: 4.9.0 (/opt/ros/humble/share/geometry_msgs/cmake)
[1.217s] -- Found rosidl_generator_c: 3.1.7 (/opt/ros/humble/share/rosidl_generator_c/cmake)
[1.217s] -- Found rosidl_adapter: 3.1.7 (/opt/ros/humble/share/rosidl_adapter/cmake)
[1.217s] -- Found rosidl_generator_cpp: 3.1.7 (/opt/ros/humble/share/rosidl_generator_cpp/cmake)
[1.234s] -- Using all available rosidl_typesupport_c: rosidl_typesupport_fastrtps_c;rosidl_typesupport_introspection_c
[1.262s] -- Using all available rosidl_typesupport_cpp: rosidl_typesupport_fastrtps_cpp;rosidl_typesupport_introspection_cpp
[1.307s] -- Found rclcpp: 16.0.14 (/opt/ros/humble/share/rclcpp/cmake)
[1.368s] -- Found rmw_implementation_cmake: 6.1.2 (/opt/ros/humble/share/rmw_implementation_cmake/cmake)
[1.374s] -- Found rmw_cyclonedds_cpp: 1.3.4 (/opt/ros/humble/share/rmw_cyclonedds_cpp/cmake)
[1.418s] -- Using RMW implementation 'rmw_cyclonedds_cpp' as default
[1.439s] -- Looking for pthread.h
[1.522s] -- Looking for pthread.h - found
[1.522s] -- Performing Test CMAKE_HAVE_LIBC_PTHREAD
[1.608s] -- Performing Test CMAKE_HAVE_LIBC_PTHREAD - Success
[1.609s] -- Found Threads: TRUE  
[1.676s] -- Found nav_msgs: 4.9.0 (/opt/ros/humble/share/nav_msgs/cmake)
[1.708s] -- Found ament_lint_auto: 0.12.14 (/opt/ros/humble/share/ament_lint_auto/cmake)
[1.827s] -- Added test 'cppcheck' to perform static code analysis on C / C++ code
[1.827s] -- Configured cppcheck include dirs: /home/mau/skid_steer_ws/src/skid_steer_utils/include
[1.827s] -- Configured cppcheck exclude dirs and/or files: 
[1.829s] -- Added test 'lint_cmake' to check CMake code style
[1.832s] -- Added test 'uncrustify' to check C / C++ code style
[1.832s] -- Configured uncrustify additional arguments: 
[1.832s] -- Added test 'xmllint' to check XML markup files
[1.835s] -- Configuring done
[1.848s] -- Generating done
[1.853s] -- Build files have been written to: /home/mau/skid_steer_ws/build/skid_steer_utils
[1.862s] Invoked command in '/home/mau/skid_steer_ws/build/skid_steer_utils' returned '0': CMAKE_PREFIX_PATH=${CMAKE_PREFIX_PATH}:/home/mau/bumperbot_ws/install/bumperbot_py_examples:/home/mau/ros2_ws/install/my_py_pkg:/home/mau/skid_steer_ws/install/skid_steer_py_examples:/home/mau/skid_steer_ws/install/imu_driver:/opt/ros/humble /usr/bin/cmake /home/mau/skid_steer_ws/src/skid_steer_utils -DCMAKE_INSTALL_PREFIX=/home/mau/skid_steer_ws/install/skid_steer_utils
[1.865s] Invoking command in '/home/mau/skid_steer_ws/build/skid_steer_utils': CMAKE_PREFIX_PATH=${CMAKE_PREFIX_PATH}:/home/mau/bumperbot_ws/install/bumperbot_py_examples:/home/mau/ros2_ws/install/my_py_pkg:/home/mau/skid_steer_ws/install/skid_steer_py_examples:/home/mau/skid_steer_ws/install/imu_driver:/opt/ros/humble /usr/bin/cmake --build /home/mau/skid_steer_ws/build/skid_steer_utils -- -j12 -l12
[1.927s] [ 50%] [32mBuilding CXX object CMakeFiles/follow_path_trace.dir/src/follow_path_trace.cpp.o[0m
[14.433s] [100%] [32m[1mLinking CXX executable follow_path_trace[0m
[15.132s] [100%] Built target follow_path_trace
[15.182s] Invoked command in '/home/mau/skid_steer_ws/build/skid_steer_utils' returned '0': CMAKE_PREFIX_PATH=${CMAKE_PREFIX_PATH}:/home/mau/bumperbot_ws/install/bumperbot_py_examples:/home/mau/ros2_ws/install/my_py_pkg:/home/mau/skid_steer_ws/install/skid_steer_py_examples:/home/mau/skid_steer_ws/install/imu_driver:/opt/ros/humble /usr/bin/cmake --build /home/mau/skid_steer_ws/build/skid_steer_utils -- -j12 -l12
[15.182s] Invoking command in '/home/mau/skid_steer_ws/build/skid_steer_utils': CMAKE_PREFIX_PATH=${CMAKE_PREFIX_PATH}:/home/mau/bumperbot_ws/install/bumperbot_py_examples:/home/mau/ros2_ws/install/my_py_pkg:/home/mau/skid_steer_ws/install/skid_steer_py_examples:/home/mau/skid_steer_ws/install/imu_driver:/opt/ros/humble /usr/bin/cmake --install /home/mau/skid_steer_ws/build/skid_steer_utils
[15.201s] -- Install configuration: ""
[15.203s] -- Installing: /home/mau/skid_steer_ws/install/skid_steer_utils/include/include
[15.203s] -- Installing: /home/mau/skid_steer_ws/install/skid_steer_utils/include/include/skid_steer_utils
[15.207s] -- Installing: /home/mau/skid_steer_ws/install/skid_steer_utils/include/include/skid_steer_utils/follow_path_trace.hpp
[15.207s] -- Installing: /home/mau/skid_steer_ws/install/skid_steer_utils/lib/skid_steer_utils/follow_path_trace
[15.215s] -- Set runtime path of "/home/mau/skid_steer_ws/install/skid_steer_utils/lib/skid_steer_utils/follow_path_trace" to ""
[15.216s] -- Installing: /home/mau/skid_steer_ws/install/skid_steer_utils/share/ament_index/resource_index/package_run_dependencies/skid_steer_utils
[15.216s] -- Installing: /home/mau/skid_steer_ws/install/skid_steer_utils/share/ament_index/resource_index/parent_prefix_path/skid_steer_utils
[15.220s] -- Installing: /home/mau/skid_steer_ws/install/skid_steer_utils/share/skid_steer_utils/environment/ament_prefix_path.sh
[15.220s] -- Installing: /home/mau/skid_steer_ws/install/skid_steer_utils/share/skid_steer_utils/environment/ament_prefix_path.dsv
[15.223s] -- Installing: /home/mau/skid_steer_ws/install/skid_steer_utils/share/skid_steer_utils/environment/path.sh
[15.223s] -- Installing: /home/mau/skid_steer_ws/install/skid_steer_utils/share/skid_steer_utils/environment/path.dsv
[15.223s] -- Installing: /home/mau/skid_steer_ws/install/skid_steer_utils/share/skid_steer_utils/local_setup.bash
[15.223s] -- Installing: /home/mau/skid_steer_ws/install/skid_steer_utils/share/skid_steer_utils/local_setup.sh
[15.223s] -- Installing: /home/mau/skid_steer_ws/install/skid_steer_utils/share/skid_steer_utils/local_setup.zsh
[15.223s] -- Installing: /home/mau/skid_steer_ws/install/skid_steer_utils/share/skid_steer_utils/local_setup.dsv
[15.223s] -- Installing: /home/mau/skid_steer_ws/install/skid_steer_utils/share/skid_steer_utils/package.dsv
[15.223s] -- Installing: /home/mau/skid_steer_ws/install/skid_steer_utils/share/ament_index/resource_index/packages/skid_steer_utils
[15.223s] -- Installing: /home/mau/skid_steer_ws/install/skid_steer_utils/share/skid_steer_utils/cmake/skid_steer_utilsConfig.cmake
[15.223s] -- Installing: /home/mau/skid_steer_ws/install/skid_steer_utils/share/skid_steer_utils/cmake/skid_steer_utilsConfig-version.cmake
[15.223s] -- Installing: /home/mau/skid_steer_ws/install/skid_steer_utils/share/skid_steer_utils/package.xml
[15.248s] Invoked command in '/home/mau/skid_steer_ws/build/skid_steer_utils' returned '0': CMAKE_PREFIX_PATH=${CMAKE_PREFIX_PATH}:/home/mau/bumperbot_ws/install/bumperbot_py_examples:/home/mau/ros2_ws/install/my_py_pkg:/home/mau/skid_steer_ws/install/skid_steer_py_examples:/home/mau/skid_steer_ws/install/imu_driver:/opt/ros/humble /usr/bin/cmake --install /home/mau/skid_steer_ws/build/skid_steer_utils
