[0.325s] Invoking command in '/home/mau/skid_steer_ws/build/skid_steer_motion': CMAKE_PREFIX_PATH=${CMAKE_PREFIX_PATH}:/home/mau/bumperbot_ws/install/bumperbot_py_examples:/home/mau/ros2_ws/install/my_py_pkg:/home/mau/skid_steer_ws/install/skid_steer_py_examples:/home/mau/skid_steer_ws/install/imu_driver:/opt/ros/humble /usr/bin/cmake /home/mau/skid_steer_ws/src/skid_steer_motion -DCMAKE_INSTALL_PREFIX=/home/mau/skid_steer_ws/install/skid_steer_motion
[0.504s] -- The C compiler identification is GNU 11.4.0
[0.585s] -- The CXX compiler identification is GNU 11.4.0
[0.598s] -- Detecting C compiler ABI info
[0.682s] -- Detecting C compiler ABI info - done
[0.692s] -- Check for working C compiler: /usr/bin/cc - skipped
[0.692s] -- Detecting C compile features
[0.694s] -- Detecting C compile features - done
[0.698s] -- Detecting CXX compiler ABI info
[0.799s] -- Detecting CXX compiler ABI info - done
[0.810s] -- Check for working CXX compiler: /usr/bin/c++ - skipped
[0.810s] -- Detecting CXX compile features
[0.811s] -- Detecting CXX compile features - done
[0.826s] -- Found ament_cmake: 1.3.12 (/opt/ros/humble/share/ament_cmake/cmake)
[1.012s] -- Found Python3: /usr/bin/python3 (found version "3.10.12") found components: Interpreter 
[1.197s] -- Found ament_lint_auto: 0.12.14 (/opt/ros/humble/share/ament_lint_auto/cmake)
[1.303s] -- Added test 'lint_cmake' to check CMake code style
[1.305s] -- Added test 'xmllint' to check XML markup files
[1.307s] -- Configuring done
[1.310s] -- Generating done
[1.312s] -- Build files have been written to: /home/mau/skid_steer_ws/build/skid_steer_motion
[1.316s] Invoked command in '/home/mau/skid_steer_ws/build/skid_steer_motion' returned '0': CMAKE_PREFIX_PATH=${CMAKE_PREFIX_PATH}:/home/mau/bumperbot_ws/install/bumperbot_py_examples:/home/mau/ros2_ws/install/my_py_pkg:/home/mau/skid_steer_ws/install/skid_steer_py_examples:/home/mau/skid_steer_ws/install/imu_driver:/opt/ros/humble /usr/bin/cmake /home/mau/skid_steer_ws/src/skid_steer_motion -DCMAKE_INSTALL_PREFIX=/home/mau/skid_steer_ws/install/skid_steer_motion
[1.318s] Invoking command in '/home/mau/skid_steer_ws/build/skid_steer_motion': CMAKE_PREFIX_PATH=${CMAKE_PREFIX_PATH}:/home/mau/bumperbot_ws/install/bumperbot_py_examples:/home/mau/ros2_ws/install/my_py_pkg:/home/mau/skid_steer_ws/install/skid_steer_py_examples:/home/mau/skid_steer_ws/install/imu_driver:/opt/ros/humble /usr/bin/cmake --build /home/mau/skid_steer_ws/build/skid_steer_motion -- -j12 -l12
[1.378s] Invoked command in '/home/mau/skid_steer_ws/build/skid_steer_motion' returned '0': CMAKE_PREFIX_PATH=${CMAKE_PREFIX_PATH}:/home/mau/bumperbot_ws/install/bumperbot_py_examples:/home/mau/ros2_ws/install/my_py_pkg:/home/mau/skid_steer_ws/install/skid_steer_py_examples:/home/mau/skid_steer_ws/install/imu_driver:/opt/ros/humble /usr/bin/cmake --build /home/mau/skid_steer_ws/build/skid_steer_motion -- -j12 -l12
[1.379s] Invoking command in '/home/mau/skid_steer_ws/build/skid_steer_motion': CMAKE_PREFIX_PATH=${CMAKE_PREFIX_PATH}:/home/mau/bumperbot_ws/install/bumperbot_py_examples:/home/mau/ros2_ws/install/my_py_pkg:/home/mau/skid_steer_ws/install/skid_steer_py_examples:/home/mau/skid_steer_ws/install/imu_driver:/opt/ros/humble /usr/bin/cmake --install /home/mau/skid_steer_ws/build/skid_steer_motion
[1.391s] -- Install configuration: ""
[1.392s] -- Installing: /home/mau/skid_steer_ws/install/skid_steer_motion/share/ament_index/resource_index/package_run_dependencies/skid_steer_motion
[1.392s] -- Installing: /home/mau/skid_steer_ws/install/skid_steer_motion/share/ament_index/resource_index/parent_prefix_path/skid_steer_motion
[1.392s] -- Installing: /home/mau/skid_steer_ws/install/skid_steer_motion/share/skid_steer_motion/environment/ament_prefix_path.sh
[1.392s] -- Installing: /home/mau/skid_steer_ws/install/skid_steer_motion/share/skid_steer_motion/environment/ament_prefix_path.dsv
[1.393s] -- Installing: /home/mau/skid_steer_ws/install/skid_steer_motion/share/skid_steer_motion/environment/path.sh
[1.393s] -- Installing: /home/mau/skid_steer_ws/install/skid_steer_motion/share/skid_steer_motion/environment/path.dsv
[1.393s] -- Installing: /home/mau/skid_steer_ws/install/skid_steer_motion/share/skid_steer_motion/local_setup.bash
[1.393s] -- Installing: /home/mau/skid_steer_ws/install/skid_steer_motion/share/skid_steer_motion/local_setup.sh
[1.394s] -- Installing: /home/mau/skid_steer_ws/install/skid_steer_motion/share/skid_steer_motion/local_setup.zsh
[1.394s] -- Installing: /home/mau/skid_steer_ws/install/skid_steer_motion/share/skid_steer_motion/local_setup.dsv
[1.394s] -- Installing: /home/mau/skid_steer_ws/install/skid_steer_motion/share/skid_steer_motion/package.dsv
[1.394s] -- Installing: /home/mau/skid_steer_ws/install/skid_steer_motion/share/ament_index/resource_index/packages/skid_steer_motion
[1.395s] -- Installing: /home/mau/skid_steer_ws/install/skid_steer_motion/share/skid_steer_motion/cmake/skid_steer_motionConfig.cmake
[1.395s] -- Installing: /home/mau/skid_steer_ws/install/skid_steer_motion/share/skid_steer_motion/cmake/skid_steer_motionConfig-version.cmake
[1.395s] -- Installing: /home/mau/skid_steer_ws/install/skid_steer_motion/share/skid_steer_motion/package.xml
[1.398s] Invoked command in '/home/mau/skid_steer_ws/build/skid_steer_motion' returned '0': CMAKE_PREFIX_PATH=${CMAKE_PREFIX_PATH}:/home/mau/bumperbot_ws/install/bumperbot_py_examples:/home/mau/ros2_ws/install/my_py_pkg:/home/mau/skid_steer_ws/install/skid_steer_py_examples:/home/mau/skid_steer_ws/install/imu_driver:/opt/ros/humble /usr/bin/cmake --install /home/mau/skid_steer_ws/build/skid_steer_motion
