[1.030s] Invoking command in '/home/mau/skid_steer_ws/src/imu_driver': PYTHONPATH=/home/mau/skid_steer_ws/build/imu_driver/prefix_override:/usr/lib/python3/dist-packages/colcon_core/task/python/colcon_distutils_commands:/home/mau/skid_steer_ws/install/imu_driver/lib/python3.10/site-packages:${PYTHONPATH} /usr/bin/python3 -W ignore:setup.py install is deprecated -W ignore:easy_install command is deprecated setup.py egg_info --egg-base ../../build/imu_driver build --build-base /home/mau/skid_steer_ws/build/imu_driver/build install --record /home/mau/skid_steer_ws/build/imu_driver/install.log --single-version-externally-managed install_data
[1.278s] running egg_info
[1.278s] writing ../../build/imu_driver/imu_driver.egg-info/PKG-INFO
[1.279s] writing dependency_links to ../../build/imu_driver/imu_driver.egg-info/dependency_links.txt
[1.279s] writing entry points to ../../build/imu_driver/imu_driver.egg-info/entry_points.txt
[1.279s] writing requirements to ../../build/imu_driver/imu_driver.egg-info/requires.txt
[1.279s] writing top-level names to ../../build/imu_driver/imu_driver.egg-info/top_level.txt
[1.280s] reading manifest file '../../build/imu_driver/imu_driver.egg-info/SOURCES.txt'
[1.281s] writing manifest file '../../build/imu_driver/imu_driver.egg-info/SOURCES.txt'
[1.281s] running build
[1.281s] running build_py
[1.281s] running install
[1.281s] running install_lib
[1.282s] running install_data
[1.282s] running install_egg_info
[1.284s] removing '/home/mau/skid_steer_ws/install/imu_driver/lib/python3.10/site-packages/imu_driver-0.0.0-py3.10.egg-info' (and everything under it)
[1.284s] Copying ../../build/imu_driver/imu_driver.egg-info to /home/mau/skid_steer_ws/install/imu_driver/lib/python3.10/site-packages/imu_driver-0.0.0-py3.10.egg-info
[1.285s] running install_scripts
[1.301s] Installing mpu6050_driver script to /home/mau/skid_steer_ws/install/imu_driver/lib/imu_driver
[1.301s] writing list of installed files to '/home/mau/skid_steer_ws/build/imu_driver/install.log'
[1.321s] Invoked command in '/home/mau/skid_steer_ws/src/imu_driver' returned '0': PYTHONPATH=/home/mau/skid_steer_ws/build/imu_driver/prefix_override:/usr/lib/python3/dist-packages/colcon_core/task/python/colcon_distutils_commands:/home/mau/skid_steer_ws/install/imu_driver/lib/python3.10/site-packages:${PYTHONPATH} /usr/bin/python3 -W ignore:setup.py install is deprecated -W ignore:easy_install command is deprecated setup.py egg_info --egg-base ../../build/imu_driver build --build-base /home/mau/skid_steer_ws/build/imu_driver/build install --record /home/mau/skid_steer_ws/build/imu_driver/install.log --single-version-externally-managed install_data
