[0.321s] Invoking command in '/home/mau/skid_steer_ws/build/skid_steer_controller': CMAKE_PREFIX_PATH=${CMAKE_PREFIX_PATH}:/home/mau/bumperbot_ws/install/bumperbot_py_examples:/home/mau/ros2_ws/install/my_py_pkg:/home/mau/skid_steer_ws/install/skid_steer_py_examples:/home/mau/skid_steer_ws/install/imu_driver:/opt/ros/humble /usr/bin/cmake --build /home/mau/skid_steer_ws/build/skid_steer_controller -- -j12 -l12
[0.377s] [35m[1mConsolidate compiler generated dependencies of target noisy_controller[0m
[0.381s] [35m[1mConsolidate compiler generated dependencies of target simple_controller[0m
[0.430s] [ 50%] Built target noisy_controller
[0.457s] [100%] Built target simple_controller
[0.467s] [100%] Built target ament_cmake_python_copy_skid_steer_controller
[0.729s] running egg_info
[0.729s] writing skid_steer_controller.egg-info/PKG-INFO
[0.729s] writing dependency_links to skid_steer_controller.egg-info/dependency_links.txt
[0.729s] writing top-level names to skid_steer_controller.egg-info/top_level.txt
[0.732s] reading manifest file 'skid_steer_controller.egg-info/SOURCES.txt'
[0.732s] writing manifest file 'skid_steer_controller.egg-info/SOURCES.txt'
[0.768s] [100%] Built target ament_cmake_python_build_skid_steer_controller_egg
[0.945s] Invoked command in '/home/mau/skid_steer_ws/build/skid_steer_controller' returned '0': CMAKE_PREFIX_PATH=${CMAKE_PREFIX_PATH}:/home/mau/bumperbot_ws/install/bumperbot_py_examples:/home/mau/ros2_ws/install/my_py_pkg:/home/mau/skid_steer_ws/install/skid_steer_py_examples:/home/mau/skid_steer_ws/install/imu_driver:/opt/ros/humble /usr/bin/cmake --build /home/mau/skid_steer_ws/build/skid_steer_controller -- -j12 -l12
[0.947s] Invoking command in '/home/mau/skid_steer_ws/build/skid_steer_controller': CMAKE_PREFIX_PATH=${CMAKE_PREFIX_PATH}:/home/mau/bumperbot_ws/install/bumperbot_py_examples:/home/mau/ros2_ws/install/my_py_pkg:/home/mau/skid_steer_ws/install/skid_steer_py_examples:/home/mau/skid_steer_ws/install/imu_driver:/opt/ros/humble /usr/bin/cmake --install /home/mau/skid_steer_ws/build/skid_steer_controller
[0.955s] -- Install configuration: ""
[0.955s] -- Up-to-date: /home/mau/skid_steer_ws/install/skid_steer_controller/share/skid_steer_controller/environment/pythonpath.sh
[0.955s] -- Up-to-date: /home/mau/skid_steer_ws/install/skid_steer_controller/share/skid_steer_controller/environment/pythonpath.dsv
[0.955s] -- Up-to-date: /home/mau/skid_steer_ws/install/skid_steer_controller/local/lib/python3.10/dist-packages/skid_steer_controller-0.0.0-py3.10.egg-info
[0.955s] -- Installing: /home/mau/skid_steer_ws/install/skid_steer_controller/local/lib/python3.10/dist-packages/skid_steer_controller-0.0.0-py3.10.egg-info/SOURCES.txt
[0.955s] -- Installing: /home/mau/skid_steer_ws/install/skid_steer_controller/local/lib/python3.10/dist-packages/skid_steer_controller-0.0.0-py3.10.egg-info/dependency_links.txt
[0.956s] -- Installing: /home/mau/skid_steer_ws/install/skid_steer_controller/local/lib/python3.10/dist-packages/skid_steer_controller-0.0.0-py3.10.egg-info/top_level.txt
[0.956s] -- Installing: /home/mau/skid_steer_ws/install/skid_steer_controller/local/lib/python3.10/dist-packages/skid_steer_controller-0.0.0-py3.10.egg-info/PKG-INFO
[0.956s] -- Up-to-date: /home/mau/skid_steer_ws/install/skid_steer_controller/local/lib/python3.10/dist-packages/skid_steer_controller
[0.956s] -- Up-to-date: /home/mau/skid_steer_ws/install/skid_steer_controller/local/lib/python3.10/dist-packages/skid_steer_controller/simple_controller.py
[0.957s] -- Up-to-date: /home/mau/skid_steer_ws/install/skid_steer_controller/local/lib/python3.10/dist-packages/skid_steer_controller/__init__.py
[0.957s] -- Up-to-date: /home/mau/skid_steer_ws/install/skid_steer_controller/local/lib/python3.10/dist-packages/skid_steer_controller/noisy_controller.py
[0.989s] Listing '/home/mau/skid_steer_ws/install/skid_steer_controller/local/lib/python3.10/dist-packages/skid_steer_controller'...
[0.993s] -- Up-to-date: /home/mau/skid_steer_ws/install/skid_steer_controller/include/include
[0.993s] -- Up-to-date: /home/mau/skid_steer_ws/install/skid_steer_controller/include/include/skid_steer_controller
[0.993s] -- Up-to-date: /home/mau/skid_steer_ws/install/skid_steer_controller/include/include/skid_steer_controller/simple_controller.hpp
[0.993s] -- Up-to-date: /home/mau/skid_steer_ws/install/skid_steer_controller/include/include/skid_steer_controller/noisy_controller.hpp
[0.993s] -- Up-to-date: /home/mau/skid_steer_ws/install/skid_steer_controller/lib/skid_steer_controller/simple_controller
[0.994s] -- Up-to-date: /home/mau/skid_steer_ws/install/skid_steer_controller/lib/skid_steer_controller/noisy_controller
[0.995s] -- Up-to-date: /home/mau/skid_steer_ws/install/skid_steer_controller/share/skid_steer_controller/config
[0.995s] -- Installing: /home/mau/skid_steer_ws/install/skid_steer_controller/share/skid_steer_controller/config/skid_steer_controllers.yaml
[0.995s] -- Up-to-date: /home/mau/skid_steer_ws/install/skid_steer_controller/share/skid_steer_controller/config/twist_mux.yaml
[0.995s] -- Up-to-date: /home/mau/skid_steer_ws/install/skid_steer_controller/share/skid_steer_controller/launch
[0.995s] -- Up-to-date: /home/mau/skid_steer_ws/install/skid_steer_controller/share/skid_steer_controller/launch/controller_V1.launch.py
[0.995s] -- Up-to-date: /home/mau/skid_steer_ws/install/skid_steer_controller/share/skid_steer_controller/launch/controller.launch.py
[0.995s] -- Up-to-date: /home/mau/skid_steer_ws/install/skid_steer_controller/lib/skid_steer_controller/simple_controller.py
[0.995s] -- Up-to-date: /home/mau/skid_steer_ws/install/skid_steer_controller/lib/skid_steer_controller/noisy_controller.py
[0.995s] -- Up-to-date: /home/mau/skid_steer_ws/install/skid_steer_controller/share/ament_index/resource_index/package_run_dependencies/skid_steer_controller
[0.995s] -- Up-to-date: /home/mau/skid_steer_ws/install/skid_steer_controller/share/ament_index/resource_index/parent_prefix_path/skid_steer_controller
[0.995s] -- Up-to-date: /home/mau/skid_steer_ws/install/skid_steer_controller/share/skid_steer_controller/environment/ament_prefix_path.sh
[0.996s] -- Up-to-date: /home/mau/skid_steer_ws/install/skid_steer_controller/share/skid_steer_controller/environment/ament_prefix_path.dsv
[0.996s] -- Up-to-date: /home/mau/skid_steer_ws/install/skid_steer_controller/share/skid_steer_controller/environment/path.sh
[0.996s] -- Up-to-date: /home/mau/skid_steer_ws/install/skid_steer_controller/share/skid_steer_controller/environment/path.dsv
[0.996s] -- Up-to-date: /home/mau/skid_steer_ws/install/skid_steer_controller/share/skid_steer_controller/local_setup.bash
[0.996s] -- Up-to-date: /home/mau/skid_steer_ws/install/skid_steer_controller/share/skid_steer_controller/local_setup.sh
[0.996s] -- Up-to-date: /home/mau/skid_steer_ws/install/skid_steer_controller/share/skid_steer_controller/local_setup.zsh
[0.996s] -- Up-to-date: /home/mau/skid_steer_ws/install/skid_steer_controller/share/skid_steer_controller/local_setup.dsv
[0.996s] -- Installing: /home/mau/skid_steer_ws/install/skid_steer_controller/share/skid_steer_controller/package.dsv
[0.996s] -- Up-to-date: /home/mau/skid_steer_ws/install/skid_steer_controller/share/ament_index/resource_index/packages/skid_steer_controller
[0.996s] -- Up-to-date: /home/mau/skid_steer_ws/install/skid_steer_controller/share/skid_steer_controller/cmake/skid_steer_controllerConfig.cmake
[0.996s] -- Up-to-date: /home/mau/skid_steer_ws/install/skid_steer_controller/share/skid_steer_controller/cmake/skid_steer_controllerConfig-version.cmake
[0.996s] -- Up-to-date: /home/mau/skid_steer_ws/install/skid_steer_controller/share/skid_steer_controller/package.xml
[1.003s] Invoked command in '/home/mau/skid_steer_ws/build/skid_steer_controller' returned '0': CMAKE_PREFIX_PATH=${CMAKE_PREFIX_PATH}:/home/mau/bumperbot_ws/install/bumperbot_py_examples:/home/mau/ros2_ws/install/my_py_pkg:/home/mau/skid_steer_ws/install/skid_steer_py_examples:/home/mau/skid_steer_ws/install/imu_driver:/opt/ros/humble /usr/bin/cmake --install /home/mau/skid_steer_ws/build/skid_steer_controller
