[0.322s] Invoking command in '/home/mau/skid_steer_ws/build/skid_steer_controller': CMAKE_PREFIX_PATH=${CMAKE_PREFIX_PATH}:/home/mau/bumperbot_ws/install/bumperbot_py_examples:/home/mau/ros2_ws/install/my_py_pkg:/home/mau/skid_steer_ws/install/skid_steer_py_examples:/home/mau/skid_steer_ws/install/imu_driver:/opt/ros/humble /usr/bin/cmake --build /home/mau/skid_steer_ws/build/skid_steer_controller -- -j12 -l12
[0.423s] [  0%] Built target ament_cmake_python_copy_skid_steer_controller
[0.423s] [ 50%] Built target noisy_controller
[0.442s] [100%] Built target simple_controller
[0.738s] running egg_info
[0.738s] writing skid_steer_controller.egg-info/PKG-INFO
[0.738s] writing dependency_links to skid_steer_controller.egg-info/dependency_links.txt
[0.739s] writing top-level names to skid_steer_controller.egg-info/top_level.txt
[0.740s] reading manifest file 'skid_steer_controller.egg-info/SOURCES.txt'
[0.741s] writing manifest file 'skid_steer_controller.egg-info/SOURCES.txt'
[0.769s] [100%] Built target ament_cmake_python_build_skid_steer_controller_egg
[1.036s] Invoked command in '/home/mau/skid_steer_ws/build/skid_steer_controller' returned '0': CMAKE_PREFIX_PATH=${CMAKE_PREFIX_PATH}:/home/mau/bumperbot_ws/install/bumperbot_py_examples:/home/mau/ros2_ws/install/my_py_pkg:/home/mau/skid_steer_ws/install/skid_steer_py_examples:/home/mau/skid_steer_ws/install/imu_driver:/opt/ros/humble /usr/bin/cmake --build /home/mau/skid_steer_ws/build/skid_steer_controller -- -j12 -l12
[1.037s] Invoking command in '/home/mau/skid_steer_ws/build/skid_steer_controller': CMAKE_PREFIX_PATH=${CMAKE_PREFIX_PATH}:/home/mau/bumperbot_ws/install/bumperbot_py_examples:/home/mau/ros2_ws/install/my_py_pkg:/home/mau/skid_steer_ws/install/skid_steer_py_examples:/home/mau/skid_steer_ws/install/imu_driver:/opt/ros/humble /usr/bin/cmake --install /home/mau/skid_steer_ws/build/skid_steer_controller
[1.047s] -- Install configuration: ""
[1.048s] -- Up-to-date: /home/mau/skid_steer_ws/install/skid_steer_controller/share/skid_steer_controller/environment/pythonpath.sh
[1.048s] -- Up-to-date: /home/mau/skid_steer_ws/install/skid_steer_controller/share/skid_steer_controller/environment/pythonpath.dsv
[1.048s] -- Up-to-date: /home/mau/skid_steer_ws/install/skid_steer_controller/local/lib/python3.10/dist-packages/skid_steer_controller-0.0.0-py3.10.egg-info
[1.048s] -- Installing: /home/mau/skid_steer_ws/install/skid_steer_controller/local/lib/python3.10/dist-packages/skid_steer_controller-0.0.0-py3.10.egg-info/SOURCES.txt
[1.049s] -- Installing: /home/mau/skid_steer_ws/install/skid_steer_controller/local/lib/python3.10/dist-packages/skid_steer_controller-0.0.0-py3.10.egg-info/dependency_links.txt
[1.049s] -- Installing: /home/mau/skid_steer_ws/install/skid_steer_controller/local/lib/python3.10/dist-packages/skid_steer_controller-0.0.0-py3.10.egg-info/top_level.txt
[1.049s] -- Installing: /home/mau/skid_steer_ws/install/skid_steer_controller/local/lib/python3.10/dist-packages/skid_steer_controller-0.0.0-py3.10.egg-info/PKG-INFO
[1.049s] -- Up-to-date: /home/mau/skid_steer_ws/install/skid_steer_controller/local/lib/python3.10/dist-packages/skid_steer_controller
[1.049s] -- Up-to-date: /home/mau/skid_steer_ws/install/skid_steer_controller/local/lib/python3.10/dist-packages/skid_steer_controller/simple_controller.py
[1.049s] -- Up-to-date: /home/mau/skid_steer_ws/install/skid_steer_controller/local/lib/python3.10/dist-packages/skid_steer_controller/__init__.py
[1.049s] -- Up-to-date: /home/mau/skid_steer_ws/install/skid_steer_controller/local/lib/python3.10/dist-packages/skid_steer_controller/noisy_controller.py
[1.086s] Listing '/home/mau/skid_steer_ws/install/skid_steer_controller/local/lib/python3.10/dist-packages/skid_steer_controller'...
[1.090s] -- Up-to-date: /home/mau/skid_steer_ws/install/skid_steer_controller/include/include
[1.091s] -- Up-to-date: /home/mau/skid_steer_ws/install/skid_steer_controller/include/include/skid_steer_controller
[1.091s] -- Up-to-date: /home/mau/skid_steer_ws/install/skid_steer_controller/include/include/skid_steer_controller/simple_controller.hpp
[1.092s] -- Up-to-date: /home/mau/skid_steer_ws/install/skid_steer_controller/include/include/skid_steer_controller/noisy_controller.hpp
[1.094s] -- Up-to-date: /home/mau/skid_steer_ws/install/skid_steer_controller/lib/skid_steer_controller/simple_controller
[1.094s] -- Up-to-date: /home/mau/skid_steer_ws/install/skid_steer_controller/lib/skid_steer_controller/noisy_controller
[1.094s] -- Up-to-date: /home/mau/skid_steer_ws/install/skid_steer_controller/share/skid_steer_controller/config
[1.094s] -- Up-to-date: /home/mau/skid_steer_ws/install/skid_steer_controller/share/skid_steer_controller/config/skid_steer_controllers.yaml
[1.095s] -- Up-to-date: /home/mau/skid_steer_ws/install/skid_steer_controller/share/skid_steer_controller/config/twist_mux.yaml
[1.095s] -- Up-to-date: /home/mau/skid_steer_ws/install/skid_steer_controller/share/skid_steer_controller/launch
[1.095s] -- Up-to-date: /home/mau/skid_steer_ws/install/skid_steer_controller/share/skid_steer_controller/launch/controller_V1.launch.py
[1.095s] -- Up-to-date: /home/mau/skid_steer_ws/install/skid_steer_controller/share/skid_steer_controller/launch/controller.launch.py
[1.095s] -- Up-to-date: /home/mau/skid_steer_ws/install/skid_steer_controller/lib/skid_steer_controller/simple_controller.py
[1.095s] -- Up-to-date: /home/mau/skid_steer_ws/install/skid_steer_controller/lib/skid_steer_controller/noisy_controller.py
[1.096s] -- Up-to-date: /home/mau/skid_steer_ws/install/skid_steer_controller/share/ament_index/resource_index/package_run_dependencies/skid_steer_controller
[1.096s] -- Up-to-date: /home/mau/skid_steer_ws/install/skid_steer_controller/share/ament_index/resource_index/parent_prefix_path/skid_steer_controller
[1.096s] -- Up-to-date: /home/mau/skid_steer_ws/install/skid_steer_controller/share/skid_steer_controller/environment/ament_prefix_path.sh
[1.096s] -- Up-to-date: /home/mau/skid_steer_ws/install/skid_steer_controller/share/skid_steer_controller/environment/ament_prefix_path.dsv
[1.096s] -- Up-to-date: /home/mau/skid_steer_ws/install/skid_steer_controller/share/skid_steer_controller/environment/path.sh
[1.097s] -- Up-to-date: /home/mau/skid_steer_ws/install/skid_steer_controller/share/skid_steer_controller/environment/path.dsv
[1.097s] -- Up-to-date: /home/mau/skid_steer_ws/install/skid_steer_controller/share/skid_steer_controller/local_setup.bash
[1.097s] -- Up-to-date: /home/mau/skid_steer_ws/install/skid_steer_controller/share/skid_steer_controller/local_setup.sh
[1.097s] -- Up-to-date: /home/mau/skid_steer_ws/install/skid_steer_controller/share/skid_steer_controller/local_setup.zsh
[1.097s] -- Up-to-date: /home/mau/skid_steer_ws/install/skid_steer_controller/share/skid_steer_controller/local_setup.dsv
[1.097s] -- Installing: /home/mau/skid_steer_ws/install/skid_steer_controller/share/skid_steer_controller/package.dsv
[1.099s] -- Up-to-date: /home/mau/skid_steer_ws/install/skid_steer_controller/share/ament_index/resource_index/packages/skid_steer_controller
[1.099s] -- Up-to-date: /home/mau/skid_steer_ws/install/skid_steer_controller/share/skid_steer_controller/cmake/skid_steer_controllerConfig.cmake
[1.099s] -- Up-to-date: /home/mau/skid_steer_ws/install/skid_steer_controller/share/skid_steer_controller/cmake/skid_steer_controllerConfig-version.cmake
[1.099s] -- Up-to-date: /home/mau/skid_steer_ws/install/skid_steer_controller/share/skid_steer_controller/package.xml
[1.106s] Invoked command in '/home/mau/skid_steer_ws/build/skid_steer_controller' returned '0': CMAKE_PREFIX_PATH=${CMAKE_PREFIX_PATH}:/home/mau/bumperbot_ws/install/bumperbot_py_examples:/home/mau/ros2_ws/install/my_py_pkg:/home/mau/skid_steer_ws/install/skid_steer_py_examples:/home/mau/skid_steer_ws/install/imu_driver:/opt/ros/humble /usr/bin/cmake --install /home/mau/skid_steer_ws/build/skid_steer_controller
