[0.276s] Invoking command in '/home/mau/skid_steer_ws/build/skid_steer_slam': CMAKE_PREFIX_PATH=${CMAKE_PREFIX_PATH}:/home/mau/bumperbot_ws/install/bumperbot_py_examples:/home/mau/ros2_ws/install/my_py_pkg:/home/mau/skid_steer_ws/install/skid_steer_py_examples:/home/mau/skid_steer_ws/install/imu_driver:/opt/ros/humble /usr/bin/cmake /home/mau/skid_steer_ws/src/skid_steer_slam -DCMAKE_INSTALL_PREFIX=/home/mau/skid_steer_ws/install/skid_steer_slam
[1.215s] -- The C compiler identification is GNU 11.4.0
[1.217s] -- The CXX compiler identification is GNU 11.4.0
[1.217s] -- Detecting C compiler ABI info
[1.217s] -- Detecting C compiler ABI info - done
[1.218s] -- Check for working C compiler: /usr/bin/cc - skipped
[1.218s] -- Detecting C compile features
[1.218s] -- Detecting C compile features - done
[1.218s] -- Detecting CXX compiler ABI info
[1.218s] -- Detecting CXX compiler ABI info - done
[1.218s] -- Check for working CXX compiler: /usr/bin/c++ - skipped
[1.218s] -- Detecting CXX compile features
[1.218s] -- Detecting CXX compile features - done
[1.218s] -- Found ament_cmake: 1.3.12 (/opt/ros/humble/share/ament_cmake/cmake)
[1.219s] -- Found Python3: /usr/bin/python3 (found version "3.10.12") found components: Interpreter 
[1.219s] -- Found ament_lint_auto: 0.12.14 (/opt/ros/humble/share/ament_lint_auto/cmake)
[1.219s] -- Added test 'flake8' to check Python code syntax and style conventions
[1.219s] -- Added test 'lint_cmake' to check CMake code style
[1.219s] -- Added test 'pep257' to check Python code against some of the docstring style conventions in PEP 257
[1.219s] -- Added test 'xmllint' to check XML markup files
[1.219s] -- Configuring done
[1.220s] -- Generating done
[1.220s] -- Build files have been written to: /home/mau/skid_steer_ws/build/skid_steer_slam
[1.223s] Invoked command in '/home/mau/skid_steer_ws/build/skid_steer_slam' returned '0': CMAKE_PREFIX_PATH=${CMAKE_PREFIX_PATH}:/home/mau/bumperbot_ws/install/bumperbot_py_examples:/home/mau/ros2_ws/install/my_py_pkg:/home/mau/skid_steer_ws/install/skid_steer_py_examples:/home/mau/skid_steer_ws/install/imu_driver:/opt/ros/humble /usr/bin/cmake /home/mau/skid_steer_ws/src/skid_steer_slam -DCMAKE_INSTALL_PREFIX=/home/mau/skid_steer_ws/install/skid_steer_slam
[1.226s] Invoking command in '/home/mau/skid_steer_ws/build/skid_steer_slam': CMAKE_PREFIX_PATH=${CMAKE_PREFIX_PATH}:/home/mau/bumperbot_ws/install/bumperbot_py_examples:/home/mau/ros2_ws/install/my_py_pkg:/home/mau/skid_steer_ws/install/skid_steer_py_examples:/home/mau/skid_steer_ws/install/imu_driver:/opt/ros/humble /usr/bin/cmake --build /home/mau/skid_steer_ws/build/skid_steer_slam -- -j12 -l12
[1.420s] Invoked command in '/home/mau/skid_steer_ws/build/skid_steer_slam' returned '0': CMAKE_PREFIX_PATH=${CMAKE_PREFIX_PATH}:/home/mau/bumperbot_ws/install/bumperbot_py_examples:/home/mau/ros2_ws/install/my_py_pkg:/home/mau/skid_steer_ws/install/skid_steer_py_examples:/home/mau/skid_steer_ws/install/imu_driver:/opt/ros/humble /usr/bin/cmake --build /home/mau/skid_steer_ws/build/skid_steer_slam -- -j12 -l12
[1.423s] Invoking command in '/home/mau/skid_steer_ws/build/skid_steer_slam': CMAKE_PREFIX_PATH=${CMAKE_PREFIX_PATH}:/home/mau/bumperbot_ws/install/bumperbot_py_examples:/home/mau/ros2_ws/install/my_py_pkg:/home/mau/skid_steer_ws/install/skid_steer_py_examples:/home/mau/skid_steer_ws/install/imu_driver:/opt/ros/humble /usr/bin/cmake --install /home/mau/skid_steer_ws/build/skid_steer_slam
[1.444s] -- Install configuration: ""
[1.444s] -- Installing: /home/mau/skid_steer_ws/install/skid_steer_slam/share/skid_steer_slam/launch
[1.444s] -- Installing: /home/mau/skid_steer_ws/install/skid_steer_slam/share/skid_steer_slam/launch/online_async_slam.launch.py
[1.444s] -- Installing: /home/mau/skid_steer_ws/install/skid_steer_slam/share/skid_steer_slam/config
[1.444s] -- Installing: /home/mau/skid_steer_ws/install/skid_steer_slam/share/skid_steer_slam/config/mapper_params_online_async.yaml
[1.444s] -- Installing: /home/mau/skid_steer_ws/install/skid_steer_slam/share/skid_steer_slam/maps
[1.444s] -- Installing: /home/mau/skid_steer_ws/install/skid_steer_slam/share/skid_steer_slam/maps/map_explanada.pgm
[1.444s] -- Installing: /home/mau/skid_steer_ws/install/skid_steer_slam/share/skid_steer_slam/maps/mapa_explanada_v1.yaml
[1.444s] -- Installing: /home/mau/skid_steer_ws/install/skid_steer_slam/share/skid_steer_slam/maps/map_explanada.data
[1.466s] -- Installing: /home/mau/skid_steer_ws/install/skid_steer_slam/share/skid_steer_slam/maps/mapa_explanada_v1.posegraph
[1.550s] -- Installing: /home/mau/skid_steer_ws/install/skid_steer_slam/share/skid_steer_slam/maps/map_explanada.yaml
[1.550s] -- Installing: /home/mau/skid_steer_ws/install/skid_steer_slam/share/skid_steer_slam/maps/mapa_explanada_v1.data
[1.564s] -- Installing: /home/mau/skid_steer_ws/install/skid_steer_slam/share/skid_steer_slam/maps/mapa_explanada_v1.pgm
[1.566s] -- Installing: /home/mau/skid_steer_ws/install/skid_steer_slam/share/skid_steer_slam/maps/map_explanada.posegraph
[1.648s] -- Installing: /home/mau/skid_steer_ws/install/skid_steer_slam/share/ament_index/resource_index/package_run_dependencies/skid_steer_slam
[1.648s] -- Installing: /home/mau/skid_steer_ws/install/skid_steer_slam/share/ament_index/resource_index/parent_prefix_path/skid_steer_slam
[1.649s] -- Installing: /home/mau/skid_steer_ws/install/skid_steer_slam/share/skid_steer_slam/environment/ament_prefix_path.sh
[1.649s] -- Installing: /home/mau/skid_steer_ws/install/skid_steer_slam/share/skid_steer_slam/environment/ament_prefix_path.dsv
[1.649s] -- Installing: /home/mau/skid_steer_ws/install/skid_steer_slam/share/skid_steer_slam/environment/path.sh
[1.649s] -- Installing: /home/mau/skid_steer_ws/install/skid_steer_slam/share/skid_steer_slam/environment/path.dsv
[1.649s] -- Installing: /home/mau/skid_steer_ws/install/skid_steer_slam/share/skid_steer_slam/local_setup.bash
[1.650s] -- Installing: /home/mau/skid_steer_ws/install/skid_steer_slam/share/skid_steer_slam/local_setup.sh
[1.650s] -- Installing: /home/mau/skid_steer_ws/install/skid_steer_slam/share/skid_steer_slam/local_setup.zsh
[1.650s] -- Installing: /home/mau/skid_steer_ws/install/skid_steer_slam/share/skid_steer_slam/local_setup.dsv
[1.650s] -- Installing: /home/mau/skid_steer_ws/install/skid_steer_slam/share/skid_steer_slam/package.dsv
[1.650s] -- Installing: /home/mau/skid_steer_ws/install/skid_steer_slam/share/ament_index/resource_index/packages/skid_steer_slam
[1.651s] -- Installing: /home/mau/skid_steer_ws/install/skid_steer_slam/share/skid_steer_slam/cmake/skid_steer_slamConfig.cmake
[1.651s] -- Installing: /home/mau/skid_steer_ws/install/skid_steer_slam/share/skid_steer_slam/cmake/skid_steer_slamConfig-version.cmake
[1.651s] -- Installing: /home/mau/skid_steer_ws/install/skid_steer_slam/share/skid_steer_slam/package.xml
[1.660s] Invoked command in '/home/mau/skid_steer_ws/build/skid_steer_slam' returned '0': CMAKE_PREFIX_PATH=${CMAKE_PREFIX_PATH}:/home/mau/bumperbot_ws/install/bumperbot_py_examples:/home/mau/ros2_ws/install/my_py_pkg:/home/mau/skid_steer_ws/install/skid_steer_py_examples:/home/mau/skid_steer_ws/install/imu_driver:/opt/ros/humble /usr/bin/cmake --install /home/mau/skid_steer_ws/build/skid_steer_slam
