[0.323s] Invoking command in '/home/mau/skid_steer_ws/build/lora_node': CMAKE_PREFIX_PATH=${CMAKE_PREFIX_PATH}:/home/mau/bumperbot_ws/install/bumperbot_py_examples:/home/mau/ros2_ws/install/my_py_pkg:/home/mau/skid_steer_ws/install/skid_steer_py_examples:/home/mau/skid_steer_ws/install/imu_driver:/opt/ros/humble /usr/bin/cmake --build /home/mau/skid_steer_ws/build/lora_node -- -j12 -l12
[0.419s] [100%] Built target lora_goal_receiver
[0.498s] Invoked command in '/home/mau/skid_steer_ws/build/lora_node' returned '0': CMAKE_PREFIX_PATH=${CMAKE_PREFIX_PATH}:/home/mau/bumperbot_ws/install/bumperbot_py_examples:/home/mau/ros2_ws/install/my_py_pkg:/home/mau/skid_steer_ws/install/skid_steer_py_examples:/home/mau/skid_steer_ws/install/imu_driver:/opt/ros/humble /usr/bin/cmake --build /home/mau/skid_steer_ws/build/lora_node -- -j12 -l12
[0.512s] Invoking command in '/home/mau/skid_steer_ws/build/lora_node': CMAKE_PREFIX_PATH=${CMAKE_PREFIX_PATH}:/home/mau/bumperbot_ws/install/bumperbot_py_examples:/home/mau/ros2_ws/install/my_py_pkg:/home/mau/skid_steer_ws/install/skid_steer_py_examples:/home/mau/skid_steer_ws/install/imu_driver:/opt/ros/humble /usr/bin/cmake --install /home/mau/skid_steer_ws/build/lora_node
[0.546s] -- Install configuration: ""
[0.546s] -- Up-to-date: /home/mau/skid_steer_ws/install/lora_node/lib/lora_node/lora_goal_receiver
[0.549s] -- Up-to-date: /home/mau/skid_steer_ws/install/lora_node/share/ament_index/resource_index/package_run_dependencies/lora_node
[0.549s] -- Up-to-date: /home/mau/skid_steer_ws/install/lora_node/share/ament_index/resource_index/parent_prefix_path/lora_node
[0.549s] -- Up-to-date: /home/mau/skid_steer_ws/install/lora_node/share/lora_node/environment/ament_prefix_path.sh
[0.549s] -- Up-to-date: /home/mau/skid_steer_ws/install/lora_node/share/lora_node/environment/ament_prefix_path.dsv
[0.549s] -- Up-to-date: /home/mau/skid_steer_ws/install/lora_node/share/lora_node/environment/path.sh
[0.549s] -- Up-to-date: /home/mau/skid_steer_ws/install/lora_node/share/lora_node/environment/path.dsv
[0.549s] -- Up-to-date: /home/mau/skid_steer_ws/install/lora_node/share/lora_node/local_setup.bash
[0.549s] -- Up-to-date: /home/mau/skid_steer_ws/install/lora_node/share/lora_node/local_setup.sh
[0.549s] -- Up-to-date: /home/mau/skid_steer_ws/install/lora_node/share/lora_node/local_setup.zsh
[0.549s] -- Up-to-date: /home/mau/skid_steer_ws/install/lora_node/share/lora_node/local_setup.dsv
[0.549s] -- Installing: /home/mau/skid_steer_ws/install/lora_node/share/lora_node/package.dsv
[0.549s] -- Up-to-date: /home/mau/skid_steer_ws/install/lora_node/share/ament_index/resource_index/packages/lora_node
[0.550s] -- Up-to-date: /home/mau/skid_steer_ws/install/lora_node/share/lora_node/cmake/lora_nodeConfig.cmake
[0.550s] -- Up-to-date: /home/mau/skid_steer_ws/install/lora_node/share/lora_node/cmake/lora_nodeConfig-version.cmake
[0.550s] -- Up-to-date: /home/mau/skid_steer_ws/install/lora_node/share/lora_node/package.xml
[0.623s] Invoked command in '/home/mau/skid_steer_ws/build/lora_node' returned '0': CMAKE_PREFIX_PATH=${CMAKE_PREFIX_PATH}:/home/mau/bumperbot_ws/install/bumperbot_py_examples:/home/mau/ros2_ws/install/my_py_pkg:/home/mau/skid_steer_ws/install/skid_steer_py_examples:/home/mau/skid_steer_ws/install/imu_driver:/opt/ros/humble /usr/bin/cmake --install /home/mau/skid_steer_ws/build/lora_node
