[0.304s] Invoking command in '/home/mau/skid_steer_ws/build/skid_steer_localization': CMAKE_PREFIX_PATH=${CMAKE_PREFIX_PATH}:/home/mau/bumperbot_ws/install/bumperbot_py_examples:/home/mau/ros2_ws/install/my_py_pkg:/home/mau/skid_steer_ws/install/skid_steer_py_examples:/home/mau/skid_steer_ws/install/imu_driver:/opt/ros/humble /usr/bin/cmake --build /home/mau/skid_steer_ws/build/skid_steer_localization -- -j12 -l12
[0.445s] [ 50%] Built target kalman_filter
[0.445s] [100%] Built target imu_republisher
[0.456s] [100%] Built target ament_cmake_python_copy_skid_steer_localization
[0.703s] running egg_info
[0.704s] writing skid_steer_localization.egg-info/PKG-INFO
[0.704s] writing dependency_links to skid_steer_localization.egg-info/dependency_links.txt
[0.704s] writing top-level names to skid_steer_localization.egg-info/top_level.txt
[0.707s] reading manifest file 'skid_steer_localization.egg-info/SOURCES.txt'
[0.708s] writing manifest file 'skid_steer_localization.egg-info/SOURCES.txt'
[0.736s] [100%] Built target ament_cmake_python_build_skid_steer_localization_egg
[0.970s] Invoked command in '/home/mau/skid_steer_ws/build/skid_steer_localization' returned '0': CMAKE_PREFIX_PATH=${CMAKE_PREFIX_PATH}:/home/mau/bumperbot_ws/install/bumperbot_py_examples:/home/mau/ros2_ws/install/my_py_pkg:/home/mau/skid_steer_ws/install/skid_steer_py_examples:/home/mau/skid_steer_ws/install/imu_driver:/opt/ros/humble /usr/bin/cmake --build /home/mau/skid_steer_ws/build/skid_steer_localization -- -j12 -l12
[0.971s] Invoking command in '/home/mau/skid_steer_ws/build/skid_steer_localization': CMAKE_PREFIX_PATH=${CMAKE_PREFIX_PATH}:/home/mau/bumperbot_ws/install/bumperbot_py_examples:/home/mau/ros2_ws/install/my_py_pkg:/home/mau/skid_steer_ws/install/skid_steer_py_examples:/home/mau/skid_steer_ws/install/imu_driver:/opt/ros/humble /usr/bin/cmake --install /home/mau/skid_steer_ws/build/skid_steer_localization
[0.992s] -- Install configuration: ""
[0.992s] -- Up-to-date: /home/mau/skid_steer_ws/install/skid_steer_localization/share/skid_steer_localization/environment/pythonpath.sh
[0.992s] -- Up-to-date: /home/mau/skid_steer_ws/install/skid_steer_localization/share/skid_steer_localization/environment/pythonpath.dsv
[0.992s] -- Up-to-date: /home/mau/skid_steer_ws/install/skid_steer_localization/local/lib/python3.10/dist-packages/skid_steer_localization-0.0.0-py3.10.egg-info
[0.992s] -- Installing: /home/mau/skid_steer_ws/install/skid_steer_localization/local/lib/python3.10/dist-packages/skid_steer_localization-0.0.0-py3.10.egg-info/SOURCES.txt
[0.992s] -- Installing: /home/mau/skid_steer_ws/install/skid_steer_localization/local/lib/python3.10/dist-packages/skid_steer_localization-0.0.0-py3.10.egg-info/dependency_links.txt
[0.992s] -- Installing: /home/mau/skid_steer_ws/install/skid_steer_localization/local/lib/python3.10/dist-packages/skid_steer_localization-0.0.0-py3.10.egg-info/top_level.txt
[0.992s] -- Installing: /home/mau/skid_steer_ws/install/skid_steer_localization/local/lib/python3.10/dist-packages/skid_steer_localization-0.0.0-py3.10.egg-info/PKG-INFO
[0.992s] -- Up-to-date: /home/mau/skid_steer_ws/install/skid_steer_localization/local/lib/python3.10/dist-packages/skid_steer_localization
[0.992s] -- Up-to-date: /home/mau/skid_steer_ws/install/skid_steer_localization/local/lib/python3.10/dist-packages/skid_steer_localization/__init__.py
[0.993s] -- Up-to-date: /home/mau/skid_steer_ws/install/skid_steer_localization/local/lib/python3.10/dist-packages/skid_steer_localization/imu_republisher.py
[0.993s] -- Up-to-date: /home/mau/skid_steer_ws/install/skid_steer_localization/local/lib/python3.10/dist-packages/skid_steer_localization/kalman_filter.py
[1.018s] Listing '/home/mau/skid_steer_ws/install/skid_steer_localization/local/lib/python3.10/dist-packages/skid_steer_localization'...
[1.021s] -- Up-to-date: /home/mau/skid_steer_ws/install/skid_steer_localization/lib/skid_steer_localization/kalman_filter.py
[1.021s] -- Up-to-date: /home/mau/skid_steer_ws/install/skid_steer_localization/lib/skid_steer_localization/imu_republisher.py
[1.021s] -- Up-to-date: /home/mau/skid_steer_ws/install/skid_steer_localization/lib/skid_steer_localization/kalman_filter
[1.022s] -- Up-to-date: /home/mau/skid_steer_ws/install/skid_steer_localization/lib/skid_steer_localization/imu_republisher
[1.022s] -- Up-to-date: /home/mau/skid_steer_ws/install/skid_steer_localization/include/include
[1.022s] -- Up-to-date: /home/mau/skid_steer_ws/install/skid_steer_localization/include/include/skid_steer_localization
[1.022s] -- Up-to-date: /home/mau/skid_steer_ws/install/skid_steer_localization/include/include/skid_steer_localization/kalman_filter.hpp
[1.022s] -- Up-to-date: /home/mau/skid_steer_ws/install/skid_steer_localization/share/skid_steer_localization/launch
[1.023s] -- Up-to-date: /home/mau/skid_steer_ws/install/skid_steer_localization/share/skid_steer_localization/launch/local_localization.launch.py
[1.023s] -- Up-to-date: /home/mau/skid_steer_ws/install/skid_steer_localization/share/skid_steer_localization/config
[1.023s] -- Up-to-date: /home/mau/skid_steer_ws/install/skid_steer_localization/share/skid_steer_localization/config/ekf.yaml
[1.023s] -- Up-to-date: /home/mau/skid_steer_ws/install/skid_steer_localization/share/ament_index/resource_index/package_run_dependencies/skid_steer_localization
[1.023s] -- Up-to-date: /home/mau/skid_steer_ws/install/skid_steer_localization/share/ament_index/resource_index/parent_prefix_path/skid_steer_localization
[1.023s] -- Up-to-date: /home/mau/skid_steer_ws/install/skid_steer_localization/share/skid_steer_localization/environment/ament_prefix_path.sh
[1.023s] -- Up-to-date: /home/mau/skid_steer_ws/install/skid_steer_localization/share/skid_steer_localization/environment/ament_prefix_path.dsv
[1.024s] -- Up-to-date: /home/mau/skid_steer_ws/install/skid_steer_localization/share/skid_steer_localization/environment/path.sh
[1.024s] -- Up-to-date: /home/mau/skid_steer_ws/install/skid_steer_localization/share/skid_steer_localization/environment/path.dsv
[1.024s] -- Up-to-date: /home/mau/skid_steer_ws/install/skid_steer_localization/share/skid_steer_localization/local_setup.bash
[1.024s] -- Up-to-date: /home/mau/skid_steer_ws/install/skid_steer_localization/share/skid_steer_localization/local_setup.sh
[1.024s] -- Up-to-date: /home/mau/skid_steer_ws/install/skid_steer_localization/share/skid_steer_localization/local_setup.zsh
[1.024s] -- Up-to-date: /home/mau/skid_steer_ws/install/skid_steer_localization/share/skid_steer_localization/local_setup.dsv
[1.024s] -- Installing: /home/mau/skid_steer_ws/install/skid_steer_localization/share/skid_steer_localization/package.dsv
[1.024s] -- Up-to-date: /home/mau/skid_steer_ws/install/skid_steer_localization/share/ament_index/resource_index/packages/skid_steer_localization
[1.024s] -- Up-to-date: /home/mau/skid_steer_ws/install/skid_steer_localization/share/skid_steer_localization/cmake/skid_steer_localizationConfig.cmake
[1.024s] -- Up-to-date: /home/mau/skid_steer_ws/install/skid_steer_localization/share/skid_steer_localization/cmake/skid_steer_localizationConfig-version.cmake
[1.025s] -- Up-to-date: /home/mau/skid_steer_ws/install/skid_steer_localization/share/skid_steer_localization/package.xml
[1.027s] Invoked command in '/home/mau/skid_steer_ws/build/skid_steer_localization' returned '0': CMAKE_PREFIX_PATH=${CMAKE_PREFIX_PATH}:/home/mau/bumperbot_ws/install/bumperbot_py_examples:/home/mau/ros2_ws/install/my_py_pkg:/home/mau/skid_steer_ws/install/skid_steer_py_examples:/home/mau/skid_steer_ws/install/imu_driver:/opt/ros/humble /usr/bin/cmake --install /home/mau/skid_steer_ws/build/skid_steer_localization
