[100%] Built target follow_path_trace
-- Install configuration: ""
-- Up-to-date: /home/mau/skid_steer_ws/install/skid_steer_utils/include/include
-- Up-to-date: /home/mau/skid_steer_ws/install/skid_steer_utils/include/include/skid_steer_utils
-- Up-to-date: /home/mau/skid_steer_ws/install/skid_steer_utils/include/include/skid_steer_utils/follow_path_trace.hpp
-- Up-to-date: /home/mau/skid_steer_ws/install/skid_steer_utils/lib/skid_steer_utils/follow_path_trace
-- Up-to-date: /home/mau/skid_steer_ws/install/skid_steer_utils/share/ament_index/resource_index/package_run_dependencies/skid_steer_utils
-- Up-to-date: /home/mau/skid_steer_ws/install/skid_steer_utils/share/ament_index/resource_index/parent_prefix_path/skid_steer_utils
-- Up-to-date: /home/mau/skid_steer_ws/install/skid_steer_utils/share/skid_steer_utils/environment/ament_prefix_path.sh
-- Up-to-date: /home/mau/skid_steer_ws/install/skid_steer_utils/share/skid_steer_utils/environment/ament_prefix_path.dsv
-- Up-to-date: /home/mau/skid_steer_ws/install/skid_steer_utils/share/skid_steer_utils/environment/path.sh
-- Up-to-date: /home/mau/skid_steer_ws/install/skid_steer_utils/share/skid_steer_utils/environment/path.dsv
-- Up-to-date: /home/mau/skid_steer_ws/install/skid_steer_utils/share/skid_steer_utils/local_setup.bash
-- Up-to-date: /home/mau/skid_steer_ws/install/skid_steer_utils/share/skid_steer_utils/local_setup.sh
-- Up-to-date: /home/mau/skid_steer_ws/install/skid_steer_utils/share/skid_steer_utils/local_setup.zsh
-- Up-to-date: /home/mau/skid_steer_ws/install/skid_steer_utils/share/skid_steer_utils/local_setup.dsv
-- Installing: /home/mau/skid_steer_ws/install/skid_steer_utils/share/skid_steer_utils/package.dsv
-- Up-to-date: /home/mau/skid_steer_ws/install/skid_steer_utils/share/ament_index/resource_index/packages/skid_steer_utils
-- Up-to-date: /home/mau/skid_steer_ws/install/skid_steer_utils/share/skid_steer_utils/cmake/skid_steer_utilsConfig.cmake
-- Up-to-date: /home/mau/skid_steer_ws/install/skid_steer_utils/share/skid_steer_utils/cmake/skid_steer_utilsConfig-version.cmake
-- Up-to-date: /home/mau/skid_steer_ws/install/skid_steer_utils/share/skid_steer_utils/package.xml
